[distance] board square s (px)
         distance =      12: recall  95.9%  id  88.6%  err_med refined 0.1465 / coarse 0.4129 px  (n_gt=954)
         distance =      16: recall  93.8%  id  97.3%  err_med refined 0.0835 / coarse 0.4120 px  (n_gt=922)
         distance =      24: recall  96.8%  id  99.1%  err_med refined 0.0738 / coarse 0.4077 px  (n_gt=920)
         distance =      32: recall  92.1%  id  99.6%  err_med refined 0.0849 / coarse 0.4074 px  (n_gt=886)
         distance =      48: recall  97.0%  id  99.3%  err_med refined 0.1006 / coarse 0.4119 px  (n_gt=834)
         distance =      64: recall  91.4%  id  99.7%  err_med refined 0.1096 / coarse 0.4095 px  (n_gt=783)
         distance =      96: recall  94.9%  id  98.5%  err_med refined 0.0815 / coarse 0.4077 px  (n_gt=721)
         distance =     128: recall  93.8%  id  92.7%  err_med refined 0.0775 / coarse 0.3939 px  (n_gt=581)
  -> paper/results_rev6/30_REPORT_transfer_finetune/robustness_finetuned_dict6x6/distance.json
[distance_extrap] board square s (px), TRAINED 12-128
  distance_extrap =       6: recall   0.6%  id   0.0%  err_med refined 0.1090 / coarse 0.4802 px  (n_gt=952)
  distance_extrap =       8: recall  24.1%  id   0.0%  err_med refined 0.0916 / coarse 0.3911 px  (n_gt=926)
  distance_extrap =      10: recall  90.8%  id  12.6%  err_med refined 0.1364 / coarse 0.4140 px  (n_gt=938)
  distance_extrap =      12: recall  88.6%  id  85.2%  err_med refined 0.1231 / coarse 0.3993 px  (n_gt=937)
  distance_extrap =      16: recall  96.6%  id  96.2%  err_med refined 0.1057 / coarse 0.3980 px  (n_gt=935)
  distance_extrap =      64: recall  91.4%  id  99.7%  err_med refined 0.1096 / coarse 0.4095 px  (n_gt=783)
  distance_extrap =     128: recall  94.2%  id  93.9%  err_med refined 0.0866 / coarse 0.3996 px  (n_gt=607)
  distance_extrap =     160: recall  94.4%  id  68.6%  err_med refined 0.0798 / coarse 0.4098 px  (n_gt=483)
  distance_extrap =     192: recall  92.6%  id  17.3%  err_med refined 0.0869 / coarse 0.4197 px  (n_gt=380)
  distance_extrap =     256: recall  81.9%  id   4.0%  err_med refined 0.1317 / coarse 0.4004 px  (n_gt=277)
  -> paper/results_rev6/30_REPORT_transfer_finetune/robustness_finetuned_dict6x6/distance_extrap.json
[tilt] out-of-plane tilt (deg)
             tilt =       0: recall  97.5%  id  98.9%  err_med refined 0.0928 / coarse 0.4138 px  (n_gt=854)
             tilt =      10: recall  95.8%  id  99.6%  err_med refined 0.0748 / coarse 0.3991 px  (n_gt=865)
             tilt =      20: recall  96.0%  id 100.0%  err_med refined 0.0779 / coarse 0.4102 px  (n_gt=868)
             tilt =      30: recall  93.5%  id  99.1%  err_med refined 0.0939 / coarse 0.4129 px  (n_gt=855)
             tilt =      40: recall  97.4%  id 100.0%  err_med refined 0.0939 / coarse 0.4193 px  (n_gt=853)
             tilt =      50: recall  92.0%  id  99.7%  err_med refined 0.0880 / coarse 0.4105 px  (n_gt=858)
             tilt =      60: recall  92.7%  id 100.0%  err_med refined 0.0804 / coarse 0.4115 px  (n_gt=873)
  -> paper/results_rev6/30_REPORT_transfer_finetune/robustness_finetuned_dict6x6/tilt.json
[rotation] in-plane rotation (deg)
         rotation =       0: recall  97.2%  id  98.2%  err_med refined 0.0855 / coarse 0.3880 px  (n_gt=854)
         rotation =      30: recall  94.5%  id  98.6%  err_med refined 0.0883 / coarse 0.4106 px  (n_gt=854)
         rotation =      60: recall  97.3%  id  99.6%  err_med refined 0.0776 / coarse 0.4011 px  (n_gt=855)
         rotation =      90: recall  94.5%  id  99.1%  err_med refined 0.0869 / coarse 0.4118 px  (n_gt=837)
         rotation =     120: recall  95.8%  id  97.8%  err_med refined 0.0868 / coarse 0.3993 px  (n_gt=841)
         rotation =     150: recall  94.1%  id  99.5%  err_med refined 0.1002 / coarse 0.4182 px  (n_gt=852)
         rotation =     180: recall  93.8%  id  99.5%  err_med refined 0.0926 / coarse 0.4052 px  (n_gt=875)
  -> paper/results_rev6/30_REPORT_transfer_finetune/robustness_finetuned_dict6x6/rotation.json
[sensor_noise_K] sensor gain K (e-/DN, lower = noisier)
   sensor_noise_K =      30: recall  94.3%  id  98.2%  err_med refined 0.0785 / coarse 0.4170 px  (n_gt=841)
   sensor_noise_K =      16: recall  92.4%  id  99.0%  err_med refined 0.0863 / coarse 0.4050 px  (n_gt=837)
   sensor_noise_K =       8: recall  97.3%  id  98.4%  err_med refined 0.0928 / coarse 0.4042 px  (n_gt=842)
   sensor_noise_K =       4: recall  94.0%  id  99.1%  err_med refined 0.1335 / coarse 0.4106 px  (n_gt=797)
   sensor_noise_K =       2: recall  94.3%  id  98.1%  err_med refined 0.1575 / coarse 0.4062 px  (n_gt=838)
   sensor_noise_K =       1: recall  89.8%  id  96.8%  err_med refined 0.1772 / coarse 0.4312 px  (n_gt=845)
   sensor_noise_K =     0.5: recall  89.2%  id  97.1%  err_med refined 0.2242 / coarse 0.4254 px  (n_gt=824)
   sensor_noise_K =    0.25: recall  87.0%  id  98.4%  err_med refined 0.3086 / coarse 0.4527 px  (n_gt=870)
   sensor_noise_K =     0.1: recall  68.3%  id  76.4%  err_med refined 0.3729 / coarse 0.4829 px  (n_gt=805)
   sensor_noise_K =    0.05: recall  41.8%  id  52.7%  err_med refined 0.4362 / coarse 0.4914 px  (n_gt=834)
   sensor_noise_K =    0.02: recall  16.3%  id  72.4%  err_med refined 0.3840 / coarse 0.4732 px  (n_gt=823)
  -> paper/results_rev6/30_REPORT_transfer_finetune/robustness_finetuned_dict6x6/sensor_noise_K.json
[brightness] brightness offset
       brightness =    -0.9: recall  90.8%  id  97.4%  err_med refined 0.1187 / coarse 0.4240 px  (n_gt=841)
       brightness =    -0.7: recall  89.1%  id  95.4%  err_med refined 0.1001 / coarse 0.4090 px  (n_gt=837)
       brightness =    -0.5: recall  93.5%  id  98.6%  err_med refined 0.0846 / coarse 0.4042 px  (n_gt=842)
       brightness =   -0.25: recall  99.0%  id  98.2%  err_med refined 0.0989 / coarse 0.4003 px  (n_gt=797)
       brightness =     0.0: recall  95.8%  id  98.3%  err_med refined 0.0988 / coarse 0.3991 px  (n_gt=838)
       brightness =    0.35: recall  86.0%  id  97.0%  err_med refined 0.1193 / coarse 0.4197 px  (n_gt=845)
  -> paper/results_rev6/30_REPORT_transfer_finetune/robustness_finetuned_dict6x6/brightness.json
[contrast] contrast scale
         contrast =     0.6: recall  97.6%  id  97.9%  err_med refined 0.0865 / coarse 0.4170 px  (n_gt=841)
         contrast =     0.8: recall  92.4%  id  98.8%  err_med refined 0.0748 / coarse 0.4053 px  (n_gt=837)
         contrast =     1.0: recall  97.1%  id  99.3%  err_med refined 0.0876 / coarse 0.4040 px  (n_gt=842)
         contrast =     1.2: recall  92.1%  id  97.1%  err_med refined 0.0951 / coarse 0.3998 px  (n_gt=797)
         contrast =     1.4: recall  93.1%  id  96.3%  err_med refined 0.1147 / coarse 0.4028 px  (n_gt=838)
  -> paper/results_rev6/30_REPORT_transfer_finetune/robustness_finetuned_dict6x6/contrast.json
[ink_contrast] NIR ink contrast scale
     ink_contrast =     1.0: recall  94.1%  id  94.3%  err_med refined 0.0860 / coarse 0.4137 px  (n_gt=841)
     ink_contrast =    1.15: recall  90.1%  id  98.8%  err_med refined 0.0901 / coarse 0.4002 px  (n_gt=837)
     ink_contrast =     1.3: recall  89.9%  id  97.1%  err_med refined 0.1298 / coarse 0.4076 px  (n_gt=842)
     ink_contrast =    1.45: recall  84.7%  id  89.5%  err_med refined 0.1483 / coarse 0.4367 px  (n_gt=797)
     ink_contrast =     1.6: recall  69.3%  id  82.6%  err_med refined 0.2451 / coarse 0.4279 px  (n_gt=838)
  -> paper/results_rev6/30_REPORT_transfer_finetune/robustness_finetuned_dict6x6/ink_contrast.json
[vignette] vignette strength
         vignette =     0.0: recall  92.9%  id  96.5%  err_med refined 0.0857 / coarse 0.4168 px  (n_gt=841)
         vignette =    0.05: recall  93.9%  id  98.7%  err_med refined 0.0857 / coarse 0.4046 px  (n_gt=837)
         vignette =    0.12: recall  96.0%  id  98.0%  err_med refined 0.0734 / coarse 0.3990 px  (n_gt=842)
         vignette =     0.2: recall  96.5%  id  99.0%  err_med refined 0.0823 / coarse 0.4018 px  (n_gt=797)
         vignette =    0.25: recall  93.8%  id  96.4%  err_med refined 0.1057 / coarse 0.4014 px  (n_gt=838)
  -> paper/results_rev6/30_REPORT_transfer_finetune/robustness_finetuned_dict6x6/vignette.json
[specular] specular lobe strength (DN)
         specular =       0: recall  97.4%  id  97.4%  err_med refined 0.0889 / coarse 0.4196 px  (n_gt=840)
         specular =      60: recall  92.9%  id  97.7%  err_med refined 0.0977 / coarse 0.4009 px  (n_gt=836)
         specular =     120: recall  97.5%  id  97.8%  err_med refined 0.0871 / coarse 0.4018 px  (n_gt=842)
         specular =     180: recall  94.0%  id  96.3%  err_med refined 0.0965 / coarse 0.4022 px  (n_gt=795)
         specular =     220: recall  91.1%  id  98.7%  err_med refined 0.1162 / coarse 0.4062 px  (n_gt=838)
  -> paper/results_rev6/30_REPORT_transfer_finetune/robustness_finetuned_dict6x6/specular.json
[droplets] adherent droplets (n)
         droplets =       0: recall  93.1%  id  97.2%  err_med refined 0.0879 / coarse 0.4178 px  (n_gt=841)
         droplets =       1: recall  92.2%  id  98.4%  err_med refined 0.0884 / coarse 0.3991 px  (n_gt=837)
         droplets =       2: recall  95.6%  id  98.1%  err_med refined 0.0896 / coarse 0.4031 px  (n_gt=841)
         droplets =       4: recall  97.0%  id  96.5%  err_med refined 0.1038 / coarse 0.4049 px  (n_gt=796)
         droplets =       6: recall  95.2%  id  97.3%  err_med refined 0.0957 / coarse 0.4015 px  (n_gt=832)
  -> paper/results_rev6/30_REPORT_transfer_finetune/robustness_finetuned_dict6x6/droplets.json
[darkness] brightness rescale factor
         darkness =     1.0: recall  92.6%  id  97.2%  err_med refined 0.0864 / coarse 0.4171 px  (n_gt=841)
         darkness =     0.6: recall  91.9%  id  97.5%  err_med refined 0.0781 / coarse 0.4050 px  (n_gt=837)
         darkness =    0.36: recall  95.7%  id  97.4%  err_med refined 0.0906 / coarse 0.4038 px  (n_gt=842)
         darkness =   0.216: recall  92.7%  id  96.5%  err_med refined 0.1249 / coarse 0.4068 px  (n_gt=797)
         darkness =    0.13: recall  91.3%  id  93.6%  err_med refined 0.1878 / coarse 0.4065 px  (n_gt=838)
         darkness =   0.078: recall  85.2%  id  95.0%  err_med refined 0.2093 / coarse 0.4242 px  (n_gt=845)
         darkness =   0.047: recall  83.4%  id  94.0%  err_med refined 0.3463 / coarse 0.4188 px  (n_gt=824)
         darkness =   0.028: recall  72.0%  id  79.2%  err_med refined 0.4456 / coarse 0.4492 px  (n_gt=870)
         darkness =   0.017: recall  55.5%  id  47.7%  err_med refined 0.4681 / coarse 0.4681 px  (n_gt=805)
         darkness =    0.01: recall  43.3%  id  24.1%  err_med refined 0.4592 / coarse 0.4592 px  (n_gt=834)
  -> paper/results_rev6/30_REPORT_transfer_finetune/robustness_finetuned_dict6x6/darkness.json
[defocus_blur] Gaussian blur kernel (px)
     defocus_blur =       0: recall  96.3%  id  97.0%  err_med refined 0.0595 / coarse 0.4110 px  (n_gt=841)
     defocus_blur =       3: recall  90.6%  id  97.9%  err_med refined 0.0723 / coarse 0.4006 px  (n_gt=837)
     defocus_blur =       5: recall  96.8%  id  99.4%  err_med refined 0.0791 / coarse 0.4031 px  (n_gt=842)
     defocus_blur =       7: recall  93.6%  id  99.5%  err_med refined 0.1093 / coarse 0.4179 px  (n_gt=797)
     defocus_blur =       9: recall  94.3%  id  98.9%  err_med refined 0.1569 / coarse 0.4030 px  (n_gt=838)
  -> paper/results_rev6/30_REPORT_transfer_finetune/robustness_finetuned_dict6x6/defocus_blur.json
[motion_blur] motion blur kernel (px)
      motion_blur =       0: recall  96.3%  id  97.0%  err_med refined 0.0595 / coarse 0.4110 px  (n_gt=841)
      motion_blur =       3: recall  90.6%  id  97.2%  err_med refined 0.0783 / coarse 0.4016 px  (n_gt=837)
      motion_blur =       5: recall  95.0%  id  97.1%  err_med refined 0.0946 / coarse 0.4062 px  (n_gt=842)
      motion_blur =       7: recall  91.3%  id  97.1%  err_med refined 0.2336 / coarse 0.4237 px  (n_gt=797)
      motion_blur =       9: recall  72.2%  id  94.9%  err_med refined 0.3281 / coarse 0.4421 px  (n_gt=838)
  -> paper/results_rev6/30_REPORT_transfer_finetune/robustness_finetuned_dict6x6/motion_blur.json
[diff_ambient] daylight pedestal (ambient)
     diff_ambient =    0.05: recall  97.0%  id  98.3%  err_med refined 0.1154 / coarse 0.4327 px  (n_gt=841)
     diff_ambient =     0.2: recall  94.3%  id  98.9%  err_med refined 0.1848 / coarse 0.4135 px  (n_gt=837)
     diff_ambient =     0.4: recall  97.5%  id  98.9%  err_med refined 0.2442 / coarse 0.4327 px  (n_gt=842)
     diff_ambient =     0.6: recall  96.7%  id  97.8%  err_med refined 0.3370 / coarse 0.4297 px  (n_gt=797)
     diff_ambient =     0.8: recall  93.9%  id  97.1%  err_med refined 0.3520 / coarse 0.4351 px  (n_gt=838)
     diff_ambient =    0.95: recall  91.7%  id  87.5%  err_med refined 0.3386 / coarse 0.4452 px  (n_gt=845)
  -> paper/results_rev6/30_REPORT_transfer_finetune/robustness_finetuned_dict6x6/diff_ambient.json
[diff_ratio] LED peak (vs ambient 0.45)
       diff_ratio =     0.9: recall  97.3%  id  98.0%  err_med refined 0.1945 / coarse 0.4421 px  (n_gt=841)
       diff_ratio =     0.6: recall  94.3%  id  97.3%  err_med refined 0.2522 / coarse 0.4213 px  (n_gt=837)
       diff_ratio =     0.4: recall  97.1%  id  95.5%  err_med refined 0.2891 / coarse 0.4420 px  (n_gt=842)
       diff_ratio =    0.25: recall  94.5%  id  96.8%  err_med refined 0.3737 / coarse 0.4525 px  (n_gt=797)
       diff_ratio =    0.15: recall  88.5%  id  88.4%  err_med refined 0.4169 / coarse 0.4634 px  (n_gt=838)
  -> paper/results_rev6/30_REPORT_transfer_finetune/robustness_finetuned_dict6x6/diff_ratio.json
[diff_ghosting] inter-frame shift (px)
    diff_ghosting =     0.0: recall  95.7%  id  97.8%  err_med refined 0.1359 / coarse 0.4343 px  (n_gt=841)
    diff_ghosting =     0.5: recall  93.9%  id  97.5%  err_med refined 0.2526 / coarse 0.4213 px  (n_gt=837)
    diff_ghosting =     1.0: recall  97.3%  id  97.1%  err_med refined 0.3160 / coarse 0.4433 px  (n_gt=842)
    diff_ghosting =     2.0: recall  97.4%  id  99.4%  err_med refined 0.2537 / coarse 0.4254 px  (n_gt=797)
    diff_ghosting =     3.0: recall  95.2%  id  96.7%  err_med refined 0.2221 / coarse 0.4244 px  (n_gt=838)
  -> paper/results_rev6/30_REPORT_transfer_finetune/robustness_finetuned_dict6x6/diff_ghosting.json
[occlusion] rectangular occluders (n)
        occlusion =       0: recall  92.4%  id  97.3%  err_med refined 0.0799 / coarse 0.4180 px  (n_gt=845)
        occlusion =       2: recall  94.0%  id  99.5%  err_med refined 0.0998 / coarse 0.4048 px  (n_gt=836)
        occlusion =       4: recall  95.2%  id  95.8%  err_med refined 0.0816 / coarse 0.4032 px  (n_gt=831)
        occlusion =       6: recall  95.8%  id  95.6%  err_med refined 0.0907 / coarse 0.4065 px  (n_gt=779)
        occlusion =       8: recall  93.1%  id  98.8%  err_med refined 0.0836 / coarse 0.3969 px  (n_gt=806)
        occlusion =      10: recall  96.5%  id  99.1%  err_med refined 0.0942 / coarse 0.4068 px  (n_gt=807)
  -> paper/results_rev6/30_REPORT_transfer_finetune/robustness_finetuned_dict6x6/occlusion.json
[object_occlusion] real object occluders (n, SAM2 bank)
  object_occlusion =       0: recall  94.9%  id  97.0%  err_med refined 0.0997 / coarse 0.4178 px  (n_gt=847)
  object_occlusion =       1: recall  88.9%  id  97.6%  err_med refined 0.0933 / coarse 0.4061 px  (n_gt=847)
  object_occlusion =       2: recall  94.9%  id  98.1%  err_med refined 0.0892 / coarse 0.4003 px  (n_gt=844)
  object_occlusion =       3: recall  94.4%  id  97.2%  err_med refined 0.0975 / coarse 0.3997 px  (n_gt=766)
  object_occlusion =       4: recall  95.9%  id  97.5%  err_med refined 0.1004 / coarse 0.3990 px  (n_gt=796)
  -> paper/results_rev6/30_REPORT_transfer_finetune/robustness_finetuned_dict6x6/object_occlusion.json
[board_occlusion] board area occluded (%)
  board_occlusion =       0: recall  92.6%  id  97.2%  err_med refined 0.0864 / coarse 0.4171 px  (n_gt=841)
  board_occlusion =      10: recall  90.8%  id  94.9%  err_med refined 0.0791 / coarse 0.4070 px  (n_gt=749)
  board_occlusion =      20: recall  93.9%  id  90.0%  err_med refined 0.0847 / coarse 0.4032 px  (n_gt=641)
  board_occlusion =      30: recall  88.3%  id  89.2%  err_med refined 0.0978 / coarse 0.4049 px  (n_gt=514)
  board_occlusion =      40: recall  91.6%  id  79.0%  err_med refined 0.1189 / coarse 0.4104 px  (n_gt=416)
  board_occlusion =      50: recall  87.1%  id  71.9%  err_med refined 0.0898 / coarse 0.4175 px  (n_gt=319)
  -> paper/results_rev6/30_REPORT_transfer_finetune/robustness_finetuned_dict6x6/board_occlusion.json
exit 0
