[distance] board square s (px)
         distance =      12: recall  95.6%  id   1.8%  err_med refined 0.1462 / coarse 0.4144 px  (n_gt=954)
         distance =      16: recall  94.0%  id   5.7%  err_med refined 0.0836 / coarse 0.4132 px  (n_gt=922)
         distance =      24: recall  96.8%  id   5.9%  err_med refined 0.0738 / coarse 0.4070 px  (n_gt=920)
         distance =      32: recall  92.9%  id   2.9%  err_med refined 0.0857 / coarse 0.4097 px  (n_gt=886)
/home/kaelin/p4p/dense deep charuco/dcc/pipeline.py:291: RuntimeWarning: divide by zero encountered in divide
  proj = proj[:, :2] / proj[:, 2:3]
/home/kaelin/p4p/dense deep charuco/dcc/pipeline.py:291: RuntimeWarning: invalid value encountered in divide
  proj = proj[:, :2] / proj[:, 2:3]
         distance =      48: recall  97.5%  id   4.1%  err_med refined 0.1006 / coarse 0.4156 px  (n_gt=834)
         distance =      64: recall  91.4%  id   3.2%  err_med refined 0.1096 / coarse 0.4099 px  (n_gt=783)
         distance =      96: recall  95.0%  id   2.3%  err_med refined 0.0817 / coarse 0.4076 px  (n_gt=721)
         distance =     128: recall  93.6%  id   0.7%  err_med refined 0.0774 / coarse 0.3948 px  (n_gt=581)
  -> paper/results_rev6/27_transfer_zeroshot/robustness_dict6x6/distance.json
[distance_extrap] board square s (px), TRAINED 12-128
  distance_extrap =       6: recall   0.2%  id   0.0%  err_med refined 0.2440 / coarse 0.4957 px  (n_gt=952)
  distance_extrap =       8: recall  21.1%  id   0.0%  err_med refined 0.0898 / coarse 0.3939 px  (n_gt=926)
  distance_extrap =      10: recall  90.3%  id   6.5%  err_med refined 0.1358 / coarse 0.4126 px  (n_gt=938)
  distance_extrap =      12: recall  88.7%  id   3.7%  err_med refined 0.1233 / coarse 0.3986 px  (n_gt=937)
  distance_extrap =      16: recall  96.7%  id   1.8%  err_med refined 0.1058 / coarse 0.3980 px  (n_gt=935)
  distance_extrap =      64: recall  91.4%  id   3.2%  err_med refined 0.1096 / coarse 0.4099 px  (n_gt=783)
  distance_extrap =     128: recall  93.9%  id   2.5%  err_med refined 0.0866 / coarse 0.4017 px  (n_gt=607)
  distance_extrap =     160: recall  94.4%  id   0.9%  err_med refined 0.0798 / coarse 0.4107 px  (n_gt=483)
  distance_extrap =     192: recall  91.1%  id   0.3%  err_med refined 0.0859 / coarse 0.4147 px  (n_gt=380)
  distance_extrap =     256: recall  72.2%  id   0.5%  err_med refined 0.1338 / coarse 0.4001 px  (n_gt=277)
  -> paper/results_rev6/27_transfer_zeroshot/robustness_dict6x6/distance_extrap.json
[tilt] out-of-plane tilt (deg)
             tilt =       0: recall  97.4%  id   2.4%  err_med refined 0.0927 / coarse 0.4145 px  (n_gt=854)
             tilt =      10: recall  95.7%  id   1.2%  err_med refined 0.0747 / coarse 0.3993 px  (n_gt=865)
             tilt =      20: recall  96.0%  id   3.2%  err_med refined 0.0779 / coarse 0.4102 px  (n_gt=868)
             tilt =      30: recall  93.1%  id   3.0%  err_med refined 0.0934 / coarse 0.4129 px  (n_gt=855)
             tilt =      40: recall  97.7%  id   2.5%  err_med refined 0.0939 / coarse 0.4191 px  (n_gt=853)
             tilt =      50: recall  92.0%  id   2.5%  err_med refined 0.0880 / coarse 0.4117 px  (n_gt=858)
             tilt =      60: recall  92.7%  id   0.1%  err_med refined 0.0800 / coarse 0.4131 px  (n_gt=873)
  -> paper/results_rev6/27_transfer_zeroshot/robustness_dict6x6/tilt.json
[rotation] in-plane rotation (deg)
         rotation =       0: recall  97.2%  id   2.0%  err_med refined 0.0855 / coarse 0.3880 px  (n_gt=854)
         rotation =      30: recall  94.7%  id   0.2%  err_med refined 0.0892 / coarse 0.4108 px  (n_gt=854)
         rotation =      60: recall  97.3%  id   3.5%  err_med refined 0.0774 / coarse 0.4023 px  (n_gt=855)
         rotation =      90: recall  94.4%  id   0.6%  err_med refined 0.0860 / coarse 0.4107 px  (n_gt=837)
         rotation =     120: recall  96.1%  id   1.4%  err_med refined 0.0875 / coarse 0.3997 px  (n_gt=841)
         rotation =     150: recall  94.2%  id   8.3%  err_med refined 0.1003 / coarse 0.4185 px  (n_gt=852)
         rotation =     180: recall  94.1%  id   5.0%  err_med refined 0.0926 / coarse 0.4067 px  (n_gt=875)
  -> paper/results_rev6/27_transfer_zeroshot/robustness_dict6x6/rotation.json
[sensor_noise_K] sensor gain K (e-/DN, lower = noisier)
   sensor_noise_K =      30: recall  94.5%  id   4.8%  err_med refined 0.0783 / coarse 0.4170 px  (n_gt=841)
   sensor_noise_K =      16: recall  92.2%  id   4.0%  err_med refined 0.0863 / coarse 0.4057 px  (n_gt=837)
   sensor_noise_K =       8: recall  96.9%  id   3.7%  err_med refined 0.0928 / coarse 0.4025 px  (n_gt=842)
   sensor_noise_K =       4: recall  94.1%  id   2.8%  err_med refined 0.1337 / coarse 0.4094 px  (n_gt=797)
   sensor_noise_K =       2: recall  93.9%  id   1.7%  err_med refined 0.1569 / coarse 0.4062 px  (n_gt=838)
   sensor_noise_K =       1: recall  89.2%  id   6.6%  err_med refined 0.1760 / coarse 0.4284 px  (n_gt=845)
   sensor_noise_K =     0.5: recall  88.6%  id   5.3%  err_med refined 0.2241 / coarse 0.4255 px  (n_gt=824)
   sensor_noise_K =    0.25: recall  87.5%  id   4.7%  err_med refined 0.3089 / coarse 0.4538 px  (n_gt=870)
   sensor_noise_K =     0.1: recall  67.3%  id   2.2%  err_med refined 0.3741 / coarse 0.4882 px  (n_gt=805)
   sensor_noise_K =    0.05: recall  38.7%  id   2.5%  err_med refined 0.4259 / coarse 0.4878 px  (n_gt=834)
   sensor_noise_K =    0.02: recall  16.3%  id   0.0%  err_med refined 0.3840 / coarse 0.4549 px  (n_gt=823)
  -> paper/results_rev6/27_transfer_zeroshot/robustness_dict6x6/sensor_noise_K.json
[brightness] brightness offset
       brightness =    -0.9: recall  91.1%  id   3.0%  err_med refined 0.1181 / coarse 0.4213 px  (n_gt=841)
       brightness =    -0.7: recall  89.4%  id   2.9%  err_med refined 0.1001 / coarse 0.4086 px  (n_gt=837)
       brightness =    -0.5: recall  93.0%  id   2.6%  err_med refined 0.0843 / coarse 0.4040 px  (n_gt=842)
       brightness =   -0.25: recall  98.9%  id   4.3%  err_med refined 0.0992 / coarse 0.3998 px  (n_gt=797)
       brightness =     0.0: recall  95.8%  id   2.6%  err_med refined 0.0988 / coarse 0.3990 px  (n_gt=838)
       brightness =    0.35: recall  85.9%  id   0.7%  err_med refined 0.1189 / coarse 0.4190 px  (n_gt=845)
  -> paper/results_rev6/27_transfer_zeroshot/robustness_dict6x6/brightness.json
[contrast] contrast scale
         contrast =     0.6: recall  97.1%  id   2.2%  err_med refined 0.0865 / coarse 0.4168 px  (n_gt=841)
         contrast =     0.8: recall  93.0%  id   4.9%  err_med refined 0.0760 / coarse 0.4061 px  (n_gt=837)
         contrast =     1.0: recall  97.0%  id   2.4%  err_med refined 0.0875 / coarse 0.4048 px  (n_gt=842)
         contrast =     1.2: recall  92.3%  id   7.6%  err_med refined 0.0958 / coarse 0.4001 px  (n_gt=797)
         contrast =     1.4: recall  93.1%  id   1.7%  err_med refined 0.1147 / coarse 0.4047 px  (n_gt=838)
  -> paper/results_rev6/27_transfer_zeroshot/robustness_dict6x6/contrast.json
[ink_contrast] NIR ink contrast scale
     ink_contrast =     1.0: recall  94.5%  id   0.9%  err_med refined 0.0867 / coarse 0.4170 px  (n_gt=841)
     ink_contrast =    1.15: recall  90.7%  id   6.9%  err_med refined 0.0907 / coarse 0.4030 px  (n_gt=837)
     ink_contrast =     1.3: recall  90.0%  id   1.6%  err_med refined 0.1300 / coarse 0.4058 px  (n_gt=842)
     ink_contrast =    1.45: recall  84.9%  id   5.3%  err_med refined 0.1486 / coarse 0.4415 px  (n_gt=797)
     ink_contrast =     1.6: recall  69.2%  id   6.9%  err_med refined 0.2456 / coarse 0.4292 px  (n_gt=838)
  -> paper/results_rev6/27_transfer_zeroshot/robustness_dict6x6/ink_contrast.json
[vignette] vignette strength
         vignette =     0.0: recall  93.1%  id   0.9%  err_med refined 0.0868 / coarse 0.4178 px  (n_gt=841)
         vignette =    0.05: recall  94.1%  id   6.2%  err_med refined 0.0858 / coarse 0.4048 px  (n_gt=837)
         vignette =    0.12: recall  95.8%  id   1.9%  err_med refined 0.0734 / coarse 0.3999 px  (n_gt=842)
         vignette =     0.2: recall  96.4%  id   3.4%  err_med refined 0.0822 / coarse 0.4018 px  (n_gt=797)
         vignette =    0.25: recall  94.4%  id   3.0%  err_med refined 0.1067 / coarse 0.4023 px  (n_gt=838)
  -> paper/results_rev6/27_transfer_zeroshot/robustness_dict6x6/vignette.json
[specular] specular lobe strength (DN)
         specular =       0: recall  97.1%  id   4.5%  err_med refined 0.0888 / coarse 0.4202 px  (n_gt=840)
         specular =      60: recall  93.2%  id   1.3%  err_med refined 0.0977 / coarse 0.4029 px  (n_gt=836)
         specular =     120: recall  97.3%  id   6.3%  err_med refined 0.0866 / coarse 0.4013 px  (n_gt=842)
         specular =     180: recall  94.0%  id   6.0%  err_med refined 0.0964 / coarse 0.4020 px  (n_gt=795)
         specular =     220: recall  91.3%  id   3.9%  err_med refined 0.1162 / coarse 0.4064 px  (n_gt=838)
  -> paper/results_rev6/27_transfer_zeroshot/robustness_dict6x6/specular.json
[droplets] adherent droplets (n)
         droplets =       0: recall  93.0%  id   2.8%  err_med refined 0.0880 / coarse 0.4177 px  (n_gt=841)
         droplets =       1: recall  92.6%  id   3.2%  err_med refined 0.0886 / coarse 0.4002 px  (n_gt=837)
         droplets =       2: recall  96.0%  id   3.7%  err_med refined 0.0897 / coarse 0.4018 px  (n_gt=841)
         droplets =       4: recall  97.1%  id   8.3%  err_med refined 0.1040 / coarse 0.4094 px  (n_gt=796)
         droplets =       6: recall  95.4%  id   3.1%  err_med refined 0.0963 / coarse 0.4026 px  (n_gt=832)
  -> paper/results_rev6/27_transfer_zeroshot/robustness_dict6x6/droplets.json
[darkness] brightness rescale factor
         darkness =     1.0: recall  92.4%  id   2.4%  err_med refined 0.0864 / coarse 0.4169 px  (n_gt=841)
         darkness =     0.6: recall  92.4%  id   2.5%  err_med refined 0.0791 / coarse 0.4061 px  (n_gt=837)
         darkness =    0.36: recall  96.1%  id   3.5%  err_med refined 0.0906 / coarse 0.4048 px  (n_gt=842)
         darkness =   0.216: recall  93.0%  id   5.9%  err_med refined 0.1249 / coarse 0.4094 px  (n_gt=797)
         darkness =    0.13: recall  91.2%  id   0.8%  err_med refined 0.1901 / coarse 0.4062 px  (n_gt=838)
         darkness =   0.078: recall  85.2%  id   3.2%  err_med refined 0.2102 / coarse 0.4182 px  (n_gt=845)
         darkness =   0.047: recall  83.5%  id   4.1%  err_med refined 0.3455 / coarse 0.4145 px  (n_gt=824)
         darkness =   0.028: recall  74.1%  id   4.0%  err_med refined 0.4484 / coarse 0.4502 px  (n_gt=870)
         darkness =   0.017: recall  58.1%  id   4.5%  err_med refined 0.4670 / coarse 0.4670 px  (n_gt=805)
         darkness =    0.01: recall  44.7%  id   4.0%  err_med refined 0.4515 / coarse 0.4515 px  (n_gt=834)
  -> paper/results_rev6/27_transfer_zeroshot/robustness_dict6x6/darkness.json
[defocus_blur] Gaussian blur kernel (px)
     defocus_blur =       0: recall  96.2%  id   3.2%  err_med refined 0.0595 / coarse 0.4099 px  (n_gt=841)
     defocus_blur =       3: recall  90.9%  id   3.5%  err_med refined 0.0725 / coarse 0.4002 px  (n_gt=837)
     defocus_blur =       5: recall  96.8%  id   3.2%  err_med refined 0.0791 / coarse 0.4031 px  (n_gt=842)
     defocus_blur =       7: recall  93.2%  id   5.5%  err_med refined 0.1085 / coarse 0.4189 px  (n_gt=797)
     defocus_blur =       9: recall  94.2%  id   2.4%  err_med refined 0.1559 / coarse 0.4062 px  (n_gt=838)
  -> paper/results_rev6/27_transfer_zeroshot/robustness_dict6x6/defocus_blur.json
[motion_blur] motion blur kernel (px)
      motion_blur =       0: recall  96.2%  id   3.2%  err_med refined 0.0595 / coarse 0.4099 px  (n_gt=841)
      motion_blur =       3: recall  91.5%  id   3.9%  err_med refined 0.0785 / coarse 0.4016 px  (n_gt=837)
      motion_blur =       5: recall  95.4%  id   3.7%  err_med refined 0.0952 / coarse 0.4069 px  (n_gt=842)
      motion_blur =       7: recall  91.7%  id   5.5%  err_med refined 0.2351 / coarse 0.4279 px  (n_gt=797)
      motion_blur =       9: recall  74.2%  id   7.9%  err_med refined 0.3360 / coarse 0.4408 px  (n_gt=838)
  -> paper/results_rev6/27_transfer_zeroshot/robustness_dict6x6/motion_blur.json
[diff_ambient] daylight pedestal (ambient)
     diff_ambient =    0.05: recall  97.0%  id   4.3%  err_med refined 0.1156 / coarse 0.4299 px  (n_gt=841)
     diff_ambient =     0.2: recall  94.1%  id   3.6%  err_med refined 0.1839 / coarse 0.4172 px  (n_gt=837)
     diff_ambient =     0.4: recall  97.1%  id   4.6%  err_med refined 0.2421 / coarse 0.4295 px  (n_gt=842)
     diff_ambient =     0.6: recall  96.0%  id   8.8%  err_med refined 0.3342 / coarse 0.4339 px  (n_gt=797)
     diff_ambient =     0.8: recall  94.5%  id   6.9%  err_med refined 0.3526 / coarse 0.4380 px  (n_gt=838)
     diff_ambient =    0.95: recall  91.6%  id  10.6%  err_med refined 0.3372 / coarse 0.4449 px  (n_gt=845)
  -> paper/results_rev6/27_transfer_zeroshot/robustness_dict6x6/diff_ambient.json
[diff_ratio] LED peak (vs ambient 0.45)
       diff_ratio =     0.9: recall  97.3%  id   4.5%  err_med refined 0.1945 / coarse 0.4431 px  (n_gt=841)
       diff_ratio =     0.6: recall  94.5%  id   6.8%  err_med refined 0.2522 / coarse 0.4248 px  (n_gt=837)
       diff_ratio =     0.4: recall  96.2%  id   4.7%  err_med refined 0.2895 / coarse 0.4392 px  (n_gt=842)
       diff_ratio =    0.25: recall  93.2%  id   7.3%  err_med refined 0.3731 / coarse 0.4575 px  (n_gt=797)
       diff_ratio =    0.15: recall  87.7%  id   9.1%  err_med refined 0.4193 / coarse 0.4723 px  (n_gt=838)
  -> paper/results_rev6/27_transfer_zeroshot/robustness_dict6x6/diff_ratio.json
[diff_ghosting] inter-frame shift (px)
    diff_ghosting =     0.0: recall  95.8%  id   2.4%  err_med refined 0.1361 / coarse 0.4411 px  (n_gt=841)
    diff_ghosting =     0.5: recall  94.0%  id   8.6%  err_med refined 0.2553 / coarse 0.4271 px  (n_gt=837)
    diff_ghosting =     1.0: recall  97.4%  id   3.5%  err_med refined 0.3197 / coarse 0.4424 px  (n_gt=842)
    diff_ghosting =     2.0: recall  97.1%  id  10.9%  err_med refined 0.2512 / coarse 0.4237 px  (n_gt=797)
    diff_ghosting =     3.0: recall  94.2%  id   1.1%  err_med refined 0.2219 / coarse 0.4263 px  (n_gt=838)
  -> paper/results_rev6/27_transfer_zeroshot/robustness_dict6x6/diff_ghosting.json
[occlusion] rectangular occluders (n)
        occlusion =       0: recall  92.1%  id   5.3%  err_med refined 0.0799 / coarse 0.4172 px  (n_gt=845)
        occlusion =       2: recall  94.4%  id   3.4%  err_med refined 0.1000 / coarse 0.4060 px  (n_gt=836)
        occlusion =       4: recall  95.2%  id   4.4%  err_med refined 0.0816 / coarse 0.4041 px  (n_gt=831)
        occlusion =       6: recall  95.8%  id   6.2%  err_med refined 0.0907 / coarse 0.4056 px  (n_gt=779)
        occlusion =       8: recall  93.2%  id   2.8%  err_med refined 0.0842 / coarse 0.3972 px  (n_gt=806)
        occlusion =      10: recall  96.7%  id   2.8%  err_med refined 0.0942 / coarse 0.4089 px  (n_gt=807)
  -> paper/results_rev6/27_transfer_zeroshot/robustness_dict6x6/occlusion.json
[object_occlusion] real object occluders (n, SAM2 bank)
  object_occlusion =       0: recall  94.8%  id   2.7%  err_med refined 0.0999 / coarse 0.4181 px  (n_gt=847)
  object_occlusion =       1: recall  89.3%  id   1.1%  err_med refined 0.0937 / coarse 0.4063 px  (n_gt=847)
  object_occlusion =       2: recall  94.5%  id   1.6%  err_med refined 0.0892 / coarse 0.4008 px  (n_gt=844)
  object_occlusion =       3: recall  94.0%  id   6.1%  err_med refined 0.0973 / coarse 0.4001 px  (n_gt=766)
  object_occlusion =       4: recall  95.9%  id   2.1%  err_med refined 0.1004 / coarse 0.4014 px  (n_gt=796)
  -> paper/results_rev6/27_transfer_zeroshot/robustness_dict6x6/object_occlusion.json
[board_occlusion] board area occluded (%)
  board_occlusion =       0: recall  92.4%  id   2.4%  err_med refined 0.0864 / coarse 0.4169 px  (n_gt=841)
  board_occlusion =      10: recall  91.2%  id   4.8%  err_med refined 0.0794 / coarse 0.4077 px  (n_gt=749)
  board_occlusion =      20: recall  94.4%  id   5.0%  err_med refined 0.0842 / coarse 0.4041 px  (n_gt=641)
  board_occlusion =      30: recall  88.7%  id   8.3%  err_med refined 0.0991 / coarse 0.4050 px  (n_gt=514)
  board_occlusion =      40: recall  91.8%  id   2.9%  err_med refined 0.1189 / coarse 0.4166 px  (n_gt=416)
  board_occlusion =      50: recall  87.1%  id   2.9%  err_med refined 0.0899 / coarse 0.4151 px  (n_gt=319)
  -> paper/results_rev6/27_transfer_zeroshot/robustness_dict6x6/board_occlusion.json
exit 0
