[train_charuconet] corner-ID convention self-test vs JunkyByte/deepcharuco: PASS
[train_charuconet] device=cuda dcModel params: 1242002 (1.2420 M)
[train_charuconet] loaded pretrained JunkyByte/deepcharuco weights from /home/kaelin/p4p/external/deepcharuco/src/reference/longrun-epoch=99-step=369700.ckpt (their epoch=99 global_step=369700)
[train_charuconet] id_head params: 6 tensors, requires_grad=True, in optimizer param-group(s) with lr={0.0003}
[val step 0 -- pretrained, pre-finetune] loss=0.44118495494127274 (loc=0.23677116112411023 id=0.20441379582881927) m01={'mean': 1.0485644279224584, 'median': 0.9582951513631974, 'p95': 2.0997364963061074, 'tail_frac_gt4px': 0.0031449076687363924, 'n_matched': 12401} m02={'12-16': 0.011242270938729624, '16-32': 0.551063829787234, '32-64': 0.6924151950196925, '64-128': 0.3449915631231784} m04={'accuracy': 0.03314248850899121, 'by_octave': {'12-16': 0.025, '16-32': 0.03517803517803518, '32-64': 0.033211009174311926, '64-128': 0.028901734104046242}} m04_dihedral={'identity': 0.03314248850899121, 'rot90': 0.07942907830013708, 'rot180': 0.30158858156600277, 'rot270': 0.1851463591645835, 'flip_h': 0.07846141440206435, 'flip_v': 0.08192887670349165, 'transpose': 0.11434561728892831, 'anti_transpose': 0.0866865575356826} id_dustbin_frac=0.1545843077171196 id_histogram={'0': 166, '1': 587, '2': 1126, '3': 1018, '4': 768, '5': 1143, '6': 1796, '7': 852, '8': 339, '9': 714, '10': 788, '11': 368, '12': 208, '13': 266, '14': 194, '15': 151, 'dustbin': 1917}
[step 1/100000] loss=0.2899 (loc=0.1223 id=0.1676) lr=0.000e+00 grad_norm=0.230 samples/s=10.88
[step 2/100000] loss=0.1868 (loc=0.0533 id=0.1334) lr=3.000e-07 grad_norm=0.099 samples/s=21.46
[step 3/100000] loss=0.2142 (loc=0.0786 id=0.1356) lr=6.000e-07 grad_norm=0.111 samples/s=31.75
[step 4/100000] loss=0.2549 (loc=0.1031 id=0.1519) lr=9.000e-07 grad_norm=0.136 samples/s=30.76
[step 5/100000] loss=0.3181 (loc=0.1437 id=0.1744) lr=1.200e-06 grad_norm=0.333 samples/s=38.06
[step 6/100000] loss=0.3163 (loc=0.1331 id=0.1832) lr=1.500e-06 grad_norm=0.278 samples/s=45.19
[step 7/100000] loss=0.4044 (loc=0.1856 id=0.2188) lr=1.800e-06 grad_norm=0.798 samples/s=39.71
[step 8/100000] loss=0.3096 (loc=0.1348 id=0.1748) lr=2.100e-06 grad_norm=0.172 samples/s=45.05
[step 9/100000] loss=0.2925 (loc=0.1323 id=0.1602) lr=2.400e-06 grad_norm=0.165 samples/s=50.31
[step 10/100000] loss=0.2378 (loc=0.0851 id=0.1527) lr=2.700e-06 grad_norm=0.118 samples/s=47.34
[step 20/100000] loss=0.3182 (loc=0.1412 id=0.1769) lr=5.700e-06 grad_norm=0.283 samples/s=57.64
[step 30/100000] loss=0.2443 (loc=0.0950 id=0.1493) lr=8.700e-06 grad_norm=0.225 samples/s=61.84
[step 40/100000] loss=0.2139 (loc=0.0738 id=0.1401) lr=1.170e-05 grad_norm=0.142 samples/s=62.79
[step 50/100000] loss=0.1798 (loc=0.0518 id=0.1280) lr=1.470e-05 grad_norm=0.088 samples/s=67.86
[step 60/100000] loss=0.2503 (loc=0.0991 id=0.1512) lr=1.770e-05 grad_norm=0.155 samples/s=69.80
[step 70/100000] loss=0.2453 (loc=0.0908 id=0.1545) lr=2.070e-05 grad_norm=0.155 samples/s=68.92
[step 80/100000] loss=0.2458 (loc=0.1000 id=0.1457) lr=2.370e-05 grad_norm=0.206 samples/s=69.70
[step 90/100000] loss=0.2822 (loc=0.1274 id=0.1548) lr=2.670e-05 grad_norm=0.166 samples/s=70.55
[step 100/100000] loss=0.2647 (loc=0.1031 id=0.1616) lr=2.970e-05 grad_norm=0.283 samples/s=70.95
[step 110/100000] loss=0.2827 (loc=0.1197 id=0.1630) lr=3.270e-05 grad_norm=0.195 samples/s=71.43
[step 120/100000] loss=0.3512 (loc=0.1597 id=0.1915) lr=3.570e-05 grad_norm=0.211 samples/s=72.79
[step 130/100000] loss=0.1641 (loc=0.0535 id=0.1105) lr=3.870e-05 grad_norm=0.082 samples/s=72.78
[step 140/100000] loss=0.3384 (loc=0.1531 id=0.1853) lr=4.170e-05 grad_norm=0.186 samples/s=73.81
[step 150/100000] loss=0.2554 (loc=0.1067 id=0.1488) lr=4.470e-05 grad_norm=0.175 samples/s=74.05
[step 160/100000] loss=0.3522 (loc=0.1629 id=0.1893) lr=4.770e-05 grad_norm=0.170 samples/s=74.08
[step 170/100000] loss=0.1823 (loc=0.0623 id=0.1200) lr=5.070e-05 grad_norm=0.101 samples/s=73.81
[step 180/100000] loss=0.2501 (loc=0.1074 id=0.1427) lr=5.370e-05 grad_norm=0.159 samples/s=73.03
[step 190/100000] loss=0.3329 (loc=0.1513 id=0.1816) lr=5.670e-05 grad_norm=0.260 samples/s=73.39
[step 200/100000] loss=0.2870 (loc=0.1148 id=0.1721) lr=5.970e-05 grad_norm=0.489 samples/s=74.15
[step 210/100000] loss=0.2454 (loc=0.1012 id=0.1442) lr=6.270e-05 grad_norm=0.150 samples/s=73.21
[step 220/100000] loss=0.2678 (loc=0.1172 id=0.1506) lr=6.570e-05 grad_norm=0.179 samples/s=73.57
[step 230/100000] loss=0.2943 (loc=0.1267 id=0.1676) lr=6.870e-05 grad_norm=0.164 samples/s=73.88
[step 240/100000] loss=0.2695 (loc=0.1162 id=0.1533) lr=7.170e-05 grad_norm=0.149 samples/s=73.71
[step 250/100000] loss=0.3450 (loc=0.1664 id=0.1786) lr=7.470e-05 grad_norm=0.214 samples/s=73.76
[step 260/100000] loss=0.1671 (loc=0.0550 id=0.1121) lr=7.770e-05 grad_norm=0.080 samples/s=73.89
[step 270/100000] loss=0.1826 (loc=0.0640 id=0.1185) lr=8.070e-05 grad_norm=0.090 samples/s=74.13
[step 280/100000] loss=0.1438 (loc=0.0427 id=0.1011) lr=8.370e-05 grad_norm=0.069 samples/s=73.90
[step 290/100000] loss=0.1921 (loc=0.0708 id=0.1213) lr=8.670e-05 grad_norm=0.189 samples/s=74.18
[step 300/100000] loss=0.2025 (loc=0.0755 id=0.1270) lr=8.970e-05 grad_norm=0.130 samples/s=74.51
[step 310/100000] loss=0.1578 (loc=0.0583 id=0.0995) lr=9.270e-05 grad_norm=0.075 samples/s=74.16
[step 320/100000] loss=0.1870 (loc=0.0686 id=0.1183) lr=9.570e-05 grad_norm=0.142 samples/s=74.41
[step 330/100000] loss=0.3933 (loc=0.2037 id=0.1896) lr=9.870e-05 grad_norm=0.249 samples/s=74.83
[step 340/100000] loss=0.2069 (loc=0.0878 id=0.1191) lr=1.017e-04 grad_norm=0.120 samples/s=74.72
[step 350/100000] loss=0.1700 (loc=0.0631 id=0.1069) lr=1.047e-04 grad_norm=0.109 samples/s=74.95
[step 360/100000] loss=0.2422 (loc=0.1193 id=0.1229) lr=1.077e-04 grad_norm=0.164 samples/s=75.40
[step 370/100000] loss=0.2356 (loc=0.1060 id=0.1296) lr=1.107e-04 grad_norm=0.172 samples/s=75.14
[step 380/100000] loss=0.2356 (loc=0.1027 id=0.1328) lr=1.137e-04 grad_norm=0.403 samples/s=75.39
[step 390/100000] loss=0.2436 (loc=0.1069 id=0.1366) lr=1.167e-04 grad_norm=0.507 samples/s=75.50
[step 400/100000] loss=0.2214 (loc=0.0939 id=0.1275) lr=1.197e-04 grad_norm=0.150 samples/s=75.05
[step 410/100000] loss=0.2598 (loc=0.1261 id=0.1337) lr=1.227e-04 grad_norm=0.184 samples/s=75.24
[step 420/100000] loss=0.1684 (loc=0.0616 id=0.1067) lr=1.257e-04 grad_norm=0.095 samples/s=75.63
[step 430/100000] loss=0.2231 (loc=0.0954 id=0.1277) lr=1.287e-04 grad_norm=0.141 samples/s=75.59
[step 440/100000] loss=0.2334 (loc=0.1084 id=0.1250) lr=1.317e-04 grad_norm=0.115 samples/s=75.15
[step 450/100000] loss=0.2406 (loc=0.1043 id=0.1364) lr=1.347e-04 grad_norm=0.264 samples/s=74.55
[step 460/100000] loss=0.2026 (loc=0.0919 id=0.1108) lr=1.377e-04 grad_norm=0.122 samples/s=74.12
[step 470/100000] loss=0.1394 (loc=0.0518 id=0.0876) lr=1.407e-04 grad_norm=0.079 samples/s=73.85
[step 480/100000] loss=0.1784 (loc=0.0677 id=0.1107) lr=1.437e-04 grad_norm=0.106 samples/s=73.25
[step 490/100000] loss=0.1167 (loc=0.0376 id=0.0791) lr=1.467e-04 grad_norm=0.130 samples/s=72.82
[step 500/100000] loss=0.2077 (loc=0.0961 id=0.1116) lr=1.497e-04 grad_norm=0.106 samples/s=72.19
[step 510/100000] loss=0.1708 (loc=0.0680 id=0.1027) lr=1.527e-04 grad_norm=0.080 samples/s=72.24
[step 520/100000] loss=0.2350 (loc=0.1111 id=0.1239) lr=1.557e-04 grad_norm=0.170 samples/s=72.04
[step 530/100000] loss=0.1502 (loc=0.0610 id=0.0891) lr=1.587e-04 grad_norm=0.062 samples/s=71.94
[step 540/100000] loss=0.1499 (loc=0.0628 id=0.0871) lr=1.617e-04 grad_norm=0.075 samples/s=71.65
[step 550/100000] loss=0.1504 (loc=0.0580 id=0.0924) lr=1.647e-04 grad_norm=0.069 samples/s=71.26
[step 560/100000] loss=0.2061 (loc=0.0935 id=0.1126) lr=1.677e-04 grad_norm=0.126 samples/s=71.09
[step 570/100000] loss=0.1521 (loc=0.0566 id=0.0955) lr=1.707e-04 grad_norm=0.095 samples/s=70.89
[step 580/100000] loss=0.2486 (loc=0.1221 id=0.1264) lr=1.737e-04 grad_norm=0.130 samples/s=70.38
[step 590/100000] loss=0.1388 (loc=0.0581 id=0.0808) lr=1.767e-04 grad_norm=0.074 samples/s=70.68
[step 600/100000] loss=0.1857 (loc=0.0851 id=0.1006) lr=1.797e-04 grad_norm=0.140 samples/s=71.11
[step 610/100000] loss=0.1295 (loc=0.0519 id=0.0776) lr=1.827e-04 grad_norm=0.059 samples/s=71.29
[step 620/100000] loss=0.2053 (loc=0.0980 id=0.1073) lr=1.857e-04 grad_norm=0.127 samples/s=71.28
[step 630/100000] loss=0.2062 (loc=0.1001 id=0.1061) lr=1.887e-04 grad_norm=0.153 samples/s=71.34
[step 640/100000] loss=0.1492 (loc=0.0619 id=0.0873) lr=1.917e-04 grad_norm=0.117 samples/s=71.28
[step 650/100000] loss=0.1259 (loc=0.0457 id=0.0802) lr=1.947e-04 grad_norm=0.063 samples/s=71.15
[step 660/100000] loss=0.1587 (loc=0.0711 id=0.0876) lr=1.977e-04 grad_norm=0.117 samples/s=71.16
[step 670/100000] loss=0.2895 (loc=0.1462 id=0.1432) lr=2.007e-04 grad_norm=0.416 samples/s=71.08
[step 680/100000] loss=0.1286 (loc=0.0494 id=0.0792) lr=2.037e-04 grad_norm=0.058 samples/s=71.14
[step 690/100000] loss=0.1610 (loc=0.0789 id=0.0822) lr=2.067e-04 grad_norm=0.089 samples/s=71.07
[step 700/100000] loss=0.1155 (loc=0.0459 id=0.0697) lr=2.097e-04 grad_norm=0.045 samples/s=71.05
[step 710/100000] loss=0.1665 (loc=0.0767 id=0.0898) lr=2.127e-04 grad_norm=0.181 samples/s=71.19
[step 720/100000] loss=0.1130 (loc=0.0438 id=0.0692) lr=2.157e-04 grad_norm=0.070 samples/s=71.11
[step 730/100000] loss=0.0968 (loc=0.0363 id=0.0605) lr=2.187e-04 grad_norm=0.049 samples/s=71.12
[step 740/100000] loss=0.1103 (loc=0.0434 id=0.0669) lr=2.217e-04 grad_norm=0.051 samples/s=71.11
[step 750/100000] loss=0.1219 (loc=0.0504 id=0.0716) lr=2.247e-04 grad_norm=0.055 samples/s=71.21