[train_refiner] stream_seed=2000000 resume_count=0 start_step=0
[step 1/25000] loss=10.9090 lr=0.000e+00 grad_norm=55.877 samples/s=149.47
[step 2/25000] loss=11.2146 lr=5.000e-06 grad_norm=63.714 samples/s=298.08
[step 3/25000] loss=10.7689 lr=1.000e-05 grad_norm=56.849 samples/s=384.03
[step 4/25000] loss=10.8263 lr=1.500e-05 grad_norm=56.359 samples/s=398.30
[step 5/25000] loss=11.1065 lr=2.000e-05 grad_norm=54.140 samples/s=497.08
[step 6/25000] loss=10.9811 lr=2.500e-05 grad_norm=59.993 samples/s=593.23
[step 7/25000] loss=10.4626 lr=3.000e-05 grad_norm=40.446 samples/s=594.92
[step 8/25000] loss=10.4014 lr=3.500e-05 grad_norm=36.257 samples/s=653.74
[step 9/25000] loss=10.0278 lr=4.000e-05 grad_norm=41.063 samples/s=734.67
[step 10/25000] loss=9.8341 lr=4.500e-05 grad_norm=32.564 samples/s=815.39
[step 20/25000] loss=8.2704 lr=9.500e-05 grad_norm=10.449 samples/s=974.32
[step 30/25000] loss=6.9377 lr=1.450e-04 grad_norm=7.270 samples/s=1137.43
[step 40/25000] loss=5.9864 lr=1.950e-04 grad_norm=5.025 samples/s=1226.07
[step 50/25000] loss=5.1934 lr=2.450e-04 grad_norm=3.667 samples/s=1091.73
[step 60/25000] loss=4.6785 lr=2.950e-04 grad_norm=2.923 samples/s=1193.26
[step 70/25000] loss=4.2442 lr=3.450e-04 grad_norm=2.319 samples/s=1264.98
[step 80/25000] loss=3.9771 lr=3.950e-04 grad_norm=1.969 samples/s=1291.56
[step 90/25000] loss=3.7339 lr=4.450e-04 grad_norm=1.700 samples/s=1256.87
[step 100/25000] loss=3.4780 lr=4.950e-04 grad_norm=1.485 samples/s=1267.39
[step 110/25000] loss=3.2985 lr=5.450e-04 grad_norm=1.314 samples/s=1277.49
[step 120/25000] loss=3.0725 lr=5.950e-04 grad_norm=1.357 samples/s=1315.31
[step 130/25000] loss=2.9226 lr=6.450e-04 grad_norm=1.362 samples/s=1291.72
[step 140/25000] loss=2.7498 lr=6.950e-04 grad_norm=1.540 samples/s=1364.26
[step 150/25000] loss=2.6714 lr=7.450e-04 grad_norm=2.104 samples/s=1378.20
[step 160/25000] loss=2.6086 lr=7.950e-04 grad_norm=1.528 samples/s=1381.87
[step 170/25000] loss=2.5374 lr=8.450e-04 grad_norm=1.472 samples/s=1326.39
[step 180/25000] loss=2.3969 lr=8.950e-04 grad_norm=1.208 samples/s=1329.24
[step 190/25000] loss=2.3875 lr=9.450e-04 grad_norm=1.162 samples/s=1389.38
[step 200/25000] loss=2.3397 lr=9.950e-04 grad_norm=1.933 samples/s=1342.68
[step 210/25000] loss=2.2835 lr=1.000e-03 grad_norm=1.533 samples/s=1376.90
[step 220/25000] loss=2.0956 lr=1.000e-03 grad_norm=1.450 samples/s=1345.40
[step 230/25000] loss=2.1053 lr=1.000e-03 grad_norm=2.182 samples/s=1355.11
[step 240/25000] loss=2.0811 lr=1.000e-03 grad_norm=2.177 samples/s=1359.18
[step 250/25000] loss=1.9302 lr=1.000e-03 grad_norm=2.009 samples/s=1368.95
[step 260/25000] loss=1.7650 lr=1.000e-03 grad_norm=1.863 samples/s=1383.52
[step 270/25000] loss=1.7475 lr=1.000e-03 grad_norm=1.984 samples/s=1362.42
[step 280/25000] loss=1.7627 lr=1.000e-03 grad_norm=3.668 samples/s=1385.10
[step 290/25000] loss=1.5474 lr=1.000e-03 grad_norm=3.701 samples/s=1384.59
[step 300/25000] loss=1.6039 lr=1.000e-03 grad_norm=3.510 samples/s=1374.26
[step 310/25000] loss=1.5104 lr=1.000e-03 grad_norm=4.542 samples/s=1350.07
[step 320/25000] loss=1.3499 lr=9.999e-04 grad_norm=3.558 samples/s=1359.11
[step 330/25000] loss=1.4589 lr=9.999e-04 grad_norm=4.278 samples/s=1370.20
[step 340/25000] loss=1.2975 lr=9.999e-04 grad_norm=2.886 samples/s=1371.80
[step 350/25000] loss=1.2641 lr=9.999e-04 grad_norm=3.289 samples/s=1371.57
[step 360/25000] loss=1.2039 lr=9.999e-04 grad_norm=4.820 samples/s=1333.00
[step 370/25000] loss=1.1980 lr=9.999e-04 grad_norm=5.225 samples/s=1358.44
[step 380/25000] loss=1.1298 lr=9.999e-04 grad_norm=2.832 samples/s=1367.96
[step 390/25000] loss=1.2364 lr=9.999e-04 grad_norm=5.235 samples/s=1362.51
[step 400/25000] loss=1.3920 lr=9.998e-04 grad_norm=5.551 samples/s=1339.25
[step 410/25000] loss=1.2667 lr=9.998e-04 grad_norm=4.885 samples/s=1343.14
[step 420/25000] loss=1.0563 lr=9.998e-04 grad_norm=3.473 samples/s=1347.27
[step 430/25000] loss=1.1711 lr=9.998e-04 grad_norm=6.012 samples/s=1336.67
[step 440/25000] loss=1.1763 lr=9.998e-04 grad_norm=7.321 samples/s=1324.90
[step 450/25000] loss=1.0054 lr=9.998e-04 grad_norm=4.713 samples/s=1324.92
[step 460/25000] loss=1.1066 lr=9.997e-04 grad_norm=3.032 samples/s=1345.44
[step 470/25000] loss=1.2565 lr=9.997e-04 grad_norm=4.000 samples/s=1328.46
[step 480/25000] loss=1.0874 lr=9.997e-04 grad_norm=3.632 samples/s=1344.44
[step 490/25000] loss=1.0799 lr=9.997e-04 grad_norm=2.928 samples/s=1344.66
[step 500/25000] loss=0.9772 lr=9.996e-04 grad_norm=4.062 samples/s=1348.28
[step 510/25000] loss=1.2555 lr=9.996e-04 grad_norm=8.462 samples/s=1330.21
[step 520/25000] loss=1.1823 lr=9.996e-04 grad_norm=6.557 samples/s=1340.19
[step 530/25000] loss=0.9611 lr=9.996e-04 grad_norm=4.148 samples/s=1327.59
[step 540/25000] loss=1.0791 lr=9.995e-04 grad_norm=4.018 samples/s=1341.84
[step 550/25000] loss=1.1769 lr=9.995e-04 grad_norm=6.373 samples/s=1325.90
[step 560/25000] loss=1.0153 lr=9.995e-04 grad_norm=5.549 samples/s=1328.82
[step 570/25000] loss=1.0767 lr=9.995e-04 grad_norm=5.806 samples/s=1342.53
[step 580/25000] loss=0.8627 lr=9.994e-04 grad_norm=4.398 samples/s=1327.73
[step 590/25000] loss=0.9348 lr=9.994e-04 grad_norm=5.395 samples/s=1329.83
[step 600/25000] loss=1.2112 lr=9.994e-04 grad_norm=4.603 samples/s=1339.50
[step 610/25000] loss=1.0558 lr=9.993e-04 grad_norm=6.663 samples/s=1342.05
[step 620/25000] loss=1.2387 lr=9.993e-04 grad_norm=5.377 samples/s=1336.37
[step 630/25000] loss=0.9647 lr=9.993e-04 grad_norm=3.052 samples/s=1342.51
[step 640/25000] loss=0.9880 lr=9.992e-04 grad_norm=3.930 samples/s=1332.35
[step 650/25000] loss=0.9679 lr=9.992e-04 grad_norm=5.164 samples/s=1340.56
[step 660/25000] loss=1.1699 lr=9.992e-04 grad_norm=5.429 samples/s=1345.36
[step 670/25000] loss=0.9144 lr=9.991e-04 grad_norm=4.118 samples/s=1345.23
[step 680/25000] loss=1.1300 lr=9.991e-04 grad_norm=6.453 samples/s=1351.45
[step 690/25000] loss=0.8865 lr=9.991e-04 grad_norm=4.832 samples/s=1348.84
[step 700/25000] loss=0.8885 lr=9.990e-04 grad_norm=2.727 samples/s=1360.81
[step 710/25000] loss=0.9942 lr=9.990e-04 grad_norm=4.234 samples/s=1357.79
[step 720/25000] loss=0.9708 lr=9.989e-04 grad_norm=7.279 samples/s=1359.74
[step 730/25000] loss=1.0013 lr=9.989e-04 grad_norm=3.248 samples/s=1344.88
[step 740/25000] loss=0.8126 lr=9.988e-04 grad_norm=2.459 samples/s=1343.16
[step 750/25000] loss=0.9243 lr=9.988e-04 grad_norm=2.676 samples/s=1346.30
[step 760/25000] loss=0.9066 lr=9.988e-04 grad_norm=4.730 samples/s=1354.64
[step 770/25000] loss=1.0320 lr=9.987e-04 grad_norm=3.044 samples/s=1347.99
[step 780/25000] loss=1.0038 lr=9.987e-04 grad_norm=6.301 samples/s=1358.33
[step 790/25000] loss=0.8798 lr=9.986e-04 grad_norm=3.053 samples/s=1364.64
[step 800/25000] loss=0.8405 lr=9.986e-04 grad_norm=4.231 samples/s=1356.95
[step 810/25000] loss=0.9138 lr=9.985e-04 grad_norm=3.715 samples/s=1363.36
[step 820/25000] loss=0.7841 lr=9.985e-04 grad_norm=5.004 samples/s=1363.20
[step 830/25000] loss=1.0078 lr=9.984e-04 grad_norm=6.136 samples/s=1366.42
[step 840/25000] loss=0.9566 lr=9.984e-04 grad_norm=4.060 samples/s=1357.22
[step 850/25000] loss=0.8427 lr=9.983e-04 grad_norm=5.899 samples/s=1356.66
[step 860/25000] loss=1.0115 lr=9.983e-04 grad_norm=4.968 samples/s=1363.95
[step 870/25000] loss=1.0203 lr=9.982e-04 grad_norm=8.937 samples/s=1363.32
[step 880/25000] loss=0.8344 lr=9.982e-04 grad_norm=5.210 samples/s=1356.81
[step 890/25000] loss=0.7690 lr=9.981e-04 grad_norm=4.240 samples/s=1353.20
[step 900/25000] loss=1.0053 lr=9.981e-04 grad_norm=7.187 samples/s=1363.15
[step 910/25000] loss=1.0166 lr=9.980e-04 grad_norm=2.993 samples/s=1363.76
[step 920/25000] loss=1.0024 lr=9.979e-04 grad_norm=4.122 samples/s=1354.65
[step 930/25000] loss=0.8905 lr=9.979e-04 grad_norm=3.011 samples/s=1358.81
[step 940/25000] loss=0.7908 lr=9.978e-04 grad_norm=3.132 samples/s=1368.12
[step 950/25000] loss=0.8399 lr=9.978e-04 grad_norm=2.737 samples/s=1370.67
[step 960/25000] loss=0.8997 lr=9.977e-04 grad_norm=4.343 samples/s=1367.80
[step 970/25000] loss=1.0267 lr=9.977e-04 grad_norm=9.750 samples/s=1370.19
[step 980/25000] loss=1.0168 lr=9.976e-04 grad_norm=8.630 samples/s=1365.34
[step 990/25000] loss=0.7725 lr=9.975e-04 grad_norm=4.069 samples/s=1358.76
[step 1000/25000] loss=0.9305 lr=9.975e-04 grad_norm=5.506 samples/s=1363.61
[val step 1000] loss=4.415887766512313 m03={'mean': 21.44697466716459, 'median': 16.06172187448503, 'p95': 52.22132991735799, 'mean_px': 2.6808718333955737, 'median_px': 2.007715234310629, 'p95_px': 6.527666239669749, 'frac_lt_0p25px': 0.03723242365831389, 'frac_lt_0p5px': 0.1302627574312671, 'frac_lt_1px': 0.31297555037029523, 'n': 9857} bias_vs_jitter={'x': {'[-4,-2)': 1.7185215664750884, '[-2,0)': 0.5878444820536781, '[0,2)': -0.47952706122057304, '[2,4)': -1.9570652676848908}, 'y': {'[-4,-2)': 1.3209306795671083, '[-2,0)': -0.039420666988705985, '[0,2)': -1.1150417511444768, '[2,4)': -2.2543928814469054}}
[train_refiner] wrote checkpoint runs/refiner_rev5/ckpt_0001000.pt
[step 1010/25000] loss=0.8405 lr=9.974e-04 grad_norm=4.830 samples/s=1376.98
[step 1020/25000] loss=0.8867 lr=9.973e-04 grad_norm=3.564 samples/s=1363.76
[step 1030/25000] loss=0.9062 lr=9.973e-04 grad_norm=3.484 samples/s=1364.01
[step 1040/25000] loss=0.8763 lr=9.972e-04 grad_norm=2.926 samples/s=1368.32
[step 1050/25000] loss=0.9389 lr=9.971e-04 grad_norm=4.159 samples/s=1366.76
[step 1060/25000] loss=0.9962 lr=9.971e-04 grad_norm=4.321 samples/s=1371.88
[step 1070/25000] loss=0.9572 lr=9.970e-04 grad_norm=5.654 samples/s=1364.64
[step 1080/25000] loss=0.7372 lr=9.969e-04 grad_norm=9.277 samples/s=1355.86
[step 1090/25000] loss=0.9699 lr=9.969e-04 grad_norm=7.063 samples/s=1358.90
[step 1100/25000] loss=0.9012 lr=9.968e-04 grad_norm=3.875 samples/s=1367.48
[step 1110/25000] loss=0.9000 lr=9.967e-04 grad_norm=4.210 samples/s=1365.41
[step 1120/25000] loss=0.9768 lr=9.966e-04 grad_norm=2.823 samples/s=1360.85
[step 1130/25000] loss=1.0346 lr=9.966e-04 grad_norm=3.967 samples/s=1356.95
[step 1140/25000] loss=0.7884 lr=9.965e-04 grad_norm=4.049 samples/s=1351.65
[step 1150/25000] loss=0.8145 lr=9.964e-04 grad_norm=5.736 samples/s=1349.38
[step 1160/25000] loss=0.8804 lr=9.964e-04 grad_norm=3.845 samples/s=1352.34
[step 1170/25000] loss=0.8948 lr=9.963e-04 grad_norm=5.576 samples/s=1346.29
[step 1180/25000] loss=0.9555 lr=9.962e-04 grad_norm=3.671 samples/s=1343.09
[step 1190/25000] loss=1.0125 lr=9.961e-04 grad_norm=4.519 samples/s=1343.57
[step 1200/25000] loss=0.9316 lr=9.960e-04 grad_norm=3.085 samples/s=1345.30
[step 1210/25000] loss=0.8896 lr=9.960e-04 grad_norm=2.916 samples/s=1342.76
[step 1220/25000] loss=1.0101 lr=9.959e-04 grad_norm=7.486 samples/s=1341.42
[step 1230/25000] loss=0.7985 lr=9.958e-04 grad_norm=3.211 samples/s=1337.21
[step 1240/25000] loss=0.6767 lr=9.957e-04 grad_norm=4.963 samples/s=1337.60
[step 1250/25000] loss=0.8130 lr=9.956e-04 grad_norm=4.615 samples/s=1340.91
[step 1260/25000] loss=0.9901 lr=9.956e-04 grad_norm=10.395 samples/s=1330.98
[step 1270/25000] loss=0.8359 lr=9.955e-04 grad_norm=3.207 samples/s=1335.58
[step 1280/25000] loss=0.9211 lr=9.954e-04 grad_norm=5.561 samples/s=1331.19
[step 1290/25000] loss=0.9800 lr=9.953e-04 grad_norm=2.349 samples/s=1325.75
[step 1300/25000] loss=0.9209 lr=9.952e-04 grad_norm=6.222 samples/s=1318.83
[step 1310/25000] loss=0.7779 lr=9.951e-04 grad_norm=5.464 samples/s=1316.43
[step 1320/25000] loss=0.9724 lr=9.950e-04 grad_norm=4.475 samples/s=1318.90
[step 1330/25000] loss=0.8734 lr=9.949e-04 grad_norm=5.515 samples/s=1314.00
[step 1340/25000] loss=0.9726 lr=9.949e-04 grad_norm=3.212 samples/s=1317.52
[step 1350/25000] loss=0.9273 lr=9.948e-04 grad_norm=6.905 samples/s=1315.43
[step 1360/25000] loss=0.6394 lr=9.947e-04 grad_norm=2.860 samples/s=1316.16
[step 1370/25000] loss=1.0847 lr=9.946e-04 grad_norm=2.886 samples/s=1319.35
[step 1380/25000] loss=0.8908 lr=9.945e-04 grad_norm=4.314 samples/s=1311.03
[step 1390/25000] loss=0.7674 lr=9.944e-04 grad_norm=2.919 samples/s=1307.50
[step 1400/25000] loss=0.8624 lr=9.943e-04 grad_norm=4.643 samples/s=1308.61
[step 1410/25000] loss=0.7909 lr=9.942e-04 grad_norm=5.893 samples/s=1309.53
[step 1420/25000] loss=0.8933 lr=9.941e-04 grad_norm=9.156 samples/s=1300.47
[step 1430/25000] loss=0.7372 lr=9.940e-04 grad_norm=2.347 samples/s=1300.75
[step 1440/25000] loss=0.8457 lr=9.939e-04 grad_norm=2.300 samples/s=1292.59
[step 1450/25000] loss=0.7970 lr=9.938e-04 grad_norm=4.307 samples/s=1291.98
[step 1460/25000] loss=0.8292 lr=9.937e-04 grad_norm=3.088 samples/s=1292.61
[step 1470/25000] loss=0.8790 lr=9.936e-04 grad_norm=3.668 samples/s=1285.41
[step 1480/25000] loss=0.6993 lr=9.935e-04 grad_norm=2.314 samples/s=1286.19
[step 1490/25000] loss=0.6570 lr=9.934e-04 grad_norm=3.430 samples/s=1284.48
[step 1500/25000] loss=0.8291 lr=9.933e-04 grad_norm=5.025 samples/s=1283.99
[step 1510/25000] loss=0.8308 lr=9.932e-04 grad_norm=3.207 samples/s=1278.55
[step 1520/25000] loss=0.9805 lr=9.931e-04 grad_norm=4.157 samples/s=1279.63
[step 1530/25000] loss=0.8873 lr=9.930e-04 grad_norm=6.699 samples/s=1278.75
[step 1540/25000] loss=0.7393 lr=9.929e-04 grad_norm=2.170 samples/s=1280.77
[step 1550/25000] loss=0.6933 lr=9.928e-04 grad_norm=5.440 samples/s=1280.32
[step 1560/25000] loss=0.6192 lr=9.927e-04 grad_norm=3.180 samples/s=1267.72
[step 1570/25000] loss=0.9526 lr=9.926e-04 grad_norm=2.763 samples/s=1271.84
[step 1580/25000] loss=0.7237 lr=9.925e-04 grad_norm=4.174 samples/s=1271.17
[step 1590/25000] loss=0.8956 lr=9.924e-04 grad_norm=8.609 samples/s=1270.77
[step 1600/25000] loss=0.8333 lr=9.922e-04 grad_norm=5.590 samples/s=1274.31
[step 1610/25000] loss=0.8061 lr=9.921e-04 grad_norm=6.459 samples/s=1264.86
[step 1620/25000] loss=0.7415 lr=9.920e-04 grad_norm=4.474 samples/s=1268.51
[step 1630/25000] loss=0.7841 lr=9.919e-04 grad_norm=3.403 samples/s=1270.27
[step 1640/25000] loss=0.8021 lr=9.918e-04 grad_norm=3.194 samples/s=1265.81
[step 1650/25000] loss=0.9097 lr=9.917e-04 grad_norm=2.718 samples/s=1270.04
[step 1660/25000] loss=0.7877 lr=9.916e-04 grad_norm=3.253 samples/s=1268.80
[step 1670/25000] loss=0.8001 lr=9.915e-04 grad_norm=7.295 samples/s=1264.43
[step 1680/25000] loss=0.6300 lr=9.913e-04 grad_norm=6.599 samples/s=1262.08
[step 1690/25000] loss=0.7904 lr=9.912e-04 grad_norm=4.305 samples/s=1260.62
[step 1700/25000] loss=0.6725 lr=9.911e-04 grad_norm=3.269 samples/s=1265.82
[step 1710/25000] loss=0.9945 lr=9.910e-04 grad_norm=7.412 samples/s=1266.28
[step 1720/25000] loss=0.8238 lr=9.909e-04 grad_norm=5.561 samples/s=1261.17
[step 1730/25000] loss=0.7273 lr=9.907e-04 grad_norm=3.857 samples/s=1258.80
[step 1740/25000] loss=0.7251 lr=9.906e-04 grad_norm=2.413 samples/s=1262.83
[step 1750/25000] loss=0.8413 lr=9.905e-04 grad_norm=2.729 samples/s=1260.05
[step 1760/25000] loss=0.7168 lr=9.904e-04 grad_norm=5.367 samples/s=1261.31
[step 1770/25000] loss=0.7107 lr=9.903e-04 grad_norm=3.285 samples/s=1264.72
[step 1780/25000] loss=0.7107 lr=9.901e-04 grad_norm=1.938 samples/s=1262.71
[step 1790/25000] loss=0.7808 lr=9.900e-04 grad_norm=3.651 samples/s=1259.15
[step 1800/25000] loss=0.8344 lr=9.899e-04 grad_norm=3.536 samples/s=1261.95
[step 1810/25000] loss=0.7543 lr=9.898e-04 grad_norm=2.099 samples/s=1257.22
[step 1820/25000] loss=0.6224 lr=9.896e-04 grad_norm=3.358 samples/s=1255.97
[step 1830/25000] loss=0.7820 lr=9.895e-04 grad_norm=7.945 samples/s=1257.63
[step 1840/25000] loss=1.0606 lr=9.894e-04 grad_norm=6.547 samples/s=1259.24
[step 1850/25000] loss=0.9734 lr=9.892e-04 grad_norm=4.650 samples/s=1260.09
[step 1860/25000] loss=0.5952 lr=9.891e-04 grad_norm=3.037 samples/s=1252.10
[step 1870/25000] loss=0.8626 lr=9.890e-04 grad_norm=11.325 samples/s=1251.04
[step 1880/25000] loss=0.8142 lr=9.888e-04 grad_norm=5.672 samples/s=1253.15
[step 1890/25000] loss=0.7726 lr=9.887e-04 grad_norm=4.303 samples/s=1254.31
[step 1900/25000] loss=0.7121 lr=9.886e-04 grad_norm=3.342 samples/s=1249.04
[step 1910/25000] loss=0.7071 lr=9.884e-04 grad_norm=1.756 samples/s=1252.69
[step 1920/25000] loss=0.7399 lr=9.883e-04 grad_norm=3.594 samples/s=1252.29
[step 1930/25000] loss=0.8104 lr=9.882e-04 grad_norm=3.533 samples/s=1248.66
[step 1940/25000] loss=0.8174 lr=9.880e-04 grad_norm=2.326 samples/s=1249.18
[step 1950/25000] loss=0.7933 lr=9.879e-04 grad_norm=4.058 samples/s=1248.20
[step 1960/25000] loss=0.5936 lr=9.878e-04 grad_norm=2.040 samples/s=1243.25
[step 1970/25000] loss=0.6329 lr=9.876e-04 grad_norm=3.304 samples/s=1245.19
[step 1980/25000] loss=0.8388 lr=9.875e-04 grad_norm=4.060 samples/s=1244.89
[step 1990/25000] loss=0.7747 lr=9.873e-04 grad_norm=3.432 samples/s=1246.02
[step 2000/25000] loss=0.8946 lr=9.872e-04 grad_norm=5.099 samples/s=1244.13
[val step 2000] loss=2.745467260617495 m03={'mean': 10.415708015964048, 'median': 5.231193407741147, 'p95': 42.98583964237386, 'mean_px': 1.301963501995506, 'median_px': 0.6538991759676434, 'p95_px': 5.373229955296733, 'frac_lt_0p25px': 0.15308917520543777, 'frac_lt_0p5px': 0.38764329917824897, 'frac_lt_1px': 0.6616617632139596, 'n': 9857} bias_vs_jitter={'x': {'[-4,-2)': 0.6601469801836675, '[-2,0)': 0.17088036641015855, '[0,2)': -0.15314252077389723, '[2,4)': -0.6385122960992577}, 'y': {'[-4,-2)': 0.6353449670600894, '[-2,0)': 0.20579005250244103, '[0,2)': -0.17194387989283438, '[2,4)': -0.4440906172376489}}
[train_refiner] wrote checkpoint runs/refiner_rev5/ckpt_0002000.pt
[step 2010/25000] loss=0.8588 lr=9.871e-04 grad_norm=4.652 samples/s=1250.14
[step 2020/25000] loss=0.7668 lr=9.869e-04 grad_norm=7.205 samples/s=1243.70
[step 2030/25000] loss=0.7967 lr=9.868e-04 grad_norm=3.228 samples/s=1245.23
[step 2040/25000] loss=0.8121 lr=9.866e-04 grad_norm=2.174 samples/s=1245.46
[step 2050/25000] loss=0.8042 lr=9.865e-04 grad_norm=5.142 samples/s=1245.47
[step 2060/25000] loss=0.8483 lr=9.863e-04 grad_norm=6.332 samples/s=1245.21
[step 2070/25000] loss=0.6133 lr=9.862e-04 grad_norm=2.700 samples/s=1244.31
[step 2080/25000] loss=0.7513 lr=9.860e-04 grad_norm=5.539 samples/s=1244.51
[step 2090/25000] loss=0.7011 lr=9.859e-04 grad_norm=7.289 samples/s=1244.77
[step 2100/25000] loss=0.7932 lr=9.857e-04 grad_norm=3.530 samples/s=1243.02
[step 2110/25000] loss=0.8271 lr=9.856e-04 grad_norm=4.962 samples/s=1243.25
[step 2120/25000] loss=0.6902 lr=9.854e-04 grad_norm=2.742 samples/s=1238.10
[step 2130/25000] loss=0.7181 lr=9.853e-04 grad_norm=3.722 samples/s=1236.08
[step 2140/25000] loss=0.7773 lr=9.851e-04 grad_norm=3.650 samples/s=1234.98
[step 2150/25000] loss=0.8257 lr=9.850e-04 grad_norm=3.834 samples/s=1235.78
[step 2160/25000] loss=0.6825 lr=9.848e-04 grad_norm=3.115 samples/s=1234.72
[step 2170/25000] loss=0.8071 lr=9.847e-04 grad_norm=3.017 samples/s=1230.40
[step 2180/25000] loss=0.6698 lr=9.845e-04 grad_norm=2.228 samples/s=1227.92
[step 2190/25000] loss=0.8793 lr=9.844e-04 grad_norm=4.308 samples/s=1226.06
[step 2200/25000] loss=0.7565 lr=9.842e-04 grad_norm=3.971 samples/s=1225.49
[step 2210/25000] loss=0.5816 lr=9.841e-04 grad_norm=3.207 samples/s=1226.10
[step 2220/25000] loss=0.7387 lr=9.839e-04 grad_norm=2.398 samples/s=1223.85
[step 2230/25000] loss=0.7047 lr=9.837e-04 grad_norm=4.409 samples/s=1223.92
[step 2240/25000] loss=0.6635 lr=9.836e-04 grad_norm=6.031 samples/s=1224.78
[step 2250/25000] loss=0.6070 lr=9.834e-04 grad_norm=4.087 samples/s=1223.40
[step 2260/25000] loss=0.8883 lr=9.833e-04 grad_norm=2.415 samples/s=1222.78
[step 2270/25000] loss=0.8438 lr=9.831e-04 grad_norm=6.004 samples/s=1221.96
[step 2280/25000] loss=0.7195 lr=9.829e-04 grad_norm=5.344 samples/s=1222.39
[step 2290/25000] loss=1.0179 lr=9.828e-04 grad_norm=6.210 samples/s=1220.20
[step 2300/25000] loss=0.7910 lr=9.826e-04 grad_norm=3.865 samples/s=1220.92
[step 2310/25000] loss=0.7805 lr=9.824e-04 grad_norm=4.988 samples/s=1220.32
[step 2320/25000] loss=0.8457 lr=9.823e-04 grad_norm=4.398 samples/s=1220.57
[step 2330/25000] loss=0.7436 lr=9.821e-04 grad_norm=4.706 samples/s=1213.36
[step 2340/25000] loss=0.7193 lr=9.819e-04 grad_norm=5.303 samples/s=1215.17
[step 2350/25000] loss=0.7021 lr=9.818e-04 grad_norm=4.594 samples/s=1215.59
[step 2360/25000] loss=0.7636 lr=9.816e-04 grad_norm=3.811 samples/s=1216.74
[step 2370/25000] loss=0.8193 lr=9.814e-04 grad_norm=5.252 samples/s=1212.06
[step 2380/25000] loss=0.6393 lr=9.813e-04 grad_norm=2.470 samples/s=1212.39
[step 2390/25000] loss=0.8254 lr=9.811e-04 grad_norm=7.665 samples/s=1211.75
[step 2400/25000] loss=0.8626 lr=9.809e-04 grad_norm=5.224 samples/s=1209.91
[step 2410/25000] loss=0.6778 lr=9.807e-04 grad_norm=3.831 samples/s=1209.76
[step 2420/25000] loss=0.7546 lr=9.806e-04 grad_norm=2.453 samples/s=1210.56
[step 2430/25000] loss=0.8465 lr=9.804e-04 grad_norm=2.747 samples/s=1210.30
[step 2440/25000] loss=0.6950 lr=9.802e-04 grad_norm=3.046 samples/s=1204.46
[step 2450/25000] loss=0.8279 lr=9.800e-04 grad_norm=3.799 samples/s=1203.47
[step 2460/25000] loss=0.7553 lr=9.799e-04 grad_norm=4.218 samples/s=1202.00
[step 2470/25000] loss=0.7353 lr=9.797e-04 grad_norm=4.945 samples/s=1200.60
[step 2480/25000] loss=0.7062 lr=9.795e-04 grad_norm=2.949 samples/s=1202.73
[step 2490/25000] loss=0.7268 lr=9.793e-04 grad_norm=5.561 samples/s=1197.91
[step 2500/25000] loss=0.7519 lr=9.792e-04 grad_norm=3.257 samples/s=1198.20
[step 2510/25000] loss=0.6564 lr=9.790e-04 grad_norm=3.607 samples/s=1197.83
[step 2520/25000] loss=0.7449 lr=9.788e-04 grad_norm=2.816 samples/s=1198.86
[step 2530/25000] loss=0.9536 lr=9.786e-04 grad_norm=4.542 samples/s=1198.65
[step 2540/25000] loss=0.7698 lr=9.784e-04 grad_norm=3.138 samples/s=1197.94
[step 2550/25000] loss=0.7367 lr=9.782e-04 grad_norm=3.146 samples/s=1193.87
[step 2560/25000] loss=0.6488 lr=9.781e-04 grad_norm=2.484 samples/s=1194.11
[step 2570/25000] loss=0.7145 lr=9.779e-04 grad_norm=3.253 samples/s=1194.70
[step 2580/25000] loss=0.8693 lr=9.777e-04 grad_norm=4.440 samples/s=1190.74
[step 2590/25000] loss=0.8372 lr=9.775e-04 grad_norm=5.721 samples/s=1190.06
[step 2600/25000] loss=0.7035 lr=9.773e-04 grad_norm=4.016 samples/s=1185.75
[step 2610/25000] loss=0.7026 lr=9.771e-04 grad_norm=4.644 samples/s=1188.06
[step 2620/25000] loss=0.7603 lr=9.769e-04 grad_norm=8.554 samples/s=1186.09
[step 2630/25000] loss=0.8299 lr=9.768e-04 grad_norm=4.510 samples/s=1188.36
[step 2640/25000] loss=0.8625 lr=9.766e-04 grad_norm=6.826 samples/s=1187.20
[step 2650/25000] loss=0.7230 lr=9.764e-04 grad_norm=7.753 samples/s=1184.86
[step 2660/25000] loss=0.8440 lr=9.762e-04 grad_norm=5.814 samples/s=1185.60
[step 2670/25000] loss=0.5725 lr=9.760e-04 grad_norm=2.620 samples/s=1185.62
[step 2680/25000] loss=0.8020 lr=9.758e-04 grad_norm=5.214 samples/s=1186.74
[step 2690/25000] loss=0.6652 lr=9.756e-04 grad_norm=5.582 samples/s=1187.48
[step 2700/25000] loss=0.5565 lr=9.754e-04 grad_norm=4.023 samples/s=1187.18
[step 2710/25000] loss=0.7003 lr=9.752e-04 grad_norm=2.020 samples/s=1185.85
[step 2720/25000] loss=0.7509 lr=9.750e-04 grad_norm=3.540 samples/s=1187.10
[step 2730/25000] loss=0.7860 lr=9.748e-04 grad_norm=3.205 samples/s=1184.67
[step 2740/25000] loss=0.8307 lr=9.746e-04 grad_norm=4.828 samples/s=1186.94
[step 2750/25000] loss=0.6861 lr=9.744e-04 grad_norm=2.674 samples/s=1182.70
[step 2760/25000] loss=0.6855 lr=9.742e-04 grad_norm=3.158 samples/s=1183.91
[step 2770/25000] loss=0.6536 lr=9.740e-04 grad_norm=1.844 samples/s=1185.79
[step 2780/25000] loss=0.6760 lr=9.738e-04 grad_norm=2.839 samples/s=1186.09
[step 2790/25000] loss=0.6811 lr=9.736e-04 grad_norm=2.937 samples/s=1185.18
[step 2800/25000] loss=0.8594 lr=9.734e-04 grad_norm=2.591 samples/s=1179.32
[step 2810/25000] loss=0.6946 lr=9.732e-04 grad_norm=4.506 samples/s=1180.61
[step 2820/25000] loss=0.7801 lr=9.730e-04 grad_norm=6.813 samples/s=1182.83
[step 2830/25000] loss=0.7560 lr=9.728e-04 grad_norm=5.297 samples/s=1183.27
[step 2840/25000] loss=0.8101 lr=9.726e-04 grad_norm=5.234 samples/s=1179.92
[step 2850/25000] loss=0.8025 lr=9.724e-04 grad_norm=5.615 samples/s=1179.85
[step 2860/25000] loss=1.0815 lr=9.722e-04 grad_norm=5.107 samples/s=1176.65
[step 2870/25000] loss=0.6891 lr=9.720e-04 grad_norm=3.461 samples/s=1174.28
[step 2880/25000] loss=0.8715 lr=9.718e-04 grad_norm=4.953 samples/s=1176.46
[step 2890/25000] loss=0.7946 lr=9.716e-04 grad_norm=3.608 samples/s=1176.33
[step 2900/25000] loss=0.7397 lr=9.713e-04 grad_norm=3.522 samples/s=1175.25
[step 2910/25000] loss=0.5684 lr=9.711e-04 grad_norm=3.570 samples/s=1176.66
[step 2920/25000] loss=0.6322 lr=9.709e-04 grad_norm=2.318 samples/s=1173.33
[step 2930/25000] loss=0.7318 lr=9.707e-04 grad_norm=1.710 samples/s=1172.70
[step 2940/25000] loss=0.6749 lr=9.705e-04 grad_norm=3.466 samples/s=1171.87
[step 2950/25000] loss=0.6648 lr=9.703e-04 grad_norm=2.897 samples/s=1172.79
[step 2960/25000] loss=0.7094 lr=9.701e-04 grad_norm=5.174 samples/s=1172.58