[distance] board square s (px)
         distance =      12: recall  94.9%  id  95.3%  err_med refined 0.1799 / coarse 0.4444 px  (n_gt=1379)
         distance =      16: recall  95.2%  id  95.3%  err_med refined 0.1470 / coarse 0.4363 px  (n_gt=1407)
         distance =      24: recall  94.8%  id  94.5%  err_med refined 0.1391 / coarse 0.4339 px  (n_gt=1407)
         distance =      32: recall  94.8%  id  96.9%  err_med refined 0.1842 / coarse 0.4369 px  (n_gt=1376)
         distance =      48: recall  96.7%  id  96.1%  err_med refined 0.1585 / coarse 0.4248 px  (n_gt=1411)
         distance =      64: recall  92.0%  id  94.2%  err_med refined 0.1716 / coarse 0.4468 px  (n_gt=1423)
         distance =      96: recall  96.1%  id  94.7%  err_med refined 0.1722 / coarse 0.4416 px  (n_gt=1424)
         distance =     128: recall  93.4%  id  94.0%  err_med refined 0.1335 / coarse 0.4362 px  (n_gt=1432)
  -> paper/results_rev4/robustness/distance.json
[tilt] out-of-plane tilt (deg)
             tilt =       0: recall  94.9%  id  95.3%  err_med refined 0.1799 / coarse 0.4444 px  (n_gt=1379)
             tilt =      10: recall  95.2%  id  95.3%  err_med refined 0.1470 / coarse 0.4363 px  (n_gt=1407)
             tilt =      20: recall  94.8%  id  94.5%  err_med refined 0.1391 / coarse 0.4339 px  (n_gt=1407)
             tilt =      30: recall  94.8%  id  96.9%  err_med refined 0.1842 / coarse 0.4369 px  (n_gt=1376)
             tilt =      40: recall  96.7%  id  96.1%  err_med refined 0.1585 / coarse 0.4248 px  (n_gt=1411)
             tilt =      50: recall  92.0%  id  94.2%  err_med refined 0.1716 / coarse 0.4468 px  (n_gt=1423)
             tilt =      60: recall  96.1%  id  94.7%  err_med refined 0.1722 / coarse 0.4416 px  (n_gt=1424)
  -> paper/results_rev4/robustness/tilt.json
[rotation] in-plane rotation (deg)
         rotation =       0: recall  94.9%  id  95.3%  err_med refined 0.1799 / coarse 0.4444 px  (n_gt=1379)
         rotation =      30: recall  95.2%  id  95.3%  err_med refined 0.1470 / coarse 0.4363 px  (n_gt=1407)
         rotation =      60: recall  94.8%  id  94.5%  err_med refined 0.1391 / coarse 0.4339 px  (n_gt=1407)
         rotation =      90: recall  94.8%  id  96.9%  err_med refined 0.1842 / coarse 0.4369 px  (n_gt=1376)
         rotation =     120: recall  96.7%  id  96.1%  err_med refined 0.1585 / coarse 0.4248 px  (n_gt=1411)
         rotation =     150: recall  92.0%  id  94.2%  err_med refined 0.1716 / coarse 0.4468 px  (n_gt=1423)
         rotation =     180: recall  96.1%  id  94.7%  err_med refined 0.1722 / coarse 0.4416 px  (n_gt=1424)
  -> paper/results_rev4/robustness/rotation.json
