[train_detector] finetune from runs/mb3_base_30k/ckpt_0030000.pt (step 30000): 437,105 of 882,402 params trainable, lr_mult={'cls.*': 1.0, 'blocks.*': 0.1, 'norm.*': 0.1, 'hm.*': 0.1}, reinit=[]
[train_detector] stream_seed=2100000 resume_count=0 start_step=0
[step 1/5000] loss=4.4124 lr=0.000e+00 grad_norm=28.931 samples/s=7.15
[step 2/5000] loss=4.6912 lr=3.000e-06 grad_norm=25.388 samples/s=13.97
[step 3/5000] loss=6.2259 lr=6.000e-06 grad_norm=29.632 samples/s=20.46
[step 4/5000] loss=5.4525 lr=9.000e-06 grad_norm=40.369 samples/s=26.66
[step 5/5000] loss=4.0908 lr=1.200e-05 grad_norm=20.353 samples/s=27.86
[step 6/5000] loss=5.4118 lr=1.500e-05 grad_norm=34.867 samples/s=32.19
[step 7/5000] loss=3.6310 lr=1.800e-05 grad_norm=18.150 samples/s=36.88
[step 8/5000] loss=4.1100 lr=2.100e-05 grad_norm=24.243 samples/s=41.40
[step 9/5000] loss=4.2719 lr=2.400e-05 grad_norm=17.935 samples/s=38.42
[step 10/5000] loss=4.9252 lr=2.700e-05 grad_norm=23.698 samples/s=42.07
[step 20/5000] loss=3.3098 lr=5.700e-05 grad_norm=18.848 samples/s=53.72
[step 30/5000] loss=3.4856 lr=8.700e-05 grad_norm=18.717 samples/s=54.00
[step 40/5000] loss=3.2642 lr=1.170e-04 grad_norm=14.034 samples/s=57.03
[step 50/5000] loss=3.3774 lr=1.470e-04 grad_norm=7.587 samples/s=57.21
[step 60/5000] loss=3.1689 lr=1.770e-04 grad_norm=5.922 samples/s=60.49
[step 70/5000] loss=2.2560 lr=2.070e-04 grad_norm=2.624 samples/s=60.82
[step 80/5000] loss=2.2181 lr=2.370e-04 grad_norm=2.897 samples/s=62.93
[step 90/5000] loss=2.6497 lr=2.670e-04 grad_norm=1.609 samples/s=63.95
[step 100/5000] loss=2.5538 lr=2.970e-04 grad_norm=1.828 samples/s=65.18
[step 110/5000] loss=2.1282 lr=3.000e-04 grad_norm=1.826 samples/s=64.37
[step 120/5000] loss=2.4535 lr=3.000e-04 grad_norm=2.410 samples/s=66.13
[step 130/5000] loss=2.2439 lr=3.000e-04 grad_norm=1.675 samples/s=66.24
[step 140/5000] loss=2.7542 lr=3.000e-04 grad_norm=2.192 samples/s=67.41
[step 150/5000] loss=2.5281 lr=2.999e-04 grad_norm=3.978 samples/s=67.96
[step 160/5000] loss=2.4898 lr=2.999e-04 grad_norm=1.702 samples/s=68.48
[step 170/5000] loss=2.5708 lr=2.999e-04 grad_norm=1.394 samples/s=68.74
[step 180/5000] loss=2.4385 lr=2.998e-04 grad_norm=1.455 samples/s=69.79
[step 190/5000] loss=2.2809 lr=2.998e-04 grad_norm=1.982 samples/s=70.00
[step 200/5000] loss=3.1054 lr=2.997e-04 grad_norm=1.982 samples/s=69.80
[step 210/5000] loss=2.9502 lr=2.996e-04 grad_norm=2.469 samples/s=68.72
[step 220/5000] loss=1.9631 lr=2.996e-04 grad_norm=1.585 samples/s=69.33
[step 230/5000] loss=2.7749 lr=2.995e-04 grad_norm=2.259 samples/s=69.27
[step 240/5000] loss=1.9487 lr=2.994e-04 grad_norm=1.630 samples/s=70.06
[step 250/5000] loss=2.3200 lr=2.993e-04 grad_norm=2.409 samples/s=69.74
[val step 250] loss=2.5472659702301024 m01={'mean': 0.41682222834636323, 'median': 0.41212868615352866, 'p95': 0.7029773362159375, 'tail_frac_gt4px': 8.276775368316503e-05, 'n_matched': 12082} m02={'12-16': 0.9013840830449827, '16-32': 0.9473937064616863, '32-64': 0.9366142746714764, '64-128': 0.9292035398230089} m04={'accuracy': 0.3040059592782652, 'by_octave': {'12-16': 0.30646193218170187, '16-32': 0.348630831643002, '32-64': 0.2751031636863824, '64-128': 0.2785714285714286}} diag={'gate3_alpha_mean': 0.3275656998157501, 'gate3_alpha_min': 0.036163330078125, 'gate3_alpha_max': 0.923828125, 'gate3_alpha_std': 0.15716105699539185, 'gate3_alpha_p10': 0.136627197265625, 'gate3_alpha_p50': 0.310302734375, 'gate3_alpha_p90': 0.55615234375, 'block0_attn_entropy': 7.526529312133789, 'block1_attn_entropy': 7.047750949859619}
[step 260/5000] loss=2.5836 lr=2.992e-04 grad_norm=2.056 samples/s=71.57
[step 270/5000] loss=2.6289 lr=2.991e-04 grad_norm=2.392 samples/s=73.32
[step 280/5000] loss=2.9801 lr=2.990e-04 grad_norm=2.447 samples/s=72.86
[step 290/5000] loss=2.1674 lr=2.989e-04 grad_norm=2.032 samples/s=73.14
[step 300/5000] loss=2.5780 lr=2.988e-04 grad_norm=2.018 samples/s=73.00
[step 310/5000] loss=2.2023 lr=2.987e-04 grad_norm=1.700 samples/s=73.20
[step 320/5000] loss=1.8927 lr=2.985e-04 grad_norm=2.397 samples/s=73.25
[step 330/5000] loss=2.5194 lr=2.984e-04 grad_norm=2.313 samples/s=72.59
[step 340/5000] loss=2.3157 lr=2.983e-04 grad_norm=1.761 samples/s=72.75
[step 350/5000] loss=2.5613 lr=2.981e-04 grad_norm=2.000 samples/s=72.52
[step 360/5000] loss=1.8252 lr=2.980e-04 grad_norm=2.180 samples/s=72.83
[step 370/5000] loss=2.1005 lr=2.978e-04 grad_norm=1.986 samples/s=72.56
[step 380/5000] loss=2.1248 lr=2.976e-04 grad_norm=1.600 samples/s=72.71
[step 390/5000] loss=2.2284 lr=2.975e-04 grad_norm=1.958 samples/s=72.73
[step 400/5000] loss=1.9853 lr=2.973e-04 grad_norm=2.749 samples/s=72.67
[step 410/5000] loss=2.4856 lr=2.971e-04 grad_norm=2.774 samples/s=72.68
[step 420/5000] loss=2.0209 lr=2.969e-04 grad_norm=2.253 samples/s=72.17
[step 430/5000] loss=2.1612 lr=2.967e-04 grad_norm=3.663 samples/s=71.71
[step 440/5000] loss=3.0179 lr=2.965e-04 grad_norm=3.681 samples/s=71.43
[step 450/5000] loss=2.6403 lr=2.963e-04 grad_norm=3.549 samples/s=71.76
[step 460/5000] loss=2.1360 lr=2.961e-04 grad_norm=2.755 samples/s=71.84
[step 470/5000] loss=3.0369 lr=2.959e-04 grad_norm=3.036 samples/s=72.24
[step 480/5000] loss=1.7421 lr=2.956e-04 grad_norm=2.599 samples/s=72.19
[step 490/5000] loss=1.7957 lr=2.954e-04 grad_norm=2.723 samples/s=72.27
[step 500/5000] loss=1.8855 lr=2.952e-04 grad_norm=2.216 samples/s=72.21
[val step 500] loss=2.379405693054199 m01={'mean': 0.41644359843962264, 'median': 0.4117388714553908, 'p95': 0.7022162223359019, 'tail_frac_gt4px': 0.00016570008285004143, 'n_matched': 12070} m02={'12-16': 0.8996539792387543, '16-32': 0.9457122267595484, '32-64': 0.9363566091213604, '64-128': 0.9288874841972187} m04={'accuracy': 0.47696768848384424, 'by_octave': {'12-16': 0.2794871794871795, '16-32': 0.4617729235458471, '32-64': 0.531095211887727, '64-128': 0.5352160598843144}} diag={'gate3_alpha_mean': 0.3216647803783417, 'gate3_alpha_min': 0.03067779541015625, 'gate3_alpha_max': 0.9609375, 'gate3_alpha_std': 0.16484335064888, 'gate3_alpha_p10': 0.120758056640625, 'gate3_alpha_p50': 0.3022308349609375, 'gate3_alpha_p90': 0.55908203125, 'block0_attn_entropy': 7.5306267738342285, 'block1_attn_entropy': 7.0626726150512695}
[step 510/5000] loss=2.2720 lr=2.949e-04 grad_norm=3.142 samples/s=73.16
[step 520/5000] loss=1.8825 lr=2.947e-04 grad_norm=2.630 samples/s=74.08
[step 530/5000] loss=2.1146 lr=2.944e-04 grad_norm=2.192 samples/s=73.90
[step 540/5000] loss=2.6075 lr=2.942e-04 grad_norm=2.517 samples/s=73.66
[step 550/5000] loss=2.5345 lr=2.939e-04 grad_norm=3.489 samples/s=73.19
[step 560/5000] loss=2.0548 lr=2.936e-04 grad_norm=3.065 samples/s=73.30
[step 570/5000] loss=2.0123 lr=2.933e-04 grad_norm=2.233 samples/s=72.92
[step 580/5000] loss=1.7658 lr=2.931e-04 grad_norm=2.467 samples/s=73.06
[step 590/5000] loss=1.5788 lr=2.928e-04 grad_norm=2.783 samples/s=72.93
[step 600/5000] loss=1.9916 lr=2.925e-04 grad_norm=2.506 samples/s=73.25
[step 610/5000] loss=2.1282 lr=2.922e-04 grad_norm=3.112 samples/s=73.15
[step 620/5000] loss=2.8252 lr=2.919e-04 grad_norm=3.101 samples/s=73.23
[step 630/5000] loss=1.8021 lr=2.915e-04 grad_norm=2.611 samples/s=73.23
[step 640/5000] loss=2.3227 lr=2.912e-04 grad_norm=3.045 samples/s=73.51
[step 650/5000] loss=2.2901 lr=2.909e-04 grad_norm=3.186 samples/s=73.42
[step 660/5000] loss=2.1982 lr=2.906e-04 grad_norm=5.925 samples/s=73.69
[step 670/5000] loss=3.1024 lr=2.902e-04 grad_norm=3.110 samples/s=73.64
[step 680/5000] loss=2.0945 lr=2.899e-04 grad_norm=3.214 samples/s=73.80
[step 690/5000] loss=2.6184 lr=2.895e-04 grad_norm=3.367 samples/s=73.52
[step 700/5000] loss=1.9759 lr=2.892e-04 grad_norm=3.040 samples/s=73.59
[step 710/5000] loss=2.2307 lr=2.888e-04 grad_norm=4.686 samples/s=73.67
[step 720/5000] loss=2.0865 lr=2.885e-04 grad_norm=4.346 samples/s=73.81
[step 730/5000] loss=1.6152 lr=2.881e-04 grad_norm=3.150 samples/s=73.73
[step 740/5000] loss=1.6936 lr=2.877e-04 grad_norm=3.301 samples/s=73.78
[step 750/5000] loss=2.2819 lr=2.873e-04 grad_norm=3.089 samples/s=73.52
[val step 750] loss=2.2690026340484617 m01={'mean': 0.4171822912897746, 'median': 0.4118956749065629, 'p95': 0.7040978248360609, 'tail_frac_gt4px': 0.00016553550736633007, 'n_matched': 12082} m02={'12-16': 0.9013840830449827, '16-32': 0.9469132836896469, '32-64': 0.9360989435712446, '64-128': 0.9304677623261695} m04={'accuracy': 0.5549577884456216, 'by_octave': {'12-16': 0.2866282789507358, '16-32': 0.5088787417554541, '32-64': 0.6468483347096063, '64-128': 0.6457201086956522}} diag={'gate3_alpha_mean': 0.3173435628414154, 'gate3_alpha_min': 0.02727508544921875, 'gate3_alpha_max': 0.9658203125, 'gate3_alpha_std': 0.16673952341079712, 'gate3_alpha_p10': 0.11480712890625, 'gate3_alpha_p50': 0.29681396484375, 'gate3_alpha_p90': 0.556884765625, 'block0_attn_entropy': 7.535547256469727, 'block1_attn_entropy': 7.05302095413208}
[step 760/5000] loss=2.1785 lr=2.869e-04 grad_norm=2.786 samples/s=74.15
[step 770/5000] loss=1.9056 lr=2.865e-04 grad_norm=3.735 samples/s=74.77
[step 780/5000] loss=2.2439 lr=2.861e-04 grad_norm=3.634 samples/s=74.66
[step 790/5000] loss=2.7129 lr=2.857e-04 grad_norm=3.607 samples/s=74.79
[step 800/5000] loss=1.9768 lr=2.853e-04 grad_norm=3.975 samples/s=74.71
[step 810/5000] loss=2.8818 lr=2.849e-04 grad_norm=2.904 samples/s=74.64
[step 820/5000] loss=1.8106 lr=2.845e-04 grad_norm=3.107 samples/s=74.60
[step 830/5000] loss=1.6348 lr=2.841e-04 grad_norm=3.101 samples/s=74.66
[step 840/5000] loss=1.5242 lr=2.836e-04 grad_norm=3.204 samples/s=74.63
[step 850/5000] loss=2.5372 lr=2.832e-04 grad_norm=2.897 samples/s=74.78
[step 860/5000] loss=2.0758 lr=2.828e-04 grad_norm=2.969 samples/s=74.57
[step 870/5000] loss=2.5433 lr=2.823e-04 grad_norm=3.718 samples/s=74.77
[step 880/5000] loss=2.4745 lr=2.819e-04 grad_norm=3.346 samples/s=74.56
[step 890/5000] loss=1.8460 lr=2.814e-04 grad_norm=3.866 samples/s=74.64
[step 900/5000] loss=1.6895 lr=2.809e-04 grad_norm=2.664 samples/s=74.53
[step 910/5000] loss=1.8917 lr=2.805e-04 grad_norm=2.984 samples/s=74.68
[step 920/5000] loss=2.4689 lr=2.800e-04 grad_norm=3.128 samples/s=74.67
[step 930/5000] loss=2.0740 lr=2.795e-04 grad_norm=5.100 samples/s=74.65
[step 940/5000] loss=1.8799 lr=2.790e-04 grad_norm=3.870 samples/s=74.47
[step 950/5000] loss=1.2167 lr=2.785e-04 grad_norm=2.544 samples/s=74.27
[step 960/5000] loss=2.9210 lr=2.780e-04 grad_norm=3.095 samples/s=74.25
[step 970/5000] loss=2.3411 lr=2.775e-04 grad_norm=4.668 samples/s=74.32
[step 980/5000] loss=2.2128 lr=2.770e-04 grad_norm=3.515 samples/s=74.48
[step 990/5000] loss=1.5799 lr=2.765e-04 grad_norm=2.962 samples/s=74.34
[step 1000/5000] loss=1.8140 lr=2.760e-04 grad_norm=3.617 samples/s=74.44
[val step 1000] loss=2.19556932926178 m01={'mean': 0.4167193201483102, 'median': 0.4118286862442624, 'p95': 0.7025166778424031, 'tail_frac_gt4px': 0.00016560404073859403, 'n_matched': 12077} m02={'12-16': 0.903114186851211, '16-32': 0.9457122267595484, '32-64': 0.9360989435712446, '64-128': 0.929519595448799} m04={'accuracy': 0.6083464436532251, 'by_octave': {'12-16': 0.31226053639846746, '16-32': 0.5605791211582423, '32-64': 0.7167630057803468, '64-128': 0.6960217613056784}} diag={'gate3_alpha_mean': 0.31437355279922485, 'gate3_alpha_min': 0.025299072265625, 'gate3_alpha_max': 0.968505859375, 'gate3_alpha_std': 0.16629786789417267, 'gate3_alpha_p10': 0.11261673271656036, 'gate3_alpha_p50': 0.29345703125, 'gate3_alpha_p90': 0.55224609375, 'block0_attn_entropy': 7.5403265953063965, 'block1_attn_entropy': 7.044427871704102}
[step 1010/5000] loss=2.3495 lr=2.755e-04 grad_norm=2.686 samples/s=74.92
[step 1020/5000] loss=2.4119 lr=2.750e-04 grad_norm=4.374 samples/s=75.47
[step 1030/5000] loss=2.8007 lr=2.744e-04 grad_norm=3.753 samples/s=75.28
[step 1040/5000] loss=2.0670 lr=2.739e-04 grad_norm=3.084 samples/s=75.35
[step 1050/5000] loss=2.4164 lr=2.734e-04 grad_norm=3.967 samples/s=75.39
[step 1060/5000] loss=1.7411 lr=2.728e-04 grad_norm=3.330 samples/s=75.29
[step 1070/5000] loss=1.7132 lr=2.723e-04 grad_norm=2.862 samples/s=75.29
[step 1080/5000] loss=1.7532 lr=2.717e-04 grad_norm=4.115 samples/s=75.24
[step 1090/5000] loss=1.6991 lr=2.711e-04 grad_norm=2.639 samples/s=75.27
[step 1100/5000] loss=2.0550 lr=2.706e-04 grad_norm=3.042 samples/s=75.07
[step 1110/5000] loss=2.8638 lr=2.700e-04 grad_norm=3.677 samples/s=75.21
[step 1120/5000] loss=1.4845 lr=2.694e-04 grad_norm=3.843 samples/s=75.11
[step 1130/5000] loss=1.8430 lr=2.688e-04 grad_norm=3.925 samples/s=75.22
[step 1140/5000] loss=1.8306 lr=2.683e-04 grad_norm=5.070 samples/s=75.15
[step 1150/5000] loss=1.8845 lr=2.677e-04 grad_norm=3.220 samples/s=75.13
[step 1160/5000] loss=1.2602 lr=2.671e-04 grad_norm=3.177 samples/s=75.02
[step 1170/5000] loss=2.5000 lr=2.665e-04 grad_norm=3.466 samples/s=75.00
[step 1180/5000] loss=2.0244 lr=2.659e-04 grad_norm=2.923 samples/s=74.86
[step 1190/5000] loss=1.7185 lr=2.653e-04 grad_norm=4.653 samples/s=74.98
[step 1200/5000] loss=2.8198 lr=2.646e-04 grad_norm=4.866 samples/s=74.85
[step 1210/5000] loss=2.0254 lr=2.640e-04 grad_norm=3.358 samples/s=74.96
[step 1220/5000] loss=1.5901 lr=2.634e-04 grad_norm=3.390 samples/s=74.87
[step 1230/5000] loss=1.4322 lr=2.628e-04 grad_norm=4.047 samples/s=75.04
[step 1240/5000] loss=2.3119 lr=2.621e-04 grad_norm=3.577 samples/s=74.90
[step 1250/5000] loss=2.2508 lr=2.615e-04 grad_norm=3.891 samples/s=75.00
[val step 1250] loss=2.1467518329620363 m01={'mean': 0.4167046355945765, 'median': 0.4116717270105938, 'p95': 0.7029998088642051, 'tail_frac_gt4px': 0.00016557662058117395, 'n_matched': 12079} m02={'12-16': 0.9025374855824683, '16-32': 0.9466730723036272, '32-64': 0.9366142746714764, '64-128': 0.9285714285714286} m04={'accuracy': 0.6358142230317079, 'by_octave': {'12-16': 0.3156549520766773, '16-32': 0.5914742451154529, '32-64': 0.7507565337001375, '64-128': 0.7236215112321307}} diag={'gate3_alpha_mean': 0.3091999888420105, 'gate3_alpha_min': 0.023468017578125, 'gate3_alpha_max': 0.972412109375, 'gate3_alpha_std': 0.1653943806886673, 'gate3_alpha_p10': 0.1090087890625, 'gate3_alpha_p50': 0.2882080078125, 'gate3_alpha_p90': 0.544677734375, 'block0_attn_entropy': 7.545276165008545, 'block1_attn_entropy': 7.031172275543213}
[step 1260/5000] loss=1.7100 lr=2.609e-04 grad_norm=5.186 samples/s=75.41
[step 1270/5000] loss=1.6398 lr=2.602e-04 grad_norm=2.751 samples/s=75.79
[step 1280/5000] loss=1.8816 lr=2.596e-04 grad_norm=3.601 samples/s=75.72
[step 1290/5000] loss=1.7481 lr=2.589e-04 grad_norm=3.250 samples/s=75.79
[step 1300/5000] loss=2.2105 lr=2.582e-04 grad_norm=3.253 samples/s=75.73
[step 1310/5000] loss=2.4423 lr=2.576e-04 grad_norm=4.947 samples/s=75.67
[step 1320/5000] loss=1.7560 lr=2.569e-04 grad_norm=4.404 samples/s=75.67
[step 1330/5000] loss=1.4384 lr=2.562e-04 grad_norm=3.317 samples/s=75.62
[step 1340/5000] loss=1.7337 lr=2.556e-04 grad_norm=4.464 samples/s=75.66
[step 1350/5000] loss=2.0152 lr=2.549e-04 grad_norm=4.020 samples/s=75.65
[step 1360/5000] loss=1.9957 lr=2.542e-04 grad_norm=2.877 samples/s=75.67
[step 1370/5000] loss=2.3229 lr=2.535e-04 grad_norm=6.540 samples/s=75.62
[step 1380/5000] loss=2.1074 lr=2.528e-04 grad_norm=4.225 samples/s=75.66
[step 1390/5000] loss=2.1414 lr=2.521e-04 grad_norm=4.344 samples/s=75.52
[step 1400/5000] loss=2.2655 lr=2.514e-04 grad_norm=3.285 samples/s=75.56
[step 1410/5000] loss=2.2366 lr=2.507e-04 grad_norm=2.647 samples/s=75.53
[step 1420/5000] loss=1.4743 lr=2.500e-04 grad_norm=2.800 samples/s=75.63
[step 1430/5000] loss=1.3503 lr=2.493e-04 grad_norm=2.602 samples/s=75.53
[step 1440/5000] loss=1.5856 lr=2.486e-04 grad_norm=3.036 samples/s=75.64
[step 1450/5000] loss=1.7577 lr=2.478e-04 grad_norm=3.228 samples/s=75.55
[step 1460/5000] loss=2.1423 lr=2.471e-04 grad_norm=3.918 samples/s=75.54
[step 1470/5000] loss=2.6200 lr=2.464e-04 grad_norm=2.900 samples/s=75.55
[step 1480/5000] loss=3.0679 lr=2.456e-04 grad_norm=4.246 samples/s=75.56
[step 1490/5000] loss=2.0011 lr=2.449e-04 grad_norm=2.902 samples/s=75.60
[step 1500/5000] loss=1.5947 lr=2.442e-04 grad_norm=3.434 samples/s=75.72
[val step 1500] loss=2.1051976404190063 m01={'mean': 0.4162560270926517, 'median': 0.41177444767854715, 'p95': 0.703365328880705, 'tail_frac_gt4px': 8.282945415389712e-05, 'n_matched': 12073} m02={'12-16': 0.9025374855824683, '16-32': 0.9457122267595484, '32-64': 0.9373872713218243, '64-128': 0.9269911504424779} m04={'accuracy': 0.6590739667025595, 'by_octave': {'12-16': 0.3277955271565495, '16-32': 0.6164592329184658, '32-64': 0.7809235843870258, '64-128': 0.7419024889191954}} diag={'gate3_alpha_mean': 0.305503249168396, 'gate3_alpha_min': 0.023284912109375, 'gate3_alpha_max': 0.972412109375, 'gate3_alpha_std': 0.16402941942214966, 'gate3_alpha_p10': 0.1077728271484375, 'gate3_alpha_p50': 0.2841796875, 'gate3_alpha_p90': 0.5391845703125, 'block0_attn_entropy': 7.546459197998047, 'block1_attn_entropy': 7.050218105316162}
[step 1510/5000] loss=1.9279 lr=2.434e-04 grad_norm=4.742 samples/s=76.04
[step 1520/5000] loss=1.7169 lr=2.427e-04 grad_norm=4.175 samples/s=76.38
[step 1530/5000] loss=2.5802 lr=2.419e-04 grad_norm=3.967 samples/s=76.29
[step 1540/5000] loss=2.2181 lr=2.412e-04 grad_norm=3.177 samples/s=76.23
[step 1550/5000] loss=1.9190 lr=2.404e-04 grad_norm=3.936 samples/s=76.26
[step 1560/5000] loss=3.0751 lr=2.396e-04 grad_norm=3.932 samples/s=76.21
[step 1570/5000] loss=1.9083 lr=2.389e-04 grad_norm=3.660 samples/s=76.22
[step 1580/5000] loss=1.9217 lr=2.381e-04 grad_norm=3.240 samples/s=76.15
[step 1590/5000] loss=2.4228 lr=2.373e-04 grad_norm=2.664 samples/s=76.22
[step 1600/5000] loss=1.4329 lr=2.365e-04 grad_norm=3.076 samples/s=76.07
[step 1610/5000] loss=2.6933 lr=2.358e-04 grad_norm=5.509 samples/s=76.14
[step 1620/5000] loss=1.8519 lr=2.350e-04 grad_norm=5.959 samples/s=76.05
[step 1630/5000] loss=2.1674 lr=2.342e-04 grad_norm=3.939 samples/s=76.08
[step 1640/5000] loss=2.2889 lr=2.334e-04 grad_norm=3.832 samples/s=76.03
[step 1650/5000] loss=1.5812 lr=2.326e-04 grad_norm=3.024 samples/s=76.14
[step 1660/5000] loss=1.6003 lr=2.318e-04 grad_norm=4.122 samples/s=76.07
[step 1670/5000] loss=2.2998 lr=2.310e-04 grad_norm=3.203 samples/s=76.19
[step 1680/5000] loss=1.7923 lr=2.302e-04 grad_norm=3.756 samples/s=76.19
[step 1690/5000] loss=1.3987 lr=2.294e-04 grad_norm=4.266 samples/s=76.23
[step 1700/5000] loss=2.2963 lr=2.286e-04 grad_norm=3.909 samples/s=76.22
[step 1710/5000] loss=2.2395 lr=2.277e-04 grad_norm=2.859 samples/s=76.24
[step 1720/5000] loss=1.9506 lr=2.269e-04 grad_norm=3.311 samples/s=76.16
[step 1730/5000] loss=1.3339 lr=2.261e-04 grad_norm=3.925 samples/s=76.13
[step 1740/5000] loss=1.7866 lr=2.253e-04 grad_norm=4.582 samples/s=76.02
[step 1750/5000] loss=1.4899 lr=2.245e-04 grad_norm=2.653 samples/s=76.08
[val step 1750] loss=2.0771327066421508 m01={'mean': 0.4160788902992397, 'median': 0.4116143655465955, 'p95': 0.7024065550264941, 'tail_frac_gt4px': 8.285004142502072e-05, 'n_matched': 12070} m02={'12-16': 0.9008073817762399, '16-32': 0.9457122267595484, '32-64': 0.9366142746714764, '64-128': 0.9279393173198482} m04={'accuracy': 0.6769676884838443, 'by_octave': {'12-16': 0.3437900128040973, '16-32': 0.6388112776225553, '32-64': 0.797799174690509, '64-128': 0.7557901907356949}} diag={'gate3_alpha_mean': 0.304599404335022, 'gate3_alpha_min': 0.0235748291015625, 'gate3_alpha_max': 0.975341796875, 'gate3_alpha_std': 0.16296449303627014, 'gate3_alpha_p10': 0.1086578369140625, 'gate3_alpha_p50': 0.2835693359375, 'gate3_alpha_p90': 0.5364575386047363, 'block0_attn_entropy': 7.546339511871338, 'block1_attn_entropy': 7.050192356109619}
[step 1760/5000] loss=1.6045 lr=2.236e-04 grad_norm=4.033 samples/s=76.37
[step 1770/5000] loss=2.0571 lr=2.228e-04 grad_norm=4.744 samples/s=76.66
[step 1780/5000] loss=1.5856 lr=2.220e-04 grad_norm=2.873 samples/s=76.62
[step 1790/5000] loss=1.8635 lr=2.211e-04 grad_norm=3.223 samples/s=76.61
[step 1800/5000] loss=2.0302 lr=2.203e-04 grad_norm=3.203 samples/s=76.49
[step 1810/5000] loss=2.2823 lr=2.194e-04 grad_norm=3.587 samples/s=76.49
[step 1820/5000] loss=2.1214 lr=2.186e-04 grad_norm=4.920 samples/s=76.34
[step 1830/5000] loss=2.0302 lr=2.177e-04 grad_norm=5.278 samples/s=76.35
[step 1840/5000] loss=2.1407 lr=2.169e-04 grad_norm=5.109 samples/s=76.35
[step 1850/5000] loss=2.0067 lr=2.160e-04 grad_norm=2.844 samples/s=76.44
[step 1860/5000] loss=1.6949 lr=2.152e-04 grad_norm=4.437 samples/s=76.27
[step 1870/5000] loss=1.6872 lr=2.143e-04 grad_norm=6.660 samples/s=76.28
[step 1880/5000] loss=1.8766 lr=2.134e-04 grad_norm=3.799 samples/s=76.23
[step 1890/5000] loss=3.1892 lr=2.126e-04 grad_norm=6.747 samples/s=76.25
[step 1900/5000] loss=2.5536 lr=2.117e-04 grad_norm=2.580 samples/s=76.19
[step 1910/5000] loss=1.4049 lr=2.108e-04 grad_norm=3.266 samples/s=76.25
[step 1920/5000] loss=1.9991 lr=2.100e-04 grad_norm=3.638 samples/s=76.16
[step 1930/5000] loss=2.1001 lr=2.091e-04 grad_norm=4.465 samples/s=76.14
[step 1940/5000] loss=2.0741 lr=2.082e-04 grad_norm=4.338 samples/s=76.14
[step 1950/5000] loss=1.8928 lr=2.073e-04 grad_norm=3.898 samples/s=76.21
[step 1960/5000] loss=2.1689 lr=2.064e-04 grad_norm=5.895 samples/s=76.16
[step 1970/5000] loss=1.7522 lr=2.055e-04 grad_norm=2.799 samples/s=76.01
[step 1980/5000] loss=1.9989 lr=2.047e-04 grad_norm=3.155 samples/s=75.91
[step 1990/5000] loss=1.9600 lr=2.038e-04 grad_norm=3.382 samples/s=75.91
[step 2000/5000] loss=1.8856 lr=2.029e-04 grad_norm=2.983 samples/s=75.94
[val step 2000] loss=2.0541284074783324 m01={'mean': 0.4164546526959123, 'median': 0.4118286862442624, 'p95': 0.7029506409534184, 'tail_frac_gt4px': 8.27335153470671e-05, 'n_matched': 12087} m02={'12-16': 0.9025374855824683, '16-32': 0.9469132836896469, '32-64': 0.9371296057717083, '64-128': 0.9301517067003793} m04={'accuracy': 0.6873500455034335, 'by_octave': {'12-16': 0.3463258785942492, '16-32': 0.6537290715372908, '32-64': 0.8108331042067638, '64-128': 0.7611281005776419}} diag={'gate3_alpha_mean': 0.3080814480781555, 'gate3_alpha_min': 0.02468109130859375, 'gate3_alpha_max': 0.97607421875, 'gate3_alpha_std': 0.16107423603534698, 'gate3_alpha_p10': 0.1126708984375, 'gate3_alpha_p50': 0.2890625, 'gate3_alpha_p90': 0.53515625, 'block0_attn_entropy': 7.547433376312256, 'block1_attn_entropy': 7.020509719848633}
[step 2010/5000] loss=2.1573 lr=2.020e-04 grad_norm=4.764 samples/s=76.18
[step 2020/5000] loss=1.2707 lr=2.011e-04 grad_norm=2.962 samples/s=76.42
[step 2030/5000] loss=1.9687 lr=2.002e-04 grad_norm=3.808 samples/s=76.34
[step 2040/5000] loss=1.4862 lr=1.993e-04 grad_norm=5.408 samples/s=76.38
[step 2050/5000] loss=2.4121 lr=1.984e-04 grad_norm=2.906 samples/s=76.37
[step 2060/5000] loss=2.0112 lr=1.975e-04 grad_norm=2.639 samples/s=76.34
[step 2070/5000] loss=1.5466 lr=1.966e-04 grad_norm=3.879 samples/s=76.34
[step 2080/5000] loss=2.1913 lr=1.957e-04 grad_norm=3.319 samples/s=76.30
[step 2090/5000] loss=2.3580 lr=1.948e-04 grad_norm=5.551 samples/s=76.33
[step 2100/5000] loss=2.1284 lr=1.938e-04 grad_norm=3.381 samples/s=76.27
[step 2110/5000] loss=2.8916 lr=1.929e-04 grad_norm=3.912 samples/s=76.26
[step 2120/5000] loss=1.8382 lr=1.920e-04 grad_norm=2.983 samples/s=76.19
[step 2130/5000] loss=1.8708 lr=1.911e-04 grad_norm=2.777 samples/s=76.24
[step 2140/5000] loss=2.5974 lr=1.902e-04 grad_norm=3.372 samples/s=76.18
[step 2150/5000] loss=2.0277 lr=1.893e-04 grad_norm=2.539 samples/s=76.23
[step 2160/5000] loss=1.5588 lr=1.883e-04 grad_norm=4.644 samples/s=76.25
[step 2170/5000] loss=1.4041 lr=1.874e-04 grad_norm=2.876 samples/s=76.20
[step 2180/5000] loss=2.4247 lr=1.865e-04 grad_norm=4.399 samples/s=76.17
[step 2190/5000] loss=1.7154 lr=1.856e-04 grad_norm=3.231 samples/s=76.15
[step 2200/5000] loss=2.8398 lr=1.846e-04 grad_norm=3.981 samples/s=76.16
[step 2210/5000] loss=2.8058 lr=1.837e-04 grad_norm=3.758 samples/s=76.19
[step 2220/5000] loss=1.5978 lr=1.828e-04 grad_norm=3.763 samples/s=76.08
[step 2230/5000] loss=2.1632 lr=1.818e-04 grad_norm=2.923 samples/s=75.90
[step 2240/5000] loss=2.1403 lr=1.809e-04 grad_norm=4.051 samples/s=75.94
[step 2250/5000] loss=2.3862 lr=1.800e-04 grad_norm=4.939 samples/s=75.93
[val step 2250] loss=2.0348918380737304 m01={'mean': 0.41618399425832747, 'median': 0.4116717270105938, 'p95': 0.702551510920571, 'tail_frac_gt4px': 8.281573498964803e-05, 'n_matched': 12075} m02={'12-16': 0.9019607843137255, '16-32': 0.9449915926014893, '32-64': 0.9373872713218243, '64-128': 0.9288874841972187} m04={'accuracy': 0.697391304347826, 'by_octave': {'12-16': 0.35741687979539644, '16-32': 0.6616675139806812, '32-64': 0.816932380428807, '64-128': 0.7781558353181354}} diag={'gate3_alpha_mean': 0.30681246519088745, 'gate3_alpha_min': 0.02449798583984375, 'gate3_alpha_max': 0.975341796875, 'gate3_alpha_std': 0.16014041006565094, 'gate3_alpha_p10': 0.1124267578125, 'gate3_alpha_p50': 0.288330078125, 'gate3_alpha_p90': 0.5323486328125, 'block0_attn_entropy': 7.54949951171875, 'block1_attn_entropy': 7.004729270935059}
[step 2260/5000] loss=1.7180 lr=1.790e-04 grad_norm=3.045 samples/s=76.15
[step 2270/5000] loss=1.6565 lr=1.781e-04 grad_norm=3.587 samples/s=76.36
[step 2280/5000] loss=1.9682 lr=1.772e-04 grad_norm=4.636 samples/s=76.37
[step 2290/5000] loss=2.4511 lr=1.762e-04 grad_norm=2.633 samples/s=76.32
[step 2300/5000] loss=2.2774 lr=1.753e-04 grad_norm=7.649 samples/s=76.35
[step 2310/5000] loss=1.8111 lr=1.744e-04 grad_norm=4.528 samples/s=76.27
[step 2320/5000] loss=1.7043 lr=1.734e-04 grad_norm=3.496 samples/s=76.23
[step 2330/5000] loss=1.9769 lr=1.725e-04 grad_norm=4.481 samples/s=76.19
[step 2340/5000] loss=1.9761 lr=1.715e-04 grad_norm=3.427 samples/s=76.26
[step 2350/5000] loss=2.0069 lr=1.706e-04 grad_norm=3.465 samples/s=76.14
[step 2360/5000] loss=2.0714 lr=1.696e-04 grad_norm=3.424 samples/s=76.07
[step 2370/5000] loss=1.6750 lr=1.687e-04 grad_norm=2.462 samples/s=75.96
[step 2380/5000] loss=2.2325 lr=1.677e-04 grad_norm=4.486 samples/s=76.02
[step 2390/5000] loss=2.7507 lr=1.668e-04 grad_norm=3.717 samples/s=76.01
[step 2400/5000] loss=2.2716 lr=1.659e-04 grad_norm=2.594 samples/s=76.05
[step 2410/5000] loss=1.9384 lr=1.649e-04 grad_norm=4.074 samples/s=75.97
[step 2420/5000] loss=2.4497 lr=1.640e-04 grad_norm=3.762 samples/s=75.99
[step 2430/5000] loss=1.7513 lr=1.630e-04 grad_norm=3.297 samples/s=75.95
[step 2440/5000] loss=1.7593 lr=1.621e-04 grad_norm=4.302 samples/s=75.99
[step 2450/5000] loss=2.4004 lr=1.611e-04 grad_norm=4.467 samples/s=75.93
[step 2460/5000] loss=1.8073 lr=1.602e-04 grad_norm=3.717 samples/s=75.93
[step 2470/5000] loss=1.9189 lr=1.592e-04 grad_norm=2.909 samples/s=75.76
[step 2480/5000] loss=1.8255 lr=1.583e-04 grad_norm=3.449 samples/s=75.83
[step 2490/5000] loss=2.1950 lr=1.573e-04 grad_norm=2.933 samples/s=75.78
[step 2500/5000] loss=1.6137 lr=1.564e-04 grad_norm=5.136 samples/s=75.83
[val step 2500] loss=2.0199958200454713 m01={'mean': 0.416180430095281, 'median': 0.4117388714553908, 'p95': 0.7024039174794999, 'tail_frac_gt4px': 8.282259400364419e-05, 'n_matched': 12074} m02={'12-16': 0.9019607843137255, '16-32': 0.9452318039875091, '32-64': 0.9363566091213604, '64-128': 0.929519595448799} m04={'accuracy': 0.7069736624151068, 'by_octave': {'12-16': 0.3657289002557545, '16-32': 0.6759847522236341, '32-64': 0.8260869565217391, '64-128': 0.782726963617817}} diag={'gate3_alpha_mean': 0.3051934838294983, 'gate3_alpha_min': 0.02436065673828125, 'gate3_alpha_max': 0.975341796875, 'gate3_alpha_std': 0.15933358669281006, 'gate3_alpha_p10': 0.1117706298828125, 'gate3_alpha_p50': 0.286865234375, 'gate3_alpha_p90': 0.52880859375, 'block0_attn_entropy': 7.548973083496094, 'block1_attn_entropy': 6.9951581954956055}
[step 2510/5000] loss=1.7681 lr=1.554e-04 grad_norm=4.597 samples/s=76.02
[step 2520/5000] loss=1.6144 lr=1.545e-04 grad_norm=4.227 samples/s=76.22
[step 2530/5000] loss=1.5861 lr=1.535e-04 grad_norm=3.059 samples/s=76.22
[step 2540/5000] loss=2.4682 lr=1.525e-04 grad_norm=3.767 samples/s=76.22
[step 2550/5000] loss=1.8460 lr=1.516e-04 grad_norm=5.441 samples/s=76.19
[step 2560/5000] loss=1.3304 lr=1.506e-04 grad_norm=3.948 samples/s=76.21
[step 2570/5000] loss=1.4008 lr=1.497e-04 grad_norm=3.364 samples/s=76.15
[step 2580/5000] loss=1.8755 lr=1.487e-04 grad_norm=2.583 samples/s=76.17
[step 2590/5000] loss=1.9507 lr=1.478e-04 grad_norm=3.492 samples/s=76.14
[step 2600/5000] loss=1.8881 lr=1.468e-04 grad_norm=4.180 samples/s=76.13
[step 2610/5000] loss=1.9476 lr=1.459e-04 grad_norm=4.390 samples/s=76.12
[step 2620/5000] loss=2.5204 lr=1.449e-04 grad_norm=4.189 samples/s=76.14
[step 2630/5000] loss=1.9802 lr=1.440e-04 grad_norm=3.331 samples/s=76.06
[step 2640/5000] loss=1.4756 lr=1.430e-04 grad_norm=4.247 samples/s=76.11
[step 2650/5000] loss=1.4454 lr=1.421e-04 grad_norm=3.136 samples/s=76.05
[step 2660/5000] loss=1.7128 lr=1.411e-04 grad_norm=2.427 samples/s=76.06
[step 2670/5000] loss=2.2045 lr=1.402e-04 grad_norm=2.790 samples/s=76.03
[step 2680/5000] loss=1.9257 lr=1.392e-04 grad_norm=4.829 samples/s=76.07
[step 2690/5000] loss=2.1749 lr=1.383e-04 grad_norm=2.931 samples/s=76.04
[step 2700/5000] loss=1.8982 lr=1.373e-04 grad_norm=4.182 samples/s=76.09
[step 2710/5000] loss=1.6592 lr=1.364e-04 grad_norm=3.168 samples/s=76.07
[step 2720/5000] loss=3.1282 lr=1.354e-04 grad_norm=4.802 samples/s=76.02
[step 2730/5000] loss=2.2991 lr=1.345e-04 grad_norm=5.110 samples/s=75.83
[step 2740/5000] loss=1.4250 lr=1.335e-04 grad_norm=3.529 samples/s=75.79
[step 2750/5000] loss=1.8324 lr=1.326e-04 grad_norm=5.412 samples/s=75.78
[val step 2750] loss=2.0098990812301634 m01={'mean': 0.41596232719147735, 'median': 0.41153041100768556, 'p95': 0.7012052173395801, 'tail_frac_gt4px': 8.284317786430287e-05, 'n_matched': 12071} m02={'12-16': 0.9013840830449827, '16-32': 0.9449915926014893, '32-64': 0.9371296057717083, '64-128': 0.9282553729456384} m04={'accuracy': 0.7098831911192114, 'by_octave': {'12-16': 0.37875879718490085, '16-32': 0.6766649720386375, '32-64': 0.8265053615617267, '64-128': 0.7861763704460334}} diag={'gate3_alpha_mean': 0.3051242530345917, 'gate3_alpha_min': 0.0247650146484375, 'gate3_alpha_max': 0.971435546875, 'gate3_alpha_std': 0.15870633721351624, 'gate3_alpha_p10': 0.112518310546875, 'gate3_alpha_p50': 0.2872467041015625, 'gate3_alpha_p90': 0.52783203125, 'block0_attn_entropy': 7.549060821533203, 'block1_attn_entropy': 7.018396377563477}
[step 2760/5000] loss=1.6967 lr=1.317e-04 grad_norm=3.328 samples/s=75.96
[step 2770/5000] loss=1.6969 lr=1.307e-04 grad_norm=3.101 samples/s=76.13
[step 2780/5000] loss=1.9891 lr=1.298e-04 grad_norm=3.423 samples/s=76.08
[step 2790/5000] loss=1.4947 lr=1.288e-04 grad_norm=3.480 samples/s=76.04
[step 2800/5000] loss=1.8991 lr=1.279e-04 grad_norm=2.831 samples/s=76.06
[step 2810/5000] loss=1.8786 lr=1.270e-04 grad_norm=4.507 samples/s=76.01
[step 2820/5000] loss=1.3826 lr=1.260e-04 grad_norm=3.692 samples/s=76.04
[step 2830/5000] loss=2.3413 lr=1.251e-04 grad_norm=4.740 samples/s=75.99
[step 2840/5000] loss=1.9755 lr=1.241e-04 grad_norm=4.386 samples/s=75.98
[step 2850/5000] loss=1.9910 lr=1.232e-04 grad_norm=3.606 samples/s=75.95
[step 2860/5000] loss=1.6234 lr=1.223e-04 grad_norm=3.982 samples/s=76.00
[step 2870/5000] loss=2.1424 lr=1.213e-04 grad_norm=3.651 samples/s=75.95
[step 2880/5000] loss=1.4868 lr=1.204e-04 grad_norm=3.301 samples/s=75.94
[step 2890/5000] loss=1.8288 lr=1.195e-04 grad_norm=5.844 samples/s=75.90
[step 2900/5000] loss=2.0489 lr=1.185e-04 grad_norm=3.352 samples/s=75.96
[step 2910/5000] loss=1.6117 lr=1.176e-04 grad_norm=4.621 samples/s=75.92
[step 2920/5000] loss=1.7401 lr=1.167e-04 grad_norm=2.950 samples/s=75.96
[step 2930/5000] loss=1.4215 lr=1.158e-04 grad_norm=3.701 samples/s=75.88
[step 2940/5000] loss=1.7327 lr=1.148e-04 grad_norm=2.807 samples/s=75.91
[step 2950/5000] loss=1.4549 lr=1.139e-04 grad_norm=3.090 samples/s=75.84
[step 2960/5000] loss=2.1009 lr=1.130e-04 grad_norm=3.252 samples/s=75.84
[step 2970/5000] loss=1.5262 lr=1.121e-04 grad_norm=3.232 samples/s=75.78
[step 2980/5000] loss=1.3388 lr=1.112e-04 grad_norm=2.673 samples/s=75.73
[step 2990/5000] loss=2.2092 lr=1.103e-04 grad_norm=4.625 samples/s=75.76
[step 3000/5000] loss=1.3823 lr=1.093e-04 grad_norm=4.307 samples/s=75.77
[val step 3000] loss=1.9972599515914917 m01={'mean': 0.41595328650904206, 'median': 0.41157134805895124, 'p95': 0.7023895132929519, 'tail_frac_gt4px': 8.28775070445881e-05, 'n_matched': 12066} m02={'12-16': 0.9002306805074971, '16-32': 0.9457122267595484, '32-64': 0.9360989435712446, '64-128': 0.9276232616940582} m04={'accuracy': 0.7174705784849992, 'by_octave': {'12-16': 0.3830877642536835, '16-32': 0.6885953771907544, '32-64': 0.8296173960913845, '64-128': 0.7952299829642249}} diag={'gate3_alpha_mean': 0.30473464727401733, 'gate3_alpha_min': 0.0247039794921875, 'gate3_alpha_max': 0.971435546875, 'gate3_alpha_std': 0.15834051370620728, 'gate3_alpha_p10': 0.1122894287109375, 'gate3_alpha_p50': 0.2872314453125, 'gate3_alpha_p90': 0.5263671875, 'block0_attn_entropy': 7.5486836433410645, 'block1_attn_entropy': 7.017306327819824}
[step 3010/5000] loss=1.8109 lr=1.084e-04 grad_norm=2.704 samples/s=75.93
[step 3020/5000] loss=1.5676 lr=1.075e-04 grad_norm=2.318 samples/s=76.10
[step 3030/5000] loss=2.3340 lr=1.066e-04 grad_norm=3.801 samples/s=76.04
[step 3040/5000] loss=1.4325 lr=1.057e-04 grad_norm=3.802 samples/s=76.03
[step 3050/5000] loss=1.5912 lr=1.048e-04 grad_norm=3.060 samples/s=75.93
[step 3060/5000] loss=2.0519 lr=1.039e-04 grad_norm=4.745 samples/s=76.00
[step 3070/5000] loss=1.8528 lr=1.030e-04 grad_norm=3.850 samples/s=75.98
[step 3080/5000] loss=2.0489 lr=1.021e-04 grad_norm=3.959 samples/s=76.03
[step 3090/5000] loss=1.7998 lr=1.012e-04 grad_norm=4.235 samples/s=75.99
[step 3100/5000] loss=1.1651 lr=1.003e-04 grad_norm=2.653 samples/s=75.99
[step 3110/5000] loss=1.9238 lr=9.941e-05 grad_norm=3.295 samples/s=75.97
[step 3120/5000] loss=2.1280 lr=9.852e-05 grad_norm=4.434 samples/s=75.98
[step 3130/5000] loss=2.2024 lr=9.763e-05 grad_norm=4.692 samples/s=75.95
[step 3140/5000] loss=2.4321 lr=9.674e-05 grad_norm=4.859 samples/s=75.97
[step 3150/5000] loss=1.4451 lr=9.586e-05 grad_norm=2.239 samples/s=75.93
[step 3160/5000] loss=1.7903 lr=9.498e-05 grad_norm=4.527 samples/s=75.97
[step 3170/5000] loss=1.8286 lr=9.410e-05 grad_norm=3.525 samples/s=75.92
[step 3180/5000] loss=2.1667 lr=9.322e-05 grad_norm=2.853 samples/s=75.95
[step 3190/5000] loss=1.5536 lr=9.235e-05 grad_norm=2.947 samples/s=75.93
[step 3200/5000] loss=1.6461 lr=9.148e-05 grad_norm=3.551 samples/s=75.96
[step 3210/5000] loss=1.7331 lr=9.061e-05 grad_norm=2.451 samples/s=75.97
[step 3220/5000] loss=1.9568 lr=8.974e-05 grad_norm=4.465 samples/s=75.86
[step 3230/5000] loss=1.9080 lr=8.888e-05 grad_norm=4.490 samples/s=75.84
[step 3240/5000] loss=2.9521 lr=8.801e-05 grad_norm=4.924 samples/s=75.82
[step 3250/5000] loss=2.5158 lr=8.715e-05 grad_norm=3.495 samples/s=75.86
[val step 3250] loss=1.988821933746338 m01={'mean': 0.41580888452439296, 'median': 0.41153041100768556, 'p95': 0.7009597819109676, 'tail_frac_gt4px': 8.287063893262616e-05, 'n_matched': 12067} m02={'12-16': 0.9008073817762399, '16-32': 0.9449915926014893, '32-64': 0.9363566091213604, '64-128': 0.9282553729456384} m04={'accuracy': 0.7208916880749151, 'by_octave': {'12-16': 0.3892445582586428, '16-32': 0.6914082358922217, '32-64': 0.8337919647771052, '64-128': 0.7970718420156623}} diag={'gate3_alpha_mean': 0.30603185296058655, 'gate3_alpha_min': 0.0248870849609375, 'gate3_alpha_max': 0.971435546875, 'gate3_alpha_std': 0.1579805314540863, 'gate3_alpha_p10': 0.1134033203125, 'gate3_alpha_p50': 0.28922271728515625, 'gate3_alpha_p90': 0.52685546875, 'block0_attn_entropy': 7.549391269683838, 'block1_attn_entropy': 7.015008449554443}
[step 3260/5000] loss=1.6578 lr=8.630e-05 grad_norm=3.612 samples/s=76.02
[step 3270/5000] loss=1.6996 lr=8.544e-05 grad_norm=3.300 samples/s=76.15
[step 3280/5000] loss=2.5040 lr=8.459e-05 grad_norm=4.273 samples/s=76.10
[step 3290/5000] loss=1.9336 lr=8.374e-05 grad_norm=2.254 samples/s=76.11
[step 3300/5000] loss=1.8886 lr=8.290e-05 grad_norm=4.292 samples/s=76.10
[step 3310/5000] loss=1.4347 lr=8.205e-05 grad_norm=3.295 samples/s=76.11
[step 3320/5000] loss=1.7434 lr=8.121e-05 grad_norm=3.302 samples/s=76.07
[step 3330/5000] loss=2.3684 lr=8.038e-05 grad_norm=3.651 samples/s=76.01
[step 3340/5000] loss=1.7067 lr=7.954e-05 grad_norm=5.554 samples/s=76.05
[step 3350/5000] loss=2.3502 lr=7.871e-05 grad_norm=4.728 samples/s=76.06
[step 3360/5000] loss=2.1771 lr=7.788e-05 grad_norm=3.587 samples/s=76.08
[step 3370/5000] loss=1.6562 lr=7.706e-05 grad_norm=4.244 samples/s=76.06
[step 3380/5000] loss=2.2873 lr=7.624e-05 grad_norm=3.227 samples/s=76.06
[step 3390/5000] loss=1.5823 lr=7.542e-05 grad_norm=3.886 samples/s=76.01
[step 3400/5000] loss=2.6959 lr=7.460e-05 grad_norm=3.635 samples/s=76.04
[step 3410/5000] loss=1.6039 lr=7.379e-05 grad_norm=4.518 samples/s=75.98
[step 3420/5000] loss=2.1806 lr=7.298e-05 grad_norm=3.704 samples/s=76.01
[step 3430/5000] loss=1.6654 lr=7.217e-05 grad_norm=4.930 samples/s=75.92
[step 3440/5000] loss=1.5756 lr=7.137e-05 grad_norm=3.174 samples/s=75.95
[step 3450/5000] loss=1.6874 lr=7.057e-05 grad_norm=3.413 samples/s=75.88
[step 3460/5000] loss=1.5663 lr=6.977e-05 grad_norm=3.268 samples/s=75.93
[step 3470/5000] loss=2.9161 lr=6.898e-05 grad_norm=3.903 samples/s=75.81
[step 3480/5000] loss=1.4443 lr=6.819e-05 grad_norm=3.289 samples/s=75.84
[step 3490/5000] loss=1.6971 lr=6.740e-05 grad_norm=3.045 samples/s=75.83
[step 3500/5000] loss=2.2261 lr=6.662e-05 grad_norm=2.760 samples/s=75.85
[val step 3500] loss=1.9844486875534058 m01={'mean': 0.41587463696515237, 'median': 0.4115121252937367, 'p95': 0.7014656710195919, 'tail_frac_gt4px': 8.285690612312537e-05, 'n_matched': 12069} m02={'12-16': 0.9008073817762399, '16-32': 0.9454720153735287, '32-64': 0.9366142746714764, '64-128': 0.9279393173198482} m04={'accuracy': 0.7226779352058994, 'by_octave': {'12-16': 0.3886043533930858, '16-32': 0.6946138211382114, '32-64': 0.8352132049518569, '64-128': 0.7987057220708447}} diag={'gate3_alpha_mean': 0.3034399449825287, 'gate3_alpha_min': 0.02454376220703125, 'gate3_alpha_max': 0.971435546875, 'gate3_alpha_std': 0.1574622541666031, 'gate3_alpha_p10': 0.112060546875, 'gate3_alpha_p50': 0.286376953125, 'gate3_alpha_p90': 0.523681640625, 'block0_attn_entropy': 7.549823760986328, 'block1_attn_entropy': 7.026185035705566}
[step 3510/5000] loss=1.4198 lr=6.584e-05 grad_norm=3.608 samples/s=75.99
[step 3520/5000] loss=1.3621 lr=6.506e-05 grad_norm=4.563 samples/s=76.13
[step 3530/5000] loss=2.2502 lr=6.429e-05 grad_norm=3.422 samples/s=76.12
[step 3540/5000] loss=1.8298 lr=6.352e-05 grad_norm=3.499 samples/s=76.07
[step 3550/5000] loss=1.6622 lr=6.276e-05 grad_norm=2.826 samples/s=76.07
[step 3560/5000] loss=3.2703 lr=6.200e-05 grad_norm=3.894 samples/s=76.04
[step 3570/5000] loss=1.3892 lr=6.124e-05 grad_norm=4.162 samples/s=76.01
[step 3580/5000] loss=1.5396 lr=6.048e-05 grad_norm=4.216 samples/s=76.03
[step 3590/5000] loss=1.7883 lr=5.973e-05 grad_norm=4.387 samples/s=75.98
[step 3600/5000] loss=1.8689 lr=5.899e-05 grad_norm=5.570 samples/s=76.00
[step 3610/5000] loss=2.5046 lr=5.824e-05 grad_norm=4.658 samples/s=75.97
[step 3620/5000] loss=1.5136 lr=5.750e-05 grad_norm=2.931 samples/s=75.96
[step 3630/5000] loss=1.6784 lr=5.677e-05 grad_norm=3.208 samples/s=75.97
[step 3640/5000] loss=1.5086 lr=5.604e-05 grad_norm=2.528 samples/s=75.98
[step 3650/5000] loss=1.9348 lr=5.531e-05 grad_norm=4.133 samples/s=75.93
[step 3660/5000] loss=2.5154 lr=5.459e-05 grad_norm=3.202 samples/s=75.97
[step 3670/5000] loss=1.3049 lr=5.387e-05 grad_norm=3.323 samples/s=75.88
[step 3680/5000] loss=1.8969 lr=5.315e-05 grad_norm=4.893 samples/s=75.89
[step 3690/5000] loss=1.6374 lr=5.244e-05 grad_norm=6.897 samples/s=75.83
[step 3700/5000] loss=1.9081 lr=5.173e-05 grad_norm=5.660 samples/s=75.86
[step 3710/5000] loss=1.8603 lr=5.103e-05 grad_norm=3.366 samples/s=75.84
[step 3720/5000] loss=1.9598 lr=5.033e-05 grad_norm=5.106 samples/s=75.85
[step 3730/5000] loss=2.0538 lr=4.964e-05 grad_norm=3.088 samples/s=75.83
[step 3740/5000] loss=1.7830 lr=4.895e-05 grad_norm=3.770 samples/s=75.84
[step 3750/5000] loss=1.9372 lr=4.826e-05 grad_norm=5.244 samples/s=75.78
[val step 3750] loss=1.9812364473342896 m01={'mean': 0.4158475914404184, 'median': 0.411537142409636, 'p95': 0.7009124659709612, 'tail_frac_gt4px': 8.287063893262616e-05, 'n_matched': 12067} m02={'12-16': 0.9008073817762399, '16-32': 0.9445111698294499, '32-64': 0.9368719402215924, '64-128': 0.9282553729456384} m04={'accuracy': 0.7237092897986244, 'by_octave': {'12-16': 0.3866837387964149, '16-32': 0.6958290946083419, '32-64': 0.8358085808580858, '64-128': 0.8014981273408239}} diag={'gate3_alpha_mean': 0.30389437079429626, 'gate3_alpha_min': 0.0248870849609375, 'gate3_alpha_max': 0.971435546875, 'gate3_alpha_std': 0.15732532739639282, 'gate3_alpha_p10': 0.11260986328125, 'gate3_alpha_p50': 0.2869873046875, 'gate3_alpha_p90': 0.5236873626708984, 'block0_attn_entropy': 7.550224781036377, 'block1_attn_entropy': 7.023875713348389}
[step 3760/5000] loss=1.5007 lr=4.758e-05 grad_norm=3.801 samples/s=75.92
[step 3770/5000] loss=1.2924 lr=4.690e-05 grad_norm=2.749 samples/s=76.06
[step 3780/5000] loss=3.0005 lr=4.623e-05 grad_norm=3.782 samples/s=76.02
[step 3790/5000] loss=1.6659 lr=4.556e-05 grad_norm=3.708 samples/s=76.03
[step 3800/5000] loss=2.2685 lr=4.489e-05 grad_norm=3.500 samples/s=75.97
[step 3810/5000] loss=2.1610 lr=4.423e-05 grad_norm=3.386 samples/s=75.97
[step 3820/5000] loss=2.0695 lr=4.357e-05 grad_norm=3.383 samples/s=75.94
[step 3830/5000] loss=2.1270 lr=4.292e-05 grad_norm=4.383 samples/s=75.94
[step 3840/5000] loss=1.7903 lr=4.228e-05 grad_norm=3.427 samples/s=75.89
[step 3850/5000] loss=1.6277 lr=4.163e-05 grad_norm=3.041 samples/s=75.91
[step 3860/5000] loss=2.0109 lr=4.099e-05 grad_norm=4.811 samples/s=75.87
[step 3870/5000] loss=2.8602 lr=4.036e-05 grad_norm=4.744 samples/s=75.89
[step 3880/5000] loss=1.6742 lr=3.973e-05 grad_norm=4.625 samples/s=75.85
[step 3890/5000] loss=1.3531 lr=3.911e-05 grad_norm=3.262 samples/s=75.86
[step 3900/5000] loss=1.4164 lr=3.849e-05 grad_norm=3.424 samples/s=75.84
[step 3910/5000] loss=1.5612 lr=3.787e-05 grad_norm=3.027 samples/s=75.87
[step 3920/5000] loss=2.4763 lr=3.726e-05 grad_norm=2.752 samples/s=75.81
[step 3930/5000] loss=1.8214 lr=3.666e-05 grad_norm=3.228 samples/s=75.83
[step 3940/5000] loss=2.3163 lr=3.605e-05 grad_norm=3.580 samples/s=75.77
[step 3950/5000] loss=1.4030 lr=3.546e-05 grad_norm=2.905 samples/s=75.82
[step 3960/5000] loss=2.1443 lr=3.487e-05 grad_norm=3.228 samples/s=75.78
[step 3970/5000] loss=1.9009 lr=3.428e-05 grad_norm=3.996 samples/s=75.82
[step 3980/5000] loss=1.7489 lr=3.370e-05 grad_norm=3.096 samples/s=75.80
[step 3990/5000] loss=1.6663 lr=3.312e-05 grad_norm=5.448 samples/s=75.80
[step 4000/5000] loss=1.9138 lr=3.255e-05 grad_norm=4.877 samples/s=75.75
[val step 4000] loss=1.9775740699768067 m01={'mean': 0.4158396090757917, 'median': 0.41157134805895124, 'p95': 0.7007509744536182, 'tail_frac_gt4px': 8.285004142502072e-05, 'n_matched': 12070} m02={'12-16': 0.9002306805074971, '16-32': 0.9457122267595484, '32-64': 0.9363566091213604, '64-128': 0.9285714285714286} m04={'accuracy': 0.7259320629660315, 'by_octave': {'12-16': 0.39461883408071746, '16-32': 0.6964693929387858, '32-64': 0.8362685745734728, '64-128': 0.8049693669162695}} diag={'gate3_alpha_mean': 0.3049791753292084, 'gate3_alpha_min': 0.0250244140625, 'gate3_alpha_max': 0.971435546875, 'gate3_alpha_std': 0.15755918622016907, 'gate3_alpha_p10': 0.113189697265625, 'gate3_alpha_p50': 0.2882080078125, 'gate3_alpha_p90': 0.52490234375, 'block0_attn_entropy': 7.550613880157471, 'block1_attn_entropy': 7.023453712463379}
[step 4010/5000] loss=1.9526 lr=3.198e-05 grad_norm=3.261 samples/s=75.88
[step 4020/5000] loss=1.7199 lr=3.142e-05 grad_norm=2.540 samples/s=76.00
[step 4030/5000] loss=1.8743 lr=3.086e-05 grad_norm=4.178 samples/s=75.97
[step 4040/5000] loss=1.3963 lr=3.031e-05 grad_norm=2.985 samples/s=75.98
[step 4050/5000] loss=1.9812 lr=2.976e-05 grad_norm=4.791 samples/s=75.99
[step 4060/5000] loss=2.0949 lr=2.922e-05 grad_norm=3.546 samples/s=75.96
[step 4070/5000] loss=1.9317 lr=2.868e-05 grad_norm=3.908 samples/s=75.93
[step 4080/5000] loss=1.8629 lr=2.815e-05 grad_norm=5.485 samples/s=75.91
[step 4090/5000] loss=2.2777 lr=2.762e-05 grad_norm=4.262 samples/s=75.92
[step 4100/5000] loss=2.6642 lr=2.710e-05 grad_norm=4.650 samples/s=75.88
[step 4110/5000] loss=2.3472 lr=2.658e-05 grad_norm=2.901 samples/s=75.90
[step 4120/5000] loss=2.0162 lr=2.607e-05 grad_norm=3.211 samples/s=75.86
[step 4130/5000] loss=2.2418 lr=2.556e-05 grad_norm=3.668 samples/s=75.88
[step 4140/5000] loss=1.7225 lr=2.506e-05 grad_norm=4.260 samples/s=75.87
[step 4150/5000] loss=1.8477 lr=2.456e-05 grad_norm=3.889 samples/s=75.89
[step 4160/5000] loss=2.0779 lr=2.407e-05 grad_norm=4.013 samples/s=75.88
[step 4170/5000] loss=1.7101 lr=2.358e-05 grad_norm=3.259 samples/s=75.90
[step 4180/5000] loss=1.9408 lr=2.310e-05 grad_norm=2.958 samples/s=75.86
[step 4190/5000] loss=1.4625 lr=2.263e-05 grad_norm=3.217 samples/s=75.83
[step 4200/5000] loss=1.7403 lr=2.216e-05 grad_norm=4.827 samples/s=75.80
[step 4210/5000] loss=1.8715 lr=2.169e-05 grad_norm=3.659 samples/s=75.83
[step 4220/5000] loss=2.3228 lr=2.123e-05 grad_norm=3.045 samples/s=75.84
[step 4230/5000] loss=1.9793 lr=2.078e-05 grad_norm=3.231 samples/s=75.86
[step 4240/5000] loss=2.3680 lr=2.033e-05 grad_norm=3.955 samples/s=75.80
[step 4250/5000] loss=2.1689 lr=1.988e-05 grad_norm=5.713 samples/s=75.78
[val step 4250] loss=1.9757684679031373 m01={'mean': 0.4159629216561787, 'median': 0.4116143655465955, 'p95': 0.7009090927704799, 'tail_frac_gt4px': 8.286377195889956e-05, 'n_matched': 12068} m02={'12-16': 0.8996539792387543, '16-32': 0.9454720153735287, '32-64': 0.9366142746714764, '64-128': 0.9282553729456384} m04={'accuracy': 0.7259695061319191, 'by_octave': {'12-16': 0.391025641025641, '16-32': 0.6963922764227642, '32-64': 0.83878954607978, '64-128': 0.8038815117466803}} diag={'gate3_alpha_mean': 0.30487847328186035, 'gate3_alpha_min': 0.02468109130859375, 'gate3_alpha_max': 0.971435546875, 'gate3_alpha_std': 0.15743793547153473, 'gate3_alpha_p10': 0.113128662109375, 'gate3_alpha_p50': 0.2879638671875, 'gate3_alpha_p90': 0.5245361328125, 'block0_attn_entropy': 7.550340175628662, 'block1_attn_entropy': 7.020929336547852}
[step 4260/5000] loss=1.9092 lr=1.945e-05 grad_norm=3.367 samples/s=75.92
[step 4270/5000] loss=1.7131 lr=1.901e-05 grad_norm=4.995 samples/s=76.05
[step 4280/5000] loss=2.6047 lr=1.859e-05 grad_norm=3.618 samples/s=76.10
[step 4290/5000] loss=2.0494 lr=1.816e-05 grad_norm=3.542 samples/s=76.11
[step 4300/5000] loss=2.1706 lr=1.775e-05 grad_norm=2.677 samples/s=76.07
[step 4310/5000] loss=2.2065 lr=1.734e-05 grad_norm=5.045 samples/s=76.06
[step 4320/5000] loss=2.1473 lr=1.693e-05 grad_norm=4.210 samples/s=76.07
[step 4330/5000] loss=2.2533 lr=1.653e-05 grad_norm=4.879 samples/s=76.06
[step 4340/5000] loss=1.4240 lr=1.614e-05 grad_norm=2.807 samples/s=76.08
[step 4350/5000] loss=2.0209 lr=1.575e-05 grad_norm=4.747 samples/s=76.05
[step 4360/5000] loss=1.3197 lr=1.537e-05 grad_norm=3.255 samples/s=76.08
[step 4370/5000] loss=2.0576 lr=1.499e-05 grad_norm=4.377 samples/s=76.02
[step 4380/5000] loss=1.5962 lr=1.462e-05 grad_norm=4.320 samples/s=76.06
[step 4390/5000] loss=1.6439 lr=1.425e-05 grad_norm=3.184 samples/s=76.04
[step 4400/5000] loss=1.8528 lr=1.389e-05 grad_norm=4.379 samples/s=76.06
[step 4410/5000] loss=1.7847 lr=1.353e-05 grad_norm=2.951 samples/s=76.02
[step 4420/5000] loss=1.6452 lr=1.318e-05 grad_norm=7.615 samples/s=76.04
[step 4430/5000] loss=1.8135 lr=1.284e-05 grad_norm=3.659 samples/s=75.99
[step 4440/5000] loss=1.1322 lr=1.250e-05 grad_norm=2.865 samples/s=76.02
[step 4450/5000] loss=1.6167 lr=1.217e-05 grad_norm=2.742 samples/s=76.01
[step 4460/5000] loss=1.8333 lr=1.184e-05 grad_norm=2.525 samples/s=76.01
[step 4470/5000] loss=2.8094 lr=1.152e-05 grad_norm=3.757 samples/s=75.98
[step 4480/5000] loss=1.4642 lr=1.121e-05 grad_norm=3.821 samples/s=76.01
[step 4490/5000] loss=2.6737 lr=1.090e-05 grad_norm=4.093 samples/s=75.98
[step 4500/5000] loss=1.4683 lr=1.060e-05 grad_norm=5.170 samples/s=76.01
[val step 4500] loss=1.9735113067626953 m01={'mean': 0.415879445071443, 'median': 0.4116231773849245, 'p95': 0.7009057195699984, 'tail_frac_gt4px': 8.285690612312537e-05, 'n_matched': 12069} m02={'12-16': 0.8996539792387543, '16-32': 0.9454720153735287, '32-64': 0.9363566091213604, '64-128': 0.9288874841972187} m04={'accuracy': 0.7275664926671638, 'by_octave': {'12-16': 0.391025641025641, '16-32': 0.7007113821138211, '32-64': 0.8398458998348927, '64-128': 0.8033344675059544}} diag={'gate3_alpha_mean': 0.3048413097858429, 'gate3_alpha_min': 0.0250244140625, 'gate3_alpha_max': 0.971435546875, 'gate3_alpha_std': 0.1574002206325531, 'gate3_alpha_p10': 0.11315841972827911, 'gate3_alpha_p50': 0.28802490234375, 'gate3_alpha_p90': 0.5244140625, 'block0_attn_entropy': 7.55029296875, 'block1_attn_entropy': 7.023043632507324}
[step 4510/5000] loss=1.9845 lr=1.030e-05 grad_norm=3.246 samples/s=76.13
[step 4520/5000] loss=1.6759 lr=1.001e-05 grad_norm=2.718 samples/s=76.24
[step 4530/5000] loss=1.5867 lr=9.720e-06 grad_norm=3.791 samples/s=76.23
[step 4540/5000] loss=2.3089 lr=9.439e-06 grad_norm=3.243 samples/s=76.22
[step 4550/5000] loss=2.6835 lr=9.165e-06 grad_norm=3.960 samples/s=76.22
[step 4560/5000] loss=1.2708 lr=8.896e-06 grad_norm=3.643 samples/s=76.23
[step 4570/5000] loss=1.6665 lr=8.634e-06 grad_norm=4.007 samples/s=76.22
[step 4580/5000] loss=2.1353 lr=8.377e-06 grad_norm=3.663 samples/s=76.20
[step 4590/5000] loss=1.5974 lr=8.126e-06 grad_norm=3.915 samples/s=76.23
[step 4600/5000] loss=3.2638 lr=7.881e-06 grad_norm=6.185 samples/s=76.27
[step 4610/5000] loss=1.9847 lr=7.642e-06 grad_norm=3.453 samples/s=76.32
[step 4620/5000] loss=2.3033 lr=7.409e-06 grad_norm=3.792 samples/s=76.35
[step 4630/5000] loss=1.8439 lr=7.181e-06 grad_norm=3.250 samples/s=76.41
[step 4640/5000] loss=1.9908 lr=6.960e-06 grad_norm=3.339 samples/s=76.43
[step 4650/5000] loss=1.4581 lr=6.744e-06 grad_norm=3.723 samples/s=76.49
[step 4660/5000] loss=1.2084 lr=6.535e-06 grad_norm=2.895 samples/s=76.52
[step 4670/5000] loss=2.4602 lr=6.331e-06 grad_norm=2.932 samples/s=76.58
[step 4680/5000] loss=1.4584 lr=6.134e-06 grad_norm=3.201 samples/s=76.55
[step 4690/5000] loss=2.1217 lr=5.942e-06 grad_norm=6.322 samples/s=76.57
[step 4700/5000] loss=1.3132 lr=5.757e-06 grad_norm=4.071 samples/s=76.51
[step 4710/5000] loss=1.6973 lr=5.577e-06 grad_norm=3.581 samples/s=76.53
[step 4720/5000] loss=2.3527 lr=5.403e-06 grad_norm=4.395 samples/s=76.51
[step 4730/5000] loss=1.5624 lr=5.236e-06 grad_norm=4.596 samples/s=76.51
[step 4740/5000] loss=1.9302 lr=5.074e-06 grad_norm=6.008 samples/s=76.47
[step 4750/5000] loss=2.4127 lr=4.919e-06 grad_norm=2.512 samples/s=76.48
[val step 4750] loss=1.97344499874115 m01={'mean': 0.41585319054927045, 'median': 0.4115212681507111, 'p95': 0.7013221328959325, 'tail_frac_gt4px': 8.28775070445881e-05, 'n_matched': 12066} m02={'12-16': 0.8996539792387543, '16-32': 0.9449915926014893, '32-64': 0.9363566091213604, '64-128': 0.9285714285714286} m04={'accuracy': 0.726752859273993, 'by_octave': {'12-16': 0.39294871794871794, '16-32': 0.6977630910015251, '32-64': 0.8392955421023666, '64-128': 0.8036078965282505}} diag={'gate3_alpha_mean': 0.30444082617759705, 'gate3_alpha_min': 0.0248870849609375, 'gate3_alpha_max': 0.97216796875, 'gate3_alpha_std': 0.15742281079292297, 'gate3_alpha_p10': 0.11279144883155823, 'gate3_alpha_p50': 0.28759765625, 'gate3_alpha_p90': 0.524169921875, 'block0_attn_entropy': 7.550154685974121, 'block1_attn_entropy': 7.025476932525635}
[step 4760/5000] loss=2.0081 lr=4.769e-06 grad_norm=3.239 samples/s=76.59
[step 4770/5000] loss=1.7181 lr=4.626e-06 grad_norm=4.614 samples/s=76.69
[step 4780/5000] loss=2.4597 lr=4.488e-06 grad_norm=4.122 samples/s=76.64
[step 4790/5000] loss=2.2590 lr=4.357e-06 grad_norm=4.681 samples/s=76.66
[step 4800/5000] loss=1.5354 lr=4.231e-06 grad_norm=4.993 samples/s=76.61
[step 4810/5000] loss=1.9048 lr=4.112e-06 grad_norm=4.243 samples/s=76.62
[step 4820/5000] loss=2.1553 lr=3.999e-06 grad_norm=5.303 samples/s=76.60
[step 4830/5000] loss=2.1047 lr=3.892e-06 grad_norm=3.911 samples/s=76.61
[step 4840/5000] loss=1.7411 lr=3.790e-06 grad_norm=4.137 samples/s=76.59
[step 4850/5000] loss=1.5251 lr=3.695e-06 grad_norm=4.199 samples/s=76.58
[step 4860/5000] loss=1.6836 lr=3.606e-06 grad_norm=3.780 samples/s=76.59
[step 4870/5000] loss=1.4993 lr=3.523e-06 grad_norm=3.998 samples/s=76.59
[step 4880/5000] loss=1.5207 lr=3.447e-06 grad_norm=3.561 samples/s=76.60
[step 4890/5000] loss=2.5208 lr=3.376e-06 grad_norm=3.255 samples/s=76.59
[step 4900/5000] loss=1.7256 lr=3.311e-06 grad_norm=4.148 samples/s=76.60
[step 4910/5000] loss=1.6264 lr=3.253e-06 grad_norm=3.465 samples/s=76.55
[step 4920/5000] loss=1.5726 lr=3.200e-06 grad_norm=4.124 samples/s=76.57
[step 4930/5000] loss=2.1495 lr=3.154e-06 grad_norm=3.411 samples/s=76.54
[step 4940/5000] loss=2.0966 lr=3.114e-06 grad_norm=4.448 samples/s=76.56
[step 4950/5000] loss=1.7713 lr=3.079e-06 grad_norm=3.838 samples/s=76.52
[step 4960/5000] loss=1.3164 lr=3.051e-06 grad_norm=3.801 samples/s=76.53
[step 4970/5000] loss=1.8561 lr=3.029e-06 grad_norm=4.695 samples/s=76.49
[step 4980/5000] loss=1.9523 lr=3.013e-06 grad_norm=3.331 samples/s=76.51
[step 4990/5000] loss=1.4151 lr=3.004e-06 grad_norm=2.941 samples/s=76.47
[step 5000/5000] loss=2.2868 lr=3.000e-06 grad_norm=3.447 samples/s=76.50
[val step 5000] loss=1.9727248783111573 m01={'mean': 0.41587979751165705, 'median': 0.4115121252937367, 'p95': 0.7012519835621213, 'tail_frac_gt4px': 8.285690612312537e-05, 'n_matched': 12069} m02={'12-16': 0.9002306805074971, '16-32': 0.9447513812154696, '32-64': 0.9366142746714764, '64-128': 0.9292035398230089} m04={'accuracy': 0.72640649598144, 'by_octave': {'12-16': 0.3901345291479821, '16-32': 0.6989575387744724, '32-64': 0.839614855570839, '64-128': 0.8017006802721088}} diag={'gate3_alpha_mean': 0.3042577803134918, 'gate3_alpha_min': 0.02454376220703125, 'gate3_alpha_max': 0.97216796875, 'gate3_alpha_std': 0.1573837548494339, 'gate3_alpha_p10': 0.1126708984375, 'gate3_alpha_p50': 0.28741455078125, 'gate3_alpha_p90': 0.5238037109375, 'block0_attn_entropy': 7.550071716308594, 'block1_attn_entropy': 7.025376796722412}
[FULL val step 5000] loss=1.8857579082489013 m01={'mean': 0.4129076789073686, 'median': 0.4091130346969978, 'p95': 0.6994485938030405, 'tail_frac_gt4px': 0.000114067821467564, 'n_matched': 122734} m02={'12-16': 0.9043463573921856, '16-32': 0.9302281503944656, '32-64': 0.9469795078845128, '64-128': 0.9488908495084447} m04={'accuracy': 0.7247624945003015, 'by_octave': {'12-16': 0.41629832534395816, '16-32': 0.6635340260798696, '32-64': 0.8429463974472421, '64-128': 0.8227734608487747}}
[train_detector] wrote checkpoint runs/mb3_ft02_head_bneck_hm_lr0p1/ckpt_0005000.pt
[train_detector] done: step=5000 train_elapsed=2091.7s val_elapsed=475.5s samples/s=76.49
