[train_detector] finetune from runs/rel_w882_c2_100k_rev6/ckpt_0100000.pt (step 100000): 437,105 of 882,402 params trainable, lr_mult={'cls.*': 1.0, 'blocks.*': 1.0, 'norm.*': 1.0, 'hm.*': 1.0}, reinit=[]
[train_detector] stream_seed=2100000 resume_count=0 start_step=0
[step 1/5000] loss=5.9405 lr=0.000e+00 grad_norm=25.954 samples/s=7.95
[step 2/5000] loss=6.1353 lr=3.000e-06 grad_norm=23.749 samples/s=15.48
[step 3/5000] loss=6.5095 lr=6.000e-06 grad_norm=21.096 samples/s=22.63
[step 4/5000] loss=6.2182 lr=9.000e-06 grad_norm=27.890 samples/s=29.43
[step 5/5000] loss=5.6995 lr=1.200e-05 grad_norm=20.945 samples/s=32.36
[step 6/5000] loss=5.0734 lr=1.500e-05 grad_norm=24.873 samples/s=38.01
[step 7/5000] loss=6.4919 lr=1.800e-05 grad_norm=22.845 samples/s=43.03
[step 8/5000] loss=5.6354 lr=2.100e-05 grad_norm=23.421 samples/s=47.16
[step 9/5000] loss=6.8865 lr=2.400e-05 grad_norm=24.890 samples/s=41.37
[step 10/5000] loss=6.1597 lr=2.700e-05 grad_norm=20.471 samples/s=44.51
[step 20/5000] loss=4.3224 lr=5.700e-05 grad_norm=14.802 samples/s=59.14
[step 30/5000] loss=2.8490 lr=8.700e-05 grad_norm=6.523 samples/s=64.04
[step 40/5000] loss=2.3430 lr=1.170e-04 grad_norm=2.216 samples/s=68.33
[step 50/5000] loss=2.8598 lr=1.470e-04 grad_norm=3.213 samples/s=69.11
[step 60/5000] loss=2.7294 lr=1.770e-04 grad_norm=2.019 samples/s=71.57
[step 70/5000] loss=2.0798 lr=2.070e-04 grad_norm=1.702 samples/s=71.33
[step 80/5000] loss=2.0787 lr=2.370e-04 grad_norm=1.990 samples/s=73.11
[step 90/5000] loss=2.4723 lr=2.670e-04 grad_norm=1.555 samples/s=73.61
[step 100/5000] loss=2.2549 lr=2.970e-04 grad_norm=1.278 samples/s=75.34
[step 110/5000] loss=2.0116 lr=3.000e-04 grad_norm=1.386 samples/s=74.88
[step 120/5000] loss=2.1860 lr=3.000e-04 grad_norm=1.439 samples/s=76.69
[step 130/5000] loss=2.0319 lr=3.000e-04 grad_norm=1.471 samples/s=76.09
[step 140/5000] loss=2.5949 lr=3.000e-04 grad_norm=2.342 samples/s=76.92
[step 150/5000] loss=2.2312 lr=2.999e-04 grad_norm=2.784 samples/s=76.34
[step 160/5000] loss=2.2888 lr=2.999e-04 grad_norm=1.517 samples/s=77.34
[step 170/5000] loss=2.3736 lr=2.999e-04 grad_norm=1.771 samples/s=76.48
[step 180/5000] loss=2.2482 lr=2.998e-04 grad_norm=1.490 samples/s=76.91
[step 190/5000] loss=2.0542 lr=2.998e-04 grad_norm=1.934 samples/s=76.46
[step 200/5000] loss=2.8819 lr=2.997e-04 grad_norm=2.098 samples/s=77.28
[step 210/5000] loss=2.6758 lr=2.996e-04 grad_norm=2.167 samples/s=77.30
[step 220/5000] loss=1.8068 lr=2.996e-04 grad_norm=1.634 samples/s=77.75
[step 230/5000] loss=2.3967 lr=2.995e-04 grad_norm=2.740 samples/s=77.61
[step 240/5000] loss=1.6734 lr=2.994e-04 grad_norm=2.807 samples/s=77.79
[step 250/5000] loss=2.0554 lr=2.993e-04 grad_norm=3.042 samples/s=77.55
[val step 250] loss=2.3187722396850585 m01={'mean': 0.40837126261236817, 'median': 0.4085989121630193, 'p95': 0.676987393281107, 'tail_frac_gt4px': 8.197393228953193e-05, 'n_matched': 12199} m02={'12-16': 0.9111880046136102, '16-32': 0.9529185683401393, '32-64': 0.9456325689255347, '64-128': 0.9424778761061947} m04={'accuracy': 0.3505205344700385, 'by_octave': {'12-16': 0.26518987341772154, '16-32': 0.3687925384421477, '32-64': 0.40081743869209807, '64-128': 0.30952380952380953}} diag={'gate3_alpha_mean': 0.2581498324871063, 'gate3_alpha_min': 0.017421722412109375, 'gate3_alpha_max': 0.943115234375, 'gate3_alpha_std': 0.14103585481643677, 'gate3_alpha_p10': 0.092742919921875, 'gate3_alpha_p50': 0.2381591796875, 'gate3_alpha_p90': 0.45556640625, 'block0_attn_entropy': 7.1717529296875, 'block1_attn_entropy': 7.59283971786499}
[step 260/5000] loss=2.1417 lr=2.992e-04 grad_norm=2.525 samples/s=79.36
[step 270/5000] loss=2.1964 lr=2.991e-04 grad_norm=3.331 samples/s=81.11
[step 280/5000] loss=2.3663 lr=2.990e-04 grad_norm=3.454 samples/s=81.01
[step 290/5000] loss=1.5214 lr=2.989e-04 grad_norm=2.665 samples/s=81.27
[step 300/5000] loss=2.1064 lr=2.988e-04 grad_norm=2.989 samples/s=80.87
[step 310/5000] loss=1.7272 lr=2.987e-04 grad_norm=2.650 samples/s=80.94
[step 320/5000] loss=1.4503 lr=2.985e-04 grad_norm=4.842 samples/s=80.67
[step 330/5000] loss=1.7779 lr=2.984e-04 grad_norm=3.711 samples/s=80.92
[step 340/5000] loss=1.5942 lr=2.983e-04 grad_norm=2.840 samples/s=80.64
[step 350/5000] loss=2.0324 lr=2.981e-04 grad_norm=4.230 samples/s=80.71
[step 360/5000] loss=1.1409 lr=2.980e-04 grad_norm=3.567 samples/s=79.94
[step 370/5000] loss=1.2722 lr=2.978e-04 grad_norm=3.852 samples/s=80.38
[step 380/5000] loss=1.4328 lr=2.976e-04 grad_norm=6.440 samples/s=80.04
[step 390/5000] loss=1.5983 lr=2.975e-04 grad_norm=3.477 samples/s=80.08
[step 400/5000] loss=1.1566 lr=2.973e-04 grad_norm=3.517 samples/s=79.77
[step 410/5000] loss=1.7498 lr=2.971e-04 grad_norm=5.167 samples/s=79.95
[step 420/5000] loss=1.2630 lr=2.969e-04 grad_norm=4.402 samples/s=79.62
[step 430/5000] loss=1.2815 lr=2.967e-04 grad_norm=2.389 samples/s=79.75
[step 440/5000] loss=2.0764 lr=2.965e-04 grad_norm=5.238 samples/s=79.43
[step 450/5000] loss=1.9227 lr=2.963e-04 grad_norm=3.700 samples/s=79.64
[step 460/5000] loss=1.6152 lr=2.961e-04 grad_norm=3.538 samples/s=79.30
[step 470/5000] loss=2.2143 lr=2.959e-04 grad_norm=3.814 samples/s=79.36
[step 480/5000] loss=1.0354 lr=2.956e-04 grad_norm=4.093 samples/s=79.29
[step 490/5000] loss=1.1230 lr=2.954e-04 grad_norm=3.463 samples/s=79.29
[step 500/5000] loss=1.1463 lr=2.952e-04 grad_norm=3.317 samples/s=79.09
[val step 500] loss=1.6061611518859864 m01={'mean': 0.40917019958886786, 'median': 0.4088288829314817, 'p95': 0.6783114515148778, 'tail_frac_gt4px': 8.19336337566571e-05, 'n_matched': 12205} m02={'12-16': 0.9134948096885813, '16-32': 0.9541196252702379, '32-64': 0.9446019067250708, '64-128': 0.9427939317319848} m04={'accuracy': 0.8404752150757886, 'by_octave': {'12-16': 0.5827020202020202, '16-32': 0.8821752265861027, '32-64': 0.9198036006546645, '64-128': 0.8243379148508213}} diag={'gate3_alpha_mean': 0.2650766372680664, 'gate3_alpha_min': 0.016315460205078125, 'gate3_alpha_max': 0.966796875, 'gate3_alpha_std': 0.1470462530851364, 'gate3_alpha_p10': 0.090850830078125, 'gate3_alpha_p50': 0.245086669921875, 'gate3_alpha_p90': 0.4677734375, 'block0_attn_entropy': 7.110597610473633, 'block1_attn_entropy': 7.467646598815918}
[step 510/5000] loss=1.4880 lr=2.949e-04 grad_norm=3.416 samples/s=79.93
[step 520/5000] loss=1.0732 lr=2.947e-04 grad_norm=2.281 samples/s=80.88
[step 530/5000] loss=1.1570 lr=2.944e-04 grad_norm=2.550 samples/s=81.00
[step 540/5000] loss=1.8730 lr=2.942e-04 grad_norm=4.188 samples/s=80.94
[step 550/5000] loss=1.5126 lr=2.939e-04 grad_norm=2.808 samples/s=80.81
[step 560/5000] loss=1.0339 lr=2.936e-04 grad_norm=2.560 samples/s=80.43
[step 570/5000] loss=1.2487 lr=2.933e-04 grad_norm=3.399 samples/s=80.71
[step 580/5000] loss=0.9910 lr=2.931e-04 grad_norm=2.928 samples/s=80.51
[step 590/5000] loss=0.8075 lr=2.928e-04 grad_norm=3.523 samples/s=80.48
[step 600/5000] loss=1.1643 lr=2.925e-04 grad_norm=5.005 samples/s=80.09
[step 610/5000] loss=1.4902 lr=2.922e-04 grad_norm=4.100 samples/s=80.23
[step 620/5000] loss=1.9486 lr=2.919e-04 grad_norm=3.287 samples/s=80.08
[step 630/5000] loss=0.9597 lr=2.915e-04 grad_norm=2.132 samples/s=80.15
[step 640/5000] loss=1.3598 lr=2.912e-04 grad_norm=2.067 samples/s=79.80
[step 650/5000] loss=1.5740 lr=2.909e-04 grad_norm=3.398 samples/s=79.76
[step 660/5000] loss=1.2800 lr=2.906e-04 grad_norm=4.262 samples/s=79.67
[step 670/5000] loss=2.3364 lr=2.902e-04 grad_norm=5.256 samples/s=79.83
[step 680/5000] loss=1.3340 lr=2.899e-04 grad_norm=3.676 samples/s=79.56
[step 690/5000] loss=1.7702 lr=2.895e-04 grad_norm=2.730 samples/s=79.81
[step 700/5000] loss=1.1828 lr=2.892e-04 grad_norm=2.326 samples/s=79.49
[step 710/5000] loss=1.3325 lr=2.888e-04 grad_norm=3.797 samples/s=79.62
[step 720/5000] loss=1.3561 lr=2.885e-04 grad_norm=3.454 samples/s=79.47
[step 730/5000] loss=0.8732 lr=2.881e-04 grad_norm=2.824 samples/s=79.42
[step 740/5000] loss=0.7867 lr=2.877e-04 grad_norm=2.942 samples/s=79.27
[step 750/5000] loss=1.4052 lr=2.873e-04 grad_norm=3.176 samples/s=79.32
[val step 750] loss=1.435565107345581 m01={'mean': 0.4088780569230901, 'median': 0.4088558660896236, 'p95': 0.6777816423902041, 'tail_frac_gt4px': 8.196049504139005e-05, 'n_matched': 12201} m02={'12-16': 0.9140715109573241, '16-32': 0.9526783569541196, '32-64': 0.9451172378253028, '64-128': 0.9424778761061947} m04={'accuracy': 0.906073272682567, 'by_octave': {'12-16': 0.726813880126183, '16-32': 0.9392334846192637, '32-64': 0.9571973827699018, '64-128': 0.8943661971830986}} diag={'gate3_alpha_mean': 0.26531684398651123, 'gate3_alpha_min': 0.015380859375, 'gate3_alpha_max': 0.9580078125, 'gate3_alpha_std': 0.14916017651557922, 'gate3_alpha_p10': 0.08971405029296875, 'gate3_alpha_p50': 0.243408203125, 'gate3_alpha_p90': 0.46875, 'block0_attn_entropy': 7.102812767028809, 'block1_attn_entropy': 7.372750759124756}
[step 760/5000] loss=1.2782 lr=2.869e-04 grad_norm=1.902 samples/s=79.93
[step 770/5000] loss=1.0892 lr=2.865e-04 grad_norm=2.389 samples/s=80.54
[step 780/5000] loss=1.2582 lr=2.861e-04 grad_norm=2.105 samples/s=80.37
[step 790/5000] loss=2.0629 lr=2.857e-04 grad_norm=3.690 samples/s=80.58
[step 800/5000] loss=1.3385 lr=2.853e-04 grad_norm=2.049 samples/s=80.46
[step 810/5000] loss=2.2064 lr=2.849e-04 grad_norm=2.480 samples/s=80.50
[step 820/5000] loss=1.0102 lr=2.845e-04 grad_norm=3.729 samples/s=80.51
[step 830/5000] loss=1.0019 lr=2.841e-04 grad_norm=3.385 samples/s=80.52
[step 840/5000] loss=0.8574 lr=2.836e-04 grad_norm=2.994 samples/s=80.36
[step 850/5000] loss=1.7336 lr=2.832e-04 grad_norm=1.989 samples/s=80.41
[step 860/5000] loss=1.1664 lr=2.828e-04 grad_norm=2.479 samples/s=80.17
[step 870/5000] loss=1.6277 lr=2.823e-04 grad_norm=2.773 samples/s=80.23
[step 880/5000] loss=1.8592 lr=2.819e-04 grad_norm=5.349 samples/s=80.07
[step 890/5000] loss=0.9006 lr=2.814e-04 grad_norm=2.088 samples/s=80.19
[step 900/5000] loss=0.9385 lr=2.809e-04 grad_norm=2.285 samples/s=80.11
[step 910/5000] loss=1.0137 lr=2.805e-04 grad_norm=4.553 samples/s=80.25
[step 920/5000] loss=1.5350 lr=2.800e-04 grad_norm=2.747 samples/s=80.13
[step 930/5000] loss=1.1855 lr=2.795e-04 grad_norm=1.893 samples/s=80.26
[step 940/5000] loss=0.9773 lr=2.790e-04 grad_norm=3.043 samples/s=80.10
[step 950/5000] loss=0.5514 lr=2.785e-04 grad_norm=1.874 samples/s=80.15
[step 960/5000] loss=2.1796 lr=2.780e-04 grad_norm=3.385 samples/s=80.07
[step 970/5000] loss=1.5270 lr=2.775e-04 grad_norm=3.319 samples/s=80.16
[step 980/5000] loss=1.6220 lr=2.770e-04 grad_norm=4.132 samples/s=79.92
[step 990/5000] loss=0.8255 lr=2.765e-04 grad_norm=1.194 samples/s=79.92
[step 1000/5000] loss=0.8536 lr=2.760e-04 grad_norm=1.695 samples/s=79.83
[val step 1000] loss=1.379640528202057 m01={'mean': 0.409751038058163, 'median': 0.40949746500573564, 'p95': 0.6790052584888757, 'tail_frac_gt4px': 8.186655751125665e-05, 'n_matched': 12215} m02={'12-16': 0.9158016147635525, '16-32': 0.9538794138842182, '32-64': 0.9458902344756506, '64-128': 0.9434260429835651} m04={'accuracy': 0.9286942284076954, 'by_octave': {'12-16': 0.7751889168765743, '16-32': 0.9561823218332913, '32-64': 0.9667665486243531, '64-128': 0.9269681742043551}} diag={'gate3_alpha_mean': 0.264509379863739, 'gate3_alpha_min': 0.015045166015625, 'gate3_alpha_max': 0.95947265625, 'gate3_alpha_std': 0.15056242048740387, 'gate3_alpha_p10': 0.08807373046875, 'gate3_alpha_p50': 0.24169921875, 'gate3_alpha_p90': 0.46826171875, 'block0_attn_entropy': 7.0933685302734375, 'block1_attn_entropy': 7.43298864364624}
[step 1010/5000] loss=1.4395 lr=2.755e-04 grad_norm=2.441 samples/s=80.34
[step 1020/5000] loss=1.6756 lr=2.750e-04 grad_norm=4.182 samples/s=80.83
[step 1030/5000] loss=1.9760 lr=2.744e-04 grad_norm=3.042 samples/s=80.78
[step 1040/5000] loss=1.2320 lr=2.739e-04 grad_norm=3.997 samples/s=80.78
[step 1050/5000] loss=1.4432 lr=2.734e-04 grad_norm=2.053 samples/s=80.81
[step 1060/5000] loss=1.0486 lr=2.728e-04 grad_norm=2.047 samples/s=80.65
[step 1070/5000] loss=1.0770 lr=2.723e-04 grad_norm=2.263 samples/s=80.60
[step 1080/5000] loss=0.9121 lr=2.717e-04 grad_norm=2.246 samples/s=80.57
[step 1090/5000] loss=1.0057 lr=2.711e-04 grad_norm=3.522 samples/s=80.64
[step 1100/5000] loss=1.2817 lr=2.706e-04 grad_norm=2.657 samples/s=80.65
[step 1110/5000] loss=2.2379 lr=2.700e-04 grad_norm=5.561 samples/s=80.61
[step 1120/5000] loss=0.6658 lr=2.694e-04 grad_norm=2.100 samples/s=80.46
[step 1130/5000] loss=0.8680 lr=2.688e-04 grad_norm=2.128 samples/s=80.49
[step 1140/5000] loss=1.0144 lr=2.683e-04 grad_norm=5.357 samples/s=80.36
[step 1150/5000] loss=1.0166 lr=2.677e-04 grad_norm=1.794 samples/s=80.33
[step 1160/5000] loss=0.5341 lr=2.671e-04 grad_norm=1.380 samples/s=80.17
[step 1170/5000] loss=1.7180 lr=2.665e-04 grad_norm=3.036 samples/s=80.27
[step 1180/5000] loss=1.2473 lr=2.659e-04 grad_norm=3.260 samples/s=80.13
[step 1190/5000] loss=0.8355 lr=2.653e-04 grad_norm=2.039 samples/s=80.14
[step 1200/5000] loss=1.8737 lr=2.646e-04 grad_norm=2.834 samples/s=79.99
[step 1210/5000] loss=1.1734 lr=2.640e-04 grad_norm=2.135 samples/s=80.06
[step 1220/5000] loss=0.8167 lr=2.634e-04 grad_norm=2.590 samples/s=80.01
[step 1230/5000] loss=0.6997 lr=2.628e-04 grad_norm=1.445 samples/s=80.12
[step 1240/5000] loss=1.6398 lr=2.621e-04 grad_norm=3.559 samples/s=80.15
[step 1250/5000] loss=1.4390 lr=2.615e-04 grad_norm=2.878 samples/s=80.16
[val step 1250] loss=1.33836026096344 m01={'mean': 0.4087089824325885, 'median': 0.40888931756376584, 'p95': 0.6770474734531933, 'tail_frac_gt4px': 8.190679007289704e-05, 'n_matched': 12209} m02={'12-16': 0.9134948096885813, '16-32': 0.9533989911121787, '32-64': 0.9458902344756506, '64-128': 0.9434260429835651} m04={'accuracy': 0.9420099926283889, 'by_octave': {'12-16': 0.8207070707070707, '16-32': 0.964222726127488, '32-64': 0.9738490874421138, '64-128': 0.9376884422110553}} diag={'gate3_alpha_mean': 0.25568732619285583, 'gate3_alpha_min': 0.013849258422851562, 'gate3_alpha_max': 0.960205078125, 'gate3_alpha_std': 0.15010276436805725, 'gate3_alpha_p10': 0.08227463066577911, 'gate3_alpha_p50': 0.2310791015625, 'gate3_alpha_p90': 0.45849609375, 'block0_attn_entropy': 7.108335971832275, 'block1_attn_entropy': 7.430844783782959}
[step 1260/5000] loss=0.8063 lr=2.609e-04 grad_norm=1.393 samples/s=80.52
[step 1270/5000] loss=0.7860 lr=2.602e-04 grad_norm=1.281 samples/s=80.91
[step 1280/5000] loss=1.1432 lr=2.596e-04 grad_norm=3.077 samples/s=80.94
[step 1290/5000] loss=0.9364 lr=2.589e-04 grad_norm=1.737 samples/s=80.95
[step 1300/5000] loss=1.2944 lr=2.582e-04 grad_norm=2.256 samples/s=80.90
[step 1310/5000] loss=1.6124 lr=2.576e-04 grad_norm=2.009 samples/s=80.86
[step 1320/5000] loss=0.8601 lr=2.569e-04 grad_norm=2.479 samples/s=80.83
[step 1330/5000] loss=0.7037 lr=2.562e-04 grad_norm=1.189 samples/s=80.80
[step 1340/5000] loss=0.9586 lr=2.556e-04 grad_norm=3.163 samples/s=80.82
[step 1350/5000] loss=1.1290 lr=2.549e-04 grad_norm=1.690 samples/s=80.75
[step 1360/5000] loss=1.2187 lr=2.542e-04 grad_norm=2.563 samples/s=80.81
[step 1370/5000] loss=1.2653 lr=2.535e-04 grad_norm=2.128 samples/s=80.74
[step 1380/5000] loss=1.3741 lr=2.528e-04 grad_norm=2.284 samples/s=80.79
[step 1390/5000] loss=1.4110 lr=2.521e-04 grad_norm=2.901 samples/s=80.66
[step 1400/5000] loss=1.5384 lr=2.514e-04 grad_norm=3.594 samples/s=80.68
[step 1410/5000] loss=1.7273 lr=2.507e-04 grad_norm=3.264 samples/s=80.56
[step 1420/5000] loss=0.7365 lr=2.500e-04 grad_norm=2.024 samples/s=80.65
[step 1430/5000] loss=0.6853 lr=2.493e-04 grad_norm=1.915 samples/s=80.58
[step 1440/5000] loss=0.8618 lr=2.486e-04 grad_norm=1.372 samples/s=80.66
[step 1450/5000] loss=0.9770 lr=2.478e-04 grad_norm=1.759 samples/s=80.50
[step 1460/5000] loss=1.2521 lr=2.471e-04 grad_norm=2.186 samples/s=80.57
[step 1470/5000] loss=1.9924 lr=2.464e-04 grad_norm=3.460 samples/s=80.49
[step 1480/5000] loss=2.2997 lr=2.456e-04 grad_norm=3.745 samples/s=80.50
[step 1490/5000] loss=1.1546 lr=2.449e-04 grad_norm=1.489 samples/s=80.44
[step 1500/5000] loss=0.8404 lr=2.442e-04 grad_norm=2.110 samples/s=80.50
[val step 1500] loss=1.3170593614578248 m01={'mean': 0.40884305660743747, 'median': 0.40874247641102684, 'p95': 0.6752111114421231, 'tail_frac_gt4px': 0.00016390755613833797, 'n_matched': 12202} m02={'12-16': 0.9111880046136102, '16-32': 0.9533989911121787, '32-64': 0.9453749033754187, '64-128': 0.943109987357775} m04={'accuracy': 0.9482871660383544, 'by_octave': {'12-16': 0.8379746835443038, '16-32': 0.9649785840262031, '32-64': 0.9784682474788771, '64-128': 0.9473860589812333}} diag={'gate3_alpha_mean': 0.26338350772857666, 'gate3_alpha_min': 0.013608932495117188, 'gate3_alpha_max': 0.965576171875, 'gate3_alpha_std': 0.15146315097808838, 'gate3_alpha_p10': 0.085357666015625, 'gate3_alpha_p50': 0.2408447265625, 'gate3_alpha_p90': 0.466796875, 'block0_attn_entropy': 7.0946502685546875, 'block1_attn_entropy': 7.5139479637146}
[step 1510/5000] loss=1.1300 lr=2.434e-04 grad_norm=2.022 samples/s=80.82
[step 1520/5000] loss=0.7625 lr=2.427e-04 grad_norm=1.549 samples/s=81.15
[step 1530/5000] loss=1.6986 lr=2.419e-04 grad_norm=2.683 samples/s=81.17
[step 1540/5000] loss=1.4795 lr=2.412e-04 grad_norm=4.190 samples/s=81.18
[step 1550/5000] loss=1.0939 lr=2.404e-04 grad_norm=1.748 samples/s=81.09
[step 1560/5000] loss=2.2310 lr=2.396e-04 grad_norm=4.295 samples/s=81.14
[step 1570/5000] loss=1.4848 lr=2.389e-04 grad_norm=3.039 samples/s=81.02
[step 1580/5000] loss=1.2425 lr=2.381e-04 grad_norm=2.714 samples/s=81.02
[step 1590/5000] loss=1.7169 lr=2.373e-04 grad_norm=2.220 samples/s=80.93
[step 1600/5000] loss=0.8432 lr=2.365e-04 grad_norm=2.114 samples/s=81.01
[step 1610/5000] loss=1.7319 lr=2.358e-04 grad_norm=2.890 samples/s=80.95
[step 1620/5000] loss=0.9798 lr=2.350e-04 grad_norm=1.937 samples/s=81.00
[step 1630/5000] loss=1.5783 lr=2.342e-04 grad_norm=3.816 samples/s=80.96
[step 1640/5000] loss=1.4149 lr=2.334e-04 grad_norm=1.924 samples/s=80.92
[step 1650/5000] loss=0.9722 lr=2.326e-04 grad_norm=2.943 samples/s=80.84
[step 1660/5000] loss=0.8970 lr=2.318e-04 grad_norm=2.113 samples/s=80.73
[step 1670/5000] loss=1.6483 lr=2.310e-04 grad_norm=2.473 samples/s=80.80
[step 1680/5000] loss=1.0965 lr=2.302e-04 grad_norm=2.278 samples/s=80.82
[step 1690/5000] loss=0.7126 lr=2.294e-04 grad_norm=2.106 samples/s=80.75
[step 1700/5000] loss=1.2512 lr=2.286e-04 grad_norm=1.728 samples/s=80.84
[step 1710/5000] loss=1.5143 lr=2.277e-04 grad_norm=3.877 samples/s=80.68
[step 1720/5000] loss=1.2523 lr=2.269e-04 grad_norm=2.336 samples/s=80.74
[step 1730/5000] loss=0.5238 lr=2.261e-04 grad_norm=1.699 samples/s=80.69
[step 1740/5000] loss=1.2140 lr=2.253e-04 grad_norm=4.208 samples/s=80.69
[step 1750/5000] loss=0.8036 lr=2.245e-04 grad_norm=2.317 samples/s=80.55
[val step 1750] loss=1.3073707642555237 m01={'mean': 0.4088300532660917, 'median': 0.40874247641102684, 'p95': 0.6766347035603848, 'tail_frac_gt4px': 0.00016385384237260363, 'n_matched': 12206} m02={'12-16': 0.9146482122260668, '16-32': 0.9533989911121787, '32-64': 0.9461479000257665, '64-128': 0.9415297092288243} m04={'accuracy': 0.9520727511060134, 'by_octave': {'12-16': 0.8442622950819673, '16-32': 0.9680020156210632, '32-64': 0.9790305010893247, '64-128': 0.9550184625713327}} diag={'gate3_alpha_mean': 0.288488507270813, 'gate3_alpha_min': 0.01595306396484375, 'gate3_alpha_max': 0.97705078125, 'gate3_alpha_std': 0.15731514990329742, 'gate3_alpha_p10': 0.09942626953125, 'gate3_alpha_p50': 0.2685546875, 'gate3_alpha_p90': 0.4981803894042969, 'block0_attn_entropy': 7.098896026611328, 'block1_attn_entropy': 7.472395896911621}
[step 1760/5000] loss=0.8085 lr=2.236e-04 grad_norm=1.918 samples/s=80.81
[step 1770/5000] loss=1.1856 lr=2.228e-04 grad_norm=2.026 samples/s=81.08
[step 1780/5000] loss=0.9494 lr=2.220e-04 grad_norm=2.045 samples/s=81.05
[step 1790/5000] loss=1.2204 lr=2.211e-04 grad_norm=1.922 samples/s=81.05
[step 1800/5000] loss=1.3109 lr=2.203e-04 grad_norm=2.930 samples/s=80.99
[step 1810/5000] loss=1.5730 lr=2.194e-04 grad_norm=1.340 samples/s=81.05
[step 1820/5000] loss=1.2390 lr=2.186e-04 grad_norm=2.560 samples/s=80.96
[step 1830/5000] loss=1.1058 lr=2.177e-04 grad_norm=2.744 samples/s=81.02
[step 1840/5000] loss=1.1935 lr=2.169e-04 grad_norm=2.906 samples/s=80.94
[step 1850/5000] loss=1.4203 lr=2.160e-04 grad_norm=3.565 samples/s=81.03
[step 1860/5000] loss=1.0305 lr=2.152e-04 grad_norm=2.776 samples/s=80.94
[step 1870/5000] loss=0.6291 lr=2.143e-04 grad_norm=1.626 samples/s=81.00
[step 1880/5000] loss=1.0511 lr=2.134e-04 grad_norm=1.646 samples/s=80.97
[step 1890/5000] loss=2.3337 lr=2.126e-04 grad_norm=5.509 samples/s=81.00
[step 1900/5000] loss=1.8589 lr=2.117e-04 grad_norm=3.574 samples/s=80.97
[step 1910/5000] loss=0.7142 lr=2.108e-04 grad_norm=1.402 samples/s=81.01
[step 1920/5000] loss=1.1631 lr=2.100e-04 grad_norm=2.839 samples/s=80.94
[step 1930/5000] loss=1.2395 lr=2.091e-04 grad_norm=2.285 samples/s=80.99
[step 1940/5000] loss=1.2103 lr=2.082e-04 grad_norm=3.574 samples/s=80.90
[step 1950/5000] loss=1.2698 lr=2.073e-04 grad_norm=2.269 samples/s=80.95
[step 1960/5000] loss=1.3825 lr=2.064e-04 grad_norm=4.664 samples/s=80.90
[step 1970/5000] loss=1.0466 lr=2.055e-04 grad_norm=1.487 samples/s=80.95
[step 1980/5000] loss=1.2907 lr=2.047e-04 grad_norm=1.665 samples/s=80.90
[step 1990/5000] loss=1.1570 lr=2.038e-04 grad_norm=2.650 samples/s=80.91
[step 2000/5000] loss=1.0256 lr=2.029e-04 grad_norm=1.723 samples/s=80.78
[val step 2000] loss=1.296735043525696 m01={'mean': 0.40871328856530376, 'median': 0.40882578177069195, 'p95': 0.6769319862542966, 'tail_frac_gt4px': 8.192692118630181e-05, 'n_matched': 12206} m02={'12-16': 0.9146482122260668, '16-32': 0.9536392024981984, '32-64': 0.9456325689255347, '64-128': 0.9418457648546145} m04={'accuracy': 0.9560871702441422, 'by_octave': {'12-16': 0.849936948297604, '16-32': 0.9720403022670026, '32-64': 0.9806539509536785, '64-128': 0.9610738255033557}} diag={'gate3_alpha_mean': 0.2847444415092468, 'gate3_alpha_min': 0.017246246337890625, 'gate3_alpha_max': 0.97216796875, 'gate3_alpha_std': 0.15753352642059326, 'gate3_alpha_p10': 0.09664765000343323, 'gate3_alpha_p50': 0.2623291015625, 'gate3_alpha_p90': 0.499267578125, 'block0_attn_entropy': 7.092081069946289, 'block1_attn_entropy': 7.357365131378174}
[step 2010/5000] loss=1.2774 lr=2.020e-04 grad_norm=2.678 samples/s=81.02
[step 2020/5000] loss=0.6012 lr=2.011e-04 grad_norm=1.520 samples/s=81.25
[step 2030/5000] loss=1.0672 lr=2.002e-04 grad_norm=1.331 samples/s=81.22
[step 2040/5000] loss=0.6699 lr=1.993e-04 grad_norm=1.732 samples/s=81.27
[step 2050/5000] loss=1.7890 lr=1.984e-04 grad_norm=1.690 samples/s=81.15
[step 2060/5000] loss=1.3863 lr=1.975e-04 grad_norm=2.399 samples/s=81.17
[step 2070/5000] loss=0.8127 lr=1.966e-04 grad_norm=1.249 samples/s=81.08
[step 2080/5000] loss=1.5449 lr=1.957e-04 grad_norm=2.573 samples/s=81.09
[step 2090/5000] loss=1.3408 lr=1.948e-04 grad_norm=1.929 samples/s=81.01
[step 2100/5000] loss=1.3452 lr=1.938e-04 grad_norm=3.029 samples/s=81.07
[step 2110/5000] loss=2.1759 lr=1.929e-04 grad_norm=2.834 samples/s=81.02
[step 2120/5000] loss=1.2479 lr=1.920e-04 grad_norm=2.769 samples/s=81.06
[step 2130/5000] loss=1.1958 lr=1.911e-04 grad_norm=2.035 samples/s=80.94
[step 2140/5000] loss=1.8601 lr=1.902e-04 grad_norm=2.242 samples/s=80.96
[step 2150/5000] loss=1.2186 lr=1.893e-04 grad_norm=1.229 samples/s=80.81
[step 2160/5000] loss=0.8091 lr=1.883e-04 grad_norm=1.672 samples/s=80.86
[step 2170/5000] loss=0.7248 lr=1.874e-04 grad_norm=1.931 samples/s=80.75
[step 2180/5000] loss=1.7873 lr=1.865e-04 grad_norm=4.328 samples/s=80.74
[step 2190/5000] loss=1.0526 lr=1.856e-04 grad_norm=2.033 samples/s=80.69
[step 2200/5000] loss=2.2358 lr=1.846e-04 grad_norm=3.447 samples/s=80.75
[step 2210/5000] loss=1.8983 lr=1.837e-04 grad_norm=2.926 samples/s=80.68
[step 2220/5000] loss=0.8105 lr=1.828e-04 grad_norm=1.788 samples/s=80.71
[step 2230/5000] loss=1.3321 lr=1.818e-04 grad_norm=1.374 samples/s=80.65
[step 2240/5000] loss=1.3722 lr=1.809e-04 grad_norm=2.698 samples/s=80.71
[step 2250/5000] loss=1.6861 lr=1.800e-04 grad_norm=3.666 samples/s=80.68
[val step 2250] loss=1.2885431904792786 m01={'mean': 0.4081355589257187, 'median': 0.4088207511441335, 'p95': 0.6760350507910464, 'tail_frac_gt4px': 8.194706219782021e-05, 'n_matched': 12203} m02={'12-16': 0.9111880046136102, '16-32': 0.9541196252702379, '32-64': 0.9456325689255347, '64-128': 0.9421618204804045} m04={'accuracy': 0.9583708924035074, 'by_octave': {'12-16': 0.8607594936708861, '16-32': 0.9690332326283988, '32-64': 0.985558583106267, '64-128': 0.9624287151962428}} diag={'gate3_alpha_mean': 0.28058677911758423, 'gate3_alpha_min': 0.016681671142578125, 'gate3_alpha_max': 0.975830078125, 'gate3_alpha_std': 0.15586131811141968, 'gate3_alpha_p10': 0.093780517578125, 'gate3_alpha_p50': 0.25958251953125, 'gate3_alpha_p90': 0.490234375, 'block0_attn_entropy': 7.103494644165039, 'block1_attn_entropy': 7.402807712554932}
[step 2260/5000] loss=0.9908 lr=1.790e-04 grad_norm=1.675 samples/s=80.88
[step 2270/5000] loss=0.9403 lr=1.781e-04 grad_norm=2.504 samples/s=81.09
[step 2280/5000] loss=1.0641 lr=1.772e-04 grad_norm=2.611 samples/s=81.07
[step 2290/5000] loss=1.6759 lr=1.762e-04 grad_norm=2.278 samples/s=81.11
[step 2300/5000] loss=1.5131 lr=1.753e-04 grad_norm=3.311 samples/s=81.04
[step 2310/5000] loss=1.1632 lr=1.744e-04 grad_norm=1.951 samples/s=81.07
[step 2320/5000] loss=0.9327 lr=1.734e-04 grad_norm=1.922 samples/s=81.04
[step 2330/5000] loss=0.9509 lr=1.725e-04 grad_norm=2.042 samples/s=81.03
[step 2340/5000] loss=1.1381 lr=1.715e-04 grad_norm=2.409 samples/s=80.98
[step 2350/5000] loss=1.3723 lr=1.706e-04 grad_norm=2.267 samples/s=81.00
[step 2360/5000] loss=1.3401 lr=1.696e-04 grad_norm=2.194 samples/s=80.96
[step 2370/5000] loss=1.1099 lr=1.687e-04 grad_norm=1.739 samples/s=80.95
[step 2380/5000] loss=1.2995 lr=1.677e-04 grad_norm=2.770 samples/s=80.97
[step 2390/5000] loss=1.8271 lr=1.668e-04 grad_norm=2.121 samples/s=80.87
[step 2400/5000] loss=1.6535 lr=1.659e-04 grad_norm=3.346 samples/s=80.90
[step 2410/5000] loss=1.1502 lr=1.649e-04 grad_norm=1.645 samples/s=80.84
[step 2420/5000] loss=1.6600 lr=1.640e-04 grad_norm=1.628 samples/s=80.84
[step 2430/5000] loss=0.9616 lr=1.630e-04 grad_norm=1.296 samples/s=80.78
[step 2440/5000] loss=0.9151 lr=1.621e-04 grad_norm=1.951 samples/s=80.79
[step 2450/5000] loss=1.5052 lr=1.611e-04 grad_norm=2.620 samples/s=80.71
[step 2460/5000] loss=0.9183 lr=1.602e-04 grad_norm=2.493 samples/s=80.71
[step 2470/5000] loss=1.0106 lr=1.592e-04 grad_norm=1.905 samples/s=80.65
[step 2480/5000] loss=1.0887 lr=1.583e-04 grad_norm=1.902 samples/s=80.64
[step 2490/5000] loss=1.6002 lr=1.573e-04 grad_norm=5.487 samples/s=80.60
[step 2500/5000] loss=0.8775 lr=1.564e-04 grad_norm=1.655 samples/s=80.65
[val step 2500] loss=1.2826733217239379 m01={'mean': 0.40865958249565176, 'median': 0.4090522925122414, 'p95': 0.6766347035603848, 'tail_frac_gt4px': 8.192692118630181e-05, 'n_matched': 12206} m02={'12-16': 0.9111880046136102, '16-32': 0.9543598366562575, '32-64': 0.9458902344756506, '64-128': 0.9424778761061947} m04={'accuracy': 0.9604292970670162, 'by_octave': {'12-16': 0.8721518987341772, '16-32': 0.9695444248678581, '32-64': 0.9852901116861891, '64-128': 0.9644533869885983}} diag={'gate3_alpha_mean': 0.27875617146492004, 'gate3_alpha_min': 0.015522003173828125, 'gate3_alpha_max': 0.97802734375, 'gate3_alpha_std': 0.15533187985420227, 'gate3_alpha_p10': 0.093170166015625, 'gate3_alpha_p50': 0.2562255859375, 'gate3_alpha_p90': 0.48876953125, 'block0_attn_entropy': 7.082277297973633, 'block1_attn_entropy': 7.444216251373291}
[step 2510/5000] loss=0.8352 lr=1.554e-04 grad_norm=1.386 samples/s=80.83
[step 2520/5000] loss=0.7593 lr=1.545e-04 grad_norm=1.482 samples/s=81.03
[step 2530/5000] loss=0.8698 lr=1.535e-04 grad_norm=1.718 samples/s=81.02
[step 2540/5000] loss=1.6084 lr=1.525e-04 grad_norm=2.197 samples/s=81.03
[step 2550/5000] loss=0.8879 lr=1.516e-04 grad_norm=1.701 samples/s=80.96
[step 2560/5000] loss=0.8235 lr=1.506e-04 grad_norm=3.796 samples/s=80.95
[step 2570/5000] loss=0.7789 lr=1.497e-04 grad_norm=2.060 samples/s=80.92
[step 2580/5000] loss=1.3305 lr=1.487e-04 grad_norm=1.477 samples/s=80.97
[step 2590/5000] loss=1.2908 lr=1.478e-04 grad_norm=2.522 samples/s=80.96
[step 2600/5000] loss=1.1490 lr=1.468e-04 grad_norm=3.425 samples/s=81.07
[step 2610/5000] loss=1.1766 lr=1.459e-04 grad_norm=3.235 samples/s=81.04
[step 2620/5000] loss=1.7586 lr=1.449e-04 grad_norm=2.717 samples/s=81.08
[step 2630/5000] loss=1.2616 lr=1.440e-04 grad_norm=1.931 samples/s=81.02
[step 2640/5000] loss=0.8565 lr=1.430e-04 grad_norm=2.607 samples/s=81.05
[step 2650/5000] loss=0.6863 lr=1.421e-04 grad_norm=1.242 samples/s=80.92
[step 2660/5000] loss=1.0747 lr=1.411e-04 grad_norm=1.641 samples/s=80.95
[step 2670/5000] loss=1.6547 lr=1.402e-04 grad_norm=2.161 samples/s=80.92
[step 2680/5000] loss=1.2001 lr=1.392e-04 grad_norm=2.878 samples/s=80.98
[step 2690/5000] loss=1.5069 lr=1.383e-04 grad_norm=2.734 samples/s=80.93
[step 2700/5000] loss=1.1491 lr=1.373e-04 grad_norm=1.364 samples/s=80.88
[step 2710/5000] loss=0.9690 lr=1.364e-04 grad_norm=1.718 samples/s=80.85
[step 2720/5000] loss=2.2388 lr=1.354e-04 grad_norm=2.285 samples/s=80.86
[step 2730/5000] loss=1.6605 lr=1.345e-04 grad_norm=1.989 samples/s=80.79
[step 2740/5000] loss=0.8172 lr=1.335e-04 grad_norm=3.316 samples/s=80.84
[step 2750/5000] loss=0.8695 lr=1.326e-04 grad_norm=1.696 samples/s=80.78
[val step 2750] loss=1.2711808185577393 m01={'mean': 0.4081398403298778, 'median': 0.40864386144576836, 'p95': 0.6754740498355856, 'tail_frac_gt4px': 8.197393228953193e-05, 'n_matched': 12199} m02={'12-16': 0.9129181084198386, '16-32': 0.953158779726159, '32-64': 0.9446019067250708, '64-128': 0.9424778761061947} m04={'accuracy': 0.9629477826051316, 'by_octave': {'12-16': 0.8787113076437144, '16-32': 0.9715221774193549, '32-64': 0.986088379705401, '64-128': 0.9678068410462777}} diag={'gate3_alpha_mean': 0.2747434079647064, 'gate3_alpha_min': 0.014926910400390625, 'gate3_alpha_max': 0.9814453125, 'gate3_alpha_std': 0.15758872032165527, 'gate3_alpha_p10': 0.08929443359375, 'gate3_alpha_p50': 0.24969482421875, 'gate3_alpha_p90': 0.48828125, 'block0_attn_entropy': 7.075751304626465, 'block1_attn_entropy': 7.3368239402771}
[step 2760/5000] loss=0.9688 lr=1.317e-04 grad_norm=2.342 samples/s=80.98
[step 2770/5000] loss=1.0367 lr=1.307e-04 grad_norm=2.095 samples/s=81.15
[step 2780/5000] loss=1.2885 lr=1.298e-04 grad_norm=2.248 samples/s=81.08
[step 2790/5000] loss=0.7118 lr=1.288e-04 grad_norm=1.514 samples/s=81.09
[step 2800/5000] loss=1.2221 lr=1.279e-04 grad_norm=2.860 samples/s=81.04
[step 2810/5000] loss=0.9201 lr=1.270e-04 grad_norm=1.565 samples/s=81.06
[step 2820/5000] loss=0.6625 lr=1.260e-04 grad_norm=1.254 samples/s=81.05
[step 2830/5000] loss=1.6901 lr=1.251e-04 grad_norm=1.886 samples/s=81.02
[step 2840/5000] loss=1.2389 lr=1.241e-04 grad_norm=2.620 samples/s=81.01
[step 2850/5000] loss=1.1924 lr=1.232e-04 grad_norm=2.477 samples/s=80.97
[step 2860/5000] loss=0.7976 lr=1.223e-04 grad_norm=2.810 samples/s=80.94
[step 2870/5000] loss=1.3809 lr=1.213e-04 grad_norm=2.202 samples/s=80.94
[step 2880/5000] loss=0.8471 lr=1.204e-04 grad_norm=1.685 samples/s=80.95
[step 2890/5000] loss=0.9782 lr=1.195e-04 grad_norm=1.949 samples/s=80.93
[step 2900/5000] loss=1.2569 lr=1.185e-04 grad_norm=1.592 samples/s=80.87
[step 2910/5000] loss=0.9371 lr=1.176e-04 grad_norm=1.496 samples/s=80.89
[step 2920/5000] loss=1.0917 lr=1.167e-04 grad_norm=2.079 samples/s=80.83
[step 2930/5000] loss=0.8744 lr=1.158e-04 grad_norm=1.734 samples/s=80.85
[step 2940/5000] loss=1.0222 lr=1.148e-04 grad_norm=1.177 samples/s=80.80
[step 2950/5000] loss=0.7328 lr=1.139e-04 grad_norm=2.449 samples/s=80.77
[step 2960/5000] loss=1.2678 lr=1.130e-04 grad_norm=2.476 samples/s=80.78
[step 2970/5000] loss=0.8558 lr=1.121e-04 grad_norm=1.558 samples/s=80.72
[step 2980/5000] loss=0.8466 lr=1.112e-04 grad_norm=2.430 samples/s=80.69
[step 2990/5000] loss=1.5701 lr=1.103e-04 grad_norm=2.444 samples/s=80.63
[step 3000/5000] loss=0.7743 lr=1.093e-04 grad_norm=1.129 samples/s=80.65
[val step 3000] loss=1.268089946746826 m01={'mean': 0.40868610035086966, 'median': 0.4088558660896236, 'p95': 0.6761751080655126, 'tail_frac_gt4px': 8.198737394441256e-05, 'n_matched': 12197} m02={'12-16': 0.9123414071510957, '16-32': 0.953158779726159, '32-64': 0.9448595722751868, '64-128': 0.9418457648546145} m04={'accuracy': 0.9656472903172911, 'by_octave': {'12-16': 0.8811630847029077, '16-32': 0.9747983870967742, '32-64': 0.9874556858467413, '64-128': 0.9714765100671141}} diag={'gate3_alpha_mean': 0.2788923978805542, 'gate3_alpha_min': 0.016056060791015625, 'gate3_alpha_max': 0.978759765625, 'gate3_alpha_std': 0.15855176746845245, 'gate3_alpha_p10': 0.09148330986499786, 'gate3_alpha_p50': 0.2545166015625, 'gate3_alpha_p90': 0.495361328125, 'block0_attn_entropy': 7.06331729888916, 'block1_attn_entropy': 7.272976875305176}
[step 3010/5000] loss=1.0768 lr=1.084e-04 grad_norm=1.912 samples/s=80.80
[step 3020/5000] loss=0.9306 lr=1.075e-04 grad_norm=1.724 samples/s=80.98
[step 3030/5000] loss=1.4917 lr=1.066e-04 grad_norm=2.534 samples/s=80.93
[step 3040/5000] loss=0.7325 lr=1.057e-04 grad_norm=1.422 samples/s=80.88
[step 3050/5000] loss=1.0045 lr=1.048e-04 grad_norm=1.507 samples/s=80.83
[step 3060/5000] loss=1.3108 lr=1.039e-04 grad_norm=2.576 samples/s=80.85
[step 3070/5000] loss=1.0058 lr=1.030e-04 grad_norm=2.307 samples/s=80.74
[step 3080/5000] loss=1.2563 lr=1.021e-04 grad_norm=2.412 samples/s=80.78
[step 3090/5000] loss=1.0364 lr=1.012e-04 grad_norm=1.996 samples/s=80.73
[step 3100/5000] loss=0.6120 lr=1.003e-04 grad_norm=1.751 samples/s=80.78
[step 3110/5000] loss=1.1750 lr=9.941e-05 grad_norm=1.466 samples/s=80.73
[step 3120/5000] loss=1.2091 lr=9.852e-05 grad_norm=1.871 samples/s=80.77
[step 3130/5000] loss=1.5182 lr=9.763e-05 grad_norm=3.568 samples/s=80.70
[step 3140/5000] loss=1.4691 lr=9.674e-05 grad_norm=2.517 samples/s=80.68
[step 3150/5000] loss=0.8040 lr=9.586e-05 grad_norm=1.457 samples/s=80.61
[step 3160/5000] loss=1.2136 lr=9.498e-05 grad_norm=1.494 samples/s=80.65
[step 3170/5000] loss=1.0300 lr=9.410e-05 grad_norm=3.586 samples/s=80.59
[step 3180/5000] loss=1.5080 lr=9.322e-05 grad_norm=2.120 samples/s=80.62
[step 3190/5000] loss=1.0033 lr=9.235e-05 grad_norm=1.627 samples/s=80.58
[step 3200/5000] loss=0.9667 lr=9.148e-05 grad_norm=2.341 samples/s=80.62
[step 3210/5000] loss=1.1445 lr=9.061e-05 grad_norm=2.705 samples/s=80.58
[step 3220/5000] loss=1.1091 lr=8.974e-05 grad_norm=2.818 samples/s=80.62
[step 3230/5000] loss=1.1558 lr=8.888e-05 grad_norm=1.305 samples/s=80.59
[step 3240/5000] loss=2.2645 lr=8.801e-05 grad_norm=4.089 samples/s=80.60
[step 3250/5000] loss=1.6897 lr=8.715e-05 grad_norm=1.852 samples/s=80.55
[val step 3250] loss=1.2652423543930054 m01={'mean': 0.40839391205700154, 'median': 0.40864386144576836, 'p95': 0.6761737354669075, 'tail_frac_gt4px': 8.197393228953193e-05, 'n_matched': 12199} m02={'12-16': 0.9129181084198386, '16-32': 0.9536392024981984, '32-64': 0.944086575624839, '64-128': 0.9424778761061947} m04={'accuracy': 0.9661447659644233, 'by_octave': {'12-16': 0.8856601389766267, '16-32': 0.9753148614609571, '32-64': 0.9879912663755459, '64-128': 0.9698189134808853}} diag={'gate3_alpha_mean': 0.27988430857658386, 'gate3_alpha_min': 0.016307830810546875, 'gate3_alpha_max': 0.982421875, 'gate3_alpha_std': 0.15976905822753906, 'gate3_alpha_p10': 0.09168167412281036, 'gate3_alpha_p50': 0.25469970703125, 'gate3_alpha_p90': 0.49609375, 'block0_attn_entropy': 7.057334899902344, 'block1_attn_entropy': 7.3260908126831055}
[step 3260/5000] loss=0.8343 lr=8.630e-05 grad_norm=1.232 samples/s=80.69
[step 3270/5000] loss=0.9739 lr=8.544e-05 grad_norm=1.741 samples/s=80.84
[step 3280/5000] loss=1.7828 lr=8.459e-05 grad_norm=2.641 samples/s=80.82
[step 3290/5000] loss=1.3957 lr=8.374e-05 grad_norm=3.311 samples/s=80.80
[step 3300/5000] loss=1.1261 lr=8.290e-05 grad_norm=1.213 samples/s=80.76
[step 3310/5000] loss=0.7167 lr=8.205e-05 grad_norm=2.830 samples/s=80.78
[step 3320/5000] loss=1.0846 lr=8.121e-05 grad_norm=1.790 samples/s=80.78
[step 3330/5000] loss=1.6051 lr=8.038e-05 grad_norm=3.158 samples/s=80.73
[step 3340/5000] loss=0.9864 lr=7.954e-05 grad_norm=1.771 samples/s=80.74
[step 3350/5000] loss=1.4303 lr=7.871e-05 grad_norm=2.045 samples/s=80.73
[step 3360/5000] loss=1.4576 lr=7.788e-05 grad_norm=1.370 samples/s=80.74
[step 3370/5000] loss=0.9551 lr=7.706e-05 grad_norm=1.904 samples/s=80.70
[step 3380/5000] loss=1.4524 lr=7.624e-05 grad_norm=2.855 samples/s=80.67
[step 3390/5000] loss=0.8937 lr=7.542e-05 grad_norm=1.757 samples/s=80.65
[step 3400/5000] loss=2.0823 lr=7.460e-05 grad_norm=2.168 samples/s=80.66
[step 3410/5000] loss=0.7323 lr=7.379e-05 grad_norm=1.891 samples/s=80.65
[step 3420/5000] loss=1.1677 lr=7.298e-05 grad_norm=1.393 samples/s=80.63
[step 3430/5000] loss=1.0453 lr=7.217e-05 grad_norm=1.603 samples/s=80.57
[step 3440/5000] loss=0.9524 lr=7.137e-05 grad_norm=1.516 samples/s=80.58
[step 3450/5000] loss=0.8486 lr=7.057e-05 grad_norm=1.328 samples/s=80.56
[step 3460/5000] loss=0.8676 lr=6.977e-05 grad_norm=1.793 samples/s=80.56
[step 3470/5000] loss=2.1683 lr=6.898e-05 grad_norm=2.056 samples/s=80.52
[step 3480/5000] loss=0.7952 lr=6.819e-05 grad_norm=1.140 samples/s=80.53
[step 3490/5000] loss=0.8536 lr=6.740e-05 grad_norm=1.138 samples/s=80.48
[step 3500/5000] loss=1.5533 lr=6.662e-05 grad_norm=1.938 samples/s=80.50
[val step 3500] loss=1.2636758966445922 m01={'mean': 0.4084982357714219, 'median': 0.40869065728572457, 'p95': 0.6755311359782838, 'tail_frac_gt4px': 8.192692118630181e-05, 'n_matched': 12206} m02={'12-16': 0.9158016147635525, '16-32': 0.9526783569541196, '32-64': 0.9453749033754187, '64-128': 0.9427939317319848} m04={'accuracy': 0.9672292315254792, 'by_octave': {'12-16': 0.889168765743073, '16-32': 0.9770549672213817, '32-64': 0.9888252929953666, '64-128': 0.969158565202816}} diag={'gate3_alpha_mean': 0.2753138244152069, 'gate3_alpha_min': 0.015499114990234375, 'gate3_alpha_max': 0.984375, 'gate3_alpha_std': 0.15759001672267914, 'gate3_alpha_p10': 0.09013214707374573, 'gate3_alpha_p50': 0.2509765625, 'gate3_alpha_p90': 0.4858121871948242, 'block0_attn_entropy': 7.058187961578369, 'block1_attn_entropy': 7.341803550720215}
[step 3510/5000] loss=0.8887 lr=6.584e-05 grad_norm=1.299 samples/s=80.64
[step 3520/5000] loss=0.5264 lr=6.506e-05 grad_norm=0.878 samples/s=80.79
[step 3530/5000] loss=1.3630 lr=6.429e-05 grad_norm=1.411 samples/s=80.76
[step 3540/5000] loss=1.0282 lr=6.352e-05 grad_norm=1.146 samples/s=80.79
[step 3550/5000] loss=1.0209 lr=6.276e-05 grad_norm=1.911 samples/s=80.78
[step 3560/5000] loss=2.2306 lr=6.200e-05 grad_norm=2.891 samples/s=80.76
[step 3570/5000] loss=0.9130 lr=6.124e-05 grad_norm=3.727 samples/s=80.77
[step 3580/5000] loss=0.8552 lr=6.048e-05 grad_norm=1.621 samples/s=80.77
[step 3590/5000] loss=0.8939 lr=5.973e-05 grad_norm=1.886 samples/s=80.70
[step 3600/5000] loss=0.9234 lr=5.899e-05 grad_norm=2.346 samples/s=80.72
[step 3610/5000] loss=1.6495 lr=5.824e-05 grad_norm=2.642 samples/s=80.65
[step 3620/5000] loss=0.7803 lr=5.750e-05 grad_norm=1.331 samples/s=80.68
[step 3630/5000] loss=0.9793 lr=5.677e-05 grad_norm=1.846 samples/s=80.64
[step 3640/5000] loss=0.8052 lr=5.604e-05 grad_norm=1.422 samples/s=80.66
[step 3650/5000] loss=1.1764 lr=5.531e-05 grad_norm=2.709 samples/s=80.61
[step 3660/5000] loss=1.6197 lr=5.459e-05 grad_norm=2.293 samples/s=80.61
[step 3670/5000] loss=0.6864 lr=5.387e-05 grad_norm=3.235 samples/s=80.52
[step 3680/5000] loss=1.2637 lr=5.315e-05 grad_norm=1.681 samples/s=80.55
[step 3690/5000] loss=0.8836 lr=5.244e-05 grad_norm=1.976 samples/s=80.53
[step 3700/5000] loss=1.1576 lr=5.173e-05 grad_norm=1.655 samples/s=80.55
[step 3710/5000] loss=1.1735 lr=5.103e-05 grad_norm=1.849 samples/s=80.52
[step 3720/5000] loss=1.1131 lr=5.033e-05 grad_norm=2.954 samples/s=80.53
[step 3730/5000] loss=1.3672 lr=4.964e-05 grad_norm=1.717 samples/s=80.50
[step 3740/5000] loss=1.0612 lr=4.895e-05 grad_norm=1.435 samples/s=80.51
[step 3750/5000] loss=1.0485 lr=4.826e-05 grad_norm=1.493 samples/s=80.45
[val step 3750] loss=1.2609567084312439 m01={'mean': 0.4087268937974055, 'median': 0.4088558660896236, 'p95': 0.6771611061627177, 'tail_frac_gt4px': 8.194706219782021e-05, 'n_matched': 12203} m02={'12-16': 0.9163783160322952, '16-32': 0.9526783569541196, '32-64': 0.9451172378253028, '64-128': 0.9418457648546145} m04={'accuracy': 0.9677948045562567, 'by_octave': {'12-16': 0.8923851478917558, '16-32': 0.9750378214826021, '32-64': 0.9890948745910578, '64-128': 0.9721476510067114}} diag={'gate3_alpha_mean': 0.2716462314128876, 'gate3_alpha_min': 0.015338897705078125, 'gate3_alpha_max': 0.984130859375, 'gate3_alpha_std': 0.15728577971458435, 'gate3_alpha_p10': 0.0874481201171875, 'gate3_alpha_p50': 0.24700927734375, 'gate3_alpha_p90': 0.4830322265625, 'block0_attn_entropy': 7.066611289978027, 'block1_attn_entropy': 7.283299922943115}
[step 3760/5000] loss=0.7482 lr=4.758e-05 grad_norm=1.918 samples/s=80.58
[step 3770/5000] loss=0.6660 lr=4.690e-05 grad_norm=1.300 samples/s=80.71
[step 3780/5000] loss=2.2691 lr=4.623e-05 grad_norm=2.561 samples/s=80.70
[step 3790/5000] loss=0.8289 lr=4.556e-05 grad_norm=2.036 samples/s=80.69
[step 3800/5000] loss=1.5506 lr=4.489e-05 grad_norm=2.297 samples/s=80.65
[step 3810/5000] loss=1.3357 lr=4.423e-05 grad_norm=1.933 samples/s=80.67
[step 3820/5000] loss=1.3905 lr=4.357e-05 grad_norm=2.210 samples/s=80.63
[step 3830/5000] loss=1.5116 lr=4.292e-05 grad_norm=2.242 samples/s=80.63
[step 3840/5000] loss=0.9842 lr=4.228e-05 grad_norm=1.840 samples/s=80.60
[step 3850/5000] loss=0.8870 lr=4.163e-05 grad_norm=1.572 samples/s=80.60
[step 3860/5000] loss=1.0350 lr=4.099e-05 grad_norm=2.111 samples/s=80.56
[step 3870/5000] loss=2.1173 lr=4.036e-05 grad_norm=3.598 samples/s=80.57
[step 3880/5000] loss=0.7966 lr=3.973e-05 grad_norm=2.050 samples/s=80.54
[step 3890/5000] loss=0.7309 lr=3.911e-05 grad_norm=2.561 samples/s=80.57
[step 3900/5000] loss=0.6825 lr=3.849e-05 grad_norm=1.592 samples/s=80.56
[step 3910/5000] loss=0.8335 lr=3.787e-05 grad_norm=1.642 samples/s=80.55
[step 3920/5000] loss=1.8354 lr=3.726e-05 grad_norm=3.428 samples/s=80.54
[step 3930/5000] loss=1.0281 lr=3.666e-05 grad_norm=1.240 samples/s=80.51
[step 3940/5000] loss=1.6288 lr=3.605e-05 grad_norm=2.299 samples/s=80.52
[step 3950/5000] loss=0.7668 lr=3.546e-05 grad_norm=1.861 samples/s=80.49
[step 3960/5000] loss=1.2558 lr=3.487e-05 grad_norm=2.044 samples/s=80.50
[step 3970/5000] loss=1.1842 lr=3.428e-05 grad_norm=2.639 samples/s=80.46
[step 3980/5000] loss=1.1261 lr=3.370e-05 grad_norm=2.848 samples/s=80.49
[step 3990/5000] loss=0.8318 lr=3.312e-05 grad_norm=2.180 samples/s=80.43
[step 4000/5000] loss=1.1500 lr=3.255e-05 grad_norm=2.812 samples/s=80.41
[val step 4000] loss=1.2555792202949525 m01={'mean': 0.4087059193363116, 'median': 0.40886697895715307, 'p95': 0.6772045460103557, 'tail_frac_gt4px': 8.195377806916898e-05, 'n_matched': 12202} m02={'12-16': 0.9152249134948097, '16-32': 0.9526783569541196, '32-64': 0.9451172378253028, '64-128': 0.9421618204804045} m04={'accuracy': 0.9686936567775775, 'by_octave': {'12-16': 0.8966603654694392, '16-32': 0.9770549672213817, '32-64': 0.9885496183206107, '64-128': 0.9714860784971486}} diag={'gate3_alpha_mean': 0.2708286643028259, 'gate3_alpha_min': 0.01531219482421875, 'gate3_alpha_max': 0.984130859375, 'gate3_alpha_std': 0.15805485844612122, 'gate3_alpha_p10': 0.0865478515625, 'gate3_alpha_p50': 0.24481201171875, 'gate3_alpha_p90': 0.4853515625, 'block0_attn_entropy': 7.061145782470703, 'block1_attn_entropy': 7.321106910705566}
[step 4010/5000] loss=1.2623 lr=3.198e-05 grad_norm=2.317 samples/s=80.53
[step 4020/5000] loss=1.0204 lr=3.142e-05 grad_norm=1.819 samples/s=80.64
[step 4030/5000] loss=1.1839 lr=3.086e-05 grad_norm=3.731 samples/s=80.65
[step 4040/5000] loss=0.9791 lr=3.031e-05 grad_norm=3.121 samples/s=80.67
[step 4050/5000] loss=1.1003 lr=2.976e-05 grad_norm=1.771 samples/s=80.60
[step 4060/5000] loss=1.2435 lr=2.922e-05 grad_norm=2.184 samples/s=80.61
[step 4070/5000] loss=1.1631 lr=2.868e-05 grad_norm=1.297 samples/s=80.58
[step 4080/5000] loss=0.9303 lr=2.815e-05 grad_norm=2.126 samples/s=80.57
[step 4090/5000] loss=1.3997 lr=2.762e-05 grad_norm=1.571 samples/s=80.54
[step 4100/5000] loss=1.9365 lr=2.710e-05 grad_norm=2.060 samples/s=80.56
[step 4110/5000] loss=1.6377 lr=2.658e-05 grad_norm=2.736 samples/s=80.51
[step 4120/5000] loss=1.2657 lr=2.607e-05 grad_norm=2.174 samples/s=80.52
[step 4130/5000] loss=1.5288 lr=2.556e-05 grad_norm=1.812 samples/s=80.51
[step 4140/5000] loss=1.0716 lr=2.506e-05 grad_norm=2.295 samples/s=80.52
[step 4150/5000] loss=1.0715 lr=2.456e-05 grad_norm=2.975 samples/s=80.48
[step 4160/5000] loss=1.2488 lr=2.407e-05 grad_norm=1.754 samples/s=80.49
[step 4170/5000] loss=0.9494 lr=2.358e-05 grad_norm=1.785 samples/s=80.42
[step 4180/5000] loss=1.2379 lr=2.310e-05 grad_norm=1.463 samples/s=80.45
[step 4190/5000] loss=0.6998 lr=2.263e-05 grad_norm=1.034 samples/s=80.39
[step 4200/5000] loss=0.9589 lr=2.216e-05 grad_norm=2.871 samples/s=80.40
[step 4210/5000] loss=0.9511 lr=2.169e-05 grad_norm=1.408 samples/s=80.34
[step 4220/5000] loss=1.6500 lr=2.123e-05 grad_norm=2.471 samples/s=80.32
[step 4230/5000] loss=1.1663 lr=2.078e-05 grad_norm=1.607 samples/s=80.24
[step 4240/5000] loss=1.7520 lr=2.033e-05 grad_norm=2.968 samples/s=80.25
[step 4250/5000] loss=1.3856 lr=1.988e-05 grad_norm=3.832 samples/s=80.22
[val step 4250] loss=1.2545939817428589 m01={'mean': 0.40862061519683035, 'median': 0.4088217158770179, 'p95': 0.6767951237782814, 'tail_frac_gt4px': 8.195377806916898e-05, 'n_matched': 12202} m02={'12-16': 0.9146482122260668, '16-32': 0.9529185683401393, '32-64': 0.9448595722751868, '64-128': 0.9424778761061947} m04={'accuracy': 0.9686936567775775, 'by_octave': {'12-16': 0.8965952080706179, '16-32': 0.976556591883035, '32-64': 0.988273793291519, '64-128': 0.9725016767270288}} diag={'gate3_alpha_mean': 0.27472031116485596, 'gate3_alpha_min': 0.015460968017578125, 'gate3_alpha_max': 0.988037109375, 'gate3_alpha_std': 0.15933458507061005, 'gate3_alpha_p10': 0.088165283203125, 'gate3_alpha_p50': 0.24908447265625, 'gate3_alpha_p90': 0.4901123046875, 'block0_attn_entropy': 7.060061931610107, 'block1_attn_entropy': 7.336432456970215}
[step 4260/5000] loss=1.3145 lr=1.945e-05 grad_norm=1.588 samples/s=80.33
[step 4270/5000] loss=0.8830 lr=1.901e-05 grad_norm=2.306 samples/s=80.44
[step 4280/5000] loss=1.8374 lr=1.859e-05 grad_norm=1.571 samples/s=80.45
[step 4290/5000] loss=1.2185 lr=1.816e-05 grad_norm=2.841 samples/s=80.45
[step 4300/5000] loss=1.4489 lr=1.775e-05 grad_norm=2.686 samples/s=80.44
[step 4310/5000] loss=1.2981 lr=1.734e-05 grad_norm=2.770 samples/s=80.43
[step 4320/5000] loss=1.3519 lr=1.693e-05 grad_norm=1.751 samples/s=80.41
[step 4330/5000] loss=1.4474 lr=1.653e-05 grad_norm=4.033 samples/s=80.39
[step 4340/5000] loss=0.9205 lr=1.614e-05 grad_norm=1.366 samples/s=80.37
[step 4350/5000] loss=1.1507 lr=1.575e-05 grad_norm=2.249 samples/s=80.37
[step 4360/5000] loss=0.7131 lr=1.537e-05 grad_norm=1.727 samples/s=80.36
[step 4370/5000] loss=1.2168 lr=1.499e-05 grad_norm=1.986 samples/s=80.33
[step 4380/5000] loss=0.7576 lr=1.462e-05 grad_norm=1.862 samples/s=80.28
[step 4390/5000] loss=0.9832 lr=1.425e-05 grad_norm=1.725 samples/s=80.31
[step 4400/5000] loss=1.1089 lr=1.389e-05 grad_norm=2.117 samples/s=80.25
[step 4410/5000] loss=1.1040 lr=1.353e-05 grad_norm=3.484 samples/s=80.22
[step 4420/5000] loss=0.8109 lr=1.318e-05 grad_norm=2.421 samples/s=80.20
[step 4430/5000] loss=1.1914 lr=1.284e-05 grad_norm=1.800 samples/s=80.22
[step 4440/5000] loss=0.4825 lr=1.250e-05 grad_norm=1.238 samples/s=80.19
[step 4450/5000] loss=1.0156 lr=1.217e-05 grad_norm=1.695 samples/s=80.21
[step 4460/5000] loss=1.2773 lr=1.184e-05 grad_norm=2.637 samples/s=80.21
[step 4470/5000] loss=1.8695 lr=1.152e-05 grad_norm=2.009 samples/s=80.21
[step 4480/5000] loss=0.7553 lr=1.121e-05 grad_norm=1.197 samples/s=80.15
[step 4490/5000] loss=1.8788 lr=1.090e-05 grad_norm=2.955 samples/s=80.15
[step 4500/5000] loss=0.7939 lr=1.060e-05 grad_norm=1.138 samples/s=80.12
[val step 4500] loss=1.2541117796897887 m01={'mean': 0.4087366253469106, 'median': 0.40882578177069195, 'p95': 0.6769666990482109, 'tail_frac_gt4px': 8.195377806916898e-05, 'n_matched': 12202} m02={'12-16': 0.9146482122260668, '16-32': 0.953158779726159, '32-64': 0.9453749033754187, '64-128': 0.9415297092288243} m04={'accuracy': 0.9686117029995083, 'by_octave': {'12-16': 0.8997477931904161, '16-32': 0.9747983870967742, '32-64': 0.9893704006541292, '64-128': 0.9714669352131587}} diag={'gate3_alpha_mean': 0.2743625044822693, 'gate3_alpha_min': 0.01554107666015625, 'gate3_alpha_max': 0.98828125, 'gate3_alpha_std': 0.1594335436820984, 'gate3_alpha_p10': 0.088043212890625, 'gate3_alpha_p50': 0.24859619140625, 'gate3_alpha_p90': 0.4892578125, 'block0_attn_entropy': 7.056329727172852, 'block1_attn_entropy': 7.344812393188477}
[step 4510/5000] loss=1.3268 lr=1.030e-05 grad_norm=2.096 samples/s=80.22
[step 4520/5000] loss=0.8925 lr=1.001e-05 grad_norm=1.477 samples/s=80.33
[step 4530/5000] loss=0.8510 lr=9.720e-06 grad_norm=1.291 samples/s=80.33
[step 4540/5000] loss=1.4458 lr=9.439e-06 grad_norm=3.544 samples/s=80.30
[step 4550/5000] loss=1.9667 lr=9.165e-06 grad_norm=3.171 samples/s=80.33
[step 4560/5000] loss=0.6112 lr=8.896e-06 grad_norm=2.846 samples/s=80.29
[step 4570/5000] loss=0.8796 lr=8.634e-06 grad_norm=1.663 samples/s=80.30
[step 4580/5000] loss=1.4977 lr=8.377e-06 grad_norm=4.187 samples/s=80.24
[step 4590/5000] loss=1.1019 lr=8.126e-06 grad_norm=2.577 samples/s=80.25
[step 4600/5000] loss=2.2607 lr=7.881e-06 grad_norm=4.062 samples/s=80.24
[step 4610/5000] loss=1.3346 lr=7.642e-06 grad_norm=3.136 samples/s=80.22
[step 4620/5000] loss=1.4472 lr=7.409e-06 grad_norm=2.201 samples/s=80.19
[step 4630/5000] loss=1.1716 lr=7.181e-06 grad_norm=1.936 samples/s=80.20
[step 4640/5000] loss=1.2755 lr=6.960e-06 grad_norm=1.558 samples/s=80.17
[step 4650/5000] loss=0.8016 lr=6.744e-06 grad_norm=1.431 samples/s=80.19
[step 4660/5000] loss=0.6446 lr=6.535e-06 grad_norm=1.583 samples/s=80.15
[step 4670/5000] loss=1.6540 lr=6.331e-06 grad_norm=2.371 samples/s=80.17
[step 4680/5000] loss=0.7457 lr=6.134e-06 grad_norm=1.649 samples/s=80.11
[step 4690/5000] loss=1.2117 lr=5.942e-06 grad_norm=2.212 samples/s=80.13
[step 4700/5000] loss=0.5520 lr=5.757e-06 grad_norm=1.315 samples/s=80.10
[step 4710/5000] loss=1.0357 lr=5.577e-06 grad_norm=3.532 samples/s=80.10
[step 4720/5000] loss=1.4407 lr=5.403e-06 grad_norm=1.713 samples/s=80.06
[step 4730/5000] loss=1.0649 lr=5.236e-06 grad_norm=3.210 samples/s=80.06
[step 4740/5000] loss=0.9800 lr=5.074e-06 grad_norm=2.285 samples/s=80.03
[step 4750/5000] loss=1.7085 lr=4.919e-06 grad_norm=1.474 samples/s=80.05
[val step 4750] loss=1.2547102994918824 m01={'mean': 0.4085531828239749, 'median': 0.40869065728572457, 'p95': 0.676674712799237, 'tail_frac_gt4px': 8.19672131147541e-05, 'n_matched': 12200} m02={'12-16': 0.9146482122260668, '16-32': 0.953158779726159, '32-64': 0.9451172378253028, '64-128': 0.9412136536030341} m04={'accuracy': 0.9683606557377049, 'by_octave': {'12-16': 0.8984867591424969, '16-32': 0.9758064516129032, '32-64': 0.9877317339149401, '64-128': 0.9717931497649429}} diag={'gate3_alpha_mean': 0.2718379497528076, 'gate3_alpha_min': 0.015146255493164062, 'gate3_alpha_max': 0.989013671875, 'gate3_alpha_std': 0.15887296199798584, 'gate3_alpha_p10': 0.08695144951343536, 'gate3_alpha_p50': 0.2457275390625, 'gate3_alpha_p90': 0.4857177734375, 'block0_attn_entropy': 7.056364059448242, 'block1_attn_entropy': 7.359755992889404}
[step 4760/5000] loss=1.1593 lr=4.769e-06 grad_norm=3.632 samples/s=80.15
[step 4770/5000] loss=0.8154 lr=4.626e-06 grad_norm=1.288 samples/s=80.24
[step 4780/5000] loss=1.6887 lr=4.488e-06 grad_norm=2.960 samples/s=80.23
[step 4790/5000] loss=1.4046 lr=4.357e-06 grad_norm=2.445 samples/s=80.24
[step 4800/5000] loss=0.9581 lr=4.231e-06 grad_norm=1.905 samples/s=80.22
[step 4810/5000] loss=1.0864 lr=4.112e-06 grad_norm=1.431 samples/s=80.23
[step 4820/5000] loss=1.4903 lr=3.999e-06 grad_norm=2.037 samples/s=80.19
[step 4830/5000] loss=1.3102 lr=3.892e-06 grad_norm=2.777 samples/s=80.19
[step 4840/5000] loss=1.1085 lr=3.790e-06 grad_norm=2.639 samples/s=80.19
[step 4850/5000] loss=0.7447 lr=3.695e-06 grad_norm=1.240 samples/s=80.15
[step 4860/5000] loss=1.0408 lr=3.606e-06 grad_norm=1.811 samples/s=80.15
[step 4870/5000] loss=0.7796 lr=3.523e-06 grad_norm=2.239 samples/s=80.12
[step 4880/5000] loss=0.9253 lr=3.447e-06 grad_norm=1.753 samples/s=80.13
[step 4890/5000] loss=1.9126 lr=3.376e-06 grad_norm=2.281 samples/s=80.11
[step 4900/5000] loss=1.1776 lr=3.311e-06 grad_norm=3.201 samples/s=80.12
[step 4910/5000] loss=0.9946 lr=3.253e-06 grad_norm=1.462 samples/s=80.09
[step 4920/5000] loss=0.8127 lr=3.200e-06 grad_norm=1.635 samples/s=80.09
[step 4930/5000] loss=1.3362 lr=3.154e-06 grad_norm=2.250 samples/s=80.05
[step 4940/5000] loss=1.3042 lr=3.114e-06 grad_norm=2.282 samples/s=80.02
[step 4950/5000] loss=1.1333 lr=3.079e-06 grad_norm=3.140 samples/s=80.00
[step 4960/5000] loss=0.6561 lr=3.051e-06 grad_norm=2.062 samples/s=80.00
[step 4970/5000] loss=1.0315 lr=3.029e-06 grad_norm=1.819 samples/s=79.97
[step 4980/5000] loss=1.2843 lr=3.013e-06 grad_norm=2.217 samples/s=80.00
[step 4990/5000] loss=0.8006 lr=3.004e-06 grad_norm=1.585 samples/s=79.95
[step 5000/5000] loss=1.3924 lr=3.000e-06 grad_norm=2.510 samples/s=79.98
[val step 5000] loss=1.253698091506958 m01={'mean': 0.40857515473242983, 'median': 0.4087474996963729, 'p95': 0.6769233080558179, 'tail_frac_gt4px': 8.192020971573687e-05, 'n_matched': 12207} m02={'12-16': 0.9152249134948097, '16-32': 0.9533989911121787, '32-64': 0.9456325689255347, '64-128': 0.9421618204804045} m04={'accuracy': 0.9684607192594413, 'by_octave': {'12-16': 0.8966603654694392, '16-32': 0.9765684051398337, '32-64': 0.9888283378746594, '64-128': 0.9708151626970816}} diag={'gate3_alpha_mean': 0.27248603105545044, 'gate3_alpha_min': 0.015146255493164062, 'gate3_alpha_max': 0.98828125, 'gate3_alpha_std': 0.1586230993270874, 'gate3_alpha_p10': 0.08749313652515411, 'gate3_alpha_p50': 0.2466583251953125, 'gate3_alpha_p90': 0.48583984375, 'block0_attn_entropy': 7.056208610534668, 'block1_attn_entropy': 7.362590312957764}
[FULL val step 5000] loss=1.1647338314056397 m01={'mean': 0.40617740018428516, 'median': 0.4061744820849159, 'p95': 0.6736147456614842, 'tail_frac_gt4px': 5.651542063620216e-05, 'n_matched': 123860} m02={'12-16': 0.9179709492174305, '16-32': 0.9388519036224502, '32-64': 0.9543180721667809, '64-128': 0.9561696496092765} m04={'accuracy': 0.9710318101081866, 'by_octave': {'12-16': 0.9058570990493714, '16-32': 0.9773140203896235, '32-64': 0.9882922675749028, '64-128': 0.9764705882352941}}
[train_detector] wrote checkpoint runs/ft14_head_bneck_hm_lr1/ckpt_0005000.pt
[train_detector] done: step=5000 train_elapsed=2000.6s val_elapsed=459.8s samples/s=79.97
