[train_detector] finetune from runs/mb3_base_30k/ckpt_0030000.pt (step 30000): 191,890 of 882,402 params trainable, lr_mult={'gate3.*': 1.0, 'd3.*': 1.0, 'd2.*': 1.0, 'd1.*': 1.0, 'hm.*': 1.0, 'cls.*': 1.0}, reinit=[]
[train_detector] stream_seed=2100000 resume_count=0 start_step=0
[step 1/5000] loss=4.8021 lr=0.000e+00 grad_norm=11.971 samples/s=7.28
[step 2/5000] loss=4.9529 lr=3.000e-06 grad_norm=10.914 samples/s=14.26
[step 3/5000] loss=6.7799 lr=6.000e-06 grad_norm=12.535 samples/s=20.96
[step 4/5000] loss=5.7671 lr=9.000e-06 grad_norm=13.486 samples/s=27.39
[step 5/5000] loss=4.5186 lr=1.200e-05 grad_norm=9.993 samples/s=28.26
[step 6/5000] loss=5.8639 lr=1.500e-05 grad_norm=13.487 samples/s=33.09
[step 7/5000] loss=3.9402 lr=1.800e-05 grad_norm=9.050 samples/s=37.66
[step 8/5000] loss=4.4015 lr=2.100e-05 grad_norm=10.406 samples/s=42.39
[step 9/5000] loss=4.9884 lr=2.400e-05 grad_norm=11.965 samples/s=37.34
[step 10/5000] loss=5.3819 lr=2.700e-05 grad_norm=10.791 samples/s=40.85
[step 20/5000] loss=3.6452 lr=5.700e-05 grad_norm=8.649 samples/s=51.98
[step 30/5000] loss=3.9118 lr=8.700e-05 grad_norm=8.216 samples/s=55.08
[step 40/5000] loss=3.6169 lr=1.170e-04 grad_norm=7.640 samples/s=59.96
[step 50/5000] loss=3.5786 lr=1.470e-04 grad_norm=5.053 samples/s=59.96
[step 60/5000] loss=3.3232 lr=1.770e-04 grad_norm=6.889 samples/s=62.87
[step 70/5000] loss=2.3540 lr=2.070e-04 grad_norm=5.767 samples/s=63.07
[step 80/5000] loss=2.3138 lr=2.370e-04 grad_norm=6.149 samples/s=65.48
[step 90/5000] loss=2.7700 lr=2.670e-04 grad_norm=4.935 samples/s=66.13
[step 100/5000] loss=2.6641 lr=2.970e-04 grad_norm=8.267 samples/s=67.30
[step 110/5000] loss=2.1713 lr=3.000e-04 grad_norm=3.788 samples/s=67.41
[step 120/5000] loss=2.4928 lr=3.000e-04 grad_norm=3.459 samples/s=68.08
[step 130/5000] loss=2.2774 lr=3.000e-04 grad_norm=5.917 samples/s=68.44
[step 140/5000] loss=2.7646 lr=3.000e-04 grad_norm=4.224 samples/s=69.03
[step 150/5000] loss=2.5567 lr=2.999e-04 grad_norm=6.783 samples/s=68.27
[step 160/5000] loss=2.5525 lr=2.999e-04 grad_norm=6.679 samples/s=69.46
[step 170/5000] loss=2.6142 lr=2.999e-04 grad_norm=3.890 samples/s=69.86
[step 180/5000] loss=2.4283 lr=2.998e-04 grad_norm=4.241 samples/s=70.43
[step 190/5000] loss=2.3113 lr=2.998e-04 grad_norm=5.704 samples/s=70.76
[step 200/5000] loss=3.1706 lr=2.997e-04 grad_norm=4.555 samples/s=70.97
[step 210/5000] loss=3.0157 lr=2.996e-04 grad_norm=6.334 samples/s=71.49
[step 220/5000] loss=2.0151 lr=2.996e-04 grad_norm=5.220 samples/s=70.82
[step 230/5000] loss=2.8102 lr=2.995e-04 grad_norm=4.795 samples/s=71.65
[step 240/5000] loss=1.9592 lr=2.994e-04 grad_norm=3.661 samples/s=71.12
[step 250/5000] loss=2.4019 lr=2.993e-04 grad_norm=7.940 samples/s=71.40
[val step 250] loss=2.5618238468170165 m01={'mean': 0.4182782518581037, 'median': 0.412560421360395, 'p95': 0.7089652441916175, 'tail_frac_gt4px': 0.0001654670306941342, 'n_matched': 12087} m02={'12-16': 0.9042675893886967, '16-32': 0.9481143406197454, '32-64': 0.9363566091213604, '64-128': 0.9285714285714286} m04={'accuracy': 0.3063622073301895, 'by_octave': {'12-16': 0.288265306122449, '16-32': 0.3430453508994173, '32-64': 0.2892129884424876, '64-128': 0.28795098706603134}} diag={'gate3_alpha_mean': 0.49052003026008606, 'gate3_alpha_min': 0.0657501220703125, 'gate3_alpha_max': 0.9814453125, 'gate3_alpha_std': 0.1857861876487732, 'gate3_alpha_p10': 0.2376708984375, 'gate3_alpha_p50': 0.49365234375, 'gate3_alpha_p90': 0.7445068359375, 'block0_attn_entropy': 7.5140790939331055, 'block1_attn_entropy': 7.106164932250977}
[step 260/5000] loss=2.5979 lr=2.992e-04 grad_norm=4.322 samples/s=73.52
[step 270/5000] loss=2.6793 lr=2.991e-04 grad_norm=6.794 samples/s=75.33
[step 280/5000] loss=3.0098 lr=2.990e-04 grad_norm=3.636 samples/s=74.27
[step 290/5000] loss=2.1734 lr=2.989e-04 grad_norm=5.034 samples/s=74.60
[step 300/5000] loss=2.5943 lr=2.988e-04 grad_norm=4.538 samples/s=74.51
[step 310/5000] loss=2.2794 lr=2.987e-04 grad_norm=5.762 samples/s=74.73
[step 320/5000] loss=1.9400 lr=2.985e-04 grad_norm=5.309 samples/s=74.12
[step 330/5000] loss=2.5211 lr=2.984e-04 grad_norm=4.766 samples/s=74.21
[step 340/5000] loss=2.3408 lr=2.983e-04 grad_norm=5.175 samples/s=74.20
[step 350/5000] loss=2.6105 lr=2.981e-04 grad_norm=4.421 samples/s=74.23
[step 360/5000] loss=1.8898 lr=2.980e-04 grad_norm=5.249 samples/s=73.81
[step 370/5000] loss=2.1045 lr=2.978e-04 grad_norm=3.828 samples/s=74.31
[step 380/5000] loss=2.1581 lr=2.976e-04 grad_norm=5.810 samples/s=74.38
[step 390/5000] loss=2.3311 lr=2.975e-04 grad_norm=5.580 samples/s=74.59
[step 400/5000] loss=1.9795 lr=2.973e-04 grad_norm=3.742 samples/s=74.28
[step 410/5000] loss=2.6072 lr=2.971e-04 grad_norm=5.885 samples/s=74.39
[step 420/5000] loss=2.0800 lr=2.969e-04 grad_norm=3.561 samples/s=74.30
[step 430/5000] loss=2.1894 lr=2.967e-04 grad_norm=5.070 samples/s=74.42
[step 440/5000] loss=3.0695 lr=2.965e-04 grad_norm=5.609 samples/s=73.70
[step 450/5000] loss=2.7100 lr=2.963e-04 grad_norm=3.605 samples/s=74.03
[step 460/5000] loss=2.2403 lr=2.961e-04 grad_norm=5.506 samples/s=73.67
[step 470/5000] loss=3.0935 lr=2.959e-04 grad_norm=4.720 samples/s=73.96
[step 480/5000] loss=1.8008 lr=2.956e-04 grad_norm=6.611 samples/s=73.77
[step 490/5000] loss=1.9000 lr=2.954e-04 grad_norm=5.324 samples/s=74.05
[step 500/5000] loss=1.9702 lr=2.952e-04 grad_norm=3.794 samples/s=74.00
[val step 500] loss=2.4107520961761475 m01={'mean': 0.4169569776676362, 'median': 0.41221405989472965, 'p95': 0.7039125097116778, 'tail_frac_gt4px': 8.280202036929701e-05, 'n_matched': 12077} m02={'12-16': 0.9019607843137255, '16-32': 0.9461926495315878, '32-64': 0.9373872713218243, '64-128': 0.9279393173198482} m04={'accuracy': 0.46733460296431234, 'by_octave': {'12-16': 0.28005115089514065, '16-32': 0.46026910383346026, '32-64': 0.5266630016492578, '64-128': 0.5030653950953679}} diag={'gate3_alpha_mean': 0.42379263043403625, 'gate3_alpha_min': 0.0447845458984375, 'gate3_alpha_max': 0.9755859375, 'gate3_alpha_std': 0.1889715939760208, 'gate3_alpha_p10': 0.177886962890625, 'gate3_alpha_p50': 0.41552734375, 'gate3_alpha_p90': 0.6923828125, 'block0_attn_entropy': 7.5140790939331055, 'block1_attn_entropy': 7.106164932250977}
[step 510/5000] loss=2.4175 lr=2.949e-04 grad_norm=5.946 samples/s=75.10
[step 520/5000] loss=1.9671 lr=2.947e-04 grad_norm=5.030 samples/s=76.02
[step 530/5000] loss=2.1771 lr=2.944e-04 grad_norm=3.355 samples/s=75.65
[step 540/5000] loss=2.7279 lr=2.942e-04 grad_norm=6.726 samples/s=75.71
[step 550/5000] loss=2.6085 lr=2.939e-04 grad_norm=4.761 samples/s=75.55
[step 560/5000] loss=2.0911 lr=2.936e-04 grad_norm=3.841 samples/s=75.55
[step 570/5000] loss=2.1084 lr=2.933e-04 grad_norm=3.727 samples/s=75.55
[step 580/5000] loss=1.8995 lr=2.931e-04 grad_norm=7.463 samples/s=75.65
[step 590/5000] loss=1.7515 lr=2.928e-04 grad_norm=5.626 samples/s=75.72
[step 600/5000] loss=2.0640 lr=2.925e-04 grad_norm=4.620 samples/s=75.47
[step 610/5000] loss=2.2385 lr=2.922e-04 grad_norm=4.464 samples/s=75.73
[step 620/5000] loss=2.8817 lr=2.919e-04 grad_norm=4.688 samples/s=75.69
[step 630/5000] loss=1.9157 lr=2.915e-04 grad_norm=4.235 samples/s=75.86
[step 640/5000] loss=2.4496 lr=2.912e-04 grad_norm=6.509 samples/s=75.58
[step 650/5000] loss=2.4057 lr=2.909e-04 grad_norm=3.662 samples/s=75.80
[step 660/5000] loss=2.3170 lr=2.906e-04 grad_norm=3.062 samples/s=75.79
[step 670/5000] loss=3.2156 lr=2.902e-04 grad_norm=3.833 samples/s=75.94
[step 680/5000] loss=2.2442 lr=2.899e-04 grad_norm=3.838 samples/s=75.73
[step 690/5000] loss=2.7445 lr=2.895e-04 grad_norm=4.313 samples/s=75.84
[step 700/5000] loss=2.1099 lr=2.892e-04 grad_norm=7.032 samples/s=75.45
[step 710/5000] loss=2.2784 lr=2.888e-04 grad_norm=3.543 samples/s=75.59
[step 720/5000] loss=2.2099 lr=2.885e-04 grad_norm=4.171 samples/s=75.36
[step 730/5000] loss=1.6831 lr=2.881e-04 grad_norm=2.863 samples/s=75.44
[step 740/5000] loss=1.7568 lr=2.877e-04 grad_norm=5.101 samples/s=75.03
[step 750/5000] loss=2.4789 lr=2.873e-04 grad_norm=4.126 samples/s=75.19
[val step 750] loss=2.3506466903686523 m01={'mean': 0.41664162493211143, 'median': 0.4120981117790362, 'p95': 0.7034751465352408, 'tail_frac_gt4px': 8.285690612312537e-05, 'n_matched': 12069} m02={'12-16': 0.8979238754325259, '16-32': 0.9466730723036272, '32-64': 0.9363566091213604, '64-128': 0.9282553729456384} m04={'accuracy': 0.514872814649101, 'by_octave': {'12-16': 0.3134232498394348, '16-32': 0.5031717838112154, '32-64': 0.5886075949367089, '64-128': 0.5461355124276472}} diag={'gate3_alpha_mean': 0.4079020619392395, 'gate3_alpha_min': 0.04192352294921875, 'gate3_alpha_max': 0.9716796875, 'gate3_alpha_std': 0.18726232647895813, 'gate3_alpha_p10': 0.16632080078125, 'gate3_alpha_p50': 0.3978271484375, 'gate3_alpha_p90': 0.67529296875, 'block0_attn_entropy': 7.5140790939331055, 'block1_attn_entropy': 7.106164932250977}
[step 760/5000] loss=2.3023 lr=2.869e-04 grad_norm=4.570 samples/s=75.98
[step 770/5000] loss=2.0953 lr=2.865e-04 grad_norm=6.046 samples/s=76.59
[step 780/5000] loss=2.2987 lr=2.861e-04 grad_norm=2.750 samples/s=76.14
[step 790/5000] loss=2.8948 lr=2.857e-04 grad_norm=5.518 samples/s=76.33
[step 800/5000] loss=2.1433 lr=2.853e-04 grad_norm=4.455 samples/s=75.99
[step 810/5000] loss=3.0342 lr=2.849e-04 grad_norm=4.427 samples/s=76.07
[step 820/5000] loss=1.9982 lr=2.845e-04 grad_norm=5.295 samples/s=75.99
[step 830/5000] loss=1.8462 lr=2.841e-04 grad_norm=6.734 samples/s=75.95
[step 840/5000] loss=1.6712 lr=2.836e-04 grad_norm=3.203 samples/s=75.41
[step 850/5000] loss=2.7229 lr=2.832e-04 grad_norm=5.954 samples/s=75.40
[step 860/5000] loss=2.1931 lr=2.828e-04 grad_norm=5.028 samples/s=75.29
[step 870/5000] loss=2.6669 lr=2.823e-04 grad_norm=6.623 samples/s=75.51
[step 880/5000] loss=2.5767 lr=2.819e-04 grad_norm=6.521 samples/s=75.35
[step 890/5000] loss=1.9478 lr=2.814e-04 grad_norm=3.529 samples/s=75.51
[step 900/5000] loss=1.8439 lr=2.809e-04 grad_norm=2.912 samples/s=75.45
[step 910/5000] loss=1.9979 lr=2.805e-04 grad_norm=4.330 samples/s=75.69
[step 920/5000] loss=2.5978 lr=2.800e-04 grad_norm=4.094 samples/s=75.70
[step 930/5000] loss=2.1323 lr=2.795e-04 grad_norm=3.122 samples/s=75.55
[step 940/5000] loss=2.0266 lr=2.790e-04 grad_norm=5.105 samples/s=75.63
[step 950/5000] loss=1.4642 lr=2.785e-04 grad_norm=9.885 samples/s=75.69
[step 960/5000] loss=3.0588 lr=2.780e-04 grad_norm=6.403 samples/s=75.58
[step 970/5000] loss=2.5685 lr=2.775e-04 grad_norm=5.864 samples/s=75.62
[step 980/5000] loss=2.4251 lr=2.770e-04 grad_norm=4.950 samples/s=75.40
[step 990/5000] loss=1.7861 lr=2.765e-04 grad_norm=3.667 samples/s=75.42
[step 1000/5000] loss=1.9600 lr=2.760e-04 grad_norm=4.152 samples/s=75.34
[val step 1000] loss=2.3158235416412354 m01={'mean': 0.41831717081997005, 'median': 0.4126776496528627, 'p95': 0.7088750915662752, 'tail_frac_gt4px': 8.267195767195767e-05, 'n_matched': 12096} m02={'12-16': 0.9008073817762399, '16-32': 0.9478741292337257, '32-64': 0.9381602679721721, '64-128': 0.9314159292035398} m04={'accuracy': 0.5445601851851852, 'by_octave': {'12-16': 0.3553137003841229, '16-32': 0.5372529143436391, '32-64': 0.6262015929689646, '64-128': 0.5537835086528673}} diag={'gate3_alpha_mean': 0.3907814621925354, 'gate3_alpha_min': 0.03766632080078125, 'gate3_alpha_max': 0.9716796875, 'gate3_alpha_std': 0.18456469476222992, 'gate3_alpha_p10': 0.155975341796875, 'gate3_alpha_p50': 0.37744140625, 'gate3_alpha_p90': 0.656494140625, 'block0_attn_entropy': 7.5140790939331055, 'block1_attn_entropy': 7.106164932250977}
[step 1010/5000] loss=2.5009 lr=2.755e-04 grad_norm=3.999 samples/s=75.89
[step 1020/5000] loss=2.6296 lr=2.750e-04 grad_norm=5.879 samples/s=76.39
[step 1030/5000] loss=2.9134 lr=2.744e-04 grad_norm=3.940 samples/s=76.18
[step 1040/5000] loss=2.1869 lr=2.739e-04 grad_norm=3.583 samples/s=76.25
[step 1050/5000] loss=2.5421 lr=2.734e-04 grad_norm=7.128 samples/s=76.18
[step 1060/5000] loss=1.8662 lr=2.728e-04 grad_norm=4.396 samples/s=76.19
[step 1070/5000] loss=1.8574 lr=2.723e-04 grad_norm=3.651 samples/s=76.11
[step 1080/5000] loss=1.9105 lr=2.717e-04 grad_norm=4.932 samples/s=76.09
[step 1090/5000] loss=1.8774 lr=2.711e-04 grad_norm=5.597 samples/s=76.03
[step 1100/5000] loss=2.2486 lr=2.706e-04 grad_norm=4.591 samples/s=76.02
[step 1110/5000] loss=3.0709 lr=2.700e-04 grad_norm=4.643 samples/s=76.06
[step 1120/5000] loss=1.6590 lr=2.694e-04 grad_norm=6.534 samples/s=75.90
[step 1130/5000] loss=1.8659 lr=2.688e-04 grad_norm=4.024 samples/s=76.02
[step 1140/5000] loss=1.9919 lr=2.683e-04 grad_norm=5.545 samples/s=76.00
[step 1150/5000] loss=1.9753 lr=2.677e-04 grad_norm=6.103 samples/s=75.86
[step 1160/5000] loss=1.4819 lr=2.671e-04 grad_norm=3.585 samples/s=75.89
[step 1170/5000] loss=2.6781 lr=2.665e-04 grad_norm=4.591 samples/s=75.68
[step 1180/5000] loss=2.2193 lr=2.659e-04 grad_norm=3.569 samples/s=75.76
[step 1190/5000] loss=1.8766 lr=2.653e-04 grad_norm=3.957 samples/s=75.65
[step 1200/5000] loss=2.9928 lr=2.646e-04 grad_norm=5.339 samples/s=75.59
[step 1210/5000] loss=2.1608 lr=2.640e-04 grad_norm=5.733 samples/s=75.72
[step 1220/5000] loss=1.8375 lr=2.634e-04 grad_norm=4.684 samples/s=75.64
[step 1230/5000] loss=1.6154 lr=2.628e-04 grad_norm=3.389 samples/s=75.75
[step 1240/5000] loss=2.4559 lr=2.621e-04 grad_norm=4.464 samples/s=75.64
[step 1250/5000] loss=2.4370 lr=2.615e-04 grad_norm=7.284 samples/s=75.71
[val step 1250] loss=2.2840160751342773 m01={'mean': 0.41792127941292845, 'median': 0.41256616859998707, 'p95': 0.7054902631560618, 'tail_frac_gt4px': 0.00016542597187758478, 'n_matched': 12090} m02={'12-16': 0.9025374855824683, '16-32': 0.9481143406197454, '32-64': 0.9376449368719402, '64-128': 0.9288874841972187} m04={'accuracy': 0.5687344913151364, 'by_octave': {'12-16': 0.3840255591054313, '16-32': 0.5667595642259944, '32-64': 0.645781808189063, '64-128': 0.5743450153113304}} diag={'gate3_alpha_mean': 0.38564765453338623, 'gate3_alpha_min': 0.035491943359375, 'gate3_alpha_max': 0.97265625, 'gate3_alpha_std': 0.18458537757396698, 'gate3_alpha_p10': 0.1512451171875, 'gate3_alpha_p50': 0.3714599609375, 'gate3_alpha_p90': 0.6516170501708984, 'block0_attn_entropy': 7.5140790939331055, 'block1_attn_entropy': 7.106164932250977}
[step 1260/5000] loss=1.8151 lr=2.609e-04 grad_norm=5.849 samples/s=76.16
[step 1270/5000] loss=1.9050 lr=2.602e-04 grad_norm=7.798 samples/s=76.58
[step 1280/5000] loss=2.1146 lr=2.596e-04 grad_norm=5.002 samples/s=76.52
[step 1290/5000] loss=1.9425 lr=2.589e-04 grad_norm=5.603 samples/s=76.49
[step 1300/5000] loss=2.3828 lr=2.582e-04 grad_norm=7.211 samples/s=76.45
[step 1310/5000] loss=2.6437 lr=2.576e-04 grad_norm=4.367 samples/s=76.30
[step 1320/5000] loss=1.9114 lr=2.569e-04 grad_norm=6.759 samples/s=76.20
[step 1330/5000] loss=1.6685 lr=2.562e-04 grad_norm=5.037 samples/s=76.05
[step 1340/5000] loss=1.8587 lr=2.556e-04 grad_norm=4.413 samples/s=76.20
[step 1350/5000] loss=2.1307 lr=2.549e-04 grad_norm=4.016 samples/s=76.13
[step 1360/5000] loss=2.1941 lr=2.542e-04 grad_norm=3.733 samples/s=76.26
[step 1370/5000] loss=2.4123 lr=2.535e-04 grad_norm=6.034 samples/s=76.23
[step 1380/5000] loss=2.2209 lr=2.528e-04 grad_norm=3.125 samples/s=76.19
[step 1390/5000] loss=2.4123 lr=2.521e-04 grad_norm=9.342 samples/s=76.22
[step 1400/5000] loss=2.3520 lr=2.514e-04 grad_norm=3.763 samples/s=76.10
[step 1410/5000] loss=2.4484 lr=2.507e-04 grad_norm=3.985 samples/s=76.12
[step 1420/5000] loss=1.7168 lr=2.500e-04 grad_norm=7.171 samples/s=76.00
[step 1430/5000] loss=1.5439 lr=2.493e-04 grad_norm=5.693 samples/s=76.07
[step 1440/5000] loss=1.8174 lr=2.486e-04 grad_norm=2.764 samples/s=75.91
[step 1450/5000] loss=1.9073 lr=2.478e-04 grad_norm=3.704 samples/s=75.95
[step 1460/5000] loss=2.3389 lr=2.471e-04 grad_norm=5.469 samples/s=75.76
[step 1470/5000] loss=2.7666 lr=2.464e-04 grad_norm=4.286 samples/s=75.81
[step 1480/5000] loss=3.1221 lr=2.456e-04 grad_norm=4.497 samples/s=75.67
[step 1490/5000] loss=2.2125 lr=2.449e-04 grad_norm=3.231 samples/s=75.75
[step 1500/5000] loss=1.7776 lr=2.442e-04 grad_norm=3.589 samples/s=75.61
[val step 1500] loss=2.25712699508667 m01={'mean': 0.41702289943100973, 'median': 0.4120467811060737, 'p95': 0.7044390189567757, 'tail_frac_gt4px': 8.271982794275788e-05, 'n_matched': 12089} m02={'12-16': 0.9019607843137255, '16-32': 0.9485947633917847, '32-64': 0.9373872713218243, '64-128': 0.9285714285714286} m04={'accuracy': 0.5891306146083216, 'by_octave': {'12-16': 0.3976982097186701, '16-32': 0.5907824765763484, '32-64': 0.6720725673446949, '64-128': 0.5861130020422056}} diag={'gate3_alpha_mean': 0.36916735768318176, 'gate3_alpha_min': 0.03296661376953125, 'gate3_alpha_max': 0.9716796875, 'gate3_alpha_std': 0.18149688839912415, 'gate3_alpha_p10': 0.14156952500343323, 'gate3_alpha_p50': 0.3525390625, 'gate3_alpha_p90': 0.632568359375, 'block0_attn_entropy': 7.5140790939331055, 'block1_attn_entropy': 7.106164932250977}
[step 1510/5000] loss=2.1031 lr=2.434e-04 grad_norm=5.108 samples/s=75.99
[step 1520/5000] loss=1.8714 lr=2.427e-04 grad_norm=5.481 samples/s=76.32
[step 1530/5000] loss=2.6964 lr=2.419e-04 grad_norm=4.801 samples/s=76.14
[step 1540/5000] loss=2.3592 lr=2.412e-04 grad_norm=3.112 samples/s=76.20
[step 1550/5000] loss=2.1355 lr=2.404e-04 grad_norm=4.302 samples/s=76.11
[step 1560/5000] loss=3.1202 lr=2.396e-04 grad_norm=5.038 samples/s=76.14
[step 1570/5000] loss=2.1442 lr=2.389e-04 grad_norm=3.798 samples/s=76.01
[step 1580/5000] loss=2.1454 lr=2.381e-04 grad_norm=6.125 samples/s=76.06
[step 1590/5000] loss=2.5639 lr=2.373e-04 grad_norm=3.238 samples/s=76.02
[step 1600/5000] loss=1.7019 lr=2.365e-04 grad_norm=3.054 samples/s=76.06
[step 1610/5000] loss=2.7859 lr=2.358e-04 grad_norm=4.464 samples/s=75.96
[step 1620/5000] loss=1.9707 lr=2.350e-04 grad_norm=4.022 samples/s=75.99
[step 1630/5000] loss=2.4427 lr=2.342e-04 grad_norm=5.166 samples/s=75.96
[step 1640/5000] loss=2.4117 lr=2.334e-04 grad_norm=3.507 samples/s=75.96
[step 1650/5000] loss=1.7518 lr=2.326e-04 grad_norm=6.030 samples/s=75.99
[step 1660/5000] loss=1.8529 lr=2.318e-04 grad_norm=3.073 samples/s=75.91
[step 1670/5000] loss=2.5532 lr=2.310e-04 grad_norm=5.134 samples/s=76.00
[step 1680/5000] loss=2.0211 lr=2.302e-04 grad_norm=4.106 samples/s=75.87
[step 1690/5000] loss=1.6412 lr=2.294e-04 grad_norm=6.485 samples/s=75.92
[step 1700/5000] loss=2.5126 lr=2.286e-04 grad_norm=6.929 samples/s=75.85
[step 1710/5000] loss=2.5015 lr=2.277e-04 grad_norm=7.962 samples/s=75.88
[step 1720/5000] loss=2.1213 lr=2.269e-04 grad_norm=4.578 samples/s=75.84
[step 1730/5000] loss=1.4133 lr=2.261e-04 grad_norm=4.893 samples/s=75.88
[step 1740/5000] loss=2.0260 lr=2.253e-04 grad_norm=3.322 samples/s=75.86
[step 1750/5000] loss=1.6035 lr=2.245e-04 grad_norm=3.570 samples/s=75.98
[val step 1750] loss=2.23774116897583 m01={'mean': 0.4174664267697788, 'median': 0.4121866602113754, 'p95': 0.7056220546985512, 'tail_frac_gt4px': 8.276775368316503e-05, 'n_matched': 12082} m02={'12-16': 0.9013840830449827, '16-32': 0.9459524381455681, '32-64': 0.9384179335222881, '64-128': 0.9288874841972187} m04={'accuracy': 0.6016388015229267, 'by_octave': {'12-16': 0.4133077415227127, '16-32': 0.6066531234128999, '32-64': 0.6828665568369028, '64-128': 0.5944198707043212}} diag={'gate3_alpha_mean': 0.36722156405448914, 'gate3_alpha_min': 0.03436279296875, 'gate3_alpha_max': 0.966796875, 'gate3_alpha_std': 0.1790393739938736, 'gate3_alpha_p10': 0.14257660508155823, 'gate3_alpha_p50': 0.3515625, 'gate3_alpha_p90': 0.626708984375, 'block0_attn_entropy': 7.5140790939331055, 'block1_attn_entropy': 7.106164932250977}
[step 1760/5000] loss=1.7837 lr=2.236e-04 grad_norm=3.690 samples/s=76.30
[step 1770/5000] loss=2.1794 lr=2.228e-04 grad_norm=3.532 samples/s=76.59
[step 1780/5000] loss=1.8081 lr=2.220e-04 grad_norm=3.139 samples/s=76.39
[step 1790/5000] loss=2.1279 lr=2.211e-04 grad_norm=4.038 samples/s=76.32
[step 1800/5000] loss=2.2268 lr=2.203e-04 grad_norm=7.086 samples/s=76.32
[step 1810/5000] loss=2.5055 lr=2.194e-04 grad_norm=3.462 samples/s=76.39
[step 1820/5000] loss=2.2275 lr=2.186e-04 grad_norm=5.047 samples/s=76.44
[step 1830/5000] loss=2.1606 lr=2.177e-04 grad_norm=3.309 samples/s=76.47
[step 1840/5000] loss=2.2422 lr=2.169e-04 grad_norm=3.840 samples/s=76.43
[step 1850/5000] loss=2.1675 lr=2.160e-04 grad_norm=3.897 samples/s=76.45
[step 1860/5000] loss=1.8979 lr=2.152e-04 grad_norm=3.639 samples/s=76.41
[step 1870/5000] loss=1.8042 lr=2.143e-04 grad_norm=3.224 samples/s=76.44
[step 1880/5000] loss=2.0066 lr=2.134e-04 grad_norm=5.152 samples/s=76.35
[step 1890/5000] loss=3.4394 lr=2.126e-04 grad_norm=6.483 samples/s=76.33
[step 1900/5000] loss=2.7931 lr=2.117e-04 grad_norm=3.768 samples/s=76.26
[step 1910/5000] loss=1.6157 lr=2.108e-04 grad_norm=3.133 samples/s=76.34
[step 1920/5000] loss=2.1294 lr=2.100e-04 grad_norm=5.120 samples/s=76.29
[step 1930/5000] loss=2.1912 lr=2.091e-04 grad_norm=2.826 samples/s=76.34
[step 1940/5000] loss=2.1761 lr=2.082e-04 grad_norm=3.797 samples/s=76.32
[step 1950/5000] loss=2.1081 lr=2.073e-04 grad_norm=4.237 samples/s=76.36
[step 1960/5000] loss=2.3244 lr=2.064e-04 grad_norm=3.837 samples/s=76.27
[step 1970/5000] loss=1.9507 lr=2.055e-04 grad_norm=4.258 samples/s=76.31
[step 1980/5000] loss=2.3763 lr=2.047e-04 grad_norm=4.159 samples/s=76.26
[step 1990/5000] loss=2.1518 lr=2.038e-04 grad_norm=4.414 samples/s=76.26
[step 2000/5000] loss=2.1030 lr=2.029e-04 grad_norm=4.590 samples/s=76.14
[val step 2000] loss=2.21679864692688 m01={'mean': 0.41774502407617103, 'median': 0.4120724464425549, 'p95': 0.702426154536354, 'tail_frac_gt4px': 0.00016526194017517766, 'n_matched': 12102} m02={'12-16': 0.9042675893886967, '16-32': 0.9485947633917847, '32-64': 0.938675599072404, '64-128': 0.9298356510745891} m04={'accuracy': 0.613948107750785, 'by_octave': {'12-16': 0.4221938775510204, '16-32': 0.6219296024309952, '32-64': 0.6964040625857809, '64-128': 0.6033310673011557}} diag={'gate3_alpha_mean': 0.368790864944458, 'gate3_alpha_min': 0.036773681640625, 'gate3_alpha_max': 0.966796875, 'gate3_alpha_std': 0.1746995449066162, 'gate3_alpha_p10': 0.148193359375, 'gate3_alpha_p50': 0.35498046875, 'gate3_alpha_p90': 0.620361328125, 'block0_attn_entropy': 7.5140790939331055, 'block1_attn_entropy': 7.106164932250977}
[step 2010/5000] loss=2.3087 lr=2.020e-04 grad_norm=4.068 samples/s=76.42
[step 2020/5000] loss=1.5454 lr=2.011e-04 grad_norm=4.470 samples/s=76.66
[step 2030/5000] loss=2.1626 lr=2.002e-04 grad_norm=3.512 samples/s=76.55
[step 2040/5000] loss=1.6852 lr=1.993e-04 grad_norm=6.200 samples/s=76.59
[step 2050/5000] loss=2.6432 lr=1.984e-04 grad_norm=5.062 samples/s=76.49
[step 2060/5000] loss=2.2011 lr=1.975e-04 grad_norm=3.126 samples/s=76.55
[step 2070/5000] loss=1.7095 lr=1.966e-04 grad_norm=3.831 samples/s=76.51
[step 2080/5000] loss=2.4331 lr=1.957e-04 grad_norm=3.613 samples/s=76.54
[step 2090/5000] loss=2.4022 lr=1.948e-04 grad_norm=4.367 samples/s=76.42
[step 2100/5000] loss=2.2480 lr=1.938e-04 grad_norm=4.281 samples/s=76.45
[step 2110/5000] loss=3.1995 lr=1.929e-04 grad_norm=5.010 samples/s=76.41
[step 2120/5000] loss=2.0843 lr=1.920e-04 grad_norm=3.876 samples/s=76.46
[step 2130/5000] loss=2.0783 lr=1.911e-04 grad_norm=3.617 samples/s=76.36
[step 2140/5000] loss=2.8933 lr=1.902e-04 grad_norm=5.714 samples/s=76.42
[step 2150/5000] loss=2.2106 lr=1.893e-04 grad_norm=3.480 samples/s=76.36
[step 2160/5000] loss=1.7577 lr=1.883e-04 grad_norm=5.293 samples/s=76.42
[step 2170/5000] loss=1.6061 lr=1.874e-04 grad_norm=4.179 samples/s=76.39
[step 2180/5000] loss=2.6104 lr=1.865e-04 grad_norm=5.618 samples/s=76.37
[step 2190/5000] loss=1.9589 lr=1.856e-04 grad_norm=5.141 samples/s=76.31
[step 2200/5000] loss=2.9254 lr=1.846e-04 grad_norm=4.163 samples/s=76.40
[step 2210/5000] loss=2.8969 lr=1.837e-04 grad_norm=4.360 samples/s=76.37
[step 2220/5000] loss=1.7801 lr=1.828e-04 grad_norm=4.547 samples/s=76.39
[step 2230/5000] loss=2.3383 lr=1.818e-04 grad_norm=4.784 samples/s=76.33
[step 2240/5000] loss=2.4113 lr=1.809e-04 grad_norm=7.681 samples/s=76.39
[step 2250/5000] loss=2.4720 lr=1.800e-04 grad_norm=3.734 samples/s=76.29
[val step 2250] loss=2.2038600406646727 m01={'mean': 0.417494507373048, 'median': 0.4125615414946122, 'p95': 0.7039248640533037, 'tail_frac_gt4px': 8.267195767195767e-05, 'n_matched': 12096} m02={'12-16': 0.9036908881199539, '16-32': 0.9481143406197454, '32-64': 0.9402215923730998, '64-128': 0.9269911504424779} m04={'accuracy': 0.6273974867724867, 'by_octave': {'12-16': 0.4384173580089343, '16-32': 0.6354193058018749, '32-64': 0.70841326390792, '64-128': 0.6167746334810774}} diag={'gate3_alpha_mean': 0.36041259765625, 'gate3_alpha_min': 0.03607177734375, 'gate3_alpha_max': 0.962890625, 'gate3_alpha_std': 0.1712416708469391, 'gate3_alpha_p10': 0.1446533203125, 'gate3_alpha_p50': 0.346923828125, 'gate3_alpha_p90': 0.606689453125, 'block0_attn_entropy': 7.5140790939331055, 'block1_attn_entropy': 7.106164932250977}
[step 2260/5000] loss=1.8946 lr=1.790e-04 grad_norm=4.619 samples/s=76.55
[step 2270/5000] loss=1.8058 lr=1.781e-04 grad_norm=4.008 samples/s=76.78
[step 2280/5000] loss=1.9803 lr=1.772e-04 grad_norm=3.726 samples/s=76.67
[step 2290/5000] loss=2.6489 lr=1.762e-04 grad_norm=4.009 samples/s=76.70
[step 2300/5000] loss=2.3591 lr=1.753e-04 grad_norm=4.480 samples/s=76.70
[step 2310/5000] loss=2.1252 lr=1.744e-04 grad_norm=4.763 samples/s=76.72
[step 2320/5000] loss=1.8416 lr=1.734e-04 grad_norm=4.301 samples/s=76.69
[step 2330/5000] loss=1.9774 lr=1.725e-04 grad_norm=4.487 samples/s=76.67
[step 2340/5000] loss=2.0408 lr=1.715e-04 grad_norm=4.295 samples/s=76.70
[step 2350/5000] loss=2.1173 lr=1.706e-04 grad_norm=3.668 samples/s=76.59
[step 2360/5000] loss=2.2818 lr=1.696e-04 grad_norm=5.198 samples/s=76.54
[step 2370/5000] loss=1.9013 lr=1.687e-04 grad_norm=3.273 samples/s=76.42
[step 2380/5000] loss=2.2955 lr=1.677e-04 grad_norm=3.183 samples/s=76.48
[step 2390/5000] loss=2.8767 lr=1.668e-04 grad_norm=4.056 samples/s=76.44
[step 2400/5000] loss=2.4064 lr=1.659e-04 grad_norm=2.857 samples/s=76.42
[step 2410/5000] loss=2.0801 lr=1.649e-04 grad_norm=4.794 samples/s=76.39
[step 2420/5000] loss=2.6559 lr=1.640e-04 grad_norm=4.293 samples/s=76.42
[step 2430/5000] loss=1.9800 lr=1.630e-04 grad_norm=4.071 samples/s=76.34
[step 2440/5000] loss=1.8848 lr=1.621e-04 grad_norm=4.414 samples/s=76.35
[step 2450/5000] loss=2.6004 lr=1.611e-04 grad_norm=3.755 samples/s=76.31
[step 2460/5000] loss=1.8935 lr=1.602e-04 grad_norm=6.260 samples/s=76.38
[step 2470/5000] loss=2.0699 lr=1.592e-04 grad_norm=5.437 samples/s=76.33
[step 2480/5000] loss=2.0633 lr=1.583e-04 grad_norm=4.943 samples/s=76.40
[step 2490/5000] loss=2.3768 lr=1.573e-04 grad_norm=3.181 samples/s=76.34
[step 2500/5000] loss=1.8225 lr=1.564e-04 grad_norm=3.952 samples/s=76.39
[val step 2500] loss=2.1908858013153076 m01={'mean': 0.41802894428348814, 'median': 0.4127554063081427, 'p95': 0.7089147175483195, 'tail_frac_gt4px': 8.270614506657845e-05, 'n_matched': 12091} m02={'12-16': 0.9048442906574394, '16-32': 0.9471534950756666, '32-64': 0.9391909301726359, '64-128': 0.927307206068268} m04={'accuracy': 0.6349350756761227, 'by_octave': {'12-16': 0.4340344168260038, '16-32': 0.6538168906923663, '32-64': 0.7165980795610425, '64-128': 0.6155419222903885}} diag={'gate3_alpha_mean': 0.3659150302410126, 'gate3_alpha_min': 0.03863525390625, 'gate3_alpha_max': 0.962890625, 'gate3_alpha_std': 0.17042191326618195, 'gate3_alpha_p10': 0.149688720703125, 'gate3_alpha_p50': 0.3538818359375, 'gate3_alpha_p90': 0.60986328125, 'block0_attn_entropy': 7.5140790939331055, 'block1_attn_entropy': 7.106164932250977}
[step 2510/5000] loss=1.8441 lr=1.554e-04 grad_norm=3.456 samples/s=76.61
[step 2520/5000] loss=1.8467 lr=1.545e-04 grad_norm=6.708 samples/s=76.82
[step 2530/5000] loss=1.7765 lr=1.535e-04 grad_norm=4.016 samples/s=76.71
[step 2540/5000] loss=2.6394 lr=1.525e-04 grad_norm=6.711 samples/s=76.71
[step 2550/5000] loss=1.9433 lr=1.516e-04 grad_norm=5.303 samples/s=76.68
[step 2560/5000] loss=1.5340 lr=1.506e-04 grad_norm=5.019 samples/s=76.72
[step 2570/5000] loss=1.6815 lr=1.497e-04 grad_norm=4.677 samples/s=76.70
[step 2580/5000] loss=2.1595 lr=1.487e-04 grad_norm=3.432 samples/s=76.65
[step 2590/5000] loss=2.0920 lr=1.478e-04 grad_norm=3.767 samples/s=76.65
[step 2600/5000] loss=2.0249 lr=1.468e-04 grad_norm=3.227 samples/s=76.61
[step 2610/5000] loss=2.1033 lr=1.459e-04 grad_norm=3.800 samples/s=76.58
[step 2620/5000] loss=2.6442 lr=1.449e-04 grad_norm=5.538 samples/s=76.52
[step 2630/5000] loss=2.1149 lr=1.440e-04 grad_norm=4.220 samples/s=76.59
[step 2640/5000] loss=1.7156 lr=1.430e-04 grad_norm=3.669 samples/s=76.50
[step 2650/5000] loss=1.6027 lr=1.421e-04 grad_norm=2.894 samples/s=76.52
[step 2660/5000] loss=1.8893 lr=1.411e-04 grad_norm=4.818 samples/s=76.48
[step 2670/5000] loss=2.3592 lr=1.402e-04 grad_norm=4.003 samples/s=76.51
[step 2680/5000] loss=2.0538 lr=1.392e-04 grad_norm=5.482 samples/s=76.48
[step 2690/5000] loss=2.3659 lr=1.383e-04 grad_norm=4.713 samples/s=76.54
[step 2700/5000] loss=2.0483 lr=1.373e-04 grad_norm=3.858 samples/s=76.50
[step 2710/5000] loss=1.8523 lr=1.364e-04 grad_norm=4.418 samples/s=76.53
[step 2720/5000] loss=3.1883 lr=1.354e-04 grad_norm=3.946 samples/s=76.49
[step 2730/5000] loss=2.5772 lr=1.345e-04 grad_norm=4.244 samples/s=76.51
[step 2740/5000] loss=1.5863 lr=1.335e-04 grad_norm=4.100 samples/s=76.46
[step 2750/5000] loss=1.8547 lr=1.326e-04 grad_norm=3.122 samples/s=76.51
[val step 2750] loss=2.1780527935028076 m01={'mean': 0.4172850681328816, 'median': 0.4120981117790362, 'p95': 0.7041958047836157, 'tail_frac_gt4px': 0.00016554920950252462, 'n_matched': 12081} m02={'12-16': 0.9042675893886967, '16-32': 0.9473937064616863, '32-64': 0.9366142746714764, '64-128': 0.927307206068268} m04={'accuracy': 0.6453935932455922, 'by_octave': {'12-16': 0.46619897959183676, '16-32': 0.6632860040567952, '32-64': 0.7243466299862449, '64-128': 0.6192910702113156}} diag={'gate3_alpha_mean': 0.3546263575553894, 'gate3_alpha_min': 0.03655242919921875, 'gate3_alpha_max': 0.958984375, 'gate3_alpha_std': 0.16746211051940918, 'gate3_alpha_p10': 0.143310546875, 'gate3_alpha_p50': 0.34228515625, 'gate3_alpha_p90': 0.594482421875, 'block0_attn_entropy': 7.5140790939331055, 'block1_attn_entropy': 7.106164932250977}
[step 2760/5000] loss=1.9221 lr=1.317e-04 grad_norm=5.266 samples/s=76.72
[step 2770/5000] loss=1.8540 lr=1.307e-04 grad_norm=3.289 samples/s=76.92
[step 2780/5000] loss=2.2185 lr=1.298e-04 grad_norm=5.890 samples/s=76.89
[step 2790/5000] loss=1.6412 lr=1.288e-04 grad_norm=5.679 samples/s=76.89
[step 2800/5000] loss=2.0932 lr=1.279e-04 grad_norm=3.653 samples/s=76.87
[step 2810/5000] loss=1.9374 lr=1.270e-04 grad_norm=3.386 samples/s=76.81
[step 2820/5000] loss=1.6080 lr=1.260e-04 grad_norm=3.689 samples/s=76.80
[step 2830/5000] loss=2.5108 lr=1.251e-04 grad_norm=4.778 samples/s=76.74
[step 2840/5000] loss=2.1062 lr=1.241e-04 grad_norm=4.161 samples/s=76.76
[step 2850/5000] loss=2.1287 lr=1.232e-04 grad_norm=3.084 samples/s=76.76
[step 2860/5000] loss=1.6861 lr=1.223e-04 grad_norm=2.622 samples/s=76.76
[step 2870/5000] loss=2.3222 lr=1.213e-04 grad_norm=3.946 samples/s=76.74
[step 2880/5000] loss=1.7305 lr=1.204e-04 grad_norm=3.161 samples/s=76.75
[step 2890/5000] loss=2.0070 lr=1.195e-04 grad_norm=4.364 samples/s=76.69
[step 2900/5000] loss=2.1717 lr=1.185e-04 grad_norm=4.287 samples/s=76.74
[step 2910/5000] loss=1.7908 lr=1.176e-04 grad_norm=4.994 samples/s=76.71
[step 2920/5000] loss=1.8782 lr=1.167e-04 grad_norm=4.152 samples/s=76.70
[step 2930/5000] loss=1.6285 lr=1.158e-04 grad_norm=3.094 samples/s=76.65
[step 2940/5000] loss=1.8462 lr=1.148e-04 grad_norm=2.669 samples/s=76.66
[step 2950/5000] loss=1.5381 lr=1.139e-04 grad_norm=3.338 samples/s=76.62
[step 2960/5000] loss=2.2644 lr=1.130e-04 grad_norm=5.110 samples/s=76.60
[step 2970/5000] loss=1.8140 lr=1.121e-04 grad_norm=7.327 samples/s=76.54
[step 2980/5000] loss=1.5710 lr=1.112e-04 grad_norm=5.045 samples/s=76.55
[step 2990/5000] loss=2.3685 lr=1.103e-04 grad_norm=4.231 samples/s=76.45
[step 3000/5000] loss=1.6013 lr=1.093e-04 grad_norm=5.123 samples/s=76.51
[val step 3000] loss=2.1648761825561524 m01={'mean': 0.41759456422668395, 'median': 0.4125762758756426, 'p95': 0.7041829609427264, 'tail_frac_gt4px': 0.00016550810989738498, 'n_matched': 12084} m02={'12-16': 0.9036908881199539, '16-32': 0.9478741292337257, '32-64': 0.9381602679721721, '64-128': 0.9260429835651075} m04={'accuracy': 0.6537570340946707, 'by_octave': {'12-16': 0.46777281429483086, '16-32': 0.6773948302078053, '32-64': 0.7308431749519363, '64-128': 0.6255972696245734}} diag={'gate3_alpha_mean': 0.34320491552352905, 'gate3_alpha_min': 0.03517913818359375, 'gate3_alpha_max': 0.9580078125, 'gate3_alpha_std': 0.16475293040275574, 'gate3_alpha_p10': 0.1364898681640625, 'gate3_alpha_p50': 0.3302001953125, 'gate3_alpha_p90': 0.579345703125, 'block0_attn_entropy': 7.5140790939331055, 'block1_attn_entropy': 7.106164932250977}
[step 3010/5000] loss=1.9803 lr=1.084e-04 grad_norm=3.165 samples/s=76.70
[step 3020/5000] loss=1.6608 lr=1.075e-04 grad_norm=4.863 samples/s=76.86
[step 3030/5000] loss=2.3477 lr=1.066e-04 grad_norm=2.835 samples/s=76.78
[step 3040/5000] loss=1.5326 lr=1.057e-04 grad_norm=4.161 samples/s=76.78
[step 3050/5000] loss=1.8055 lr=1.048e-04 grad_norm=3.976 samples/s=76.73
[step 3060/5000] loss=2.2709 lr=1.039e-04 grad_norm=5.351 samples/s=76.75
[step 3070/5000] loss=1.9897 lr=1.030e-04 grad_norm=4.363 samples/s=76.67
[step 3080/5000] loss=2.1729 lr=1.021e-04 grad_norm=4.508 samples/s=76.71
[step 3090/5000] loss=1.9806 lr=1.012e-04 grad_norm=4.093 samples/s=76.68
[step 3100/5000] loss=1.4100 lr=1.003e-04 grad_norm=4.041 samples/s=76.72
[step 3110/5000] loss=2.1411 lr=9.941e-05 grad_norm=3.855 samples/s=76.65
[step 3120/5000] loss=2.1671 lr=9.852e-05 grad_norm=4.467 samples/s=76.68
[step 3130/5000] loss=2.3495 lr=9.763e-05 grad_norm=3.952 samples/s=76.63
[step 3140/5000] loss=2.4356 lr=9.674e-05 grad_norm=3.319 samples/s=76.66
[step 3150/5000] loss=1.6402 lr=9.586e-05 grad_norm=3.369 samples/s=76.64
[step 3160/5000] loss=2.0141 lr=9.498e-05 grad_norm=4.276 samples/s=76.67
[step 3170/5000] loss=1.9727 lr=9.410e-05 grad_norm=4.919 samples/s=76.66
[step 3180/5000] loss=2.4109 lr=9.322e-05 grad_norm=3.799 samples/s=76.70
[step 3190/5000] loss=1.8010 lr=9.235e-05 grad_norm=4.445 samples/s=76.65
[step 3200/5000] loss=1.8285 lr=9.148e-05 grad_norm=3.172 samples/s=76.69
[step 3210/5000] loss=1.9850 lr=9.061e-05 grad_norm=3.555 samples/s=76.66
[step 3220/5000] loss=2.1023 lr=8.974e-05 grad_norm=3.839 samples/s=76.68
[step 3230/5000] loss=2.0337 lr=8.888e-05 grad_norm=3.851 samples/s=76.67
[step 3240/5000] loss=3.1436 lr=8.801e-05 grad_norm=4.368 samples/s=76.70
[step 3250/5000] loss=2.6715 lr=8.715e-05 grad_norm=4.287 samples/s=76.63
[val step 3250] loss=2.157764986038208 m01={'mean': 0.41742585288644296, 'median': 0.4124147632842528, 'p95': 0.7024002315208181, 'tail_frac_gt4px': 0.00016557662058117395, 'n_matched': 12079} m02={'12-16': 0.9042675893886967, '16-32': 0.9485947633917847, '32-64': 0.9363566091213604, '64-128': 0.9254108723135271} m04={'accuracy': 0.6590777382233629, 'by_octave': {'12-16': 0.4840561224489796, '16-32': 0.6773866801721955, '32-64': 0.7374793615850302, '64-128': 0.6308060109289617}} diag={'gate3_alpha_mean': 0.3350560665130615, 'gate3_alpha_min': 0.0336761474609375, 'gate3_alpha_max': 0.9541015625, 'gate3_alpha_std': 0.16176043450832367, 'gate3_alpha_p10': 0.1326904296875, 'gate3_alpha_p50': 0.32177734375, 'gate3_alpha_p90': 0.566650390625, 'block0_attn_entropy': 7.5140790939331055, 'block1_attn_entropy': 7.106164932250977}
[step 3260/5000] loss=1.8210 lr=8.630e-05 grad_norm=5.205 samples/s=76.80
[step 3270/5000] loss=1.9831 lr=8.544e-05 grad_norm=3.553 samples/s=76.94
[step 3280/5000] loss=2.6594 lr=8.459e-05 grad_norm=5.654 samples/s=76.85
[step 3290/5000] loss=2.0236 lr=8.374e-05 grad_norm=4.925 samples/s=76.81
[step 3300/5000] loss=2.0314 lr=8.290e-05 grad_norm=4.588 samples/s=76.74
[step 3310/5000] loss=1.5574 lr=8.205e-05 grad_norm=3.945 samples/s=76.78
[step 3320/5000] loss=1.9234 lr=8.121e-05 grad_norm=4.148 samples/s=76.71
[step 3330/5000] loss=2.5574 lr=8.038e-05 grad_norm=4.497 samples/s=76.72
[step 3340/5000] loss=1.8498 lr=7.954e-05 grad_norm=4.322 samples/s=76.65
[step 3350/5000] loss=2.4753 lr=7.871e-05 grad_norm=5.441 samples/s=76.64
[step 3360/5000] loss=2.3262 lr=7.788e-05 grad_norm=3.156 samples/s=76.61
[step 3370/5000] loss=1.8915 lr=7.706e-05 grad_norm=5.177 samples/s=76.64
[step 3380/5000] loss=2.4267 lr=7.624e-05 grad_norm=3.468 samples/s=76.59
[step 3390/5000] loss=1.7440 lr=7.542e-05 grad_norm=6.503 samples/s=76.63
[step 3400/5000] loss=2.9361 lr=7.460e-05 grad_norm=3.924 samples/s=76.58
[step 3410/5000] loss=1.6396 lr=7.379e-05 grad_norm=3.481 samples/s=76.62
[step 3420/5000] loss=2.1519 lr=7.298e-05 grad_norm=4.166 samples/s=76.55
[step 3430/5000] loss=1.8849 lr=7.217e-05 grad_norm=5.979 samples/s=76.57
[step 3440/5000] loss=1.8817 lr=7.137e-05 grad_norm=3.726 samples/s=76.53
[step 3450/5000] loss=1.8119 lr=7.057e-05 grad_norm=3.893 samples/s=76.57
[step 3460/5000] loss=1.6741 lr=6.977e-05 grad_norm=4.294 samples/s=76.53
[step 3470/5000] loss=3.0369 lr=6.898e-05 grad_norm=3.826 samples/s=76.57
[step 3480/5000] loss=1.6026 lr=6.819e-05 grad_norm=3.225 samples/s=76.54
[step 3490/5000] loss=1.8010 lr=6.740e-05 grad_norm=3.489 samples/s=76.53
[step 3500/5000] loss=2.4324 lr=6.662e-05 grad_norm=3.613 samples/s=76.47
[val step 3500] loss=2.1531023273468017 m01={'mean': 0.4177595732708268, 'median': 0.41221405989472965, 'p95': 0.7048841656521756, 'tail_frac_gt4px': 0.00016563146997929605, 'n_matched': 12075} m02={'12-16': 0.9036908881199539, '16-32': 0.947633917847706, '32-64': 0.9363566091213604, '64-128': 0.9257269279393173} m04={'accuracy': 0.6619461697722567, 'by_octave': {'12-16': 0.4837268666241225, '16-32': 0.6818757921419518, '32-64': 0.7421574023115025, '64-128': 0.6309320587231136}} diag={'gate3_alpha_mean': 0.32941439747810364, 'gate3_alpha_min': 0.03336334228515625, 'gate3_alpha_max': 0.9541015625, 'gate3_alpha_std': 0.15934276580810547, 'gate3_alpha_p10': 0.13055419921875, 'gate3_alpha_p50': 0.3159332275390625, 'gate3_alpha_p90': 0.5576171875, 'block0_attn_entropy': 7.5140790939331055, 'block1_attn_entropy': 7.106164932250977}
[step 3510/5000] loss=1.6901 lr=6.584e-05 grad_norm=3.625 samples/s=76.63
[step 3520/5000] loss=1.4780 lr=6.506e-05 grad_norm=4.074 samples/s=76.77
[step 3530/5000] loss=2.4433 lr=6.429e-05 grad_norm=2.864 samples/s=76.68
[step 3540/5000] loss=1.9938 lr=6.352e-05 grad_norm=3.740 samples/s=76.70
[step 3550/5000] loss=1.9046 lr=6.276e-05 grad_norm=3.467 samples/s=76.63
[step 3560/5000] loss=3.4312 lr=6.200e-05 grad_norm=4.284 samples/s=76.63
[step 3570/5000] loss=1.5264 lr=6.124e-05 grad_norm=3.936 samples/s=76.60
[step 3580/5000] loss=1.7636 lr=6.048e-05 grad_norm=6.215 samples/s=76.60
[step 3590/5000] loss=1.9701 lr=5.973e-05 grad_norm=3.598 samples/s=76.55
[step 3600/5000] loss=1.9276 lr=5.899e-05 grad_norm=6.751 samples/s=76.59
[step 3610/5000] loss=2.6235 lr=5.824e-05 grad_norm=3.912 samples/s=76.55
[step 3620/5000] loss=1.5831 lr=5.750e-05 grad_norm=3.576 samples/s=76.57
[step 3630/5000] loss=1.7832 lr=5.677e-05 grad_norm=3.924 samples/s=76.53
[step 3640/5000] loss=1.6120 lr=5.604e-05 grad_norm=3.355 samples/s=76.53
[step 3650/5000] loss=2.0115 lr=5.531e-05 grad_norm=3.432 samples/s=76.48
[step 3660/5000] loss=2.5437 lr=5.459e-05 grad_norm=3.113 samples/s=76.51
[step 3670/5000] loss=1.4599 lr=5.387e-05 grad_norm=4.050 samples/s=76.45
[step 3680/5000] loss=2.1736 lr=5.315e-05 grad_norm=3.616 samples/s=76.48
[step 3690/5000] loss=1.6937 lr=5.244e-05 grad_norm=3.955 samples/s=76.46
[step 3700/5000] loss=2.0329 lr=5.173e-05 grad_norm=3.929 samples/s=76.49
[step 3710/5000] loss=1.9895 lr=5.103e-05 grad_norm=3.636 samples/s=76.38
[step 3720/5000] loss=2.0758 lr=5.033e-05 grad_norm=4.702 samples/s=76.40
[step 3730/5000] loss=2.1609 lr=4.964e-05 grad_norm=3.305 samples/s=76.37
[step 3740/5000] loss=1.9717 lr=4.895e-05 grad_norm=3.330 samples/s=76.42
[step 3750/5000] loss=2.0234 lr=4.826e-05 grad_norm=4.981 samples/s=76.40
[val step 3750] loss=2.1471453552246094 m01={'mean': 0.41605452848143376, 'median': 0.411868206479378, 'p95': 0.7012295817980008, 'tail_frac_gt4px': 8.285690612312537e-05, 'n_matched': 12069} m02={'12-16': 0.9036908881199539, '16-32': 0.9466730723036272, '32-64': 0.9358412780211286, '64-128': 0.9257269279393173} m04={'accuracy': 0.6657552406993122, 'by_octave': {'12-16': 0.4901084875558392, '16-32': 0.6873889875666075, '32-64': 0.7433920704845814, '64-128': 0.6343461932400136}} diag={'gate3_alpha_mean': 0.3291296362876892, 'gate3_alpha_min': 0.0338592529296875, 'gate3_alpha_max': 0.953125, 'gate3_alpha_std': 0.15789617598056793, 'gate3_alpha_p10': 0.1316375732421875, 'gate3_alpha_p50': 0.3160552978515625, 'gate3_alpha_p90': 0.5546875, 'block0_attn_entropy': 7.5140790939331055, 'block1_attn_entropy': 7.106164932250977}
[step 3760/5000] loss=1.5390 lr=4.758e-05 grad_norm=3.684 samples/s=76.55
[step 3770/5000] loss=1.5490 lr=4.690e-05 grad_norm=3.798 samples/s=76.68
[step 3780/5000] loss=3.1404 lr=4.623e-05 grad_norm=4.117 samples/s=76.63
[step 3790/5000] loss=1.7569 lr=4.556e-05 grad_norm=5.087 samples/s=76.63
[step 3800/5000] loss=2.4785 lr=4.489e-05 grad_norm=4.502 samples/s=76.61
[step 3810/5000] loss=2.2874 lr=4.423e-05 grad_norm=3.679 samples/s=76.60
[step 3820/5000] loss=2.1982 lr=4.357e-05 grad_norm=4.754 samples/s=76.55
[step 3830/5000] loss=2.3131 lr=4.292e-05 grad_norm=3.906 samples/s=76.56
[step 3840/5000] loss=1.8391 lr=4.228e-05 grad_norm=4.160 samples/s=76.51
[step 3850/5000] loss=1.7489 lr=4.163e-05 grad_norm=4.420 samples/s=76.51
[step 3860/5000] loss=2.0805 lr=4.099e-05 grad_norm=4.119 samples/s=76.44
[step 3870/5000] loss=3.0742 lr=4.036e-05 grad_norm=4.783 samples/s=76.45
[step 3880/5000] loss=1.7625 lr=3.973e-05 grad_norm=3.194 samples/s=76.39
[step 3890/5000] loss=1.5487 lr=3.911e-05 grad_norm=3.571 samples/s=76.42
[step 3900/5000] loss=1.5807 lr=3.849e-05 grad_norm=4.140 samples/s=76.37
[step 3910/5000] loss=1.6816 lr=3.787e-05 grad_norm=2.876 samples/s=76.40
[step 3920/5000] loss=2.6302 lr=3.726e-05 grad_norm=4.455 samples/s=76.36
[step 3930/5000] loss=1.8959 lr=3.666e-05 grad_norm=3.858 samples/s=76.38
[step 3940/5000] loss=2.4595 lr=3.605e-05 grad_norm=6.684 samples/s=76.32
[step 3950/5000] loss=1.5635 lr=3.546e-05 grad_norm=5.079 samples/s=76.35
[step 3960/5000] loss=2.3349 lr=3.487e-05 grad_norm=4.297 samples/s=76.35
[step 3970/5000] loss=1.9246 lr=3.428e-05 grad_norm=3.185 samples/s=76.37
[step 3980/5000] loss=1.9245 lr=3.370e-05 grad_norm=4.695 samples/s=76.33
[step 3990/5000] loss=1.6360 lr=3.312e-05 grad_norm=4.903 samples/s=76.35
[step 4000/5000] loss=2.0675 lr=3.255e-05 grad_norm=4.410 samples/s=76.32
[val step 4000] loss=2.1429982471466062 m01={'mean': 0.41692022800150275, 'median': 0.41203884110392963, 'p95': 0.700961715963619, 'tail_frac_gt4px': 0.00016548072149594572, 'n_matched': 12086} m02={'12-16': 0.9054209919261822, '16-32': 0.9485947633917847, '32-64': 0.9358412780211286, '64-128': 0.9276232616940582} m04={'accuracy': 0.6653152407744498, 'by_octave': {'12-16': 0.4872611464968153, '16-32': 0.6862496834641681, '32-64': 0.7444933920704846, '64-128': 0.634412265758092}} diag={'gate3_alpha_mean': 0.3204125463962555, 'gate3_alpha_min': 0.03203582763671875, 'gate3_alpha_max': 0.953125, 'gate3_alpha_std': 0.15591055154800415, 'gate3_alpha_p10': 0.1265106201171875, 'gate3_alpha_p50': 0.306640625, 'gate3_alpha_p90': 0.543212890625, 'block0_attn_entropy': 7.5140790939331055, 'block1_attn_entropy': 7.106164932250977}
[step 4010/5000] loss=2.0790 lr=3.198e-05 grad_norm=3.094 samples/s=76.46
[step 4020/5000] loss=1.8172 lr=3.142e-05 grad_norm=4.084 samples/s=76.58
[step 4030/5000] loss=2.1464 lr=3.086e-05 grad_norm=5.381 samples/s=76.53
[step 4040/5000] loss=1.6274 lr=3.031e-05 grad_norm=2.749 samples/s=76.55
[step 4050/5000] loss=2.0572 lr=2.976e-05 grad_norm=4.847 samples/s=76.50
[step 4060/5000] loss=2.1749 lr=2.922e-05 grad_norm=3.383 samples/s=76.53
[step 4070/5000] loss=2.1532 lr=2.868e-05 grad_norm=4.242 samples/s=76.49
[step 4080/5000] loss=1.8577 lr=2.815e-05 grad_norm=4.354 samples/s=76.51
[step 4090/5000] loss=2.3578 lr=2.762e-05 grad_norm=4.314 samples/s=76.48
[step 4100/5000] loss=2.8487 lr=2.710e-05 grad_norm=3.962 samples/s=76.49
[step 4110/5000] loss=2.5565 lr=2.658e-05 grad_norm=3.290 samples/s=76.46
[step 4120/5000] loss=2.0943 lr=2.607e-05 grad_norm=3.023 samples/s=76.45
[step 4130/5000] loss=2.4788 lr=2.556e-05 grad_norm=3.079 samples/s=76.43
[step 4140/5000] loss=1.8974 lr=2.506e-05 grad_norm=5.328 samples/s=76.39
[step 4150/5000] loss=1.9614 lr=2.456e-05 grad_norm=5.677 samples/s=76.41
[step 4160/5000] loss=2.2174 lr=2.407e-05 grad_norm=3.540 samples/s=76.39
[step 4170/5000] loss=1.8386 lr=2.358e-05 grad_norm=3.253 samples/s=76.30
[step 4180/5000] loss=2.1908 lr=2.310e-05 grad_norm=4.924 samples/s=76.33
[step 4190/5000] loss=1.6165 lr=2.263e-05 grad_norm=3.633 samples/s=76.32
[step 4200/5000] loss=1.8551 lr=2.216e-05 grad_norm=3.391 samples/s=76.35
[step 4210/5000] loss=1.9657 lr=2.169e-05 grad_norm=4.181 samples/s=76.35
[step 4220/5000] loss=2.4423 lr=2.123e-05 grad_norm=3.614 samples/s=76.38
[step 4230/5000] loss=2.1947 lr=2.078e-05 grad_norm=5.270 samples/s=76.33
[step 4240/5000] loss=2.5658 lr=2.033e-05 grad_norm=3.660 samples/s=76.35
[step 4250/5000] loss=2.4280 lr=1.988e-05 grad_norm=3.995 samples/s=76.34
[val step 4250] loss=2.1382114009857176 m01={'mean': 0.41664077682728967, 'median': 0.41188600982977797, 'p95': 0.7005768322074202, 'tail_frac_gt4px': 0.00016557662058117395, 'n_matched': 12079} m02={'12-16': 0.9036908881199539, '16-32': 0.9481143406197454, '32-64': 0.9360989435712446, '64-128': 0.9266750948166877} m04={'accuracy': 0.6674393575627121, 'by_octave': {'12-16': 0.4881940012763242, '16-32': 0.6871041297187738, '32-64': 0.7470410129369667, '64-128': 0.638130968622101}} diag={'gate3_alpha_mean': 0.3248973488807678, 'gate3_alpha_min': 0.03310394287109375, 'gate3_alpha_max': 0.9541015625, 'gate3_alpha_std': 0.15607422590255737, 'gate3_alpha_p10': 0.1298065185546875, 'gate3_alpha_p50': 0.31201171875, 'gate3_alpha_p90': 0.54736328125, 'block0_attn_entropy': 7.5140790939331055, 'block1_attn_entropy': 7.106164932250977}
[step 4260/5000] loss=2.1059 lr=1.945e-05 grad_norm=4.094 samples/s=76.48
[step 4270/5000] loss=1.8123 lr=1.901e-05 grad_norm=5.165 samples/s=76.58
[step 4280/5000] loss=2.6531 lr=1.859e-05 grad_norm=4.329 samples/s=76.53
[step 4290/5000] loss=2.2419 lr=1.816e-05 grad_norm=4.501 samples/s=76.52
[step 4300/5000] loss=2.3465 lr=1.775e-05 grad_norm=2.839 samples/s=76.49
[step 4310/5000] loss=2.2712 lr=1.734e-05 grad_norm=4.259 samples/s=76.46
[step 4320/5000] loss=2.3565 lr=1.693e-05 grad_norm=4.633 samples/s=76.48
[step 4330/5000] loss=2.4432 lr=1.653e-05 grad_norm=4.425 samples/s=76.43
[step 4340/5000] loss=1.6139 lr=1.614e-05 grad_norm=4.214 samples/s=76.47
[step 4350/5000] loss=2.0876 lr=1.575e-05 grad_norm=4.518 samples/s=76.44
[step 4360/5000] loss=1.5601 lr=1.537e-05 grad_norm=4.683 samples/s=76.45
[step 4370/5000] loss=2.0944 lr=1.499e-05 grad_norm=3.924 samples/s=76.39
[step 4380/5000] loss=1.7419 lr=1.462e-05 grad_norm=5.330 samples/s=76.39
[step 4390/5000] loss=1.7681 lr=1.425e-05 grad_norm=3.628 samples/s=76.37
[step 4400/5000] loss=2.1089 lr=1.389e-05 grad_norm=6.382 samples/s=76.39
[step 4410/5000] loss=1.9370 lr=1.353e-05 grad_norm=3.488 samples/s=76.35
[step 4420/5000] loss=1.7488 lr=1.318e-05 grad_norm=3.809 samples/s=76.39
[step 4430/5000] loss=1.9916 lr=1.284e-05 grad_norm=4.130 samples/s=76.36
[step 4440/5000] loss=1.3511 lr=1.250e-05 grad_norm=3.165 samples/s=76.37
[step 4450/5000] loss=1.7904 lr=1.217e-05 grad_norm=3.505 samples/s=76.33
[step 4460/5000] loss=2.0787 lr=1.184e-05 grad_norm=4.634 samples/s=76.35
[step 4470/5000] loss=3.0001 lr=1.152e-05 grad_norm=5.350 samples/s=76.33
[step 4480/5000] loss=1.7018 lr=1.121e-05 grad_norm=3.075 samples/s=76.33
[step 4490/5000] loss=2.7619 lr=1.090e-05 grad_norm=4.616 samples/s=76.28
[step 4500/5000] loss=1.6203 lr=1.060e-05 grad_norm=3.242 samples/s=76.30
[val step 4500] loss=2.136347288131714 m01={'mean': 0.41688172932982814, 'median': 0.4120263327543387, 'p95': 0.7021842388872073, 'tail_frac_gt4px': 0.0001656726308813784, 'n_matched': 12072} m02={'12-16': 0.9025374855824683, '16-32': 0.9469132836896469, '32-64': 0.9360989435712446, '64-128': 0.9266750948166877} m04={'accuracy': 0.6685719019218025, 'by_octave': {'12-16': 0.4907348242811502, '16-32': 0.6889903602232369, '32-64': 0.7481420313790256, '64-128': 0.6374488403819918}} diag={'gate3_alpha_mean': 0.32307031750679016, 'gate3_alpha_min': 0.03326416015625, 'gate3_alpha_max': 0.9541015625, 'gate3_alpha_std': 0.15547242760658264, 'gate3_alpha_p10': 0.12896728515625, 'gate3_alpha_p50': 0.3099365234375, 'gate3_alpha_p90': 0.5445599555969238, 'block0_attn_entropy': 7.5140790939331055, 'block1_attn_entropy': 7.106164932250977}
[step 4510/5000] loss=2.1173 lr=1.030e-05 grad_norm=4.022 samples/s=76.44
[step 4520/5000] loss=1.8378 lr=1.001e-05 grad_norm=3.352 samples/s=76.55
[step 4530/5000] loss=1.7667 lr=9.720e-06 grad_norm=2.823 samples/s=76.53
[step 4540/5000] loss=2.3047 lr=9.439e-06 grad_norm=3.714 samples/s=76.51
[step 4550/5000] loss=2.8032 lr=9.165e-06 grad_norm=3.486 samples/s=76.51
[step 4560/5000] loss=1.3914 lr=8.896e-06 grad_norm=3.425 samples/s=76.52
[step 4570/5000] loss=1.7443 lr=8.634e-06 grad_norm=3.316 samples/s=76.52
[step 4580/5000] loss=2.2510 lr=8.377e-06 grad_norm=3.808 samples/s=76.45
[step 4590/5000] loss=1.8407 lr=8.126e-06 grad_norm=5.198 samples/s=76.45
[step 4600/5000] loss=3.2231 lr=7.881e-06 grad_norm=6.105 samples/s=76.43
[step 4610/5000] loss=2.0631 lr=7.642e-06 grad_norm=3.740 samples/s=76.41
[step 4620/5000] loss=2.4404 lr=7.409e-06 grad_norm=3.431 samples/s=76.41
[step 4630/5000] loss=1.9004 lr=7.181e-06 grad_norm=3.103 samples/s=76.43
[step 4640/5000] loss=2.1913 lr=6.960e-06 grad_norm=3.121 samples/s=76.44
[step 4650/5000] loss=1.6426 lr=6.744e-06 grad_norm=3.419 samples/s=76.43
[step 4660/5000] loss=1.3761 lr=6.535e-06 grad_norm=3.330 samples/s=76.35
[step 4670/5000] loss=2.4786 lr=6.331e-06 grad_norm=3.524 samples/s=76.36
[step 4680/5000] loss=1.5998 lr=6.134e-06 grad_norm=5.850 samples/s=76.33
[step 4690/5000] loss=2.2218 lr=5.942e-06 grad_norm=6.701 samples/s=76.35
[step 4700/5000] loss=1.4691 lr=5.757e-06 grad_norm=4.303 samples/s=76.30
[step 4710/5000] loss=1.8611 lr=5.577e-06 grad_norm=3.804 samples/s=76.31
[step 4720/5000] loss=2.4143 lr=5.403e-06 grad_norm=3.153 samples/s=76.30
[step 4730/5000] loss=1.8004 lr=5.236e-06 grad_norm=3.855 samples/s=76.31
[step 4740/5000] loss=1.9266 lr=5.074e-06 grad_norm=3.857 samples/s=76.28
[step 4750/5000] loss=2.6610 lr=4.919e-06 grad_norm=4.320 samples/s=76.29
[val step 4750] loss=2.135786901473999 m01={'mean': 0.41697730184645077, 'median': 0.4120429241057424, 'p95': 0.7021842388872073, 'tail_frac_gt4px': 0.0001656726308813784, 'n_matched': 12072} m02={'12-16': 0.903114186851211, '16-32': 0.9473937064616863, '32-64': 0.9358412780211286, '64-128': 0.9260429835651075} m04={'accuracy': 0.6684062292909212, 'by_octave': {'12-16': 0.49106002554278416, '16-32': 0.6881338742393509, '32-64': 0.7475220264317181, '64-128': 0.6385665529010239}} diag={'gate3_alpha_mean': 0.32193565368652344, 'gate3_alpha_min': 0.03326416015625, 'gate3_alpha_max': 0.953125, 'gate3_alpha_std': 0.1550283133983612, 'gate3_alpha_p10': 0.128448486328125, 'gate3_alpha_p50': 0.308837890625, 'gate3_alpha_p90': 0.5426692962646484, 'block0_attn_entropy': 7.5140790939331055, 'block1_attn_entropy': 7.106164932250977}
[step 4760/5000] loss=2.0951 lr=4.769e-06 grad_norm=4.131 samples/s=76.42
[step 4770/5000] loss=1.8056 lr=4.626e-06 grad_norm=4.496 samples/s=76.51
[step 4780/5000] loss=2.5793 lr=4.488e-06 grad_norm=6.566 samples/s=76.45
[step 4790/5000] loss=2.3874 lr=4.357e-06 grad_norm=6.769 samples/s=76.45
[step 4800/5000] loss=1.7349 lr=4.231e-06 grad_norm=4.269 samples/s=76.39
[step 4810/5000] loss=1.9556 lr=4.112e-06 grad_norm=3.640 samples/s=76.40
[step 4820/5000] loss=2.3443 lr=3.999e-06 grad_norm=3.375 samples/s=76.33
[step 4830/5000] loss=2.2799 lr=3.892e-06 grad_norm=4.304 samples/s=76.35
[step 4840/5000] loss=1.9944 lr=3.790e-06 grad_norm=3.723 samples/s=76.34
[step 4850/5000] loss=1.7269 lr=3.695e-06 grad_norm=4.784 samples/s=76.34
[step 4860/5000] loss=1.8317 lr=3.606e-06 grad_norm=3.510 samples/s=76.29
[step 4870/5000] loss=1.6943 lr=3.523e-06 grad_norm=3.088 samples/s=76.32
[step 4880/5000] loss=1.6619 lr=3.447e-06 grad_norm=3.039 samples/s=76.28
[step 4890/5000] loss=2.7815 lr=3.376e-06 grad_norm=4.976 samples/s=76.30
[step 4900/5000] loss=1.9762 lr=3.311e-06 grad_norm=5.316 samples/s=76.28
[step 4910/5000] loss=1.8510 lr=3.253e-06 grad_norm=3.573 samples/s=76.29
[step 4920/5000] loss=1.7490 lr=3.200e-06 grad_norm=4.294 samples/s=76.26
[step 4930/5000] loss=2.2368 lr=3.154e-06 grad_norm=2.940 samples/s=76.27
[step 4940/5000] loss=2.2741 lr=3.114e-06 grad_norm=3.810 samples/s=76.24
[step 4950/5000] loss=1.9822 lr=3.079e-06 grad_norm=3.349 samples/s=76.26
[step 4960/5000] loss=1.5169 lr=3.051e-06 grad_norm=3.015 samples/s=76.23
[step 4970/5000] loss=1.9527 lr=3.029e-06 grad_norm=4.717 samples/s=76.27
[step 4980/5000] loss=2.1587 lr=3.013e-06 grad_norm=3.800 samples/s=76.23
[step 4990/5000] loss=1.6163 lr=3.004e-06 grad_norm=5.067 samples/s=76.24
[step 5000/5000] loss=2.3988 lr=3.000e-06 grad_norm=5.579 samples/s=76.22
[val step 5000] loss=2.135612627029419 m01={'mean': 0.4171458429039668, 'median': 0.4122175561204975, 'p95': 0.7024375857324004, 'tail_frac_gt4px': 0.00016552180749813787, 'n_matched': 12083} m02={'12-16': 0.9042675893886967, '16-32': 0.9483545520057651, '32-64': 0.9366142746714764, '64-128': 0.9266750948166877} m04={'accuracy': 0.6684598195812298, 'by_octave': {'12-16': 0.4917091836734694, '16-32': 0.686676798378926, '32-64': 0.7482806052269602, '64-128': 0.6394952251023193}} diag={'gate3_alpha_mean': 0.32022109627723694, 'gate3_alpha_min': 0.03281402587890625, 'gate3_alpha_max': 0.953125, 'gate3_alpha_std': 0.15464574098587036, 'gate3_alpha_p10': 0.12744140625, 'gate3_alpha_p50': 0.3070068359375, 'gate3_alpha_p90': 0.5406494140625, 'block0_attn_entropy': 7.5140790939331055, 'block1_attn_entropy': 7.106164932250977}
[FULL val step 5000] loss=2.0452948041915895 m01={'mean': 0.41285745519611233, 'median': 0.40915497069199896, 'p95': 0.6992568746871446, 'tail_frac_gt4px': 0.00012217869040734376, 'n_matched': 122771} m02={'12-16': 0.9053597567841459, '16-32': 0.9313653486223318, '32-64': 0.9466493994565908, '64-128': 0.9483866901941014} m04={'accuracy': 0.6728054670891335, 'by_octave': {'12-16': 0.5201169081524781, '16-32': 0.6827177452177452, '32-64': 0.7427575107296137, '64-128': 0.6547943384942521}}
[train_detector] wrote checkpoint runs/mb3_ft17_post_bneck/ckpt_0005000.pt
[train_detector] done: step=5000 train_elapsed=2099.3s val_elapsed=482.9s samples/s=76.22
