[train_detector] finetune from runs/rel_w882_c2_100k_rev6/ckpt_0100000.pt (step 100000): 37,968 of 882,402 params trainable, lr_mult={'cls.*': 3.0}, reinit=[]
[train_detector] stream_seed=2100000 resume_count=0 start_step=0
[step 1/5000] loss=5.9405 lr=0.000e+00 grad_norm=11.364 samples/s=7.01
[step 2/5000] loss=6.1353 lr=3.000e-06 grad_norm=12.112 samples/s=13.69
[step 3/5000] loss=6.5101 lr=6.000e-06 grad_norm=10.280 samples/s=20.08
[step 4/5000] loss=6.2477 lr=9.000e-06 grad_norm=11.848 samples/s=26.15
[step 5/5000] loss=5.7357 lr=1.200e-05 grad_norm=9.870 samples/s=29.14
[step 6/5000] loss=5.1479 lr=1.500e-05 grad_norm=9.226 samples/s=34.61
[step 7/5000] loss=6.5910 lr=1.800e-05 grad_norm=10.201 samples/s=39.98
[step 8/5000] loss=5.8061 lr=2.100e-05 grad_norm=9.551 samples/s=45.22
[step 9/5000] loss=7.1144 lr=2.400e-05 grad_norm=10.018 samples/s=40.35
[step 10/5000] loss=6.3841 lr=2.700e-05 grad_norm=8.444 samples/s=43.25
[step 20/5000] loss=5.2784 lr=5.700e-05 grad_norm=6.940 samples/s=54.39
[step 30/5000] loss=4.3993 lr=8.700e-05 grad_norm=5.430 samples/s=59.66
[step 40/5000] loss=3.6660 lr=1.170e-04 grad_norm=4.522 samples/s=61.72
[step 50/5000] loss=3.2401 lr=1.470e-04 grad_norm=2.650 samples/s=63.25
[step 60/5000] loss=3.1404 lr=1.770e-04 grad_norm=2.059 samples/s=65.86
[step 70/5000] loss=2.3083 lr=2.070e-04 grad_norm=1.381 samples/s=67.32
[step 80/5000] loss=2.1797 lr=2.370e-04 grad_norm=1.048 samples/s=68.66
[step 90/5000] loss=2.5756 lr=2.670e-04 grad_norm=0.887 samples/s=68.44
[step 100/5000] loss=2.3011 lr=2.970e-04 grad_norm=0.684 samples/s=70.24
[step 110/5000] loss=2.0181 lr=3.000e-04 grad_norm=0.910 samples/s=69.15
[step 120/5000] loss=2.1995 lr=3.000e-04 grad_norm=0.737 samples/s=70.28
[step 130/5000] loss=1.9707 lr=3.000e-04 grad_norm=0.783 samples/s=69.53
[step 140/5000] loss=2.5509 lr=3.000e-04 grad_norm=0.943 samples/s=70.57
[step 150/5000] loss=2.0412 lr=2.999e-04 grad_norm=0.849 samples/s=70.14
[step 160/5000] loss=2.2786 lr=2.999e-04 grad_norm=0.890 samples/s=70.81
[step 170/5000] loss=2.3118 lr=2.999e-04 grad_norm=0.667 samples/s=70.25
[step 180/5000] loss=2.1933 lr=2.998e-04 grad_norm=0.610 samples/s=71.27
[step 190/5000] loss=1.9645 lr=2.998e-04 grad_norm=0.638 samples/s=71.22
[step 200/5000] loss=2.7854 lr=2.997e-04 grad_norm=0.785 samples/s=72.24
[step 210/5000] loss=2.5460 lr=2.996e-04 grad_norm=0.623 samples/s=71.52
[step 220/5000] loss=1.8586 lr=2.996e-04 grad_norm=0.859 samples/s=72.39
[step 230/5000] loss=2.4069 lr=2.995e-04 grad_norm=0.909 samples/s=72.09
[step 240/5000] loss=1.6893 lr=2.994e-04 grad_norm=0.901 samples/s=72.73
[step 250/5000] loss=2.0532 lr=2.993e-04 grad_norm=0.678 samples/s=72.49
[val step 250] loss=2.334795375823975 m01={'mean': 0.4093998113886619, 'median': 0.40835430767447695, 'p95': 0.6784585187959586, 'tail_frac_gt4px': 8.185985592665357e-05, 'n_matched': 12216} m02={'12-16': 0.9192618223760092, '16-32': 0.9546000480422772, '32-64': 0.9451172378253028, '64-128': 0.9418457648546145} m04={'accuracy': 0.37262606417812705, 'by_octave': {'12-16': 0.3575909661229611, '16-32': 0.42929038751887266, '32-64': 0.38794983642311887, '64-128': 0.28624161073825505}} diag={'gate3_alpha_mean': 0.28227534890174866, 'gate3_alpha_min': 0.01668548583984375, 'gate3_alpha_max': 0.98779296875, 'gate3_alpha_std': 0.1545737236738205, 'gate3_alpha_p10': 0.0999908447265625, 'gate3_alpha_p50': 0.2621116638183594, 'gate3_alpha_p90': 0.4891357421875, 'block0_attn_entropy': 7.1890082359313965, 'block1_attn_entropy': 7.4866156578063965}
[step 260/5000] loss=2.3415 lr=2.992e-04 grad_norm=0.769 samples/s=74.91
[step 270/5000] loss=2.2828 lr=2.991e-04 grad_norm=0.982 samples/s=76.51
[step 280/5000] loss=2.5213 lr=2.990e-04 grad_norm=0.755 samples/s=76.09
[step 290/5000] loss=1.8426 lr=2.989e-04 grad_norm=0.599 samples/s=76.46
[step 300/5000] loss=2.2684 lr=2.988e-04 grad_norm=0.802 samples/s=76.19
[step 310/5000] loss=2.1111 lr=2.987e-04 grad_norm=0.904 samples/s=76.26
[step 320/5000] loss=1.6434 lr=2.985e-04 grad_norm=0.776 samples/s=75.83
[step 330/5000] loss=2.3696 lr=2.984e-04 grad_norm=0.745 samples/s=75.85
[step 340/5000] loss=2.0710 lr=2.983e-04 grad_norm=0.764 samples/s=75.53
[step 350/5000] loss=2.3258 lr=2.981e-04 grad_norm=0.931 samples/s=75.42
[step 360/5000] loss=1.6523 lr=2.980e-04 grad_norm=0.844 samples/s=74.73
[step 370/5000] loss=1.7165 lr=2.978e-04 grad_norm=0.892 samples/s=75.13
[step 380/5000] loss=1.8812 lr=2.976e-04 grad_norm=0.673 samples/s=74.68
[step 390/5000] loss=2.0516 lr=2.975e-04 grad_norm=0.813 samples/s=74.70
[step 400/5000] loss=1.7089 lr=2.973e-04 grad_norm=0.623 samples/s=74.33
[step 410/5000] loss=2.2288 lr=2.971e-04 grad_norm=1.062 samples/s=74.94
[step 420/5000] loss=1.8863 lr=2.969e-04 grad_norm=1.012 samples/s=73.96
[step 430/5000] loss=1.9600 lr=2.967e-04 grad_norm=0.776 samples/s=74.24
[step 440/5000] loss=2.6213 lr=2.965e-04 grad_norm=0.922 samples/s=73.90
[step 450/5000] loss=2.4909 lr=2.963e-04 grad_norm=0.879 samples/s=74.09
[step 460/5000] loss=2.2018 lr=2.961e-04 grad_norm=0.978 samples/s=73.77
[step 470/5000] loss=2.6928 lr=2.959e-04 grad_norm=0.695 samples/s=73.87
[step 480/5000] loss=1.6543 lr=2.956e-04 grad_norm=0.818 samples/s=73.67
[step 490/5000] loss=1.7414 lr=2.954e-04 grad_norm=0.853 samples/s=74.06
[step 500/5000] loss=1.8356 lr=2.952e-04 grad_norm=0.717 samples/s=73.95
[val step 500] loss=2.1710911846160887 m01={'mean': 0.4093998113886619, 'median': 0.40835430767447695, 'p95': 0.6784585187959586, 'tail_frac_gt4px': 8.185985592665357e-05, 'n_matched': 12216} m02={'12-16': 0.9192618223760092, '16-32': 0.9546000480422772, '32-64': 0.9451172378253028, '64-128': 0.9418457648546145} m04={'accuracy': 0.5336444007858546, 'by_octave': {'12-16': 0.5464240903387704, '16-32': 0.5898339204831404, '32-64': 0.556434023991276, '64-128': 0.4238255033557047}} diag={'gate3_alpha_mean': 0.28227534890174866, 'gate3_alpha_min': 0.01668548583984375, 'gate3_alpha_max': 0.98779296875, 'gate3_alpha_std': 0.1545737236738205, 'gate3_alpha_p10': 0.0999908447265625, 'gate3_alpha_p50': 0.2621116638183594, 'gate3_alpha_p90': 0.4891357421875, 'block0_attn_entropy': 7.1890082359313965, 'block1_attn_entropy': 7.4866156578063965}
[step 510/5000] loss=2.0678 lr=2.949e-04 grad_norm=0.866 samples/s=75.22
[step 520/5000] loss=1.8155 lr=2.947e-04 grad_norm=0.874 samples/s=76.07
[step 530/5000] loss=1.9606 lr=2.944e-04 grad_norm=0.793 samples/s=75.63
[step 540/5000] loss=2.4164 lr=2.942e-04 grad_norm=0.649 samples/s=75.53
[step 550/5000] loss=2.2737 lr=2.939e-04 grad_norm=0.699 samples/s=75.63
[step 560/5000] loss=1.6831 lr=2.936e-04 grad_norm=0.896 samples/s=75.49
[step 570/5000] loss=1.8357 lr=2.933e-04 grad_norm=0.717 samples/s=75.63
[step 580/5000] loss=1.7568 lr=2.931e-04 grad_norm=0.569 samples/s=74.51
[step 590/5000] loss=1.6084 lr=2.928e-04 grad_norm=0.794 samples/s=74.46
[step 600/5000] loss=1.8510 lr=2.925e-04 grad_norm=1.106 samples/s=74.58
[step 610/5000] loss=2.1202 lr=2.922e-04 grad_norm=0.885 samples/s=74.66
[step 620/5000] loss=2.4727 lr=2.919e-04 grad_norm=0.748 samples/s=74.67
[step 630/5000] loss=1.7718 lr=2.915e-04 grad_norm=0.882 samples/s=74.74
[step 640/5000] loss=2.1049 lr=2.912e-04 grad_norm=0.832 samples/s=74.66
[step 650/5000] loss=2.1412 lr=2.909e-04 grad_norm=0.812 samples/s=74.85
[step 660/5000] loss=1.9873 lr=2.906e-04 grad_norm=0.769 samples/s=74.79
[step 670/5000] loss=3.0832 lr=2.902e-04 grad_norm=1.044 samples/s=74.93
[step 680/5000] loss=2.0316 lr=2.899e-04 grad_norm=0.798 samples/s=74.80
[step 690/5000] loss=2.5027 lr=2.895e-04 grad_norm=0.884 samples/s=74.91
[step 700/5000] loss=1.8771 lr=2.892e-04 grad_norm=0.715 samples/s=74.70
[step 710/5000] loss=2.0816 lr=2.888e-04 grad_norm=0.789 samples/s=74.83
[step 720/5000] loss=2.0114 lr=2.885e-04 grad_norm=0.660 samples/s=74.48
[step 730/5000] loss=1.5821 lr=2.881e-04 grad_norm=0.830 samples/s=74.66
[step 740/5000] loss=1.5182 lr=2.877e-04 grad_norm=0.917 samples/s=74.18
[step 750/5000] loss=2.2490 lr=2.873e-04 grad_norm=1.068 samples/s=74.41
[val step 750] loss=2.1439007530212404 m01={'mean': 0.4093998113886619, 'median': 0.40835430767447695, 'p95': 0.6784585187959586, 'tail_frac_gt4px': 8.185985592665357e-05, 'n_matched': 12216} m02={'12-16': 0.9192618223760092, '16-32': 0.9546000480422772, '32-64': 0.9451172378253028, '64-128': 0.9418457648546145} m04={'accuracy': 0.5517354289456451, 'by_octave': {'12-16': 0.548306148055207, '16-32': 0.6117262204328133, '32-64': 0.5785169029443838, '64-128': 0.4406040268456376}} diag={'gate3_alpha_mean': 0.28227534890174866, 'gate3_alpha_min': 0.01668548583984375, 'gate3_alpha_max': 0.98779296875, 'gate3_alpha_std': 0.1545737236738205, 'gate3_alpha_p10': 0.0999908447265625, 'gate3_alpha_p50': 0.2621116638183594, 'gate3_alpha_p90': 0.4891357421875, 'block0_attn_entropy': 7.1890082359313965, 'block1_attn_entropy': 7.4866156578063965}
[step 760/5000] loss=1.9172 lr=2.869e-04 grad_norm=1.077 samples/s=75.23
[step 770/5000] loss=1.8214 lr=2.865e-04 grad_norm=0.881 samples/s=75.72
[step 780/5000] loss=2.0157 lr=2.861e-04 grad_norm=0.845 samples/s=75.35
[step 790/5000] loss=2.6090 lr=2.857e-04 grad_norm=0.949 samples/s=75.64
[step 800/5000] loss=2.0119 lr=2.853e-04 grad_norm=1.165 samples/s=75.49
[step 810/5000] loss=2.8431 lr=2.849e-04 grad_norm=0.695 samples/s=75.57
[step 820/5000] loss=1.7516 lr=2.845e-04 grad_norm=1.054 samples/s=75.43
[step 830/5000] loss=1.7243 lr=2.841e-04 grad_norm=0.724 samples/s=75.65
[step 840/5000] loss=1.5074 lr=2.836e-04 grad_norm=0.838 samples/s=75.46
[step 850/5000] loss=2.4075 lr=2.832e-04 grad_norm=1.047 samples/s=75.55
[step 860/5000] loss=1.9515 lr=2.828e-04 grad_norm=0.708 samples/s=75.47
[step 870/5000] loss=2.3123 lr=2.823e-04 grad_norm=0.728 samples/s=75.50
[step 880/5000] loss=2.2809 lr=2.819e-04 grad_norm=0.690 samples/s=75.22
[step 890/5000] loss=1.7453 lr=2.814e-04 grad_norm=0.963 samples/s=75.45
[step 900/5000] loss=1.7337 lr=2.809e-04 grad_norm=0.929 samples/s=75.20
[step 910/5000] loss=1.8029 lr=2.805e-04 grad_norm=0.821 samples/s=75.41
[step 920/5000] loss=2.2268 lr=2.800e-04 grad_norm=0.845 samples/s=75.23
[step 930/5000] loss=1.9109 lr=2.795e-04 grad_norm=0.826 samples/s=75.42
[step 940/5000] loss=1.7235 lr=2.790e-04 grad_norm=0.750 samples/s=75.41
[step 950/5000] loss=1.3720 lr=2.785e-04 grad_norm=1.166 samples/s=75.69
[step 960/5000] loss=2.8760 lr=2.780e-04 grad_norm=1.067 samples/s=75.81
[step 970/5000] loss=2.2566 lr=2.775e-04 grad_norm=0.953 samples/s=76.09
[step 980/5000] loss=2.1996 lr=2.770e-04 grad_norm=0.906 samples/s=76.20
[step 990/5000] loss=1.6034 lr=2.765e-04 grad_norm=1.128 samples/s=76.48
[step 1000/5000] loss=1.8023 lr=2.760e-04 grad_norm=1.177 samples/s=76.59
[val step 1000] loss=2.1296116638183595 m01={'mean': 0.4093998113886619, 'median': 0.40835430767447695, 'p95': 0.6784585187959586, 'tail_frac_gt4px': 8.185985592665357e-05, 'n_matched': 12216} m02={'12-16': 0.9192618223760092, '16-32': 0.9546000480422772, '32-64': 0.9451172378253028, '64-128': 0.9418457648546145} m04={'accuracy': 0.5637688277668631, 'by_octave': {'12-16': 0.5664993726474279, '16-32': 0.6210367388022144, '32-64': 0.5891494002181025, '64-128': 0.4546979865771812}} diag={'gate3_alpha_mean': 0.28227534890174866, 'gate3_alpha_min': 0.01668548583984375, 'gate3_alpha_max': 0.98779296875, 'gate3_alpha_std': 0.1545737236738205, 'gate3_alpha_p10': 0.0999908447265625, 'gate3_alpha_p50': 0.2621116638183594, 'gate3_alpha_p90': 0.4891357421875, 'block0_attn_entropy': 7.1890082359313965, 'block1_attn_entropy': 7.4866156578063965}
[step 1010/5000] loss=2.2879 lr=2.755e-04 grad_norm=1.011 samples/s=77.26
[step 1020/5000] loss=2.3720 lr=2.750e-04 grad_norm=0.902 samples/s=77.81
[step 1030/5000] loss=2.5277 lr=2.744e-04 grad_norm=0.724 samples/s=77.81
[step 1040/5000] loss=1.9187 lr=2.739e-04 grad_norm=0.918 samples/s=78.09
[step 1050/5000] loss=2.1489 lr=2.734e-04 grad_norm=0.892 samples/s=78.24
[step 1060/5000] loss=1.8506 lr=2.728e-04 grad_norm=0.770 samples/s=78.48
[step 1070/5000] loss=1.8316 lr=2.723e-04 grad_norm=0.677 samples/s=78.46
[step 1080/5000] loss=1.6632 lr=2.717e-04 grad_norm=1.027 samples/s=78.70
[step 1090/5000] loss=1.8408 lr=2.711e-04 grad_norm=0.779 samples/s=78.81
[step 1100/5000] loss=2.0622 lr=2.706e-04 grad_norm=0.875 samples/s=79.04
[step 1110/5000] loss=2.7713 lr=2.700e-04 grad_norm=0.870 samples/s=79.06
[step 1120/5000] loss=1.4834 lr=2.694e-04 grad_norm=0.818 samples/s=79.31
[step 1130/5000] loss=1.7635 lr=2.688e-04 grad_norm=0.882 samples/s=79.38
[step 1140/5000] loss=1.8033 lr=2.683e-04 grad_norm=0.913 samples/s=79.56
[step 1150/5000] loss=1.8512 lr=2.677e-04 grad_norm=0.739 samples/s=79.56
[step 1160/5000] loss=1.5063 lr=2.671e-04 grad_norm=1.063 samples/s=79.81
[step 1170/5000] loss=2.4109 lr=2.665e-04 grad_norm=0.892 samples/s=79.80
[step 1180/5000] loss=2.0338 lr=2.659e-04 grad_norm=0.996 samples/s=80.01
[step 1190/5000] loss=1.6734 lr=2.653e-04 grad_norm=0.725 samples/s=80.09
[step 1200/5000] loss=2.6224 lr=2.646e-04 grad_norm=0.891 samples/s=80.32
[step 1210/5000] loss=1.9936 lr=2.640e-04 grad_norm=0.888 samples/s=80.35
[step 1220/5000] loss=1.6542 lr=2.634e-04 grad_norm=1.266 samples/s=80.55
[step 1230/5000] loss=1.5720 lr=2.628e-04 grad_norm=0.876 samples/s=80.58
[step 1240/5000] loss=2.1804 lr=2.621e-04 grad_norm=0.825 samples/s=80.77
[step 1250/5000] loss=2.1432 lr=2.615e-04 grad_norm=0.701 samples/s=80.84
[val step 1250] loss=2.1188978633880615 m01={'mean': 0.4093998113886619, 'median': 0.40835430767447695, 'p95': 0.6784585187959586, 'tail_frac_gt4px': 8.185985592665357e-05, 'n_matched': 12216} m02={'12-16': 0.9192618223760092, '16-32': 0.9546000480422772, '32-64': 0.9451172378253028, '64-128': 0.9418457648546145} m04={'accuracy': 0.5688441388343156, 'by_octave': {'12-16': 0.5677540777917189, '16-32': 0.6227981882234525, '32-64': 0.5995092693565977, '64-128': 0.4597315436241611}} diag={'gate3_alpha_mean': 0.28227534890174866, 'gate3_alpha_min': 0.01668548583984375, 'gate3_alpha_max': 0.98779296875, 'gate3_alpha_std': 0.1545737236738205, 'gate3_alpha_p10': 0.0999908447265625, 'gate3_alpha_p50': 0.2621116638183594, 'gate3_alpha_p90': 0.4891357421875, 'block0_attn_entropy': 7.1890082359313965, 'block1_attn_entropy': 7.4866156578063965}
[step 1260/5000] loss=1.6741 lr=2.609e-04 grad_norm=0.670 samples/s=81.41
[step 1270/5000] loss=1.6557 lr=2.602e-04 grad_norm=0.629 samples/s=81.85
[step 1280/5000] loss=1.7726 lr=2.596e-04 grad_norm=0.540 samples/s=81.91
[step 1290/5000] loss=1.7527 lr=2.589e-04 grad_norm=1.048 samples/s=82.03
[step 1300/5000] loss=2.0328 lr=2.582e-04 grad_norm=0.983 samples/s=82.17
[step 1310/5000] loss=2.3844 lr=2.576e-04 grad_norm=0.911 samples/s=82.30
[step 1320/5000] loss=1.7268 lr=2.569e-04 grad_norm=0.880 samples/s=82.30
[step 1330/5000] loss=1.6505 lr=2.562e-04 grad_norm=1.125 samples/s=82.48
[step 1340/5000] loss=1.6811 lr=2.556e-04 grad_norm=0.816 samples/s=82.54
[step 1350/5000] loss=1.7971 lr=2.549e-04 grad_norm=0.675 samples/s=82.68
[step 1360/5000] loss=1.9555 lr=2.542e-04 grad_norm=0.837 samples/s=82.82
[step 1370/5000] loss=2.0450 lr=2.535e-04 grad_norm=0.806 samples/s=82.94
[step 1380/5000] loss=2.1021 lr=2.528e-04 grad_norm=0.878 samples/s=83.05
[step 1390/5000] loss=2.1735 lr=2.521e-04 grad_norm=0.919 samples/s=83.10
[step 1400/5000] loss=1.8740 lr=2.514e-04 grad_norm=0.808 samples/s=83.24
[step 1410/5000] loss=2.4203 lr=2.507e-04 grad_norm=0.871 samples/s=83.22
[step 1420/5000] loss=1.5758 lr=2.500e-04 grad_norm=0.781 samples/s=83.44
[step 1430/5000] loss=1.5505 lr=2.493e-04 grad_norm=1.051 samples/s=83.39
[step 1440/5000] loss=1.7921 lr=2.486e-04 grad_norm=1.225 samples/s=83.58
[step 1450/5000] loss=1.7947 lr=2.478e-04 grad_norm=0.745 samples/s=83.58
[step 1460/5000] loss=2.1856 lr=2.471e-04 grad_norm=1.029 samples/s=83.80
[step 1470/5000] loss=2.4705 lr=2.464e-04 grad_norm=0.679 samples/s=83.85
[step 1480/5000] loss=2.8028 lr=2.456e-04 grad_norm=0.764 samples/s=84.03
[step 1490/5000] loss=2.0262 lr=2.449e-04 grad_norm=0.783 samples/s=84.00
[step 1500/5000] loss=1.5686 lr=2.442e-04 grad_norm=1.247 samples/s=84.19
[val step 1500] loss=2.1100473651885987 m01={'mean': 0.4093998113886619, 'median': 0.40835430767447695, 'p95': 0.6784585187959586, 'tail_frac_gt4px': 8.185985592665357e-05, 'n_matched': 12216} m02={'12-16': 0.9192618223760092, '16-32': 0.9546000480422772, '32-64': 0.9451172378253028, '64-128': 0.9418457648546145} m04={'accuracy': 0.5718729535036018, 'by_octave': {'12-16': 0.5677540777917189, '16-32': 0.6336185203824861, '32-64': 0.5956924754634678, '64-128': 0.46241610738255035}} diag={'gate3_alpha_mean': 0.28227534890174866, 'gate3_alpha_min': 0.01668548583984375, 'gate3_alpha_max': 0.98779296875, 'gate3_alpha_std': 0.1545737236738205, 'gate3_alpha_p10': 0.0999908447265625, 'gate3_alpha_p50': 0.2621116638183594, 'gate3_alpha_p90': 0.4891357421875, 'block0_attn_entropy': 7.1890082359313965, 'block1_attn_entropy': 7.4866156578063965}
[step 1510/5000] loss=2.0443 lr=2.434e-04 grad_norm=0.786 samples/s=84.67
[step 1520/5000] loss=1.6581 lr=2.427e-04 grad_norm=0.871 samples/s=85.04
[step 1530/5000] loss=2.4568 lr=2.419e-04 grad_norm=0.753 samples/s=85.03
[step 1540/5000] loss=2.1978 lr=2.412e-04 grad_norm=0.842 samples/s=85.17
[step 1550/5000] loss=1.9619 lr=2.404e-04 grad_norm=0.778 samples/s=85.10
[step 1560/5000] loss=2.7353 lr=2.396e-04 grad_norm=0.769 samples/s=85.22
[step 1570/5000] loss=2.1597 lr=2.389e-04 grad_norm=0.721 samples/s=85.20
[step 1580/5000] loss=1.9514 lr=2.381e-04 grad_norm=0.938 samples/s=85.35
[step 1590/5000] loss=2.3249 lr=2.373e-04 grad_norm=0.896 samples/s=85.28
[step 1600/5000] loss=1.6175 lr=2.365e-04 grad_norm=0.718 samples/s=85.47
[step 1610/5000] loss=2.4826 lr=2.358e-04 grad_norm=0.896 samples/s=85.49
[step 1620/5000] loss=1.6680 lr=2.350e-04 grad_norm=0.754 samples/s=85.64
[step 1630/5000] loss=2.2481 lr=2.342e-04 grad_norm=0.832 samples/s=85.63
[step 1640/5000] loss=2.1322 lr=2.334e-04 grad_norm=0.610 samples/s=85.77
[step 1650/5000] loss=1.6711 lr=2.326e-04 grad_norm=0.962 samples/s=85.72
[step 1660/5000] loss=1.7751 lr=2.318e-04 grad_norm=0.859 samples/s=85.84
[step 1670/5000] loss=2.3613 lr=2.310e-04 grad_norm=0.930 samples/s=85.88
[step 1680/5000] loss=1.8918 lr=2.302e-04 grad_norm=0.846 samples/s=86.03
[step 1690/5000] loss=1.5307 lr=2.294e-04 grad_norm=0.988 samples/s=85.98
[step 1700/5000] loss=2.0993 lr=2.286e-04 grad_norm=0.919 samples/s=86.15
[step 1710/5000] loss=2.1891 lr=2.277e-04 grad_norm=0.923 samples/s=86.12
[step 1720/5000] loss=1.9462 lr=2.269e-04 grad_norm=0.681 samples/s=86.27
[step 1730/5000] loss=1.4094 lr=2.261e-04 grad_norm=1.060 samples/s=86.20
[step 1740/5000] loss=1.8907 lr=2.253e-04 grad_norm=1.185 samples/s=86.33
[step 1750/5000] loss=1.6617 lr=2.245e-04 grad_norm=0.791 samples/s=86.32
[val step 1750] loss=2.1036104068756103 m01={'mean': 0.4093998113886619, 'median': 0.40835430767447695, 'p95': 0.6784585187959586, 'tail_frac_gt4px': 8.185985592665357e-05, 'n_matched': 12216} m02={'12-16': 0.9192618223760092, '16-32': 0.9546000480422772, '32-64': 0.9451172378253028, '64-128': 0.9418457648546145} m04={'accuracy': 0.5758022265880812, 'by_octave': {'12-16': 0.5671267252195734, '16-32': 0.6391545042778057, '32-64': 0.6063249727371864, '64-128': 0.45838926174496647}} diag={'gate3_alpha_mean': 0.28227534890174866, 'gate3_alpha_min': 0.01668548583984375, 'gate3_alpha_max': 0.98779296875, 'gate3_alpha_std': 0.1545737236738205, 'gate3_alpha_p10': 0.0999908447265625, 'gate3_alpha_p50': 0.2621116638183594, 'gate3_alpha_p90': 0.4891357421875, 'block0_attn_entropy': 7.1890082359313965, 'block1_attn_entropy': 7.4866156578063965}
[step 1760/5000] loss=1.6163 lr=2.236e-04 grad_norm=1.003 samples/s=86.75
[step 1770/5000] loss=1.9228 lr=2.228e-04 grad_norm=0.715 samples/s=87.08
[step 1780/5000] loss=1.7113 lr=2.220e-04 grad_norm=0.842 samples/s=87.10
[step 1790/5000] loss=2.0058 lr=2.211e-04 grad_norm=0.780 samples/s=87.12
[step 1800/5000] loss=1.9932 lr=2.203e-04 grad_norm=0.896 samples/s=87.22
[step 1810/5000] loss=2.4505 lr=2.194e-04 grad_norm=0.809 samples/s=87.28
[step 1820/5000] loss=2.0470 lr=2.186e-04 grad_norm=0.845 samples/s=87.39
[step 1830/5000] loss=1.8581 lr=2.177e-04 grad_norm=0.819 samples/s=87.38
[step 1840/5000] loss=1.9380 lr=2.169e-04 grad_norm=0.783 samples/s=87.52
[step 1850/5000] loss=2.0715 lr=2.160e-04 grad_norm=0.806 samples/s=87.47
[step 1860/5000] loss=1.8771 lr=2.152e-04 grad_norm=0.920 samples/s=87.61
[step 1870/5000] loss=1.5428 lr=2.143e-04 grad_norm=0.875 samples/s=87.60
[step 1880/5000] loss=1.8706 lr=2.134e-04 grad_norm=0.678 samples/s=87.74
[step 1890/5000] loss=3.0627 lr=2.126e-04 grad_norm=0.640 samples/s=87.68
[step 1900/5000] loss=2.5205 lr=2.117e-04 grad_norm=0.766 samples/s=87.78
[step 1910/5000] loss=1.4747 lr=2.108e-04 grad_norm=0.776 samples/s=87.77
[step 1920/5000] loss=1.8996 lr=2.100e-04 grad_norm=1.014 samples/s=87.92
[step 1930/5000] loss=2.0224 lr=2.091e-04 grad_norm=0.700 samples/s=87.93
[step 1940/5000] loss=2.0539 lr=2.082e-04 grad_norm=0.804 samples/s=88.01
[step 1950/5000] loss=2.0442 lr=2.073e-04 grad_norm=0.858 samples/s=87.96
[step 1960/5000] loss=2.0464 lr=2.064e-04 grad_norm=0.770 samples/s=88.07
[step 1970/5000] loss=1.9492 lr=2.055e-04 grad_norm=0.757 samples/s=88.03
[step 1980/5000] loss=2.0951 lr=2.047e-04 grad_norm=0.869 samples/s=88.12
[step 1990/5000] loss=1.9341 lr=2.038e-04 grad_norm=0.746 samples/s=88.12
[step 2000/5000] loss=1.9838 lr=2.029e-04 grad_norm=0.788 samples/s=88.23
[val step 2000] loss=2.099123327255249 m01={'mean': 0.4093998113886619, 'median': 0.40835430767447695, 'p95': 0.6784585187959586, 'tail_frac_gt4px': 8.185985592665357e-05, 'n_matched': 12216} m02={'12-16': 0.9192618223760092, '16-32': 0.9546000480422772, '32-64': 0.9451172378253028, '64-128': 0.9418457648546145} m04={'accuracy': 0.5781761624099542, 'by_octave': {'12-16': 0.5677540777917189, '16-32': 0.638147961751384, '32-64': 0.6079607415485279, '64-128': 0.4671140939597315}} diag={'gate3_alpha_mean': 0.28227534890174866, 'gate3_alpha_min': 0.01668548583984375, 'gate3_alpha_max': 0.98779296875, 'gate3_alpha_std': 0.1545737236738205, 'gate3_alpha_p10': 0.0999908447265625, 'gate3_alpha_p50': 0.2621116638183594, 'gate3_alpha_p90': 0.4891357421875, 'block0_attn_entropy': 7.1890082359313965, 'block1_attn_entropy': 7.4866156578063965}
[step 2010/5000] loss=2.1186 lr=2.020e-04 grad_norm=0.768 samples/s=88.60
[step 2020/5000] loss=1.5284 lr=2.011e-04 grad_norm=0.893 samples/s=88.91
[step 2030/5000] loss=1.9193 lr=2.002e-04 grad_norm=0.807 samples/s=88.87
[step 2040/5000] loss=1.6102 lr=1.993e-04 grad_norm=0.934 samples/s=88.95
[step 2050/5000] loss=2.3686 lr=1.984e-04 grad_norm=0.688 samples/s=88.98
[step 2060/5000] loss=1.9972 lr=1.975e-04 grad_norm=0.776 samples/s=88.99
[step 2070/5000] loss=1.6991 lr=1.966e-04 grad_norm=0.685 samples/s=89.03
[step 2080/5000] loss=2.2629 lr=1.957e-04 grad_norm=0.564 samples/s=89.10
[step 2090/5000] loss=2.1070 lr=1.948e-04 grad_norm=0.781 samples/s=89.06
[step 2100/5000] loss=2.0927 lr=1.938e-04 grad_norm=1.171 samples/s=89.15
[step 2110/5000] loss=3.0930 lr=1.929e-04 grad_norm=0.807 samples/s=89.14
[step 2120/5000] loss=1.9977 lr=1.920e-04 grad_norm=0.883 samples/s=89.24
[step 2130/5000] loss=1.8921 lr=1.911e-04 grad_norm=0.796 samples/s=89.16
[step 2140/5000] loss=2.4550 lr=1.902e-04 grad_norm=0.902 samples/s=89.29
[step 2150/5000] loss=1.9806 lr=1.893e-04 grad_norm=0.724 samples/s=89.24
[step 2160/5000] loss=1.7025 lr=1.883e-04 grad_norm=0.822 samples/s=89.36
[step 2170/5000] loss=1.5644 lr=1.874e-04 grad_norm=0.789 samples/s=89.31
[step 2180/5000] loss=2.4009 lr=1.865e-04 grad_norm=0.695 samples/s=89.38
[step 2190/5000] loss=1.8712 lr=1.856e-04 grad_norm=0.775 samples/s=89.37
[step 2200/5000] loss=2.8224 lr=1.846e-04 grad_norm=0.772 samples/s=89.47
[step 2210/5000] loss=2.6986 lr=1.837e-04 grad_norm=1.139 samples/s=89.47
[step 2220/5000] loss=1.7008 lr=1.828e-04 grad_norm=0.833 samples/s=89.57
[step 2230/5000] loss=2.1960 lr=1.818e-04 grad_norm=0.803 samples/s=89.55
[step 2240/5000] loss=2.1931 lr=1.809e-04 grad_norm=0.808 samples/s=89.69
[step 2250/5000] loss=2.2409 lr=1.800e-04 grad_norm=0.772 samples/s=89.67
[val step 2250] loss=2.0958779582977294 m01={'mean': 0.4093998113886619, 'median': 0.40835430767447695, 'p95': 0.6784585187959586, 'tail_frac_gt4px': 8.185985592665357e-05, 'n_matched': 12216} m02={'12-16': 0.9192618223760092, '16-32': 0.9546000480422772, '32-64': 0.9451172378253028, '64-128': 0.9418457648546145} m04={'accuracy': 0.5819417157825802, 'by_octave': {'12-16': 0.5639899623588457, '16-32': 0.6416708605938601, '32-64': 0.613958560523446, '64-128': 0.47248322147651006}} diag={'gate3_alpha_mean': 0.28227534890174866, 'gate3_alpha_min': 0.01668548583984375, 'gate3_alpha_max': 0.98779296875, 'gate3_alpha_std': 0.1545737236738205, 'gate3_alpha_p10': 0.0999908447265625, 'gate3_alpha_p50': 0.2621116638183594, 'gate3_alpha_p90': 0.4891357421875, 'block0_attn_entropy': 7.1890082359313965, 'block1_attn_entropy': 7.4866156578063965}
[step 2260/5000] loss=1.8775 lr=1.790e-04 grad_norm=0.790 samples/s=90.02
[step 2270/5000] loss=1.7415 lr=1.781e-04 grad_norm=0.760 samples/s=90.29
[step 2280/5000] loss=1.8081 lr=1.772e-04 grad_norm=0.775 samples/s=90.27
[step 2290/5000] loss=2.3609 lr=1.762e-04 grad_norm=0.679 samples/s=90.36
[step 2300/5000] loss=2.1697 lr=1.753e-04 grad_norm=0.686 samples/s=90.33
[step 2310/5000] loss=2.0570 lr=1.744e-04 grad_norm=1.030 samples/s=90.40
[step 2320/5000] loss=1.7673 lr=1.734e-04 grad_norm=0.826 samples/s=90.43
[step 2330/5000] loss=1.8233 lr=1.725e-04 grad_norm=0.996 samples/s=90.46
[step 2340/5000] loss=1.9009 lr=1.715e-04 grad_norm=0.834 samples/s=90.52
[step 2350/5000] loss=2.1517 lr=1.706e-04 grad_norm=0.643 samples/s=90.51
[step 2360/5000] loss=2.0994 lr=1.696e-04 grad_norm=0.716 samples/s=90.60
[step 2370/5000] loss=1.9160 lr=1.687e-04 grad_norm=0.782 samples/s=90.55
[step 2380/5000] loss=2.2291 lr=1.677e-04 grad_norm=1.156 samples/s=90.63
[step 2390/5000] loss=2.5015 lr=1.668e-04 grad_norm=1.061 samples/s=90.53
[step 2400/5000] loss=2.3659 lr=1.659e-04 grad_norm=0.794 samples/s=90.63
[step 2410/5000] loss=2.0089 lr=1.649e-04 grad_norm=0.942 samples/s=90.65
[step 2420/5000] loss=2.4862 lr=1.640e-04 grad_norm=0.799 samples/s=90.73
[step 2430/5000] loss=1.9505 lr=1.630e-04 grad_norm=1.011 samples/s=90.68
[step 2440/5000] loss=1.7364 lr=1.621e-04 grad_norm=0.896 samples/s=90.80
[step 2450/5000] loss=2.2809 lr=1.611e-04 grad_norm=0.840 samples/s=90.74
[step 2460/5000] loss=1.8316 lr=1.602e-04 grad_norm=1.078 samples/s=90.79
[step 2470/5000] loss=1.7789 lr=1.592e-04 grad_norm=0.865 samples/s=90.80
[step 2480/5000] loss=2.0629 lr=1.583e-04 grad_norm=0.948 samples/s=90.88
[step 2490/5000] loss=2.2017 lr=1.573e-04 grad_norm=0.718 samples/s=90.88
[step 2500/5000] loss=1.7689 lr=1.564e-04 grad_norm=0.840 samples/s=91.00
[val step 2500] loss=2.0917158699035645 m01={'mean': 0.4093998113886619, 'median': 0.40835430767447695, 'p95': 0.6784585187959586, 'tail_frac_gt4px': 8.185985592665357e-05, 'n_matched': 12216} m02={'12-16': 0.9192618223760092, '16-32': 0.9546000480422772, '32-64': 0.9451172378253028, '64-128': 0.9418457648546145} m04={'accuracy': 0.585297969875573, 'by_octave': {'12-16': 0.5671267252195734, '16-32': 0.6474584801207851, '32-64': 0.6161395856052344, '64-128': 0.4741610738255034}} diag={'gate3_alpha_mean': 0.28227534890174866, 'gate3_alpha_min': 0.01668548583984375, 'gate3_alpha_max': 0.98779296875, 'gate3_alpha_std': 0.1545737236738205, 'gate3_alpha_p10': 0.0999908447265625, 'gate3_alpha_p50': 0.2621116638183594, 'gate3_alpha_p90': 0.4891357421875, 'block0_attn_entropy': 7.1890082359313965, 'block1_attn_entropy': 7.4866156578063965}
[step 2510/5000] loss=1.6412 lr=1.554e-04 grad_norm=0.726 samples/s=91.31
[step 2520/5000] loss=1.6485 lr=1.545e-04 grad_norm=0.736 samples/s=91.55
[step 2530/5000] loss=1.6626 lr=1.535e-04 grad_norm=0.636 samples/s=91.54
[step 2540/5000] loss=2.3774 lr=1.525e-04 grad_norm=0.827 samples/s=91.61
[step 2550/5000] loss=1.7652 lr=1.516e-04 grad_norm=0.962 samples/s=91.62
[step 2560/5000] loss=1.6721 lr=1.506e-04 grad_norm=1.017 samples/s=91.66
[step 2570/5000] loss=1.6836 lr=1.497e-04 grad_norm=0.858 samples/s=91.63
[step 2580/5000] loss=2.1351 lr=1.487e-04 grad_norm=0.674 samples/s=91.72
[step 2590/5000] loss=2.0569 lr=1.478e-04 grad_norm=0.687 samples/s=91.69
[step 2600/5000] loss=1.8520 lr=1.468e-04 grad_norm=0.897 samples/s=91.78
[step 2610/5000] loss=1.8820 lr=1.459e-04 grad_norm=0.874 samples/s=91.78
[step 2620/5000] loss=2.4697 lr=1.449e-04 grad_norm=0.887 samples/s=91.86
[step 2630/5000] loss=1.9338 lr=1.440e-04 grad_norm=1.049 samples/s=91.88
[step 2640/5000] loss=1.6991 lr=1.430e-04 grad_norm=0.827 samples/s=91.91
[step 2650/5000] loss=1.5263 lr=1.421e-04 grad_norm=0.672 samples/s=91.95
[step 2660/5000] loss=1.9215 lr=1.411e-04 grad_norm=0.746 samples/s=92.02
[step 2670/5000] loss=2.5497 lr=1.402e-04 grad_norm=0.618 samples/s=92.01
[step 2680/5000] loss=1.9429 lr=1.392e-04 grad_norm=0.775 samples/s=92.04
[step 2690/5000] loss=2.2080 lr=1.383e-04 grad_norm=0.832 samples/s=92.06
[step 2700/5000] loss=1.9591 lr=1.373e-04 grad_norm=0.851 samples/s=92.09
[step 2710/5000] loss=1.7592 lr=1.364e-04 grad_norm=0.793 samples/s=92.11
[step 2720/5000] loss=2.9204 lr=1.354e-04 grad_norm=0.712 samples/s=92.19
[step 2730/5000] loss=2.4452 lr=1.345e-04 grad_norm=0.764 samples/s=92.16
[step 2740/5000] loss=1.6326 lr=1.335e-04 grad_norm=0.770 samples/s=92.24
[step 2750/5000] loss=1.5894 lr=1.326e-04 grad_norm=0.947 samples/s=92.22
[val step 2750] loss=2.0890415115356444 m01={'mean': 0.4093998113886619, 'median': 0.40835430767447695, 'p95': 0.6784585187959586, 'tail_frac_gt4px': 8.185985592665357e-05, 'n_matched': 12216} m02={'12-16': 0.9192618223760092, '16-32': 0.9546000480422772, '32-64': 0.9451172378253028, '64-128': 0.9418457648546145} m04={'accuracy': 0.5856254092992796, 'by_octave': {'12-16': 0.5646173149309912, '16-32': 0.6502264720684449, '32-64': 0.6134133042529989, '64-128': 0.47651006711409394}} diag={'gate3_alpha_mean': 0.28227534890174866, 'gate3_alpha_min': 0.01668548583984375, 'gate3_alpha_max': 0.98779296875, 'gate3_alpha_std': 0.1545737236738205, 'gate3_alpha_p10': 0.0999908447265625, 'gate3_alpha_p50': 0.2621116638183594, 'gate3_alpha_p90': 0.4891357421875, 'block0_attn_entropy': 7.1890082359313965, 'block1_attn_entropy': 7.4866156578063965}
[step 2760/5000] loss=1.8152 lr=1.317e-04 grad_norm=0.981 samples/s=92.50
[step 2770/5000] loss=1.8113 lr=1.307e-04 grad_norm=0.972 samples/s=92.71
[step 2780/5000] loss=2.0428 lr=1.298e-04 grad_norm=0.797 samples/s=92.67
[step 2790/5000] loss=1.5907 lr=1.288e-04 grad_norm=1.086 samples/s=92.73
[step 2800/5000] loss=2.0781 lr=1.279e-04 grad_norm=1.035 samples/s=92.68
[step 2810/5000] loss=1.6745 lr=1.270e-04 grad_norm=0.903 samples/s=92.75
[step 2820/5000] loss=1.5613 lr=1.260e-04 grad_norm=0.768 samples/s=92.74
[step 2830/5000] loss=2.3822 lr=1.251e-04 grad_norm=0.786 samples/s=92.78
[step 2840/5000] loss=1.9936 lr=1.241e-04 grad_norm=0.680 samples/s=92.76
[step 2850/5000] loss=1.9094 lr=1.232e-04 grad_norm=0.801 samples/s=92.82
[step 2860/5000] loss=1.7252 lr=1.223e-04 grad_norm=0.691 samples/s=92.83
[step 2870/5000] loss=2.1311 lr=1.213e-04 grad_norm=0.948 samples/s=92.92
[step 2880/5000] loss=1.7649 lr=1.204e-04 grad_norm=0.731 samples/s=92.88
[step 2890/5000] loss=1.8186 lr=1.195e-04 grad_norm=0.952 samples/s=92.95
[step 2900/5000] loss=2.0035 lr=1.185e-04 grad_norm=0.752 samples/s=92.93
[step 2910/5000] loss=1.6566 lr=1.176e-04 grad_norm=0.672 samples/s=92.99
[step 2920/5000] loss=1.7842 lr=1.167e-04 grad_norm=0.825 samples/s=92.96
[step 2930/5000] loss=1.6794 lr=1.158e-04 grad_norm=0.633 samples/s=93.05
[step 2940/5000] loss=1.7860 lr=1.148e-04 grad_norm=0.752 samples/s=93.03
[step 2950/5000] loss=1.6261 lr=1.139e-04 grad_norm=0.807 samples/s=93.05
[step 2960/5000] loss=2.1785 lr=1.130e-04 grad_norm=0.814 samples/s=93.08
[step 2970/5000] loss=1.7976 lr=1.121e-04 grad_norm=0.718 samples/s=93.07
[step 2980/5000] loss=1.6433 lr=1.112e-04 grad_norm=0.655 samples/s=93.09
[step 2990/5000] loss=2.3163 lr=1.103e-04 grad_norm=0.656 samples/s=93.07
[step 3000/5000] loss=1.7003 lr=1.093e-04 grad_norm=0.929 samples/s=93.12
[val step 3000] loss=2.0861127243041993 m01={'mean': 0.4093998113886619, 'median': 0.40835430767447695, 'p95': 0.6784585187959586, 'tail_frac_gt4px': 8.185985592665357e-05, 'n_matched': 12216} m02={'12-16': 0.9192618223760092, '16-32': 0.9546000480422772, '32-64': 0.9451172378253028, '64-128': 0.9418457648546145} m04={'accuracy': 0.5875900458415193, 'by_octave': {'12-16': 0.5721455457967378, '16-32': 0.6532460996477101, '32-64': 0.6147764449291166, '64-128': 0.4748322147651007}} diag={'gate3_alpha_mean': 0.28227534890174866, 'gate3_alpha_min': 0.01668548583984375, 'gate3_alpha_max': 0.98779296875, 'gate3_alpha_std': 0.1545737236738205, 'gate3_alpha_p10': 0.0999908447265625, 'gate3_alpha_p50': 0.2621116638183594, 'gate3_alpha_p90': 0.4891357421875, 'block0_attn_entropy': 7.1890082359313965, 'block1_attn_entropy': 7.4866156578063965}
[step 3010/5000] loss=1.8609 lr=1.084e-04 grad_norm=0.868 samples/s=93.39
[step 3020/5000] loss=1.6969 lr=1.075e-04 grad_norm=0.723 samples/s=93.59
[step 3030/5000] loss=2.1952 lr=1.066e-04 grad_norm=0.777 samples/s=93.56
[step 3040/5000] loss=1.5018 lr=1.057e-04 grad_norm=0.772 samples/s=93.59
[step 3050/5000] loss=1.7353 lr=1.048e-04 grad_norm=0.734 samples/s=93.60
[step 3060/5000] loss=2.0891 lr=1.039e-04 grad_norm=0.828 samples/s=93.65
[step 3070/5000] loss=1.8847 lr=1.030e-04 grad_norm=0.937 samples/s=93.63
[step 3080/5000] loss=2.1417 lr=1.021e-04 grad_norm=0.813 samples/s=93.70
[step 3090/5000] loss=1.8104 lr=1.012e-04 grad_norm=0.831 samples/s=93.68
[step 3100/5000] loss=1.5231 lr=1.003e-04 grad_norm=0.609 samples/s=93.77
[step 3110/5000] loss=2.0989 lr=9.941e-05 grad_norm=0.810 samples/s=93.75
[step 3120/5000] loss=2.0459 lr=9.852e-05 grad_norm=0.764 samples/s=93.82
[step 3130/5000] loss=2.2945 lr=9.763e-05 grad_norm=0.812 samples/s=93.80
[step 3140/5000] loss=2.2547 lr=9.674e-05 grad_norm=0.905 samples/s=93.85
[step 3150/5000] loss=1.6194 lr=9.586e-05 grad_norm=0.783 samples/s=93.81
[step 3160/5000] loss=2.0474 lr=9.498e-05 grad_norm=0.899 samples/s=93.84
[step 3170/5000] loss=1.8382 lr=9.410e-05 grad_norm=1.004 samples/s=93.81
[step 3180/5000] loss=2.2218 lr=9.322e-05 grad_norm=0.707 samples/s=93.83
[step 3190/5000] loss=1.8014 lr=9.235e-05 grad_norm=0.976 samples/s=93.88
[step 3200/5000] loss=1.6809 lr=9.148e-05 grad_norm=0.657 samples/s=93.85
[step 3210/5000] loss=1.9109 lr=9.061e-05 grad_norm=0.664 samples/s=93.90
[step 3220/5000] loss=1.8709 lr=8.974e-05 grad_norm=0.847 samples/s=93.87
[step 3230/5000] loss=1.9582 lr=8.888e-05 grad_norm=0.754 samples/s=93.94
[step 3240/5000] loss=2.9521 lr=8.801e-05 grad_norm=0.931 samples/s=93.92
[step 3250/5000] loss=2.5411 lr=8.715e-05 grad_norm=0.921 samples/s=93.99
[val step 3250] loss=2.0845427894592286 m01={'mean': 0.4093998113886619, 'median': 0.40835430767447695, 'p95': 0.6784585187959586, 'tail_frac_gt4px': 8.185985592665357e-05, 'n_matched': 12216} m02={'12-16': 0.9192618223760092, '16-32': 0.9546000480422772, '32-64': 0.9451172378253028, '64-128': 0.9418457648546145} m04={'accuracy': 0.5880812049770793, 'by_octave': {'12-16': 0.5671267252195734, '16-32': 0.6532460996477101, '32-64': 0.6185932388222465, '64-128': 0.4748322147651007}} diag={'gate3_alpha_mean': 0.28227534890174866, 'gate3_alpha_min': 0.01668548583984375, 'gate3_alpha_max': 0.98779296875, 'gate3_alpha_std': 0.1545737236738205, 'gate3_alpha_p10': 0.0999908447265625, 'gate3_alpha_p50': 0.2621116638183594, 'gate3_alpha_p90': 0.4891357421875, 'block0_attn_entropy': 7.1890082359313965, 'block1_attn_entropy': 7.4866156578063965}
[step 3260/5000] loss=1.6741 lr=8.630e-05 grad_norm=0.692 samples/s=94.24
[step 3270/5000] loss=1.8259 lr=8.544e-05 grad_norm=0.705 samples/s=94.43
[step 3280/5000] loss=2.5195 lr=8.459e-05 grad_norm=0.787 samples/s=94.40
[step 3290/5000] loss=1.9844 lr=8.374e-05 grad_norm=0.736 samples/s=94.39
[step 3300/5000] loss=2.0249 lr=8.290e-05 grad_norm=0.785 samples/s=94.43
[step 3310/5000] loss=1.4562 lr=8.205e-05 grad_norm=0.790 samples/s=94.39
[step 3320/5000] loss=1.9116 lr=8.121e-05 grad_norm=0.704 samples/s=94.43
[step 3330/5000] loss=2.4662 lr=8.038e-05 grad_norm=0.859 samples/s=94.43
[step 3340/5000] loss=1.8884 lr=7.954e-05 grad_norm=0.782 samples/s=94.47
[step 3350/5000] loss=2.3244 lr=7.871e-05 grad_norm=0.931 samples/s=94.47
[step 3360/5000] loss=2.3056 lr=7.788e-05 grad_norm=0.846 samples/s=94.51
[step 3370/5000] loss=1.8969 lr=7.706e-05 grad_norm=0.885 samples/s=94.52
[step 3380/5000] loss=2.1739 lr=7.624e-05 grad_norm=0.967 samples/s=94.55
[step 3390/5000] loss=1.6693 lr=7.542e-05 grad_norm=0.690 samples/s=94.54
[step 3400/5000] loss=2.7633 lr=7.460e-05 grad_norm=0.707 samples/s=94.56
[step 3410/5000] loss=1.5384 lr=7.379e-05 grad_norm=0.795 samples/s=94.57
[step 3420/5000] loss=1.9937 lr=7.298e-05 grad_norm=0.911 samples/s=94.57
[step 3430/5000] loss=1.8803 lr=7.217e-05 grad_norm=0.734 samples/s=94.53
[step 3440/5000] loss=1.7648 lr=7.137e-05 grad_norm=0.771 samples/s=94.57
[step 3450/5000] loss=1.7194 lr=7.057e-05 grad_norm=0.605 samples/s=94.57
[step 3460/5000] loss=1.6351 lr=6.977e-05 grad_norm=0.848 samples/s=94.58
[step 3470/5000] loss=2.8216 lr=6.898e-05 grad_norm=0.707 samples/s=94.58
[step 3480/5000] loss=1.6709 lr=6.819e-05 grad_norm=0.665 samples/s=94.62
[step 3490/5000] loss=1.7599 lr=6.740e-05 grad_norm=0.843 samples/s=94.55
[step 3500/5000] loss=2.2527 lr=6.662e-05 grad_norm=0.746 samples/s=94.62
[val step 3500] loss=2.0837866954803466 m01={'mean': 0.4093998113886619, 'median': 0.40835430767447695, 'p95': 0.6784585187959586, 'tail_frac_gt4px': 8.185985592665357e-05, 'n_matched': 12216} m02={'12-16': 0.9192618223760092, '16-32': 0.9546000480422772, '32-64': 0.9451172378253028, '64-128': 0.9418457648546145} m04={'accuracy': 0.5884086444007859, 'by_octave': {'12-16': 0.5664993726474279, '16-32': 0.6514846502264721, '32-64': 0.6196837513631407, '64-128': 0.47751677852348995}} diag={'gate3_alpha_mean': 0.28227534890174866, 'gate3_alpha_min': 0.01668548583984375, 'gate3_alpha_max': 0.98779296875, 'gate3_alpha_std': 0.1545737236738205, 'gate3_alpha_p10': 0.0999908447265625, 'gate3_alpha_p50': 0.2621116638183594, 'gate3_alpha_p90': 0.4891357421875, 'block0_attn_entropy': 7.1890082359313965, 'block1_attn_entropy': 7.4866156578063965}
[step 3510/5000] loss=1.7555 lr=6.584e-05 grad_norm=0.910 samples/s=94.85
[step 3520/5000] loss=1.4822 lr=6.506e-05 grad_norm=0.638 samples/s=95.03
[step 3530/5000] loss=2.1621 lr=6.429e-05 grad_norm=0.688 samples/s=95.01
[step 3540/5000] loss=1.9202 lr=6.352e-05 grad_norm=0.857 samples/s=95.01
[step 3550/5000] loss=1.7550 lr=6.276e-05 grad_norm=0.725 samples/s=95.01
[step 3560/5000] loss=3.0735 lr=6.200e-05 grad_norm=0.741 samples/s=95.03
[step 3570/5000] loss=1.4397 lr=6.124e-05 grad_norm=0.765 samples/s=95.05
[step 3580/5000] loss=1.7564 lr=6.048e-05 grad_norm=0.831 samples/s=95.09
[step 3590/5000] loss=1.8229 lr=5.973e-05 grad_norm=0.775 samples/s=95.03
[step 3600/5000] loss=1.8488 lr=5.899e-05 grad_norm=0.844 samples/s=95.08
[step 3610/5000] loss=2.4801 lr=5.824e-05 grad_norm=0.669 samples/s=95.02
[step 3620/5000] loss=1.5790 lr=5.750e-05 grad_norm=0.764 samples/s=95.09
[step 3630/5000] loss=1.7797 lr=5.677e-05 grad_norm=0.819 samples/s=95.07
[step 3640/5000] loss=1.6561 lr=5.604e-05 grad_norm=0.694 samples/s=95.11
[step 3650/5000] loss=1.9681 lr=5.531e-05 grad_norm=0.921 samples/s=95.06
[step 3660/5000] loss=2.5242 lr=5.459e-05 grad_norm=0.750 samples/s=95.08
[step 3670/5000] loss=1.4857 lr=5.387e-05 grad_norm=0.804 samples/s=95.02
[step 3680/5000] loss=2.0389 lr=5.315e-05 grad_norm=0.682 samples/s=95.09
[step 3690/5000] loss=1.7757 lr=5.244e-05 grad_norm=0.974 samples/s=95.08
[step 3700/5000] loss=2.0629 lr=5.173e-05 grad_norm=0.714 samples/s=95.16
[step 3710/5000] loss=1.9639 lr=5.103e-05 grad_norm=0.811 samples/s=95.15
[step 3720/5000] loss=1.9007 lr=5.033e-05 grad_norm=0.747 samples/s=95.20
[step 3730/5000] loss=2.1094 lr=4.964e-05 grad_norm=0.613 samples/s=95.19
[step 3740/5000] loss=1.9230 lr=4.895e-05 grad_norm=0.760 samples/s=95.23
[step 3750/5000] loss=1.9854 lr=4.826e-05 grad_norm=0.715 samples/s=95.17
[val step 3750] loss=2.0820007648468017 m01={'mean': 0.4093998113886619, 'median': 0.40835430767447695, 'p95': 0.6784585187959586, 'tail_frac_gt4px': 8.185985592665357e-05, 'n_matched': 12216} m02={'12-16': 0.9192618223760092, '16-32': 0.9546000480422772, '32-64': 0.9451172378253028, '64-128': 0.9418457648546145} m04={'accuracy': 0.5898821218074656, 'by_octave': {'12-16': 0.56900878293601, '16-32': 0.6560140915953699, '32-64': 0.6185932388222465, '64-128': 0.47751677852348995}} diag={'gate3_alpha_mean': 0.28227534890174866, 'gate3_alpha_min': 0.01668548583984375, 'gate3_alpha_max': 0.98779296875, 'gate3_alpha_std': 0.1545737236738205, 'gate3_alpha_p10': 0.0999908447265625, 'gate3_alpha_p50': 0.2621116638183594, 'gate3_alpha_p90': 0.4891357421875, 'block0_attn_entropy': 7.1890082359313965, 'block1_attn_entropy': 7.4866156578063965}
[step 3760/5000] loss=1.5715 lr=4.758e-05 grad_norm=0.808 samples/s=95.38
[step 3770/5000] loss=1.4743 lr=4.690e-05 grad_norm=0.767 samples/s=95.55
[step 3780/5000] loss=2.9702 lr=4.623e-05 grad_norm=0.715 samples/s=95.52
[step 3790/5000] loss=1.7416 lr=4.556e-05 grad_norm=0.750 samples/s=95.51
[step 3800/5000] loss=2.4226 lr=4.489e-05 grad_norm=0.946 samples/s=95.49
[step 3810/5000] loss=2.1775 lr=4.423e-05 grad_norm=0.759 samples/s=95.55
[step 3820/5000] loss=2.1174 lr=4.357e-05 grad_norm=0.684 samples/s=95.48
[step 3830/5000] loss=2.3146 lr=4.292e-05 grad_norm=0.783 samples/s=95.55
[step 3840/5000] loss=1.7471 lr=4.228e-05 grad_norm=0.788 samples/s=95.50
[step 3850/5000] loss=1.7382 lr=4.163e-05 grad_norm=0.800 samples/s=95.55
[step 3860/5000] loss=1.9264 lr=4.099e-05 grad_norm=0.904 samples/s=95.53
[step 3870/5000] loss=2.7710 lr=4.036e-05 grad_norm=0.674 samples/s=95.58
[step 3880/5000] loss=1.6931 lr=3.973e-05 grad_norm=0.865 samples/s=95.56
[step 3890/5000] loss=1.6311 lr=3.911e-05 grad_norm=0.976 samples/s=95.60
[step 3900/5000] loss=1.4881 lr=3.849e-05 grad_norm=0.622 samples/s=95.56
[step 3910/5000] loss=1.6586 lr=3.787e-05 grad_norm=0.779 samples/s=95.60
[step 3920/5000] loss=2.5550 lr=3.726e-05 grad_norm=0.741 samples/s=95.58
[step 3930/5000] loss=1.8220 lr=3.666e-05 grad_norm=0.702 samples/s=95.62
[step 3940/5000] loss=2.4098 lr=3.605e-05 grad_norm=0.777 samples/s=95.58
[step 3950/5000] loss=1.5672 lr=3.546e-05 grad_norm=0.806 samples/s=95.64
[step 3960/5000] loss=2.1176 lr=3.487e-05 grad_norm=0.638 samples/s=95.61
[step 3970/5000] loss=1.9411 lr=3.428e-05 grad_norm=0.718 samples/s=95.66
[step 3980/5000] loss=1.9396 lr=3.370e-05 grad_norm=0.723 samples/s=95.64
[step 3990/5000] loss=1.5915 lr=3.312e-05 grad_norm=0.896 samples/s=95.71
[step 4000/5000] loss=2.0186 lr=3.255e-05 grad_norm=0.751 samples/s=95.65
[val step 4000] loss=2.0812420825958253 m01={'mean': 0.4093998113886619, 'median': 0.40835430767447695, 'p95': 0.6784585187959586, 'tail_frac_gt4px': 8.185985592665357e-05, 'n_matched': 12216} m02={'12-16': 0.9192618223760092, '16-32': 0.9546000480422772, '32-64': 0.9451172378253028, '64-128': 0.9418457648546145} m04={'accuracy': 0.5891453831041258, 'by_octave': {'12-16': 0.5708908406524467, '16-32': 0.6524911927528938, '32-64': 0.6191384950926936, '64-128': 0.47751677852348995}} diag={'gate3_alpha_mean': 0.28227534890174866, 'gate3_alpha_min': 0.01668548583984375, 'gate3_alpha_max': 0.98779296875, 'gate3_alpha_std': 0.1545737236738205, 'gate3_alpha_p10': 0.0999908447265625, 'gate3_alpha_p50': 0.2621116638183594, 'gate3_alpha_p90': 0.4891357421875, 'block0_attn_entropy': 7.1890082359313965, 'block1_attn_entropy': 7.4866156578063965}
[step 4010/5000] loss=1.9932 lr=3.198e-05 grad_norm=0.897 samples/s=95.85
[step 4020/5000] loss=1.8130 lr=3.142e-05 grad_norm=0.635 samples/s=96.00
[step 4030/5000] loss=1.9904 lr=3.086e-05 grad_norm=0.841 samples/s=95.98
[step 4040/5000] loss=1.8001 lr=3.031e-05 grad_norm=0.839 samples/s=96.02
[step 4050/5000] loss=1.8582 lr=2.976e-05 grad_norm=0.700 samples/s=96.00
[step 4060/5000] loss=1.9650 lr=2.922e-05 grad_norm=0.919 samples/s=96.03
[step 4070/5000] loss=2.0647 lr=2.868e-05 grad_norm=0.695 samples/s=96.04
[step 4080/5000] loss=1.7481 lr=2.815e-05 grad_norm=0.737 samples/s=96.02
[step 4090/5000] loss=2.1429 lr=2.762e-05 grad_norm=0.574 samples/s=96.06
[step 4100/5000] loss=2.6457 lr=2.710e-05 grad_norm=0.780 samples/s=96.07
[step 4110/5000] loss=2.4759 lr=2.658e-05 grad_norm=0.754 samples/s=96.06
[step 4120/5000] loss=2.1359 lr=2.607e-05 grad_norm=0.773 samples/s=96.08
[step 4130/5000] loss=2.3732 lr=2.556e-05 grad_norm=0.991 samples/s=96.09
[step 4140/5000] loss=1.8847 lr=2.506e-05 grad_norm=0.770 samples/s=96.10
[step 4150/5000] loss=1.8475 lr=2.456e-05 grad_norm=0.754 samples/s=96.11
[step 4160/5000] loss=2.1788 lr=2.407e-05 grad_norm=0.757 samples/s=96.13
[step 4170/5000] loss=1.6825 lr=2.358e-05 grad_norm=0.695 samples/s=96.15
[step 4180/5000] loss=1.9939 lr=2.310e-05 grad_norm=0.856 samples/s=96.15
[step 4190/5000] loss=1.5482 lr=2.263e-05 grad_norm=0.641 samples/s=96.17
[step 4200/5000] loss=1.7527 lr=2.216e-05 grad_norm=0.799 samples/s=96.18
[step 4210/5000] loss=1.8366 lr=2.169e-05 grad_norm=0.786 samples/s=96.18
[step 4220/5000] loss=2.4500 lr=2.123e-05 grad_norm=0.893 samples/s=96.17
[step 4230/5000] loss=2.1014 lr=2.078e-05 grad_norm=0.900 samples/s=96.12
[step 4240/5000] loss=2.5996 lr=2.033e-05 grad_norm=0.750 samples/s=96.16
[step 4250/5000] loss=2.1992 lr=1.988e-05 grad_norm=0.748 samples/s=96.11
[val step 4250] loss=2.0803892936706543 m01={'mean': 0.4093998113886619, 'median': 0.40835430767447695, 'p95': 0.6784585187959586, 'tail_frac_gt4px': 8.185985592665357e-05, 'n_matched': 12216} m02={'12-16': 0.9192618223760092, '16-32': 0.9546000480422772, '32-64': 0.9451172378253028, '64-128': 0.9418457648546145} m04={'accuracy': 0.589800261951539, 'by_octave': {'12-16': 0.56900878293601, '16-32': 0.6532460996477101, '32-64': 0.6207742639040349, '64-128': 0.47818791946308725}} diag={'gate3_alpha_mean': 0.28227534890174866, 'gate3_alpha_min': 0.01668548583984375, 'gate3_alpha_max': 0.98779296875, 'gate3_alpha_std': 0.1545737236738205, 'gate3_alpha_p10': 0.0999908447265625, 'gate3_alpha_p50': 0.2621116638183594, 'gate3_alpha_p90': 0.4891357421875, 'block0_attn_entropy': 7.1890082359313965, 'block1_attn_entropy': 7.4866156578063965}
[step 4260/5000] loss=2.1093 lr=1.945e-05 grad_norm=0.803 samples/s=96.30
[step 4270/5000] loss=1.7439 lr=1.901e-05 grad_norm=1.008 samples/s=96.45
[step 4280/5000] loss=2.6387 lr=1.859e-05 grad_norm=0.638 samples/s=96.42
[step 4290/5000] loss=1.9727 lr=1.816e-05 grad_norm=0.744 samples/s=96.45
[step 4300/5000] loss=2.2642 lr=1.775e-05 grad_norm=0.859 samples/s=96.40
[step 4310/5000] loss=2.1410 lr=1.734e-05 grad_norm=0.748 samples/s=96.44
[step 4320/5000] loss=2.2527 lr=1.693e-05 grad_norm=0.650 samples/s=96.43
[step 4330/5000] loss=2.1700 lr=1.653e-05 grad_norm=0.798 samples/s=96.48
[step 4340/5000] loss=1.7809 lr=1.614e-05 grad_norm=0.715 samples/s=96.44
[step 4350/5000] loss=1.9308 lr=1.575e-05 grad_norm=0.809 samples/s=96.46
[step 4360/5000] loss=1.6005 lr=1.537e-05 grad_norm=0.967 samples/s=96.45
[step 4370/5000] loss=1.9331 lr=1.499e-05 grad_norm=0.877 samples/s=96.49
[step 4380/5000] loss=1.7101 lr=1.462e-05 grad_norm=0.730 samples/s=96.47
[step 4390/5000] loss=1.8606 lr=1.425e-05 grad_norm=0.664 samples/s=96.51
[step 4400/5000] loss=1.8976 lr=1.389e-05 grad_norm=0.606 samples/s=96.48
[step 4410/5000] loss=1.8982 lr=1.353e-05 grad_norm=0.873 samples/s=96.50
[step 4420/5000] loss=1.5800 lr=1.318e-05 grad_norm=0.954 samples/s=96.47
[step 4430/5000] loss=2.0152 lr=1.284e-05 grad_norm=0.593 samples/s=96.53
[step 4440/5000] loss=1.4037 lr=1.250e-05 grad_norm=0.766 samples/s=96.50
[step 4450/5000] loss=1.7290 lr=1.217e-05 grad_norm=0.776 samples/s=96.52
[step 4460/5000] loss=2.1887 lr=1.184e-05 grad_norm=0.875 samples/s=96.52
[step 4470/5000] loss=2.6510 lr=1.152e-05 grad_norm=0.910 samples/s=96.55
[step 4480/5000] loss=1.6464 lr=1.121e-05 grad_norm=0.674 samples/s=96.52
[step 4490/5000] loss=2.5784 lr=1.090e-05 grad_norm=0.722 samples/s=96.57
[step 4500/5000] loss=1.6838 lr=1.060e-05 grad_norm=0.794 samples/s=96.54
[val step 4500] loss=2.079707944869995 m01={'mean': 0.4093998113886619, 'median': 0.40835430767447695, 'p95': 0.6784585187959586, 'tail_frac_gt4px': 8.185985592665357e-05, 'n_matched': 12216} m02={'12-16': 0.9192618223760092, '16-32': 0.9546000480422772, '32-64': 0.9451172378253028, '64-128': 0.9418457648546145} m04={'accuracy': 0.5913555992141454, 'by_octave': {'12-16': 0.5708908406524467, '16-32': 0.6547559134373427, '32-64': 0.6221374045801527, '64-128': 0.4798657718120805}} diag={'gate3_alpha_mean': 0.28227534890174866, 'gate3_alpha_min': 0.01668548583984375, 'gate3_alpha_max': 0.98779296875, 'gate3_alpha_std': 0.1545737236738205, 'gate3_alpha_p10': 0.0999908447265625, 'gate3_alpha_p50': 0.2621116638183594, 'gate3_alpha_p90': 0.4891357421875, 'block0_attn_entropy': 7.1890082359313965, 'block1_attn_entropy': 7.4866156578063965}
[step 4510/5000] loss=2.1091 lr=1.030e-05 grad_norm=0.860 samples/s=96.72
[step 4520/5000] loss=1.7272 lr=1.001e-05 grad_norm=0.746 samples/s=96.87
[step 4530/5000] loss=1.7946 lr=9.720e-06 grad_norm=1.013 samples/s=96.83
[step 4540/5000] loss=2.1059 lr=9.439e-06 grad_norm=0.719 samples/s=96.87
[step 4550/5000] loss=2.7571 lr=9.165e-06 grad_norm=0.828 samples/s=96.85
[step 4560/5000] loss=1.3922 lr=8.896e-06 grad_norm=0.685 samples/s=96.89
[step 4570/5000] loss=1.6691 lr=8.634e-06 grad_norm=0.757 samples/s=96.86
[step 4580/5000] loss=2.4570 lr=8.377e-06 grad_norm=0.843 samples/s=96.90
[step 4590/5000] loss=1.8765 lr=8.126e-06 grad_norm=0.718 samples/s=96.87
[step 4600/5000] loss=3.0212 lr=7.881e-06 grad_norm=0.739 samples/s=96.92
[step 4610/5000] loss=2.0773 lr=7.642e-06 grad_norm=0.723 samples/s=96.90
[step 4620/5000] loss=2.1933 lr=7.409e-06 grad_norm=0.621 samples/s=96.94
[step 4630/5000] loss=1.9473 lr=7.181e-06 grad_norm=0.645 samples/s=96.89
[step 4640/5000] loss=2.0849 lr=6.960e-06 grad_norm=0.641 samples/s=96.95
[step 4650/5000] loss=1.6160 lr=6.744e-06 grad_norm=0.707 samples/s=96.94
[step 4660/5000] loss=1.4489 lr=6.535e-06 grad_norm=0.692 samples/s=96.94
[step 4670/5000] loss=2.4892 lr=6.331e-06 grad_norm=0.609 samples/s=96.95
[step 4680/5000] loss=1.4909 lr=6.134e-06 grad_norm=0.775 samples/s=96.96
[step 4690/5000] loss=1.9629 lr=5.942e-06 grad_norm=0.721 samples/s=96.97
[step 4700/5000] loss=1.5100 lr=5.757e-06 grad_norm=0.887 samples/s=96.97
[step 4710/5000] loss=1.8793 lr=5.577e-06 grad_norm=0.884 samples/s=96.97
[step 4720/5000] loss=2.2778 lr=5.403e-06 grad_norm=0.740 samples/s=97.00
[step 4730/5000] loss=1.8291 lr=5.236e-06 grad_norm=1.152 samples/s=96.99
[step 4740/5000] loss=1.8237 lr=5.074e-06 grad_norm=0.783 samples/s=97.01
[step 4750/5000] loss=2.5246 lr=4.919e-06 grad_norm=0.812 samples/s=97.00
[val step 4750] loss=2.079637315750122 m01={'mean': 0.4093998113886619, 'median': 0.40835430767447695, 'p95': 0.6784585187959586, 'tail_frac_gt4px': 8.185985592665357e-05, 'n_matched': 12216} m02={'12-16': 0.9192618223760092, '16-32': 0.9546000480422772, '32-64': 0.9451172378253028, '64-128': 0.9418457648546145} m04={'accuracy': 0.5902914210870989, 'by_octave': {'12-16': 0.5702634880803011, '16-32': 0.6527428283844993, '32-64': 0.6221374045801527, '64-128': 0.4785234899328859}} diag={'gate3_alpha_mean': 0.28227534890174866, 'gate3_alpha_min': 0.01668548583984375, 'gate3_alpha_max': 0.98779296875, 'gate3_alpha_std': 0.1545737236738205, 'gate3_alpha_p10': 0.0999908447265625, 'gate3_alpha_p50': 0.2621116638183594, 'gate3_alpha_p90': 0.4891357421875, 'block0_attn_entropy': 7.1890082359313965, 'block1_attn_entropy': 7.4866156578063965}
[step 4760/5000] loss=1.9581 lr=4.769e-06 grad_norm=0.672 samples/s=97.18
[step 4770/5000] loss=1.6396 lr=4.626e-06 grad_norm=0.809 samples/s=97.30
[step 4780/5000] loss=2.2931 lr=4.488e-06 grad_norm=0.718 samples/s=97.27
[step 4790/5000] loss=2.2533 lr=4.357e-06 grad_norm=0.850 samples/s=97.29
[step 4800/5000] loss=1.7718 lr=4.231e-06 grad_norm=0.813 samples/s=97.27
[step 4810/5000] loss=1.9021 lr=4.112e-06 grad_norm=0.858 samples/s=97.29
[step 4820/5000] loss=2.3454 lr=3.999e-06 grad_norm=0.659 samples/s=97.23
[step 4830/5000] loss=2.0521 lr=3.892e-06 grad_norm=0.679 samples/s=97.27
[step 4840/5000] loss=1.8687 lr=3.790e-06 grad_norm=0.700 samples/s=97.26
[step 4850/5000] loss=1.5741 lr=3.695e-06 grad_norm=0.760 samples/s=97.28
[step 4860/5000] loss=1.8098 lr=3.606e-06 grad_norm=0.736 samples/s=97.28
[step 4870/5000] loss=1.4747 lr=3.523e-06 grad_norm=0.552 samples/s=97.28
[step 4880/5000] loss=1.6627 lr=3.447e-06 grad_norm=0.763 samples/s=97.31
[step 4890/5000] loss=2.7178 lr=3.376e-06 grad_norm=0.964 samples/s=97.29
[step 4900/5000] loss=1.8966 lr=3.311e-06 grad_norm=0.703 samples/s=97.33
[step 4910/5000] loss=1.8635 lr=3.253e-06 grad_norm=0.964 samples/s=97.32
[step 4920/5000] loss=1.7543 lr=3.200e-06 grad_norm=1.017 samples/s=97.34
[step 4930/5000] loss=2.2375 lr=3.154e-06 grad_norm=0.672 samples/s=97.33
[step 4940/5000] loss=2.1301 lr=3.114e-06 grad_norm=0.966 samples/s=97.33
[step 4950/5000] loss=1.8813 lr=3.079e-06 grad_norm=0.705 samples/s=97.33
[step 4960/5000] loss=1.5135 lr=3.051e-06 grad_norm=0.747 samples/s=97.33
[step 4970/5000] loss=1.8636 lr=3.029e-06 grad_norm=0.792 samples/s=97.35
[step 4980/5000] loss=2.0468 lr=3.013e-06 grad_norm=0.686 samples/s=97.35
[step 4990/5000] loss=1.5764 lr=3.004e-06 grad_norm=0.767 samples/s=97.38
[step 5000/5000] loss=2.3253 lr=3.000e-06 grad_norm=0.892 samples/s=97.35
[val step 5000] loss=2.079732629776001 m01={'mean': 0.4093998113886619, 'median': 0.40835430767447695, 'p95': 0.6784585187959586, 'tail_frac_gt4px': 8.185985592665357e-05, 'n_matched': 12216} m02={'12-16': 0.9192618223760092, '16-32': 0.9546000480422772, '32-64': 0.9451172378253028, '64-128': 0.9418457648546145} m04={'accuracy': 0.5897184020956123, 'by_octave': {'12-16': 0.5715181932245922, '16-32': 0.6524911927528938, '32-64': 0.6207742639040349, '64-128': 0.47751677852348995}} diag={'gate3_alpha_mean': 0.28227534890174866, 'gate3_alpha_min': 0.01668548583984375, 'gate3_alpha_max': 0.98779296875, 'gate3_alpha_std': 0.1545737236738205, 'gate3_alpha_p10': 0.0999908447265625, 'gate3_alpha_p50': 0.2621116638183594, 'gate3_alpha_p90': 0.4891357421875, 'block0_attn_entropy': 7.1890082359313965, 'block1_attn_entropy': 7.4866156578063965}
[FULL val step 5000] loss=1.9893132772445679 m01={'mean': 0.4067304056193377, 'median': 0.40631786279163173, 'p95': 0.6753019697599334, 'tail_frac_gt4px': 5.646755132497076e-05, 'n_matched': 123965} m02={'12-16': 0.919547348271591, '16-32': 0.9397995688123386, '32-64': 0.954648180594703, '64-128': 0.9569258885807915} m04={'accuracy': 0.5965232121969911, 'by_octave': {'12-16': 0.6222371885140513, '16-32': 0.6404910759302208, '32-64': 0.6138582258279026, '64-128': 0.5038032203892127}}
[train_detector] wrote checkpoint runs/ft11_head_lr3x/ckpt_0005000.pt
[train_detector] done: step=5000 train_elapsed=1643.6s val_elapsed=346.2s samples/s=97.35
