[train_detector] finetune from runs/rel_w882_c2_100k_rev6/ckpt_0100000.pt (step 100000): 437,105 of 882,402 params trainable, lr_mult={'cls.*': 1.0, 'blocks.*': 1.0, 'norm.*': 1.0, 'hm.*': 0.1}, reinit=[]
[train_detector] stream_seed=2100000 resume_count=0 start_step=0
[step 1/5000] loss=5.9405 lr=0.000e+00 grad_norm=25.954 samples/s=7.22
[step 2/5000] loss=6.1353 lr=3.000e-06 grad_norm=23.750 samples/s=14.09
[step 3/5000] loss=6.5103 lr=6.000e-06 grad_norm=21.089 samples/s=20.47
[step 4/5000] loss=6.2155 lr=9.000e-06 grad_norm=27.891 samples/s=26.06
[step 5/5000] loss=5.7008 lr=1.200e-05 grad_norm=20.959 samples/s=28.87
[step 6/5000] loss=5.0745 lr=1.500e-05 grad_norm=24.890 samples/s=33.32
[step 7/5000] loss=6.4933 lr=1.800e-05 grad_norm=22.857 samples/s=37.92
[step 8/5000] loss=5.6389 lr=2.100e-05 grad_norm=23.425 samples/s=42.56
[step 9/5000] loss=6.8865 lr=2.400e-05 grad_norm=24.892 samples/s=37.42
[step 10/5000] loss=6.1601 lr=2.700e-05 grad_norm=20.458 samples/s=41.00
[step 20/5000] loss=4.3219 lr=5.700e-05 grad_norm=14.816 samples/s=49.99
[step 30/5000] loss=2.8495 lr=8.700e-05 grad_norm=6.544 samples/s=54.54
[step 40/5000] loss=2.3423 lr=1.170e-04 grad_norm=2.172 samples/s=60.75
[step 50/5000] loss=2.8629 lr=1.470e-04 grad_norm=3.183 samples/s=60.63
[step 60/5000] loss=2.7316 lr=1.770e-04 grad_norm=2.024 samples/s=62.90
[step 70/5000] loss=2.0818 lr=2.070e-04 grad_norm=1.641 samples/s=63.81
[step 80/5000] loss=2.0849 lr=2.370e-04 grad_norm=1.986 samples/s=65.00
[step 90/5000] loss=2.4710 lr=2.670e-04 grad_norm=1.543 samples/s=65.97
[step 100/5000] loss=2.2570 lr=2.970e-04 grad_norm=1.278 samples/s=67.36
[step 110/5000] loss=2.0123 lr=3.000e-04 grad_norm=1.378 samples/s=66.76
[step 120/5000] loss=2.1769 lr=3.000e-04 grad_norm=1.401 samples/s=68.03
[step 130/5000] loss=2.0285 lr=3.000e-04 grad_norm=1.339 samples/s=67.68
[step 140/5000] loss=2.6016 lr=3.000e-04 grad_norm=2.407 samples/s=68.26
[step 150/5000] loss=2.2276 lr=2.999e-04 grad_norm=2.892 samples/s=68.27
[step 160/5000] loss=2.2835 lr=2.999e-04 grad_norm=1.523 samples/s=69.36
[step 170/5000] loss=2.3728 lr=2.999e-04 grad_norm=1.862 samples/s=69.57
[step 180/5000] loss=2.2483 lr=2.998e-04 grad_norm=1.486 samples/s=70.14
[step 190/5000] loss=2.0455 lr=2.998e-04 grad_norm=1.805 samples/s=69.87
[step 200/5000] loss=2.8809 lr=2.997e-04 grad_norm=2.054 samples/s=70.89
[step 210/5000] loss=2.6825 lr=2.996e-04 grad_norm=2.245 samples/s=70.26
[step 220/5000] loss=1.7995 lr=2.996e-04 grad_norm=1.675 samples/s=70.54
[step 230/5000] loss=2.3796 lr=2.995e-04 grad_norm=2.733 samples/s=69.87
[step 240/5000] loss=1.6681 lr=2.994e-04 grad_norm=2.835 samples/s=70.66
[step 250/5000] loss=2.0435 lr=2.993e-04 grad_norm=3.064 samples/s=70.44
[val step 250] loss=2.316315557479858 m01={'mean': 0.4086302331247151, 'median': 0.40874247641102684, 'p95': 0.6771931288153773, 'tail_frac_gt4px': 8.1913499344692e-05, 'n_matched': 12208} m02={'12-16': 0.9146482122260668, '16-32': 0.9529185683401393, '32-64': 0.9461479000257665, '64-128': 0.9427939317319848} m04={'accuracy': 0.35124508519003933, 'by_octave': {'12-16': 0.2604035308953342, '16-32': 0.37080917569952104, '32-64': 0.4016884531590414, '64-128': 0.3114314448541737}} diag={'gate3_alpha_mean': 0.2603815197944641, 'gate3_alpha_min': 0.017536163330078125, 'gate3_alpha_max': 0.9482421875, 'gate3_alpha_std': 0.1425309032201767, 'gate3_alpha_p10': 0.09344482421875, 'gate3_alpha_p50': 0.2403564453125, 'gate3_alpha_p90': 0.459716796875, 'block0_attn_entropy': 7.170322418212891, 'block1_attn_entropy': 7.594067573547363}
[step 260/5000] loss=2.1324 lr=2.992e-04 grad_norm=2.545 samples/s=72.20
[step 270/5000] loss=2.1869 lr=2.991e-04 grad_norm=3.185 samples/s=73.90
[step 280/5000] loss=2.3559 lr=2.990e-04 grad_norm=3.416 samples/s=73.71
[step 290/5000] loss=1.5098 lr=2.989e-04 grad_norm=2.731 samples/s=74.09
[step 300/5000] loss=2.1003 lr=2.988e-04 grad_norm=3.025 samples/s=74.14
[step 310/5000] loss=1.7179 lr=2.987e-04 grad_norm=2.638 samples/s=74.07
[step 320/5000] loss=1.4491 lr=2.985e-04 grad_norm=4.839 samples/s=74.00
[step 330/5000] loss=1.7777 lr=2.984e-04 grad_norm=3.808 samples/s=74.04
[step 340/5000] loss=1.5940 lr=2.983e-04 grad_norm=2.898 samples/s=73.93
[step 350/5000] loss=2.0297 lr=2.981e-04 grad_norm=4.241 samples/s=73.98
[step 360/5000] loss=1.1422 lr=2.980e-04 grad_norm=3.629 samples/s=74.02
[step 370/5000] loss=1.2617 lr=2.978e-04 grad_norm=3.667 samples/s=74.03
[step 380/5000] loss=1.4322 lr=2.976e-04 grad_norm=6.251 samples/s=74.01
[step 390/5000] loss=1.6023 lr=2.975e-04 grad_norm=3.506 samples/s=73.99
[step 400/5000] loss=1.1622 lr=2.973e-04 grad_norm=3.586 samples/s=73.75
[step 410/5000] loss=1.7590 lr=2.971e-04 grad_norm=5.299 samples/s=74.01
[step 420/5000] loss=1.2522 lr=2.969e-04 grad_norm=4.279 samples/s=73.78
[step 430/5000] loss=1.2803 lr=2.967e-04 grad_norm=2.389 samples/s=73.92
[step 440/5000] loss=2.0693 lr=2.965e-04 grad_norm=5.158 samples/s=73.56
[step 450/5000] loss=1.9151 lr=2.963e-04 grad_norm=3.696 samples/s=73.72
[step 460/5000] loss=1.6215 lr=2.961e-04 grad_norm=3.651 samples/s=73.58
[step 470/5000] loss=2.2111 lr=2.959e-04 grad_norm=3.848 samples/s=73.92
[step 480/5000] loss=1.0299 lr=2.956e-04 grad_norm=4.031 samples/s=73.60
[step 490/5000] loss=1.1255 lr=2.954e-04 grad_norm=3.549 samples/s=73.86
[step 500/5000] loss=1.1423 lr=2.952e-04 grad_norm=3.258 samples/s=73.78
[val step 500] loss=1.6039601135253907 m01={'mean': 0.4089499805713875, 'median': 0.40882578177069195, 'p95': 0.677756497260806, 'tail_frac_gt4px': 8.194034742707309e-05, 'n_matched': 12204} m02={'12-16': 0.9134948096885813, '16-32': 0.9541196252702379, '32-64': 0.9443442411749549, '64-128': 0.9427939317319848} m04={'accuracy': 0.8406260242543429, 'by_octave': {'12-16': 0.5789141414141414, '16-32': 0.8826787512588117, '32-64': 0.9206002728512961, '64-128': 0.825343613811599}} diag={'gate3_alpha_mean': 0.2676122486591339, 'gate3_alpha_min': 0.0166015625, 'gate3_alpha_max': 0.9677734375, 'gate3_alpha_std': 0.14853475987911224, 'gate3_alpha_p10': 0.09165878593921661, 'gate3_alpha_p50': 0.24755859375, 'gate3_alpha_p90': 0.4720458984375, 'block0_attn_entropy': 7.1108808517456055, 'block1_attn_entropy': 7.468504428863525}
[step 510/5000] loss=1.4804 lr=2.949e-04 grad_norm=3.430 samples/s=74.68
[step 520/5000] loss=1.0694 lr=2.947e-04 grad_norm=2.252 samples/s=75.59
[step 530/5000] loss=1.1583 lr=2.944e-04 grad_norm=2.565 samples/s=75.47
[step 540/5000] loss=1.8765 lr=2.942e-04 grad_norm=4.187 samples/s=75.52
[step 550/5000] loss=1.5073 lr=2.939e-04 grad_norm=2.772 samples/s=75.35
[step 560/5000] loss=1.0314 lr=2.936e-04 grad_norm=2.520 samples/s=75.51
[step 570/5000] loss=1.2518 lr=2.933e-04 grad_norm=3.461 samples/s=75.16
[step 580/5000] loss=0.9882 lr=2.931e-04 grad_norm=2.963 samples/s=75.39
[step 590/5000] loss=0.8029 lr=2.928e-04 grad_norm=3.411 samples/s=75.18
[step 600/5000] loss=1.1557 lr=2.925e-04 grad_norm=4.929 samples/s=75.28
[step 610/5000] loss=1.4902 lr=2.922e-04 grad_norm=4.098 samples/s=74.90
[step 620/5000] loss=1.9460 lr=2.919e-04 grad_norm=3.317 samples/s=74.94
[step 630/5000] loss=0.9567 lr=2.915e-04 grad_norm=2.167 samples/s=74.54
[step 640/5000] loss=1.3540 lr=2.912e-04 grad_norm=2.084 samples/s=74.71
[step 650/5000] loss=1.5651 lr=2.909e-04 grad_norm=3.428 samples/s=74.49
[step 660/5000] loss=1.2815 lr=2.906e-04 grad_norm=4.287 samples/s=74.73
[step 670/5000] loss=2.3265 lr=2.902e-04 grad_norm=4.729 samples/s=74.60
[step 680/5000] loss=1.3339 lr=2.899e-04 grad_norm=3.739 samples/s=74.77
[step 690/5000] loss=1.7744 lr=2.895e-04 grad_norm=2.838 samples/s=74.77
[step 700/5000] loss=1.1796 lr=2.892e-04 grad_norm=2.296 samples/s=74.80
[step 710/5000] loss=1.3360 lr=2.888e-04 grad_norm=3.769 samples/s=74.57
[step 720/5000] loss=1.3542 lr=2.885e-04 grad_norm=3.456 samples/s=74.64
[step 730/5000] loss=0.8726 lr=2.881e-04 grad_norm=2.803 samples/s=74.52
[step 740/5000] loss=0.7902 lr=2.877e-04 grad_norm=2.911 samples/s=74.58
[step 750/5000] loss=1.4072 lr=2.873e-04 grad_norm=3.248 samples/s=74.42
[val step 750] loss=1.4346334400177 m01={'mean': 0.4090375270547627, 'median': 0.40889019824485495, 'p95': 0.6778034906026825, 'tail_frac_gt4px': 8.192020971573687e-05, 'n_matched': 12207} m02={'12-16': 0.9146482122260668, '16-32': 0.9533989911121787, '32-64': 0.9451172378253028, '64-128': 0.943109987357775} m04={'accuracy': 0.90661096092406, 'by_octave': {'12-16': 0.7257250945775536, '16-32': 0.9397833207357017, '32-64': 0.9588331515812432, '64-128': 0.8944369973190348}} diag={'gate3_alpha_mean': 0.26675423979759216, 'gate3_alpha_min': 0.015380859375, 'gate3_alpha_max': 0.961669921875, 'gate3_alpha_std': 0.15016676485538483, 'gate3_alpha_p10': 0.09002685546875, 'gate3_alpha_p50': 0.244873046875, 'gate3_alpha_p90': 0.4716796875, 'block0_attn_entropy': 7.103328704833984, 'block1_attn_entropy': 7.3762688636779785}
[step 760/5000] loss=1.2746 lr=2.869e-04 grad_norm=1.954 samples/s=75.03
[step 770/5000] loss=1.0920 lr=2.865e-04 grad_norm=2.349 samples/s=75.59
[step 780/5000] loss=1.2520 lr=2.861e-04 grad_norm=2.041 samples/s=75.56
[step 790/5000] loss=2.0601 lr=2.857e-04 grad_norm=3.566 samples/s=75.54
[step 800/5000] loss=1.3399 lr=2.853e-04 grad_norm=2.030 samples/s=75.59
[step 810/5000] loss=2.2004 lr=2.849e-04 grad_norm=2.426 samples/s=75.59
[step 820/5000] loss=1.0121 lr=2.845e-04 grad_norm=3.821 samples/s=75.44
[step 830/5000] loss=1.0084 lr=2.841e-04 grad_norm=3.473 samples/s=75.49
[step 840/5000] loss=0.8563 lr=2.836e-04 grad_norm=3.049 samples/s=75.34
[step 850/5000] loss=1.7277 lr=2.832e-04 grad_norm=1.969 samples/s=75.49
[step 860/5000] loss=1.1671 lr=2.828e-04 grad_norm=2.478 samples/s=75.33
[step 870/5000] loss=1.6242 lr=2.823e-04 grad_norm=2.754 samples/s=75.37
[step 880/5000] loss=1.8591 lr=2.819e-04 grad_norm=5.283 samples/s=75.11
[step 890/5000] loss=0.8995 lr=2.814e-04 grad_norm=2.063 samples/s=75.23
[step 900/5000] loss=0.9403 lr=2.809e-04 grad_norm=2.315 samples/s=75.19
[step 910/5000] loss=1.0032 lr=2.805e-04 grad_norm=4.479 samples/s=75.28
[step 920/5000] loss=1.5407 lr=2.800e-04 grad_norm=2.671 samples/s=75.12
[step 930/5000] loss=1.1826 lr=2.795e-04 grad_norm=1.973 samples/s=75.28
[step 940/5000] loss=0.9738 lr=2.790e-04 grad_norm=3.002 samples/s=75.21
[step 950/5000] loss=0.5538 lr=2.785e-04 grad_norm=1.890 samples/s=75.30
[step 960/5000] loss=2.1817 lr=2.780e-04 grad_norm=3.293 samples/s=75.10
[step 970/5000] loss=1.4922 lr=2.775e-04 grad_norm=2.847 samples/s=75.21
[step 980/5000] loss=1.6273 lr=2.770e-04 grad_norm=4.200 samples/s=75.12
[step 990/5000] loss=0.8217 lr=2.765e-04 grad_norm=1.150 samples/s=75.30
[step 1000/5000] loss=0.8541 lr=2.760e-04 grad_norm=1.710 samples/s=75.18
[val step 1000] loss=1.3790384192466736 m01={'mean': 0.4096940681991025, 'median': 0.40962666753191096, 'p95': 0.6792451230537936, 'tail_frac_gt4px': 8.188666885031116e-05, 'n_matched': 12212} m02={'12-16': 0.9152249134948097, '16-32': 0.9533989911121787, '32-64': 0.9458902344756506, '64-128': 0.9434260429835651} m04={'accuracy': 0.928676711431379, 'by_octave': {'12-16': 0.7725267800882167, '16-32': 0.9556563366087175, '32-64': 0.9678561699809316, '64-128': 0.9276381909547738}} diag={'gate3_alpha_mean': 0.26498159766197205, 'gate3_alpha_min': 0.014862060546875, 'gate3_alpha_max': 0.961669921875, 'gate3_alpha_std': 0.15119974315166473, 'gate3_alpha_p10': 0.0878448486328125, 'gate3_alpha_p50': 0.24224853515625, 'gate3_alpha_p90': 0.469482421875, 'block0_attn_entropy': 7.094584941864014, 'block1_attn_entropy': 7.446305751800537}
[step 1010/5000] loss=1.4405 lr=2.755e-04 grad_norm=2.518 samples/s=75.67
[step 1020/5000] loss=1.6608 lr=2.750e-04 grad_norm=4.065 samples/s=76.10
[step 1030/5000] loss=1.9772 lr=2.744e-04 grad_norm=3.000 samples/s=75.97
[step 1040/5000] loss=1.2277 lr=2.739e-04 grad_norm=3.922 samples/s=76.01
[step 1050/5000] loss=1.4403 lr=2.734e-04 grad_norm=2.046 samples/s=75.94
[step 1060/5000] loss=1.0481 lr=2.728e-04 grad_norm=2.111 samples/s=75.81
[step 1070/5000] loss=1.0751 lr=2.723e-04 grad_norm=2.194 samples/s=75.94
[step 1080/5000] loss=0.9077 lr=2.717e-04 grad_norm=2.225 samples/s=75.87
[step 1090/5000] loss=1.0072 lr=2.711e-04 grad_norm=3.519 samples/s=75.93
[step 1100/5000] loss=1.2873 lr=2.706e-04 grad_norm=2.683 samples/s=75.79
[step 1110/5000] loss=2.2197 lr=2.700e-04 grad_norm=5.339 samples/s=75.89
[step 1120/5000] loss=0.6636 lr=2.694e-04 grad_norm=2.134 samples/s=75.82
[step 1130/5000] loss=0.8679 lr=2.688e-04 grad_norm=2.151 samples/s=75.82
[step 1140/5000] loss=1.0063 lr=2.683e-04 grad_norm=5.089 samples/s=75.79
[step 1150/5000] loss=1.0126 lr=2.677e-04 grad_norm=1.750 samples/s=75.81
[step 1160/5000] loss=0.5313 lr=2.671e-04 grad_norm=1.447 samples/s=75.80
[step 1170/5000] loss=1.7182 lr=2.665e-04 grad_norm=3.019 samples/s=75.85
[step 1180/5000] loss=1.2462 lr=2.659e-04 grad_norm=3.257 samples/s=75.68
[step 1190/5000] loss=0.8307 lr=2.653e-04 grad_norm=1.970 samples/s=75.68
[step 1200/5000] loss=1.8781 lr=2.646e-04 grad_norm=2.933 samples/s=75.54
[step 1210/5000] loss=1.1778 lr=2.640e-04 grad_norm=2.143 samples/s=75.63
[step 1220/5000] loss=0.8148 lr=2.634e-04 grad_norm=2.497 samples/s=75.64
[step 1230/5000] loss=0.6999 lr=2.628e-04 grad_norm=1.444 samples/s=75.54
[step 1240/5000] loss=1.6317 lr=2.621e-04 grad_norm=3.444 samples/s=75.53
[step 1250/5000] loss=1.4415 lr=2.615e-04 grad_norm=2.970 samples/s=75.53
[val step 1250] loss=1.3381451020240784 m01={'mean': 0.40907433083639577, 'median': 0.4091253788082303, 'p95': 0.6771855173520583, 'tail_frac_gt4px': 8.188666885031116e-05, 'n_matched': 12212} m02={'12-16': 0.9140715109573241, '16-32': 0.9533989911121787, '32-64': 0.9464055655758825, '64-128': 0.9434260429835651} m04={'accuracy': 0.9425155584670816, 'by_octave': {'12-16': 0.8214511041009463, '16-32': 0.9647266313932981, '32-64': 0.9746800980125239, '64-128': 0.9376884422110553}} diag={'gate3_alpha_mean': 0.2554388642311096, 'gate3_alpha_min': 0.013963699340820312, 'gate3_alpha_max': 0.959716796875, 'gate3_alpha_std': 0.14970187842845917, 'gate3_alpha_p10': 0.0821533203125, 'gate3_alpha_p50': 0.23114013671875, 'gate3_alpha_p90': 0.45751953125, 'block0_attn_entropy': 7.109824180603027, 'block1_attn_entropy': 7.434026718139648}
[step 1260/5000] loss=0.8071 lr=2.609e-04 grad_norm=1.485 samples/s=75.89
[step 1270/5000] loss=0.7816 lr=2.602e-04 grad_norm=1.251 samples/s=76.25
[step 1280/5000] loss=1.1443 lr=2.596e-04 grad_norm=3.090 samples/s=76.28
[step 1290/5000] loss=0.9357 lr=2.589e-04 grad_norm=1.799 samples/s=76.28
[step 1300/5000] loss=1.2959 lr=2.582e-04 grad_norm=2.335 samples/s=76.29
[step 1310/5000] loss=1.6074 lr=2.576e-04 grad_norm=1.955 samples/s=76.17
[step 1320/5000] loss=0.8624 lr=2.569e-04 grad_norm=2.481 samples/s=76.19
[step 1330/5000] loss=0.7088 lr=2.562e-04 grad_norm=1.209 samples/s=76.11
[step 1340/5000] loss=0.9628 lr=2.556e-04 grad_norm=3.235 samples/s=76.05
[step 1350/5000] loss=1.1307 lr=2.549e-04 grad_norm=1.685 samples/s=76.13
[step 1360/5000] loss=1.2170 lr=2.542e-04 grad_norm=2.568 samples/s=76.14
[step 1370/5000] loss=1.2679 lr=2.535e-04 grad_norm=2.166 samples/s=76.15
[step 1380/5000] loss=1.3706 lr=2.528e-04 grad_norm=2.182 samples/s=76.14
[step 1390/5000] loss=1.4080 lr=2.521e-04 grad_norm=2.958 samples/s=76.06
[step 1400/5000] loss=1.5321 lr=2.514e-04 grad_norm=3.541 samples/s=76.09
[step 1410/5000] loss=1.7257 lr=2.507e-04 grad_norm=3.249 samples/s=75.96
[step 1420/5000] loss=0.7368 lr=2.500e-04 grad_norm=1.941 samples/s=75.96
[step 1430/5000] loss=0.6812 lr=2.493e-04 grad_norm=1.890 samples/s=75.82
[step 1440/5000] loss=0.8627 lr=2.486e-04 grad_norm=1.424 samples/s=75.81
[step 1450/5000] loss=0.9788 lr=2.478e-04 grad_norm=1.827 samples/s=75.70
[step 1460/5000] loss=1.2496 lr=2.471e-04 grad_norm=2.185 samples/s=75.88
[step 1470/5000] loss=1.9895 lr=2.464e-04 grad_norm=3.428 samples/s=75.79
[step 1480/5000] loss=2.2987 lr=2.456e-04 grad_norm=3.798 samples/s=75.85
[step 1490/5000] loss=1.1537 lr=2.449e-04 grad_norm=1.491 samples/s=75.87
[step 1500/5000] loss=0.8409 lr=2.442e-04 grad_norm=2.055 samples/s=75.89
[val step 1500] loss=1.3164144468307495 m01={'mean': 0.4084622674187825, 'median': 0.4088226806099023, 'p95': 0.6759421749526404, 'tail_frac_gt4px': 8.196049504139005e-05, 'n_matched': 12201} m02={'12-16': 0.9111880046136102, '16-32': 0.9533989911121787, '32-64': 0.9458902344756506, '64-128': 0.9421618204804045} m04={'accuracy': 0.9480370461437587, 'by_octave': {'12-16': 0.8341772151898734, '16-32': 0.9654824892920131, '32-64': 0.9787523835467176, '64-128': 0.9473331096947333}} diag={'gate3_alpha_mean': 0.26523086428642273, 'gate3_alpha_min': 0.013608932495117188, 'gate3_alpha_max': 0.966552734375, 'gate3_alpha_std': 0.15194223821163177, 'gate3_alpha_p10': 0.086273193359375, 'gate3_alpha_p50': 0.2430419921875, 'gate3_alpha_p90': 0.468994140625, 'block0_attn_entropy': 7.09700870513916, 'block1_attn_entropy': 7.517484664916992}
[step 1510/5000] loss=1.1288 lr=2.434e-04 grad_norm=1.928 samples/s=76.20
[step 1520/5000] loss=0.7575 lr=2.427e-04 grad_norm=1.534 samples/s=76.51
[step 1530/5000] loss=1.6957 lr=2.419e-04 grad_norm=2.617 samples/s=76.46
[step 1540/5000] loss=1.4739 lr=2.412e-04 grad_norm=4.061 samples/s=76.46
[step 1550/5000] loss=1.0996 lr=2.404e-04 grad_norm=1.787 samples/s=76.44
[step 1560/5000] loss=2.2246 lr=2.396e-04 grad_norm=4.331 samples/s=76.40
[step 1570/5000] loss=1.4801 lr=2.389e-04 grad_norm=3.056 samples/s=76.38
[step 1580/5000] loss=1.2428 lr=2.381e-04 grad_norm=2.807 samples/s=76.36
[step 1590/5000] loss=1.7119 lr=2.373e-04 grad_norm=2.214 samples/s=76.31
[step 1600/5000] loss=0.8438 lr=2.365e-04 grad_norm=2.103 samples/s=76.25
[step 1610/5000] loss=1.7289 lr=2.358e-04 grad_norm=2.861 samples/s=76.27
[step 1620/5000] loss=0.9789 lr=2.350e-04 grad_norm=1.916 samples/s=76.25
[step 1630/5000] loss=1.5857 lr=2.342e-04 grad_norm=3.830 samples/s=76.30
[step 1640/5000] loss=1.4132 lr=2.334e-04 grad_norm=1.929 samples/s=76.20
[step 1650/5000] loss=0.9710 lr=2.326e-04 grad_norm=2.867 samples/s=76.25
[step 1660/5000] loss=0.8987 lr=2.318e-04 grad_norm=2.167 samples/s=76.15
[step 1670/5000] loss=1.6394 lr=2.310e-04 grad_norm=2.470 samples/s=76.12
[step 1680/5000] loss=1.0955 lr=2.302e-04 grad_norm=2.186 samples/s=76.08
[step 1690/5000] loss=0.7068 lr=2.294e-04 grad_norm=1.995 samples/s=76.11
[step 1700/5000] loss=1.2517 lr=2.286e-04 grad_norm=1.738 samples/s=76.09
[step 1710/5000] loss=1.5152 lr=2.277e-04 grad_norm=3.902 samples/s=76.17
[step 1720/5000] loss=1.2468 lr=2.269e-04 grad_norm=2.335 samples/s=76.09
[step 1730/5000] loss=0.5279 lr=2.261e-04 grad_norm=1.822 samples/s=76.20
[step 1740/5000] loss=1.2188 lr=2.253e-04 grad_norm=4.249 samples/s=76.15
[step 1750/5000] loss=0.8023 lr=2.245e-04 grad_norm=2.209 samples/s=76.13
[val step 1750] loss=1.306598379611969 m01={'mean': 0.4086583570658695, 'median': 0.40873745312568077, 'p95': 0.6753581056185737, 'tail_frac_gt4px': 0.00016394786457906387, 'n_matched': 12199} m02={'12-16': 0.9129181084198386, '16-32': 0.953158779726159, '32-64': 0.9456325689255347, '64-128': 0.9412136536030341} m04={'accuracy': 0.9519632756783343, 'by_octave': {'12-16': 0.8452305748578648, '16-32': 0.9682459677419355, '32-64': 0.9787465940054496, '64-128': 0.9539959704499664}} diag={'gate3_alpha_mean': 0.28938981890678406, 'gate3_alpha_min': 0.01567840576171875, 'gate3_alpha_max': 0.97802734375, 'gate3_alpha_std': 0.15753404796123505, 'gate3_alpha_p10': 0.0999908447265625, 'gate3_alpha_p50': 0.26953125, 'gate3_alpha_p90': 0.498779296875, 'block0_attn_entropy': 7.100272178649902, 'block1_attn_entropy': 7.475289821624756}
[step 1760/5000] loss=0.7978 lr=2.236e-04 grad_norm=1.833 samples/s=76.41
[step 1770/5000] loss=1.1851 lr=2.228e-04 grad_norm=2.014 samples/s=76.68
[step 1780/5000] loss=0.9495 lr=2.220e-04 grad_norm=2.082 samples/s=76.70
[step 1790/5000] loss=1.2265 lr=2.211e-04 grad_norm=1.939 samples/s=76.67
[step 1800/5000] loss=1.3111 lr=2.203e-04 grad_norm=2.873 samples/s=76.68
[step 1810/5000] loss=1.5745 lr=2.194e-04 grad_norm=1.350 samples/s=76.68
[step 1820/5000] loss=1.2388 lr=2.186e-04 grad_norm=2.512 samples/s=76.68
[step 1830/5000] loss=1.1078 lr=2.177e-04 grad_norm=2.675 samples/s=76.70
[step 1840/5000] loss=1.2020 lr=2.169e-04 grad_norm=2.896 samples/s=76.68
[step 1850/5000] loss=1.4125 lr=2.160e-04 grad_norm=3.547 samples/s=76.74
[step 1860/5000] loss=1.0348 lr=2.152e-04 grad_norm=2.888 samples/s=76.70
[step 1870/5000] loss=0.6290 lr=2.143e-04 grad_norm=1.633 samples/s=76.73
[step 1880/5000] loss=1.0536 lr=2.134e-04 grad_norm=1.605 samples/s=76.66
[step 1890/5000] loss=2.3460 lr=2.126e-04 grad_norm=5.551 samples/s=76.68
[step 1900/5000] loss=1.8576 lr=2.117e-04 grad_norm=3.583 samples/s=76.56
[step 1910/5000] loss=0.7153 lr=2.108e-04 grad_norm=1.383 samples/s=76.63
[step 1920/5000] loss=1.1641 lr=2.100e-04 grad_norm=2.845 samples/s=76.52
[step 1930/5000] loss=1.2419 lr=2.091e-04 grad_norm=2.306 samples/s=76.59
[step 1940/5000] loss=1.2125 lr=2.082e-04 grad_norm=3.542 samples/s=76.58
[step 1950/5000] loss=1.2675 lr=2.073e-04 grad_norm=2.240 samples/s=76.61
[step 1960/5000] loss=1.3833 lr=2.064e-04 grad_norm=4.693 samples/s=76.53
[step 1970/5000] loss=1.0484 lr=2.055e-04 grad_norm=1.480 samples/s=76.55
[step 1980/5000] loss=1.2945 lr=2.047e-04 grad_norm=1.669 samples/s=76.52
[step 1990/5000] loss=1.1600 lr=2.038e-04 grad_norm=2.603 samples/s=76.57
[step 2000/5000] loss=1.0235 lr=2.029e-04 grad_norm=1.768 samples/s=76.57
[val step 2000] loss=1.2958613214492798 m01={'mean': 0.4085037090404286, 'median': 0.4088217158770179, 'p95': 0.6766613593523978, 'tail_frac_gt4px': 8.195377806916898e-05, 'n_matched': 12202} m02={'12-16': 0.9140715109573241, '16-32': 0.9533989911121787, '32-64': 0.9451172378253028, '64-128': 0.9418457648546145} m04={'accuracy': 0.9560727749549254, 'by_octave': {'12-16': 0.8479495268138801, '16-32': 0.9720332577475435, '32-64': 0.9811886586695747, '64-128': 0.9614093959731543}} diag={'gate3_alpha_mean': 0.284131795167923, 'gate3_alpha_min': 0.017353057861328125, 'gate3_alpha_max': 0.972412109375, 'gate3_alpha_std': 0.1576126366853714, 'gate3_alpha_p10': 0.096221923828125, 'gate3_alpha_p50': 0.2615966796875, 'gate3_alpha_p90': 0.498291015625, 'block0_attn_entropy': 7.093056678771973, 'block1_attn_entropy': 7.359644412994385}
[step 2010/5000] loss=1.2771 lr=2.020e-04 grad_norm=2.614 samples/s=76.81
[step 2020/5000] loss=0.6022 lr=2.011e-04 grad_norm=1.547 samples/s=77.06
[step 2030/5000] loss=1.0692 lr=2.002e-04 grad_norm=1.349 samples/s=77.08
[step 2040/5000] loss=0.6704 lr=1.993e-04 grad_norm=1.650 samples/s=77.20
[step 2050/5000] loss=1.7871 lr=1.984e-04 grad_norm=1.687 samples/s=77.18
[step 2060/5000] loss=1.3869 lr=1.975e-04 grad_norm=2.431 samples/s=77.15
[step 2070/5000] loss=0.8152 lr=1.966e-04 grad_norm=1.248 samples/s=77.11
[step 2080/5000] loss=1.5507 lr=1.957e-04 grad_norm=2.685 samples/s=77.12
[step 2090/5000] loss=1.3358 lr=1.948e-04 grad_norm=1.860 samples/s=77.10
[step 2100/5000] loss=1.3470 lr=1.938e-04 grad_norm=3.052 samples/s=77.11
[step 2110/5000] loss=2.1773 lr=1.929e-04 grad_norm=2.812 samples/s=77.14
[step 2120/5000] loss=1.2516 lr=1.920e-04 grad_norm=2.862 samples/s=77.21
[step 2130/5000] loss=1.1967 lr=1.911e-04 grad_norm=2.023 samples/s=77.17
[step 2140/5000] loss=1.8598 lr=1.902e-04 grad_norm=2.285 samples/s=77.14
[step 2150/5000] loss=1.2138 lr=1.893e-04 grad_norm=1.220 samples/s=77.16
[step 2160/5000] loss=0.8110 lr=1.883e-04 grad_norm=1.573 samples/s=77.18
[step 2170/5000] loss=0.7242 lr=1.874e-04 grad_norm=1.965 samples/s=77.11
[step 2180/5000] loss=1.7841 lr=1.865e-04 grad_norm=4.385 samples/s=77.11
[step 2190/5000] loss=1.0564 lr=1.856e-04 grad_norm=2.082 samples/s=77.11
[step 2200/5000] loss=2.2369 lr=1.846e-04 grad_norm=3.480 samples/s=76.98
[step 2210/5000] loss=1.8941 lr=1.837e-04 grad_norm=2.821 samples/s=76.98
[step 2220/5000] loss=0.8100 lr=1.828e-04 grad_norm=1.743 samples/s=76.92
[step 2230/5000] loss=1.3332 lr=1.818e-04 grad_norm=1.398 samples/s=76.91
[step 2240/5000] loss=1.3748 lr=1.809e-04 grad_norm=2.759 samples/s=76.91
[step 2250/5000] loss=1.6884 lr=1.800e-04 grad_norm=3.523 samples/s=76.91
[val step 2250] loss=1.2874991402626037 m01={'mean': 0.4082665607224892, 'median': 0.40882578177069195, 'p95': 0.6761866373542375, 'tail_frac_gt4px': 8.19000819000819e-05, 'n_matched': 12210} m02={'12-16': 0.9129181084198386, '16-32': 0.9546000480422772, '32-64': 0.9456325689255347, '64-128': 0.9427939317319848} m04={'accuracy': 0.9583128583128583, 'by_octave': {'12-16': 0.8603916614024005, '16-32': 0.9693004529441369, '32-64': 0.985558583106267, '64-128': 0.9621186724773718}} diag={'gate3_alpha_mean': 0.2795681953430176, 'gate3_alpha_min': 0.016819000244140625, 'gate3_alpha_max': 0.976806640625, 'gate3_alpha_std': 0.15578225255012512, 'gate3_alpha_p10': 0.09307861328125, 'gate3_alpha_p50': 0.25836181640625, 'gate3_alpha_p90': 0.488525390625, 'block0_attn_entropy': 7.106043338775635, 'block1_attn_entropy': 7.403017520904541}
[step 2260/5000] loss=0.9864 lr=1.790e-04 grad_norm=1.494 samples/s=77.11
[step 2270/5000] loss=0.9408 lr=1.781e-04 grad_norm=2.581 samples/s=77.32
[step 2280/5000] loss=1.0692 lr=1.772e-04 grad_norm=2.682 samples/s=77.29
[step 2290/5000] loss=1.6821 lr=1.762e-04 grad_norm=2.360 samples/s=77.34
[step 2300/5000] loss=1.5143 lr=1.753e-04 grad_norm=3.350 samples/s=77.24
[step 2310/5000] loss=1.1627 lr=1.744e-04 grad_norm=1.896 samples/s=77.23
[step 2320/5000] loss=0.9293 lr=1.734e-04 grad_norm=1.858 samples/s=77.20
[step 2330/5000] loss=0.9475 lr=1.725e-04 grad_norm=2.041 samples/s=77.17
[step 2340/5000] loss=1.1413 lr=1.715e-04 grad_norm=2.433 samples/s=77.16
[step 2350/5000] loss=1.3756 lr=1.706e-04 grad_norm=2.243 samples/s=77.14
[step 2360/5000] loss=1.3352 lr=1.696e-04 grad_norm=2.171 samples/s=77.05
[step 2370/5000] loss=1.1101 lr=1.687e-04 grad_norm=1.690 samples/s=77.10
[step 2380/5000] loss=1.2937 lr=1.677e-04 grad_norm=2.693 samples/s=77.04
[step 2390/5000] loss=1.8277 lr=1.668e-04 grad_norm=2.140 samples/s=77.08
[step 2400/5000] loss=1.6584 lr=1.659e-04 grad_norm=3.334 samples/s=77.11
[step 2410/5000] loss=1.1487 lr=1.649e-04 grad_norm=1.662 samples/s=77.14
[step 2420/5000] loss=1.6631 lr=1.640e-04 grad_norm=1.622 samples/s=77.04
[step 2430/5000] loss=0.9624 lr=1.630e-04 grad_norm=1.279 samples/s=77.04
[step 2440/5000] loss=0.9165 lr=1.621e-04 grad_norm=1.963 samples/s=76.96
[step 2450/5000] loss=1.5088 lr=1.611e-04 grad_norm=2.607 samples/s=76.97
[step 2460/5000] loss=0.9175 lr=1.602e-04 grad_norm=2.522 samples/s=76.94
[step 2470/5000] loss=1.0117 lr=1.592e-04 grad_norm=1.930 samples/s=77.01
[step 2480/5000] loss=1.0884 lr=1.583e-04 grad_norm=1.894 samples/s=76.93
[step 2490/5000] loss=1.6035 lr=1.573e-04 grad_norm=5.568 samples/s=76.97
[step 2500/5000] loss=0.8795 lr=1.564e-04 grad_norm=1.672 samples/s=76.97
[val step 2500] loss=1.282089623451233 m01={'mean': 0.4087448648650189, 'median': 0.4088780918246826, 'p95': 0.6761469643603711, 'tail_frac_gt4px': 8.19336337566571e-05, 'n_matched': 12205} m02={'12-16': 0.9123414071510957, '16-32': 0.9541196252702379, '32-64': 0.9453749033754187, '64-128': 0.9424778761061947} m04={'accuracy': 0.9604260548955346, 'by_octave': {'12-16': 0.8710493046776233, '16-32': 0.9702920443101712, '32-64': 0.9852820932134096, '64-128': 0.9641180415828303}} diag={'gate3_alpha_mean': 0.277534157037735, 'gate3_alpha_min': 0.015697479248046875, 'gate3_alpha_max': 0.9765625, 'gate3_alpha_std': 0.1549166738986969, 'gate3_alpha_p10': 0.0925140380859375, 'gate3_alpha_p50': 0.25518798828125, 'gate3_alpha_p90': 0.486083984375, 'block0_attn_entropy': 7.0851335525512695, 'block1_attn_entropy': 7.449436187744141}
[step 2510/5000] loss=0.8376 lr=1.554e-04 grad_norm=1.372 samples/s=77.16
[step 2520/5000] loss=0.7624 lr=1.545e-04 grad_norm=1.507 samples/s=77.33
[step 2530/5000] loss=0.8666 lr=1.535e-04 grad_norm=1.693 samples/s=77.36
[step 2540/5000] loss=1.6062 lr=1.525e-04 grad_norm=2.131 samples/s=77.35
[step 2550/5000] loss=0.8863 lr=1.516e-04 grad_norm=1.697 samples/s=77.30
[step 2560/5000] loss=0.8234 lr=1.506e-04 grad_norm=3.765 samples/s=77.29
[step 2570/5000] loss=0.7831 lr=1.497e-04 grad_norm=2.086 samples/s=77.23
[step 2580/5000] loss=1.3326 lr=1.487e-04 grad_norm=1.534 samples/s=77.24
[step 2590/5000] loss=1.2882 lr=1.478e-04 grad_norm=2.492 samples/s=77.11
[step 2600/5000] loss=1.1450 lr=1.468e-04 grad_norm=3.480 samples/s=77.14
[step 2610/5000] loss=1.1766 lr=1.459e-04 grad_norm=3.250 samples/s=77.15
[step 2620/5000] loss=1.7557 lr=1.449e-04 grad_norm=2.625 samples/s=77.20
[step 2630/5000] loss=1.2600 lr=1.440e-04 grad_norm=1.990 samples/s=77.12
[step 2640/5000] loss=0.8536 lr=1.430e-04 grad_norm=2.626 samples/s=77.15
[step 2650/5000] loss=0.6839 lr=1.421e-04 grad_norm=1.223 samples/s=77.11
[step 2660/5000] loss=1.0744 lr=1.411e-04 grad_norm=1.681 samples/s=77.11
[step 2670/5000] loss=1.6464 lr=1.402e-04 grad_norm=2.127 samples/s=77.08
[step 2680/5000] loss=1.1946 lr=1.392e-04 grad_norm=2.948 samples/s=77.09
[step 2690/5000] loss=1.5037 lr=1.383e-04 grad_norm=2.658 samples/s=77.02
[step 2700/5000] loss=1.1528 lr=1.373e-04 grad_norm=1.367 samples/s=77.07
[step 2710/5000] loss=0.9729 lr=1.364e-04 grad_norm=1.667 samples/s=77.02
[step 2720/5000] loss=2.2400 lr=1.354e-04 grad_norm=2.325 samples/s=77.09
[step 2730/5000] loss=1.6602 lr=1.345e-04 grad_norm=2.021 samples/s=77.07
[step 2740/5000] loss=0.8147 lr=1.335e-04 grad_norm=3.295 samples/s=77.11
[step 2750/5000] loss=0.8719 lr=1.326e-04 grad_norm=1.690 samples/s=77.08
[val step 2750] loss=1.2713943214416503 m01={'mean': 0.40840407254835187, 'median': 0.4088217158770179, 'p95': 0.676153313987354, 'tail_frac_gt4px': 8.194034742707309e-05, 'n_matched': 12204} m02={'12-16': 0.9134948096885813, '16-32': 0.9536392024981984, '32-64': 0.9446019067250708, '64-128': 0.943109987357775} m04={'accuracy': 0.9632907243526713, 'by_octave': {'12-16': 0.8800505050505051, '16-32': 0.9722921914357683, '32-64': 0.9863611565739225, '64-128': 0.9671581769436998}} diag={'gate3_alpha_mean': 0.27283909916877747, 'gate3_alpha_min': 0.015041351318359375, 'gate3_alpha_max': 0.982177734375, 'gate3_alpha_std': 0.15720084309577942, 'gate3_alpha_p10': 0.08827057480812073, 'gate3_alpha_p50': 0.24755859375, 'gate3_alpha_p90': 0.4854736328125, 'block0_attn_entropy': 7.078215599060059, 'block1_attn_entropy': 7.3406982421875}
[step 2760/5000] loss=0.9689 lr=1.317e-04 grad_norm=2.346 samples/s=77.26
[step 2770/5000] loss=1.0399 lr=1.307e-04 grad_norm=2.066 samples/s=77.42
[step 2780/5000] loss=1.2882 lr=1.298e-04 grad_norm=2.325 samples/s=77.36
[step 2790/5000] loss=0.7112 lr=1.288e-04 grad_norm=1.519 samples/s=77.29
[step 2800/5000] loss=1.2213 lr=1.279e-04 grad_norm=2.883 samples/s=77.29
[step 2810/5000] loss=0.9199 lr=1.270e-04 grad_norm=1.576 samples/s=77.16
[step 2820/5000] loss=0.6648 lr=1.260e-04 grad_norm=1.321 samples/s=77.17
[step 2830/5000] loss=1.6879 lr=1.251e-04 grad_norm=1.878 samples/s=77.12
[step 2840/5000] loss=1.2442 lr=1.241e-04 grad_norm=2.695 samples/s=77.16
[step 2850/5000] loss=1.1900 lr=1.232e-04 grad_norm=2.536 samples/s=77.12
[step 2860/5000] loss=0.7998 lr=1.223e-04 grad_norm=2.948 samples/s=77.13
[step 2870/5000] loss=1.3826 lr=1.213e-04 grad_norm=2.194 samples/s=77.09
[step 2880/5000] loss=0.8423 lr=1.204e-04 grad_norm=1.692 samples/s=77.11
[step 2890/5000] loss=0.9811 lr=1.195e-04 grad_norm=1.949 samples/s=77.04
[step 2900/5000] loss=1.2584 lr=1.185e-04 grad_norm=1.575 samples/s=77.09
[step 2910/5000] loss=0.9356 lr=1.176e-04 grad_norm=1.480 samples/s=77.07
[step 2920/5000] loss=1.0927 lr=1.167e-04 grad_norm=2.104 samples/s=77.12
[step 2930/5000] loss=0.8749 lr=1.158e-04 grad_norm=1.754 samples/s=77.04
[step 2940/5000] loss=1.0255 lr=1.148e-04 grad_norm=1.127 samples/s=77.08
[step 2950/5000] loss=0.7320 lr=1.139e-04 grad_norm=2.463 samples/s=77.04
[step 2960/5000] loss=1.2642 lr=1.130e-04 grad_norm=2.414 samples/s=77.07
[step 2970/5000] loss=0.8553 lr=1.121e-04 grad_norm=1.591 samples/s=77.02
[step 2980/5000] loss=0.8511 lr=1.112e-04 grad_norm=2.486 samples/s=77.08
[step 2990/5000] loss=1.5645 lr=1.103e-04 grad_norm=2.345 samples/s=77.04
[step 3000/5000] loss=0.7711 lr=1.093e-04 grad_norm=1.076 samples/s=77.09
[val step 3000] loss=1.2681218314170837 m01={'mean': 0.4084192889852025, 'median': 0.4087841254202532, 'p95': 0.6753759659074936, 'tail_frac_gt4px': 8.199409642505739e-05, 'n_matched': 12196} m02={'12-16': 0.9123414071510957, '16-32': 0.953158779726159, '32-64': 0.9446019067250708, '64-128': 0.9418457648546145} m04={'accuracy': 0.9660544440800263, 'by_octave': {'12-16': 0.881795195954488, '16-32': 0.9760584677419355, '32-64': 0.9877250409165302, '64-128': 0.9708053691275168}} diag={'gate3_alpha_mean': 0.27739208936691284, 'gate3_alpha_min': 0.016170501708984375, 'gate3_alpha_max': 0.98095703125, 'gate3_alpha_std': 0.15825346112251282, 'gate3_alpha_p10': 0.090667724609375, 'gate3_alpha_p50': 0.252685546875, 'gate3_alpha_p90': 0.4931640625, 'block0_attn_entropy': 7.064253330230713, 'block1_attn_entropy': 7.279796600341797}
[step 3010/5000] loss=1.0780 lr=1.084e-04 grad_norm=1.896 samples/s=77.24
[step 3020/5000] loss=0.9319 lr=1.075e-04 grad_norm=1.673 samples/s=77.39
[step 3030/5000] loss=1.4903 lr=1.066e-04 grad_norm=2.535 samples/s=77.39
[step 3040/5000] loss=0.7320 lr=1.057e-04 grad_norm=1.447 samples/s=77.39
[step 3050/5000] loss=1.0062 lr=1.048e-04 grad_norm=1.501 samples/s=77.39
[step 3060/5000] loss=1.3127 lr=1.039e-04 grad_norm=2.628 samples/s=77.38
[step 3070/5000] loss=1.0066 lr=1.030e-04 grad_norm=2.318 samples/s=77.40
[step 3080/5000] loss=1.2528 lr=1.021e-04 grad_norm=2.373 samples/s=77.36
[step 3090/5000] loss=1.0305 lr=1.012e-04 grad_norm=1.873 samples/s=77.38
[step 3100/5000] loss=0.6088 lr=1.003e-04 grad_norm=1.720 samples/s=77.32
[step 3110/5000] loss=1.1761 lr=9.941e-05 grad_norm=1.452 samples/s=77.34
[step 3120/5000] loss=1.2094 lr=9.852e-05 grad_norm=1.857 samples/s=77.34
[step 3130/5000] loss=1.5204 lr=9.763e-05 grad_norm=3.595 samples/s=77.31
[step 3140/5000] loss=1.4710 lr=9.674e-05 grad_norm=2.512 samples/s=77.26
[step 3150/5000] loss=0.8058 lr=9.586e-05 grad_norm=1.421 samples/s=77.30
[step 3160/5000] loss=1.2190 lr=9.498e-05 grad_norm=1.509 samples/s=77.27
[step 3170/5000] loss=1.0278 lr=9.410e-05 grad_norm=3.531 samples/s=77.26
[step 3180/5000] loss=1.5107 lr=9.322e-05 grad_norm=2.109 samples/s=77.18
[step 3190/5000] loss=1.0009 lr=9.235e-05 grad_norm=1.625 samples/s=77.17
[step 3200/5000] loss=0.9711 lr=9.148e-05 grad_norm=2.441 samples/s=77.12
[step 3210/5000] loss=1.1430 lr=9.061e-05 grad_norm=2.621 samples/s=77.10
[step 3220/5000] loss=1.1085 lr=8.974e-05 grad_norm=2.788 samples/s=77.11
[step 3230/5000] loss=1.1540 lr=8.888e-05 grad_norm=1.313 samples/s=77.09
[step 3240/5000] loss=2.2653 lr=8.801e-05 grad_norm=4.119 samples/s=77.09
[step 3250/5000] loss=1.6884 lr=8.715e-05 grad_norm=1.845 samples/s=77.11
[val step 3250] loss=1.265218255996704 m01={'mean': 0.4086829941507314, 'median': 0.4088217158770179, 'p95': 0.6766347035603848, 'tail_frac_gt4px': 8.192692118630181e-05, 'n_matched': 12206} m02={'12-16': 0.9152249134948097, '16-32': 0.9536392024981984, '32-64': 0.9448595722751868, '64-128': 0.9424778761061947} m04={'accuracy': 0.9661641815500573, 'by_octave': {'12-16': 0.8853182104599874, '16-32': 0.9755667506297229, '32-64': 0.9877283883283338, '64-128': 0.9701542588866533}} diag={'gate3_alpha_mean': 0.2782191336154938, 'gate3_alpha_min': 0.016368865966796875, 'gate3_alpha_max': 0.982421875, 'gate3_alpha_std': 0.15896794199943542, 'gate3_alpha_p10': 0.09112548828125, 'gate3_alpha_p50': 0.2529296875, 'gate3_alpha_p90': 0.4931640625, 'block0_attn_entropy': 7.057985305786133, 'block1_attn_entropy': 7.333323955535889}
[step 3260/5000] loss=0.8324 lr=8.630e-05 grad_norm=1.180 samples/s=77.26
[step 3270/5000] loss=0.9725 lr=8.544e-05 grad_norm=1.793 samples/s=77.41
[step 3280/5000] loss=1.7813 lr=8.459e-05 grad_norm=2.600 samples/s=77.38
[step 3290/5000] loss=1.3973 lr=8.374e-05 grad_norm=3.330 samples/s=77.38
[step 3300/5000] loss=1.1271 lr=8.290e-05 grad_norm=1.225 samples/s=77.37
[step 3310/5000] loss=0.7190 lr=8.205e-05 grad_norm=2.900 samples/s=77.38
[step 3320/5000] loss=1.0846 lr=8.121e-05 grad_norm=1.820 samples/s=77.33
[step 3330/5000] loss=1.6055 lr=8.038e-05 grad_norm=3.117 samples/s=77.32
[step 3340/5000] loss=0.9894 lr=7.954e-05 grad_norm=1.761 samples/s=77.25
[step 3350/5000] loss=1.4313 lr=7.871e-05 grad_norm=2.121 samples/s=77.26
[step 3360/5000] loss=1.4562 lr=7.788e-05 grad_norm=1.404 samples/s=77.25
[step 3370/5000] loss=0.9538 lr=7.706e-05 grad_norm=1.876 samples/s=77.23
[step 3380/5000] loss=1.4497 lr=7.624e-05 grad_norm=2.778 samples/s=77.24
[step 3390/5000] loss=0.8935 lr=7.542e-05 grad_norm=1.847 samples/s=77.16
[step 3400/5000] loss=2.0810 lr=7.460e-05 grad_norm=2.134 samples/s=77.19
[step 3410/5000] loss=0.7308 lr=7.379e-05 grad_norm=1.795 samples/s=77.11
[step 3420/5000] loss=1.1630 lr=7.298e-05 grad_norm=1.425 samples/s=77.14
[step 3430/5000] loss=1.0458 lr=7.217e-05 grad_norm=1.611 samples/s=77.10
[step 3440/5000] loss=0.9517 lr=7.137e-05 grad_norm=1.486 samples/s=77.11
[step 3450/5000] loss=0.8500 lr=7.057e-05 grad_norm=1.311 samples/s=77.11
[step 3460/5000] loss=0.8660 lr=6.977e-05 grad_norm=1.715 samples/s=77.11
[step 3470/5000] loss=2.1656 lr=6.898e-05 grad_norm=2.079 samples/s=77.11
[step 3480/5000] loss=0.7959 lr=6.819e-05 grad_norm=1.172 samples/s=77.04
[step 3490/5000] loss=0.8545 lr=6.740e-05 grad_norm=1.162 samples/s=77.08
[step 3500/5000] loss=1.5511 lr=6.662e-05 grad_norm=1.924 samples/s=77.04
[val step 3500] loss=1.2633046751022339 m01={'mean': 0.40865199311246114, 'median': 0.40862138680439386, 'p95': 0.6761799121606309, 'tail_frac_gt4px': 8.19000819000819e-05, 'n_matched': 12210} m02={'12-16': 0.9163783160322952, '16-32': 0.9524381455680999, '32-64': 0.9464055655758825, '64-128': 0.9427939317319848} m04={'accuracy': 0.9672399672399672, 'by_octave': {'12-16': 0.8892385147891756, '16-32': 0.976796973518285, '32-64': 0.988565205554043, '64-128': 0.9698290311766677}} diag={'gate3_alpha_mean': 0.27498218417167664, 'gate3_alpha_min': 0.015575408935546875, 'gate3_alpha_max': 0.984375, 'gate3_alpha_std': 0.15744845569133759, 'gate3_alpha_p10': 0.0899505615234375, 'gate3_alpha_p50': 0.2506103515625, 'gate3_alpha_p90': 0.4853515625, 'block0_attn_entropy': 7.059287071228027, 'block1_attn_entropy': 7.349191188812256}
[step 3510/5000] loss=0.8904 lr=6.584e-05 grad_norm=1.323 samples/s=77.17
[step 3520/5000] loss=0.5259 lr=6.506e-05 grad_norm=0.914 samples/s=77.30
[step 3530/5000] loss=1.3591 lr=6.429e-05 grad_norm=1.427 samples/s=77.29
[step 3540/5000] loss=1.0278 lr=6.352e-05 grad_norm=1.173 samples/s=77.23
[step 3550/5000] loss=1.0203 lr=6.276e-05 grad_norm=1.914 samples/s=77.22
[step 3560/5000] loss=2.2300 lr=6.200e-05 grad_norm=2.923 samples/s=77.19
[step 3570/5000] loss=0.9098 lr=6.124e-05 grad_norm=3.739 samples/s=77.17
[step 3580/5000] loss=0.8558 lr=6.048e-05 grad_norm=1.615 samples/s=77.15
[step 3590/5000] loss=0.8969 lr=5.973e-05 grad_norm=1.913 samples/s=77.15
[step 3600/5000] loss=0.9230 lr=5.899e-05 grad_norm=2.317 samples/s=77.16
[step 3610/5000] loss=1.6502 lr=5.824e-05 grad_norm=2.588 samples/s=77.12
[step 3620/5000] loss=0.7795 lr=5.750e-05 grad_norm=1.349 samples/s=77.14
[step 3630/5000] loss=0.9773 lr=5.677e-05 grad_norm=1.816 samples/s=77.13
[step 3640/5000] loss=0.8038 lr=5.604e-05 grad_norm=1.413 samples/s=77.14
[step 3650/5000] loss=1.1741 lr=5.531e-05 grad_norm=2.683 samples/s=77.12
[step 3660/5000] loss=1.6213 lr=5.459e-05 grad_norm=2.316 samples/s=77.14
[step 3670/5000] loss=0.6834 lr=5.387e-05 grad_norm=3.124 samples/s=77.13
[step 3680/5000] loss=1.2699 lr=5.315e-05 grad_norm=1.690 samples/s=77.12
[step 3690/5000] loss=0.8856 lr=5.244e-05 grad_norm=2.009 samples/s=77.11
[step 3700/5000] loss=1.1532 lr=5.173e-05 grad_norm=1.590 samples/s=77.08
[step 3710/5000] loss=1.1738 lr=5.103e-05 grad_norm=1.873 samples/s=77.06
[step 3720/5000] loss=1.1157 lr=5.033e-05 grad_norm=2.963 samples/s=77.02
[step 3730/5000] loss=1.3663 lr=4.964e-05 grad_norm=1.753 samples/s=77.03
[step 3740/5000] loss=1.0596 lr=4.895e-05 grad_norm=1.410 samples/s=76.96
[step 3750/5000] loss=1.0477 lr=4.826e-05 grad_norm=1.502 samples/s=76.97
[val step 3750] loss=1.2601859483718871 m01={'mean': 0.40865373143493516, 'median': 0.4088207511441335, 'p95': 0.6767750552817741, 'tail_frac_gt4px': 8.19336337566571e-05, 'n_matched': 12205} m02={'12-16': 0.9163783160322952, '16-32': 0.9524381455680999, '32-64': 0.9458902344756506, '64-128': 0.9418457648546145} m04={'accuracy': 0.9678000819336338, 'by_octave': {'12-16': 0.8904971680302077, '16-32': 0.9755359394703657, '32-64': 0.9896485971125034, '64-128': 0.9718120805369127}} diag={'gate3_alpha_mean': 0.27028506994247437, 'gate3_alpha_min': 0.015499114990234375, 'gate3_alpha_max': 0.984130859375, 'gate3_alpha_std': 0.1568368375301361, 'gate3_alpha_p10': 0.08685989677906036, 'gate3_alpha_p50': 0.2454376220703125, 'gate3_alpha_p90': 0.4808349609375, 'block0_attn_entropy': 7.0678582191467285, 'block1_attn_entropy': 7.288525581359863}
[step 3760/5000] loss=0.7513 lr=4.758e-05 grad_norm=1.945 samples/s=77.09
[step 3770/5000] loss=0.6680 lr=4.690e-05 grad_norm=1.307 samples/s=77.21
[step 3780/5000] loss=2.2709 lr=4.623e-05 grad_norm=2.560 samples/s=77.17
[step 3790/5000] loss=0.8282 lr=4.556e-05 grad_norm=2.022 samples/s=77.15
[step 3800/5000] loss=1.5513 lr=4.489e-05 grad_norm=2.260 samples/s=77.12
[step 3810/5000] loss=1.3392 lr=4.423e-05 grad_norm=1.991 samples/s=77.15
[step 3820/5000] loss=1.3890 lr=4.357e-05 grad_norm=2.190 samples/s=77.12
[step 3830/5000] loss=1.5115 lr=4.292e-05 grad_norm=2.310 samples/s=77.09
[step 3840/5000] loss=0.9835 lr=4.228e-05 grad_norm=1.863 samples/s=77.08
[step 3850/5000] loss=0.8871 lr=4.163e-05 grad_norm=1.604 samples/s=77.06
[step 3860/5000] loss=1.0344 lr=4.099e-05 grad_norm=2.073 samples/s=77.03
[step 3870/5000] loss=2.1222 lr=4.036e-05 grad_norm=3.677 samples/s=77.08
[step 3880/5000] loss=0.7947 lr=3.973e-05 grad_norm=2.078 samples/s=77.08
[step 3890/5000] loss=0.7295 lr=3.911e-05 grad_norm=2.494 samples/s=77.09
[step 3900/5000] loss=0.6816 lr=3.849e-05 grad_norm=1.605 samples/s=77.05
[step 3910/5000] loss=0.8348 lr=3.787e-05 grad_norm=1.641 samples/s=77.06
[step 3920/5000] loss=1.8367 lr=3.726e-05 grad_norm=3.426 samples/s=77.06
[step 3930/5000] loss=1.0299 lr=3.666e-05 grad_norm=1.259 samples/s=77.07
[step 3940/5000] loss=1.6272 lr=3.605e-05 grad_norm=2.265 samples/s=77.03
[step 3950/5000] loss=0.7683 lr=3.546e-05 grad_norm=1.930 samples/s=77.05
[step 3960/5000] loss=1.2542 lr=3.487e-05 grad_norm=2.044 samples/s=77.00
[step 3970/5000] loss=1.1888 lr=3.428e-05 grad_norm=2.686 samples/s=77.03
[step 3980/5000] loss=1.1237 lr=3.370e-05 grad_norm=2.778 samples/s=77.00
[step 3990/5000] loss=0.8283 lr=3.312e-05 grad_norm=2.126 samples/s=77.00
[step 4000/5000] loss=1.1448 lr=3.255e-05 grad_norm=2.825 samples/s=76.95
[val step 4000] loss=1.2553116126060486 m01={'mean': 0.40852354401797175, 'median': 0.4088217158770179, 'p95': 0.676949342651254, 'tail_frac_gt4px': 8.194034742707309e-05, 'n_matched': 12204} m02={'12-16': 0.9158016147635525, '16-32': 0.9529185683401393, '32-64': 0.9451172378253028, '64-128': 0.9421618204804045} m04={'accuracy': 0.9684529662405769, 'by_octave': {'12-16': 0.8967254408060453, '16-32': 0.9770607511973783, '32-64': 0.9885496183206107, '64-128': 0.9704797047970479}} diag={'gate3_alpha_mean': 0.2694164216518402, 'gate3_alpha_min': 0.015054702758789062, 'gate3_alpha_max': 0.984130859375, 'gate3_alpha_std': 0.15752537548542023, 'gate3_alpha_p10': 0.08595123887062073, 'gate3_alpha_p50': 0.24334716796875, 'gate3_alpha_p90': 0.4830322265625, 'block0_attn_entropy': 7.062068939208984, 'block1_attn_entropy': 7.322588920593262}
[step 4010/5000] loss=1.2612 lr=3.198e-05 grad_norm=2.353 samples/s=77.07
[step 4020/5000] loss=1.0178 lr=3.142e-05 grad_norm=1.784 samples/s=77.18
[step 4030/5000] loss=1.1828 lr=3.086e-05 grad_norm=3.716 samples/s=77.19
[step 4040/5000] loss=0.9815 lr=3.031e-05 grad_norm=3.165 samples/s=77.19
[step 4050/5000] loss=1.1012 lr=2.976e-05 grad_norm=1.778 samples/s=77.15
[step 4060/5000] loss=1.2467 lr=2.922e-05 grad_norm=2.209 samples/s=77.15
[step 4070/5000] loss=1.1653 lr=2.868e-05 grad_norm=1.317 samples/s=77.10
[step 4080/5000] loss=0.9333 lr=2.815e-05 grad_norm=2.163 samples/s=77.10
[step 4090/5000] loss=1.4019 lr=2.762e-05 grad_norm=1.582 samples/s=77.06
[step 4100/5000] loss=1.9359 lr=2.710e-05 grad_norm=2.082 samples/s=77.05
[step 4110/5000] loss=1.6411 lr=2.658e-05 grad_norm=2.757 samples/s=77.02
[step 4120/5000] loss=1.2682 lr=2.607e-05 grad_norm=2.209 samples/s=77.05
[step 4130/5000] loss=1.5287 lr=2.556e-05 grad_norm=1.790 samples/s=77.03
[step 4140/5000] loss=1.0725 lr=2.506e-05 grad_norm=2.316 samples/s=77.01
[step 4150/5000] loss=1.0751 lr=2.456e-05 grad_norm=3.006 samples/s=77.01
[step 4160/5000] loss=1.2463 lr=2.407e-05 grad_norm=1.780 samples/s=76.94
[step 4170/5000] loss=0.9480 lr=2.358e-05 grad_norm=1.790 samples/s=76.96
[step 4180/5000] loss=1.2349 lr=2.310e-05 grad_norm=1.465 samples/s=76.89
[step 4190/5000] loss=0.7010 lr=2.263e-05 grad_norm=1.059 samples/s=76.91
[step 4200/5000] loss=0.9578 lr=2.216e-05 grad_norm=2.904 samples/s=76.89
[step 4210/5000] loss=0.9533 lr=2.169e-05 grad_norm=1.422 samples/s=76.90
[step 4220/5000] loss=1.6517 lr=2.123e-05 grad_norm=2.477 samples/s=76.86
[step 4230/5000] loss=1.1661 lr=2.078e-05 grad_norm=1.608 samples/s=76.89
[step 4240/5000] loss=1.7480 lr=2.033e-05 grad_norm=2.970 samples/s=76.86
[step 4250/5000] loss=1.3867 lr=1.988e-05 grad_norm=3.784 samples/s=76.87
[val step 4250] loss=1.2541721701622008 m01={'mean': 0.4087554299259538, 'median': 0.4087474996963729, 'p95': 0.6771465353689721, 'tail_frac_gt4px': 8.192020971573687e-05, 'n_matched': 12207} m02={'12-16': 0.9152249134948097, '16-32': 0.9536392024981984, '32-64': 0.9451172378253028, '64-128': 0.9424778761061947} m04={'accuracy': 0.9682968788400098, 'by_octave': {'12-16': 0.8941398865784499, '16-32': 0.9765743073047859, '32-64': 0.9880043620501636, '64-128': 0.9725016767270288}} diag={'gate3_alpha_mean': 0.274050772190094, 'gate3_alpha_min': 0.01554107666015625, 'gate3_alpha_max': 0.9873046875, 'gate3_alpha_std': 0.15910254418849945, 'gate3_alpha_p10': 0.08791618794202805, 'gate3_alpha_p50': 0.24835205078125, 'gate3_alpha_p90': 0.48876953125, 'block0_attn_entropy': 7.060619354248047, 'block1_attn_entropy': 7.338445663452148}
[step 4260/5000] loss=1.3162 lr=1.945e-05 grad_norm=1.579 samples/s=76.98
[step 4270/5000] loss=0.8841 lr=1.901e-05 grad_norm=2.330 samples/s=77.09
[step 4280/5000] loss=1.8382 lr=1.859e-05 grad_norm=1.579 samples/s=77.08
[step 4290/5000] loss=1.2200 lr=1.816e-05 grad_norm=2.825 samples/s=77.08
[step 4300/5000] loss=1.4514 lr=1.775e-05 grad_norm=2.717 samples/s=77.05
[step 4310/5000] loss=1.2965 lr=1.734e-05 grad_norm=2.741 samples/s=77.07
[step 4320/5000] loss=1.3527 lr=1.693e-05 grad_norm=1.753 samples/s=77.07
[step 4330/5000] loss=1.4517 lr=1.653e-05 grad_norm=4.167 samples/s=77.01
[step 4340/5000] loss=0.9176 lr=1.614e-05 grad_norm=1.394 samples/s=77.00
[step 4350/5000] loss=1.1524 lr=1.575e-05 grad_norm=2.198 samples/s=77.01
[step 4360/5000] loss=0.7134 lr=1.537e-05 grad_norm=1.726 samples/s=77.00
[step 4370/5000] loss=1.2185 lr=1.499e-05 grad_norm=2.010 samples/s=77.00
[step 4380/5000] loss=0.7579 lr=1.462e-05 grad_norm=1.873 samples/s=76.93
[step 4390/5000] loss=0.9841 lr=1.425e-05 grad_norm=1.737 samples/s=76.89
[step 4400/5000] loss=1.1079 lr=1.389e-05 grad_norm=2.184 samples/s=76.87
[step 4410/5000] loss=1.1062 lr=1.353e-05 grad_norm=3.480 samples/s=76.88
[step 4420/5000] loss=0.8122 lr=1.318e-05 grad_norm=2.465 samples/s=76.83
[step 4430/5000] loss=1.1915 lr=1.284e-05 grad_norm=1.792 samples/s=76.86
[step 4440/5000] loss=0.4822 lr=1.250e-05 grad_norm=1.226 samples/s=76.84
[step 4450/5000] loss=1.0166 lr=1.217e-05 grad_norm=1.689 samples/s=76.86
[step 4460/5000] loss=1.2780 lr=1.184e-05 grad_norm=2.583 samples/s=76.84
[step 4470/5000] loss=1.8703 lr=1.152e-05 grad_norm=2.031 samples/s=76.87
[step 4480/5000] loss=0.7558 lr=1.121e-05 grad_norm=1.202 samples/s=76.84
[step 4490/5000] loss=1.8783 lr=1.090e-05 grad_norm=3.008 samples/s=76.86
[step 4500/5000] loss=0.7950 lr=1.060e-05 grad_norm=1.167 samples/s=76.86
[val step 4500] loss=1.2533480687141418 m01={'mean': 0.40853772755928824, 'median': 0.40869065728572457, 'p95': 0.6767951237782814, 'tail_frac_gt4px': 8.195377806916898e-05, 'n_matched': 12202} m02={'12-16': 0.9146482122260668, '16-32': 0.9533989911121787, '32-64': 0.9451172378253028, '64-128': 0.9415297092288243} m04={'accuracy': 0.9690214718898541, 'by_octave': {'12-16': 0.8978562421185372, '16-32': 0.9763164525069287, '32-64': 0.9896401308615049, '64-128': 0.9718026183282981}} diag={'gate3_alpha_mean': 0.27357426285743713, 'gate3_alpha_min': 0.01554107666015625, 'gate3_alpha_max': 0.98828125, 'gate3_alpha_std': 0.15917639434337616, 'gate3_alpha_p10': 0.08762359619140625, 'gate3_alpha_p50': 0.24774169921875, 'gate3_alpha_p90': 0.4879150390625, 'block0_attn_entropy': 7.05689811706543, 'block1_attn_entropy': 7.346683025360107}
[step 4510/5000] loss=1.3288 lr=1.030e-05 grad_norm=2.142 samples/s=76.96
[step 4520/5000] loss=0.8930 lr=1.001e-05 grad_norm=1.450 samples/s=77.05
[step 4530/5000] loss=0.8503 lr=9.720e-06 grad_norm=1.299 samples/s=77.04
[step 4540/5000] loss=1.4478 lr=9.439e-06 grad_norm=3.584 samples/s=77.04
[step 4550/5000] loss=1.9629 lr=9.165e-06 grad_norm=3.061 samples/s=77.04
[step 4560/5000] loss=0.6104 lr=8.896e-06 grad_norm=2.868 samples/s=77.05
[step 4570/5000] loss=0.8811 lr=8.634e-06 grad_norm=1.699 samples/s=77.04
[step 4580/5000] loss=1.4996 lr=8.377e-06 grad_norm=4.288 samples/s=76.99
[step 4590/5000] loss=1.1010 lr=8.126e-06 grad_norm=2.581 samples/s=76.96
[step 4600/5000] loss=2.2583 lr=7.881e-06 grad_norm=3.964 samples/s=76.90
[step 4610/5000] loss=1.3322 lr=7.642e-06 grad_norm=3.204 samples/s=76.89
[step 4620/5000] loss=1.4469 lr=7.409e-06 grad_norm=2.209 samples/s=76.86
[step 4630/5000] loss=1.1722 lr=7.181e-06 grad_norm=1.946 samples/s=76.86
[step 4640/5000] loss=1.2737 lr=6.960e-06 grad_norm=1.565 samples/s=76.84
[step 4650/5000] loss=0.8033 lr=6.744e-06 grad_norm=1.461 samples/s=76.85
[step 4660/5000] loss=0.6434 lr=6.535e-06 grad_norm=1.579 samples/s=76.84
[step 4670/5000] loss=1.6533 lr=6.331e-06 grad_norm=2.322 samples/s=76.86
[step 4680/5000] loss=0.7459 lr=6.134e-06 grad_norm=1.745 samples/s=76.87
[step 4690/5000] loss=1.2067 lr=5.942e-06 grad_norm=2.184 samples/s=76.90
[step 4700/5000] loss=0.5519 lr=5.757e-06 grad_norm=1.295 samples/s=76.89
[step 4710/5000] loss=1.0327 lr=5.577e-06 grad_norm=3.647 samples/s=76.91
[step 4720/5000] loss=1.4421 lr=5.403e-06 grad_norm=1.725 samples/s=76.90
[step 4730/5000] loss=1.0678 lr=5.236e-06 grad_norm=3.165 samples/s=76.91
[step 4740/5000] loss=0.9824 lr=5.074e-06 grad_norm=2.303 samples/s=76.87
[step 4750/5000] loss=1.7085 lr=4.919e-06 grad_norm=1.484 samples/s=76.87
[val step 4750] loss=1.2540700321197509 m01={'mean': 0.4087429013389202, 'median': 0.40874247641102684, 'p95': 0.6770895295736535, 'tail_frac_gt4px': 8.195377806916898e-05, 'n_matched': 12202} m02={'12-16': 0.9146482122260668, '16-32': 0.9529185683401393, '32-64': 0.9453749033754187, '64-128': 0.9418457648546145} m04={'accuracy': 0.9686936567775775, 'by_octave': {'12-16': 0.8984867591424969, '16-32': 0.9763045122258633, '32-64': 0.988280185336604, '64-128': 0.9718120805369127}} diag={'gate3_alpha_mean': 0.27094805240631104, 'gate3_alpha_min': 0.015146255493164062, 'gate3_alpha_max': 0.988037109375, 'gate3_alpha_std': 0.15852250158786774, 'gate3_alpha_p10': 0.086517333984375, 'gate3_alpha_p50': 0.24481201171875, 'gate3_alpha_p90': 0.484130859375, 'block0_attn_entropy': 7.057024955749512, 'block1_attn_entropy': 7.361361026763916}
[step 4760/5000] loss=1.1586 lr=4.769e-06 grad_norm=3.619 samples/s=76.96
[step 4770/5000] loss=0.8140 lr=4.626e-06 grad_norm=1.260 samples/s=77.05
[step 4780/5000] loss=1.6902 lr=4.488e-06 grad_norm=3.025 samples/s=77.05
[step 4790/5000] loss=1.4016 lr=4.357e-06 grad_norm=2.486 samples/s=77.06
[step 4800/5000] loss=0.9593 lr=4.231e-06 grad_norm=1.915 samples/s=77.04
[step 4810/5000] loss=1.0861 lr=4.112e-06 grad_norm=1.455 samples/s=77.04
[step 4820/5000] loss=1.4908 lr=3.999e-06 grad_norm=2.016 samples/s=76.99
[step 4830/5000] loss=1.3100 lr=3.892e-06 grad_norm=2.819 samples/s=76.97
[step 4840/5000] loss=1.1035 lr=3.790e-06 grad_norm=2.570 samples/s=76.93
[step 4850/5000] loss=0.7454 lr=3.695e-06 grad_norm=1.234 samples/s=76.91
[step 4860/5000] loss=1.0380 lr=3.606e-06 grad_norm=1.769 samples/s=76.90
[step 4870/5000] loss=0.7789 lr=3.523e-06 grad_norm=2.223 samples/s=76.89
[step 4880/5000] loss=0.9213 lr=3.447e-06 grad_norm=1.732 samples/s=76.91
[step 4890/5000] loss=1.9133 lr=3.376e-06 grad_norm=2.287 samples/s=76.92
[step 4900/5000] loss=1.1778 lr=3.311e-06 grad_norm=3.170 samples/s=76.89
[step 4910/5000] loss=0.9934 lr=3.253e-06 grad_norm=1.444 samples/s=76.89
[step 4920/5000] loss=0.8148 lr=3.200e-06 grad_norm=1.628 samples/s=76.87
[step 4930/5000] loss=1.3366 lr=3.154e-06 grad_norm=2.253 samples/s=76.88
[step 4940/5000] loss=1.3039 lr=3.114e-06 grad_norm=2.291 samples/s=76.88
[step 4950/5000] loss=1.1350 lr=3.079e-06 grad_norm=3.217 samples/s=76.91
[step 4960/5000] loss=0.6562 lr=3.051e-06 grad_norm=2.044 samples/s=76.88
[step 4970/5000] loss=1.0320 lr=3.029e-06 grad_norm=1.818 samples/s=76.91
[step 4980/5000] loss=1.2836 lr=3.013e-06 grad_norm=2.211 samples/s=76.87
[step 4990/5000] loss=0.8008 lr=3.004e-06 grad_norm=1.595 samples/s=76.90
[step 5000/5000] loss=1.3897 lr=3.000e-06 grad_norm=2.485 samples/s=76.89
[val step 5000] loss=1.2530505347251892 m01={'mean': 0.40849690442272113, 'median': 0.40869065728572457, 'p95': 0.676949342651254, 'tail_frac_gt4px': 8.194034742707309e-05, 'n_matched': 12204} m02={'12-16': 0.9152249134948097, '16-32': 0.953158779726159, '32-64': 0.9451172378253028, '64-128': 0.9421618204804045} m04={'accuracy': 0.9687807276302851, 'by_octave': {'12-16': 0.8972904851921865, '16-32': 0.9768145161290323, '32-64': 0.9890948745910578, '64-128': 0.9711506205971151}} diag={'gate3_alpha_mean': 0.2714262902736664, 'gate3_alpha_min': 0.015146255493164062, 'gate3_alpha_max': 0.988037109375, 'gate3_alpha_std': 0.15825721621513367, 'gate3_alpha_p10': 0.08703461289405823, 'gate3_alpha_p50': 0.24554443359375, 'gate3_alpha_p90': 0.484130859375, 'block0_attn_entropy': 7.056881904602051, 'block1_attn_entropy': 7.364038944244385}
[FULL val step 5000] loss=1.1645240070343017 m01={'mean': 0.4062769028504295, 'median': 0.4061724645132566, 'p95': 0.673906391523761, 'tail_frac_gt4px': 5.6521352959700275e-05, 'n_matched': 123847} m02={'12-16': 0.9179709492174305, '16-32': 0.9387097538439669, '32-64': 0.9539625707828648, '64-128': 0.9563902193093018} m04={'accuracy': 0.9708753542677658, 'by_octave': {'12-16': 0.9057344372891751, '16-32': 0.9769824844783201, '32-64': 0.988234667802385, '64-128': 0.9764101212440696}}
[train_detector] wrote checkpoint runs/ft16_head_bneck_lr1_hm_lr0p1/ckpt_0005000.pt
[train_detector] done: step=5000 train_elapsed=2080.9s val_elapsed=486.5s samples/s=76.89
