[train_detector] finetune from runs/rel_w882_c2_100k_rev6/ckpt_0100000.pt (step 100000): 37,968 of 882,402 params trainable, lr_mult={'cls.*': 1.0}, reinit=['cls.*']
[train_detector] stream_seed=2100000 resume_count=0 start_step=0
[step 1/5000] loss=62.9538 lr=0.000e+00 grad_norm=134.284 samples/s=7.86
[step 2/5000] loss=63.4874 lr=3.000e-06 grad_norm=136.795 samples/s=15.37
[step 3/5000] loss=65.4551 lr=6.000e-06 grad_norm=134.772 samples/s=22.48
[step 4/5000] loss=68.6996 lr=9.000e-06 grad_norm=151.382 samples/s=29.42
[step 5/5000] loss=66.3550 lr=1.200e-05 grad_norm=139.085 samples/s=32.18
[step 6/5000] loss=68.0410 lr=1.500e-05 grad_norm=145.358 samples/s=38.17
[step 7/5000] loss=58.9961 lr=1.800e-05 grad_norm=123.083 samples/s=44.03
[step 8/5000] loss=64.4261 lr=2.100e-05 grad_norm=135.864 samples/s=48.24
[step 9/5000] loss=66.6573 lr=2.400e-05 grad_norm=139.816 samples/s=42.48
[step 10/5000] loss=62.6376 lr=2.700e-05 grad_norm=128.417 samples/s=46.80
[step 20/5000] loss=58.4978 lr=5.700e-05 grad_norm=116.506 samples/s=60.64
[step 30/5000] loss=45.9025 lr=8.700e-05 grad_norm=92.698 samples/s=59.93
[step 40/5000] loss=36.2906 lr=1.170e-04 grad_norm=84.778 samples/s=64.66
[step 50/5000] loss=28.3945 lr=1.470e-04 grad_norm=72.466 samples/s=64.76
[step 60/5000] loss=17.6931 lr=1.770e-04 grad_norm=43.704 samples/s=66.44
[step 70/5000] loss=12.9861 lr=2.070e-04 grad_norm=27.762 samples/s=66.08
[step 80/5000] loss=9.9312 lr=2.370e-04 grad_norm=15.373 samples/s=67.49
[step 90/5000] loss=7.4178 lr=2.670e-04 grad_norm=9.716 samples/s=68.87
[step 100/5000] loss=5.3957 lr=2.970e-04 grad_norm=7.266 samples/s=70.40
[step 110/5000] loss=3.6180 lr=3.000e-04 grad_norm=4.751 samples/s=68.91
[step 120/5000] loss=3.3406 lr=3.000e-04 grad_norm=2.635 samples/s=70.15
[step 130/5000] loss=2.8499 lr=3.000e-04 grad_norm=2.400 samples/s=68.63
[step 140/5000] loss=3.4093 lr=3.000e-04 grad_norm=1.828 samples/s=69.74
[step 150/5000] loss=2.7552 lr=2.999e-04 grad_norm=1.631 samples/s=68.89
[step 160/5000] loss=2.7551 lr=2.999e-04 grad_norm=1.328 samples/s=70.09
[step 170/5000] loss=2.8208 lr=2.999e-04 grad_norm=1.078 samples/s=68.99
[step 180/5000] loss=2.6395 lr=2.998e-04 grad_norm=0.946 samples/s=70.13
[step 190/5000] loss=2.3990 lr=2.998e-04 grad_norm=1.916 samples/s=69.90
[step 200/5000] loss=3.1799 lr=2.997e-04 grad_norm=1.057 samples/s=70.90
[step 210/5000] loss=2.9931 lr=2.996e-04 grad_norm=0.913 samples/s=71.11
[step 220/5000] loss=2.1817 lr=2.996e-04 grad_norm=0.953 samples/s=71.65
[step 230/5000] loss=2.7537 lr=2.995e-04 grad_norm=1.220 samples/s=71.82
[step 240/5000] loss=1.9951 lr=2.994e-04 grad_norm=1.263 samples/s=71.10
[step 250/5000] loss=2.3675 lr=2.993e-04 grad_norm=0.945 samples/s=71.02
[val step 250] loss=3.2113243999481202 m01={'mean': 0.4093998113886619, 'median': 0.40835430767447695, 'p95': 0.6784585187959586, 'tail_frac_gt4px': 8.185985592665357e-05, 'n_matched': 12216} m02={'12-16': 0.9192618223760092, '16-32': 0.9546000480422772, '32-64': 0.9451172378253028, '64-128': 0.9418457648546145} m04={'accuracy': 0.37598231827111983, 'by_octave': {'12-16': 0.3889585947302384, '16-32': 0.3920483140412682, '32-64': 0.3781352235550709, '64-128': 0.34496644295302015}} diag={'gate3_alpha_mean': 0.28227534890174866, 'gate3_alpha_min': 0.01668548583984375, 'gate3_alpha_max': 0.98779296875, 'gate3_alpha_std': 0.1545737236738205, 'gate3_alpha_p10': 0.0999908447265625, 'gate3_alpha_p50': 0.2621116638183594, 'gate3_alpha_p90': 0.4891357421875, 'block0_attn_entropy': 7.1890082359313965, 'block1_attn_entropy': 7.4866156578063965}
[step 260/5000] loss=2.6347 lr=2.992e-04 grad_norm=0.897 samples/s=73.43
[step 270/5000] loss=2.6155 lr=2.991e-04 grad_norm=1.014 samples/s=75.10
[step 280/5000] loss=2.8569 lr=2.990e-04 grad_norm=1.255 samples/s=74.10
[step 290/5000] loss=2.1492 lr=2.989e-04 grad_norm=0.973 samples/s=74.55
[step 300/5000] loss=2.5644 lr=2.988e-04 grad_norm=0.865 samples/s=74.37
[step 310/5000] loss=2.3820 lr=2.987e-04 grad_norm=0.943 samples/s=74.58
[step 320/5000] loss=1.9468 lr=2.985e-04 grad_norm=1.237 samples/s=74.20
[step 330/5000] loss=2.6355 lr=2.984e-04 grad_norm=0.824 samples/s=74.30
[step 340/5000] loss=2.2986 lr=2.983e-04 grad_norm=0.798 samples/s=74.18
[step 350/5000] loss=2.5836 lr=2.981e-04 grad_norm=1.038 samples/s=74.24
[step 360/5000] loss=1.8614 lr=2.980e-04 grad_norm=1.172 samples/s=74.08
[step 370/5000] loss=1.9879 lr=2.978e-04 grad_norm=0.863 samples/s=74.26
[step 380/5000] loss=2.1136 lr=2.976e-04 grad_norm=0.910 samples/s=73.98
[step 390/5000] loss=2.2853 lr=2.975e-04 grad_norm=0.964 samples/s=74.05
[step 400/5000] loss=1.9722 lr=2.973e-04 grad_norm=0.886 samples/s=73.87
[step 410/5000] loss=2.4618 lr=2.971e-04 grad_norm=1.020 samples/s=74.05
[step 420/5000] loss=2.0702 lr=2.969e-04 grad_norm=1.034 samples/s=73.65
[step 430/5000] loss=2.1943 lr=2.967e-04 grad_norm=1.351 samples/s=73.90
[step 440/5000] loss=2.8567 lr=2.965e-04 grad_norm=1.189 samples/s=73.52
[step 450/5000] loss=2.6699 lr=2.963e-04 grad_norm=1.166 samples/s=73.71
[step 460/5000] loss=2.3654 lr=2.961e-04 grad_norm=0.961 samples/s=73.13
[step 470/5000] loss=2.8905 lr=2.959e-04 grad_norm=0.979 samples/s=73.41
[step 480/5000] loss=1.8166 lr=2.956e-04 grad_norm=0.926 samples/s=72.85
[step 490/5000] loss=1.9482 lr=2.954e-04 grad_norm=0.942 samples/s=73.11
[step 500/5000] loss=2.0106 lr=2.952e-04 grad_norm=0.939 samples/s=72.75
[val step 500] loss=2.4064883518218996 m01={'mean': 0.4093998113886619, 'median': 0.40835430767447695, 'p95': 0.6784585187959586, 'tail_frac_gt4px': 8.185985592665357e-05, 'n_matched': 12216} m02={'12-16': 0.9192618223760092, '16-32': 0.9546000480422772, '32-64': 0.9451172378253028, '64-128': 0.9418457648546145} m04={'accuracy': 0.5058939096267191, 'by_octave': {'12-16': 0.5188205771643664, '16-32': 0.5455460493205838, '32-64': 0.5207197382769901, '64-128': 0.4278523489932886}} diag={'gate3_alpha_mean': 0.28227534890174866, 'gate3_alpha_min': 0.01668548583984375, 'gate3_alpha_max': 0.98779296875, 'gate3_alpha_std': 0.1545737236738205, 'gate3_alpha_p10': 0.0999908447265625, 'gate3_alpha_p50': 0.2621116638183594, 'gate3_alpha_p90': 0.4891357421875, 'block0_attn_entropy': 7.1890082359313965, 'block1_attn_entropy': 7.4866156578063965}
[step 510/5000] loss=2.3024 lr=2.949e-04 grad_norm=1.232 samples/s=74.00
[step 520/5000] loss=1.9868 lr=2.947e-04 grad_norm=1.073 samples/s=74.89
[step 530/5000] loss=2.1630 lr=2.944e-04 grad_norm=0.983 samples/s=74.55
[step 540/5000] loss=2.6269 lr=2.942e-04 grad_norm=1.055 samples/s=74.60
[step 550/5000] loss=2.4158 lr=2.939e-04 grad_norm=0.930 samples/s=74.39
[step 560/5000] loss=1.8680 lr=2.936e-04 grad_norm=0.823 samples/s=74.37
[step 570/5000] loss=2.0421 lr=2.933e-04 grad_norm=1.034 samples/s=74.11
[step 580/5000] loss=1.9068 lr=2.931e-04 grad_norm=0.862 samples/s=74.27
[step 590/5000] loss=1.7736 lr=2.928e-04 grad_norm=0.909 samples/s=74.16
[step 600/5000] loss=1.9872 lr=2.925e-04 grad_norm=1.225 samples/s=74.41
[step 610/5000] loss=2.2447 lr=2.922e-04 grad_norm=0.807 samples/s=74.14
[step 620/5000] loss=2.6325 lr=2.919e-04 grad_norm=0.856 samples/s=74.33
[step 630/5000] loss=1.9317 lr=2.915e-04 grad_norm=1.027 samples/s=74.17
[step 640/5000] loss=2.2527 lr=2.912e-04 grad_norm=0.767 samples/s=74.21
[step 650/5000] loss=2.2874 lr=2.909e-04 grad_norm=0.993 samples/s=74.04
[step 660/5000] loss=2.1284 lr=2.906e-04 grad_norm=0.858 samples/s=74.23
[step 670/5000] loss=3.1776 lr=2.902e-04 grad_norm=1.074 samples/s=73.84
[step 680/5000] loss=2.2021 lr=2.899e-04 grad_norm=0.981 samples/s=74.03
[step 690/5000] loss=2.6353 lr=2.895e-04 grad_norm=1.207 samples/s=74.03
[step 700/5000] loss=2.0422 lr=2.892e-04 grad_norm=1.207 samples/s=74.15
[step 710/5000] loss=2.2271 lr=2.888e-04 grad_norm=0.883 samples/s=74.13
[step 720/5000] loss=2.1298 lr=2.885e-04 grad_norm=0.787 samples/s=74.22
[step 730/5000] loss=1.7263 lr=2.881e-04 grad_norm=0.791 samples/s=74.06
[step 740/5000] loss=1.6520 lr=2.877e-04 grad_norm=1.238 samples/s=74.07
[step 750/5000] loss=2.3760 lr=2.873e-04 grad_norm=0.890 samples/s=73.62
[val step 750] loss=2.3003958549499512 m01={'mean': 0.4093998113886619, 'median': 0.40835430767447695, 'p95': 0.6784585187959586, 'tail_frac_gt4px': 8.185985592665357e-05, 'n_matched': 12216} m02={'12-16': 0.9192618223760092, '16-32': 0.9546000480422772, '32-64': 0.9451172378253028, '64-128': 0.9418457648546145} m04={'accuracy': 0.5349541584806811, 'by_octave': {'12-16': 0.5376411543287327, '16-32': 0.5883241066935078, '32-64': 0.5580697928026173, '64-128': 0.43389261744966445}} diag={'gate3_alpha_mean': 0.28227534890174866, 'gate3_alpha_min': 0.01668548583984375, 'gate3_alpha_max': 0.98779296875, 'gate3_alpha_std': 0.1545737236738205, 'gate3_alpha_p10': 0.0999908447265625, 'gate3_alpha_p50': 0.2621116638183594, 'gate3_alpha_p90': 0.4891357421875, 'block0_attn_entropy': 7.1890082359313965, 'block1_attn_entropy': 7.4866156578063965}
[step 760/5000] loss=2.0238 lr=2.869e-04 grad_norm=1.307 samples/s=74.43
[step 770/5000] loss=1.9474 lr=2.865e-04 grad_norm=0.810 samples/s=75.02
[step 780/5000] loss=2.1614 lr=2.861e-04 grad_norm=1.168 samples/s=74.74
[step 790/5000] loss=2.7169 lr=2.857e-04 grad_norm=1.032 samples/s=74.88
[step 800/5000] loss=2.1391 lr=2.853e-04 grad_norm=1.154 samples/s=74.60
[step 810/5000] loss=2.9849 lr=2.849e-04 grad_norm=0.872 samples/s=74.61
[step 820/5000] loss=1.8432 lr=2.845e-04 grad_norm=0.932 samples/s=74.32
[step 830/5000] loss=1.8542 lr=2.841e-04 grad_norm=0.949 samples/s=74.37
[step 840/5000] loss=1.6197 lr=2.836e-04 grad_norm=0.683 samples/s=74.15
[step 850/5000] loss=2.5422 lr=2.832e-04 grad_norm=1.076 samples/s=74.34
[step 860/5000] loss=2.0698 lr=2.828e-04 grad_norm=0.732 samples/s=74.02
[step 870/5000] loss=2.4244 lr=2.823e-04 grad_norm=0.730 samples/s=74.24
[step 880/5000] loss=2.3994 lr=2.819e-04 grad_norm=0.787 samples/s=74.11
[step 890/5000] loss=1.8440 lr=2.814e-04 grad_norm=0.958 samples/s=74.34
[step 900/5000] loss=1.8427 lr=2.809e-04 grad_norm=0.907 samples/s=74.24
[step 910/5000] loss=1.9151 lr=2.805e-04 grad_norm=0.940 samples/s=74.35
[step 920/5000] loss=2.3227 lr=2.800e-04 grad_norm=1.045 samples/s=74.23
[step 930/5000] loss=1.9786 lr=2.795e-04 grad_norm=0.998 samples/s=74.43
[step 940/5000] loss=1.8379 lr=2.790e-04 grad_norm=0.910 samples/s=74.17
[step 950/5000] loss=1.4730 lr=2.785e-04 grad_norm=1.317 samples/s=74.24
[step 960/5000] loss=2.9471 lr=2.780e-04 grad_norm=1.243 samples/s=74.00
[step 970/5000] loss=2.3513 lr=2.775e-04 grad_norm=0.867 samples/s=74.12
[step 980/5000] loss=2.2987 lr=2.770e-04 grad_norm=1.108 samples/s=73.98
[step 990/5000] loss=1.7439 lr=2.765e-04 grad_norm=1.262 samples/s=74.01
[step 1000/5000] loss=1.9221 lr=2.760e-04 grad_norm=1.036 samples/s=73.76
[val step 1000] loss=2.2517126026153567 m01={'mean': 0.4093998113886619, 'median': 0.40835430767447695, 'p95': 0.6784585187959586, 'tail_frac_gt4px': 8.185985592665357e-05, 'n_matched': 12216} m02={'12-16': 0.9192618223760092, '16-32': 0.9546000480422772, '32-64': 0.9451172378253028, '64-128': 0.9418457648546145} m04={'accuracy': 0.5457596594629993, 'by_octave': {'12-16': 0.5577164366373902, '16-32': 0.5983895319577253, '32-64': 0.5714285714285714, '64-128': 0.4375838926174497}} diag={'gate3_alpha_mean': 0.28227534890174866, 'gate3_alpha_min': 0.01668548583984375, 'gate3_alpha_max': 0.98779296875, 'gate3_alpha_std': 0.1545737236738205, 'gate3_alpha_p10': 0.0999908447265625, 'gate3_alpha_p50': 0.2621116638183594, 'gate3_alpha_p90': 0.4891357421875, 'block0_attn_entropy': 7.1890082359313965, 'block1_attn_entropy': 7.4866156578063965}
[step 1010/5000] loss=2.4031 lr=2.755e-04 grad_norm=1.154 samples/s=74.37
[step 1020/5000] loss=2.4661 lr=2.750e-04 grad_norm=1.243 samples/s=74.77
[step 1030/5000] loss=2.6248 lr=2.744e-04 grad_norm=0.836 samples/s=74.64
[step 1040/5000] loss=2.0327 lr=2.739e-04 grad_norm=0.896 samples/s=74.70
[step 1050/5000] loss=2.2672 lr=2.734e-04 grad_norm=0.926 samples/s=74.65
[step 1060/5000] loss=1.9731 lr=2.728e-04 grad_norm=0.876 samples/s=74.70
[step 1070/5000] loss=1.9360 lr=2.723e-04 grad_norm=0.794 samples/s=74.50
[step 1080/5000] loss=1.7335 lr=2.717e-04 grad_norm=1.170 samples/s=74.54
[step 1090/5000] loss=1.9346 lr=2.711e-04 grad_norm=0.805 samples/s=74.28
[step 1100/5000] loss=2.1453 lr=2.706e-04 grad_norm=0.806 samples/s=74.39
[step 1110/5000] loss=2.8984 lr=2.700e-04 grad_norm=0.866 samples/s=74.19
[step 1120/5000] loss=1.5888 lr=2.694e-04 grad_norm=0.993 samples/s=74.34
[step 1130/5000] loss=1.8512 lr=2.688e-04 grad_norm=0.939 samples/s=74.18
[step 1140/5000] loss=1.8828 lr=2.683e-04 grad_norm=1.035 samples/s=74.19
[step 1150/5000] loss=1.9422 lr=2.677e-04 grad_norm=1.161 samples/s=74.10
[step 1160/5000] loss=1.5738 lr=2.671e-04 grad_norm=0.835 samples/s=74.15
[step 1170/5000] loss=2.5363 lr=2.665e-04 grad_norm=1.027 samples/s=74.08
[step 1180/5000] loss=2.1360 lr=2.659e-04 grad_norm=1.252 samples/s=74.21
[step 1190/5000] loss=1.7612 lr=2.653e-04 grad_norm=0.760 samples/s=74.20
[step 1200/5000] loss=2.7033 lr=2.646e-04 grad_norm=1.433 samples/s=74.32
[step 1210/5000] loss=2.0580 lr=2.640e-04 grad_norm=0.736 samples/s=74.16
[step 1220/5000] loss=1.7197 lr=2.634e-04 grad_norm=1.381 samples/s=74.23
[step 1230/5000] loss=1.6460 lr=2.628e-04 grad_norm=1.133 samples/s=74.19
[step 1240/5000] loss=2.2448 lr=2.621e-04 grad_norm=0.905 samples/s=74.21
[step 1250/5000] loss=2.2584 lr=2.615e-04 grad_norm=0.701 samples/s=73.99
[val step 1250] loss=2.221523010253906 m01={'mean': 0.4093998113886619, 'median': 0.40835430767447695, 'p95': 0.6784585187959586, 'tail_frac_gt4px': 8.185985592665357e-05, 'n_matched': 12216} m02={'12-16': 0.9192618223760092, '16-32': 0.9546000480422772, '32-64': 0.9451172378253028, '64-128': 0.9418457648546145} m04={'accuracy': 0.5541912246234446, 'by_octave': {'12-16': 0.5583437892095358, '16-32': 0.6074484146955209, '32-64': 0.5820610687022901, '64-128': 0.44664429530201344}} diag={'gate3_alpha_mean': 0.28227534890174866, 'gate3_alpha_min': 0.01668548583984375, 'gate3_alpha_max': 0.98779296875, 'gate3_alpha_std': 0.1545737236738205, 'gate3_alpha_p10': 0.0999908447265625, 'gate3_alpha_p50': 0.2621116638183594, 'gate3_alpha_p90': 0.4891357421875, 'block0_attn_entropy': 7.1890082359313965, 'block1_attn_entropy': 7.4866156578063965}
[step 1260/5000] loss=1.7746 lr=2.609e-04 grad_norm=0.843 samples/s=74.50
[step 1270/5000] loss=1.7821 lr=2.602e-04 grad_norm=0.890 samples/s=74.87
[step 1280/5000] loss=1.8707 lr=2.596e-04 grad_norm=0.727 samples/s=74.74
[step 1290/5000] loss=1.8229 lr=2.589e-04 grad_norm=1.229 samples/s=74.72
[step 1300/5000] loss=2.1266 lr=2.582e-04 grad_norm=1.202 samples/s=74.71
[step 1310/5000] loss=2.4941 lr=2.576e-04 grad_norm=0.993 samples/s=74.72
[step 1320/5000] loss=1.8350 lr=2.569e-04 grad_norm=1.129 samples/s=74.59
[step 1330/5000] loss=1.7211 lr=2.562e-04 grad_norm=1.020 samples/s=74.71
[step 1340/5000] loss=1.7809 lr=2.556e-04 grad_norm=0.929 samples/s=74.62
[step 1350/5000] loss=1.9162 lr=2.549e-04 grad_norm=0.845 samples/s=74.70
[step 1360/5000] loss=2.0621 lr=2.542e-04 grad_norm=1.132 samples/s=74.72
[step 1370/5000] loss=2.1010 lr=2.535e-04 grad_norm=0.716 samples/s=74.74
[step 1380/5000] loss=2.1928 lr=2.528e-04 grad_norm=1.074 samples/s=74.74
[step 1390/5000] loss=2.2617 lr=2.521e-04 grad_norm=1.230 samples/s=74.67
[step 1400/5000] loss=1.9577 lr=2.514e-04 grad_norm=0.973 samples/s=74.69
[step 1410/5000] loss=2.4897 lr=2.507e-04 grad_norm=1.099 samples/s=74.69
[step 1420/5000] loss=1.6605 lr=2.500e-04 grad_norm=1.303 samples/s=74.72
[step 1430/5000] loss=1.6275 lr=2.493e-04 grad_norm=1.385 samples/s=74.55
[step 1440/5000] loss=1.8745 lr=2.486e-04 grad_norm=1.124 samples/s=74.67
[step 1450/5000] loss=1.8965 lr=2.478e-04 grad_norm=1.306 samples/s=74.55
[step 1460/5000] loss=2.2582 lr=2.471e-04 grad_norm=1.444 samples/s=74.65
[step 1470/5000] loss=2.5510 lr=2.464e-04 grad_norm=0.860 samples/s=74.59
[step 1480/5000] loss=2.8937 lr=2.456e-04 grad_norm=1.031 samples/s=74.60
[step 1490/5000] loss=2.1024 lr=2.449e-04 grad_norm=1.014 samples/s=74.35
[step 1500/5000] loss=1.6890 lr=2.442e-04 grad_norm=1.248 samples/s=74.28
[val step 1500] loss=2.2006237850189208 m01={'mean': 0.4093998113886619, 'median': 0.40835430767447695, 'p95': 0.6784585187959586, 'tail_frac_gt4px': 8.185985592665357e-05, 'n_matched': 12216} m02={'12-16': 0.9192618223760092, '16-32': 0.9546000480422772, '32-64': 0.9451172378253028, '64-128': 0.9418457648546145} m04={'accuracy': 0.5606581532416502, 'by_octave': {'12-16': 0.5652446675031367, '16-32': 0.616758933064922, '32-64': 0.5905125408942202, '64-128': 0.44664429530201344}} diag={'gate3_alpha_mean': 0.28227534890174866, 'gate3_alpha_min': 0.01668548583984375, 'gate3_alpha_max': 0.98779296875, 'gate3_alpha_std': 0.1545737236738205, 'gate3_alpha_p10': 0.0999908447265625, 'gate3_alpha_p50': 0.2621116638183594, 'gate3_alpha_p90': 0.4891357421875, 'block0_attn_entropy': 7.1890082359313965, 'block1_attn_entropy': 7.4866156578063965}
[step 1510/5000] loss=2.0892 lr=2.434e-04 grad_norm=1.029 samples/s=74.70
[step 1520/5000] loss=1.7190 lr=2.427e-04 grad_norm=0.963 samples/s=74.98
[step 1530/5000] loss=2.5462 lr=2.419e-04 grad_norm=1.059 samples/s=74.85
[step 1540/5000] loss=2.2905 lr=2.412e-04 grad_norm=0.989 samples/s=74.88
[step 1550/5000] loss=2.0573 lr=2.404e-04 grad_norm=1.307 samples/s=74.71
[step 1560/5000] loss=2.8108 lr=2.396e-04 grad_norm=0.795 samples/s=74.77
[step 1570/5000] loss=2.2385 lr=2.389e-04 grad_norm=1.012 samples/s=74.76
[step 1580/5000] loss=2.0235 lr=2.381e-04 grad_norm=0.820 samples/s=74.67
[step 1590/5000] loss=2.3979 lr=2.373e-04 grad_norm=0.769 samples/s=74.77
[step 1600/5000] loss=1.7103 lr=2.365e-04 grad_norm=1.072 samples/s=74.71
[step 1610/5000] loss=2.6149 lr=2.358e-04 grad_norm=0.979 samples/s=74.73
[step 1620/5000] loss=1.7508 lr=2.350e-04 grad_norm=1.082 samples/s=74.57
[step 1630/5000] loss=2.3068 lr=2.342e-04 grad_norm=0.927 samples/s=74.64
[step 1640/5000] loss=2.2212 lr=2.334e-04 grad_norm=0.954 samples/s=74.49
[step 1650/5000] loss=1.7282 lr=2.326e-04 grad_norm=0.979 samples/s=74.49
[step 1660/5000] loss=1.8683 lr=2.318e-04 grad_norm=1.046 samples/s=74.41
[step 1670/5000] loss=2.4579 lr=2.310e-04 grad_norm=1.175 samples/s=74.48
[step 1680/5000] loss=1.9816 lr=2.302e-04 grad_norm=0.878 samples/s=74.38
[step 1690/5000] loss=1.6082 lr=2.294e-04 grad_norm=1.044 samples/s=74.45
[step 1700/5000] loss=2.1745 lr=2.286e-04 grad_norm=1.110 samples/s=74.39
[step 1710/5000] loss=2.2670 lr=2.277e-04 grad_norm=0.997 samples/s=74.50
[step 1720/5000] loss=2.0221 lr=2.269e-04 grad_norm=1.020 samples/s=74.37
[step 1730/5000] loss=1.4841 lr=2.261e-04 grad_norm=1.209 samples/s=74.50
[step 1740/5000] loss=1.9739 lr=2.253e-04 grad_norm=1.177 samples/s=74.11
[step 1750/5000] loss=1.7342 lr=2.245e-04 grad_norm=1.169 samples/s=74.22
[val step 1750] loss=2.18554040145874 m01={'mean': 0.4093998113886619, 'median': 0.40835430767447695, 'p95': 0.6784585187959586, 'tail_frac_gt4px': 8.185985592665357e-05, 'n_matched': 12216} m02={'12-16': 0.9192618223760092, '16-32': 0.9546000480422772, '32-64': 0.9451172378253028, '64-128': 0.9418457648546145} m04={'accuracy': 0.5649148657498363, 'by_octave': {'12-16': 0.5652446675031367, '16-32': 0.6182687468545546, '32-64': 0.5956924754634678, '64-128': 0.4557046979865772}} diag={'gate3_alpha_mean': 0.28227534890174866, 'gate3_alpha_min': 0.01668548583984375, 'gate3_alpha_max': 0.98779296875, 'gate3_alpha_std': 0.1545737236738205, 'gate3_alpha_p10': 0.0999908447265625, 'gate3_alpha_p50': 0.2621116638183594, 'gate3_alpha_p90': 0.4891357421875, 'block0_attn_entropy': 7.1890082359313965, 'block1_attn_entropy': 7.4866156578063965}
[step 1760/5000] loss=1.6968 lr=2.236e-04 grad_norm=0.896 samples/s=74.57
[step 1770/5000] loss=2.0282 lr=2.228e-04 grad_norm=0.882 samples/s=74.83
[step 1780/5000] loss=1.7733 lr=2.220e-04 grad_norm=1.081 samples/s=74.79
[step 1790/5000] loss=2.0812 lr=2.211e-04 grad_norm=0.949 samples/s=74.78
[step 1800/5000] loss=2.0764 lr=2.203e-04 grad_norm=1.081 samples/s=74.67
[step 1810/5000] loss=2.5282 lr=2.194e-04 grad_norm=1.042 samples/s=74.67
[step 1820/5000] loss=2.1114 lr=2.186e-04 grad_norm=0.884 samples/s=74.59
[step 1830/5000] loss=1.9355 lr=2.177e-04 grad_norm=0.777 samples/s=74.64
[step 1840/5000] loss=1.9907 lr=2.169e-04 grad_norm=0.779 samples/s=74.55
[step 1850/5000] loss=2.1523 lr=2.160e-04 grad_norm=0.873 samples/s=74.61
[step 1860/5000] loss=1.9263 lr=2.152e-04 grad_norm=0.792 samples/s=74.51
[step 1870/5000] loss=1.6034 lr=2.143e-04 grad_norm=1.068 samples/s=74.56
[step 1880/5000] loss=1.9443 lr=2.134e-04 grad_norm=0.846 samples/s=74.43
[step 1890/5000] loss=3.1427 lr=2.126e-04 grad_norm=0.752 samples/s=74.51
[step 1900/5000] loss=2.5995 lr=2.117e-04 grad_norm=0.956 samples/s=74.47
[step 1910/5000] loss=1.5479 lr=2.108e-04 grad_norm=1.075 samples/s=74.56
[step 1920/5000] loss=1.9519 lr=2.100e-04 grad_norm=0.817 samples/s=74.54
[step 1930/5000] loss=2.0845 lr=2.091e-04 grad_norm=1.091 samples/s=74.64
[step 1940/5000] loss=2.1393 lr=2.082e-04 grad_norm=1.083 samples/s=74.55
[step 1950/5000] loss=2.1371 lr=2.073e-04 grad_norm=1.123 samples/s=74.64
[step 1960/5000] loss=2.1146 lr=2.064e-04 grad_norm=0.836 samples/s=74.56
[step 1970/5000] loss=2.0239 lr=2.055e-04 grad_norm=1.144 samples/s=74.62
[step 1980/5000] loss=2.1787 lr=2.047e-04 grad_norm=1.024 samples/s=74.59
[step 1990/5000] loss=2.0213 lr=2.038e-04 grad_norm=0.859 samples/s=74.62
[step 2000/5000] loss=2.0541 lr=2.029e-04 grad_norm=0.945 samples/s=74.51
[val step 2000] loss=2.1744076957702636 m01={'mean': 0.4093998113886619, 'median': 0.40835430767447695, 'p95': 0.6784585187959586, 'tail_frac_gt4px': 8.185985592665357e-05, 'n_matched': 12216} m02={'12-16': 0.9192618223760092, '16-32': 0.9546000480422772, '32-64': 0.9451172378253028, '64-128': 0.9418457648546145} m04={'accuracy': 0.5695808775376555, 'by_octave': {'12-16': 0.560853199498118, '16-32': 0.622546552591847, '32-64': 0.5997818974918212, '64-128': 0.4664429530201342}} diag={'gate3_alpha_mean': 0.28227534890174866, 'gate3_alpha_min': 0.01668548583984375, 'gate3_alpha_max': 0.98779296875, 'gate3_alpha_std': 0.1545737236738205, 'gate3_alpha_p10': 0.0999908447265625, 'gate3_alpha_p50': 0.2621116638183594, 'gate3_alpha_p90': 0.4891357421875, 'block0_attn_entropy': 7.1890082359313965, 'block1_attn_entropy': 7.4866156578063965}
[step 2010/5000] loss=2.2066 lr=2.020e-04 grad_norm=0.990 samples/s=74.83
[step 2020/5000] loss=1.6040 lr=2.011e-04 grad_norm=0.890 samples/s=75.05
[step 2030/5000] loss=1.9488 lr=2.002e-04 grad_norm=1.062 samples/s=74.94
[step 2040/5000] loss=1.6634 lr=1.993e-04 grad_norm=0.933 samples/s=74.95
[step 2050/5000] loss=2.4343 lr=1.984e-04 grad_norm=0.743 samples/s=74.91
[step 2060/5000] loss=2.0726 lr=1.975e-04 grad_norm=0.952 samples/s=74.98
[step 2070/5000] loss=1.7762 lr=1.966e-04 grad_norm=0.870 samples/s=74.97
[step 2080/5000] loss=2.3733 lr=1.957e-04 grad_norm=0.867 samples/s=74.93
[step 2090/5000] loss=2.1847 lr=1.948e-04 grad_norm=0.805 samples/s=74.92
[step 2100/5000] loss=2.1328 lr=1.938e-04 grad_norm=1.086 samples/s=74.92
[step 2110/5000] loss=3.1690 lr=1.929e-04 grad_norm=0.910 samples/s=74.93
[step 2120/5000] loss=2.0505 lr=1.920e-04 grad_norm=1.148 samples/s=74.86
[step 2130/5000] loss=1.9549 lr=1.911e-04 grad_norm=0.898 samples/s=74.90
[step 2140/5000] loss=2.5577 lr=1.902e-04 grad_norm=0.970 samples/s=74.81
[step 2150/5000] loss=2.0284 lr=1.893e-04 grad_norm=0.953 samples/s=74.88
[step 2160/5000] loss=1.7776 lr=1.883e-04 grad_norm=0.839 samples/s=74.80
[step 2170/5000] loss=1.6177 lr=1.874e-04 grad_norm=0.783 samples/s=74.84
[step 2180/5000] loss=2.4872 lr=1.865e-04 grad_norm=0.969 samples/s=74.78
[step 2190/5000] loss=1.9363 lr=1.856e-04 grad_norm=0.893 samples/s=74.83
[step 2200/5000] loss=2.8818 lr=1.846e-04 grad_norm=0.746 samples/s=74.73
[step 2210/5000] loss=2.7452 lr=1.837e-04 grad_norm=1.132 samples/s=74.75
[step 2220/5000] loss=1.7721 lr=1.828e-04 grad_norm=1.116 samples/s=74.67
[step 2230/5000] loss=2.2676 lr=1.818e-04 grad_norm=1.012 samples/s=74.72
[step 2240/5000] loss=2.2767 lr=1.809e-04 grad_norm=0.914 samples/s=74.59
[step 2250/5000] loss=2.3091 lr=1.800e-04 grad_norm=1.077 samples/s=74.65
[val step 2250] loss=2.1663725566864014 m01={'mean': 0.4093998113886619, 'median': 0.40835430767447695, 'p95': 0.6784585187959586, 'tail_frac_gt4px': 8.185985592665357e-05, 'n_matched': 12216} m02={'12-16': 0.9192618223760092, '16-32': 0.9546000480422772, '32-64': 0.9451172378253028, '64-128': 0.9418457648546145} m04={'accuracy': 0.5719548133595285, 'by_octave': {'12-16': 0.5646173149309912, '16-32': 0.6248112732762959, '32-64': 0.6035986913849509, '64-128': 0.4664429530201342}} diag={'gate3_alpha_mean': 0.28227534890174866, 'gate3_alpha_min': 0.01668548583984375, 'gate3_alpha_max': 0.98779296875, 'gate3_alpha_std': 0.1545737236738205, 'gate3_alpha_p10': 0.0999908447265625, 'gate3_alpha_p50': 0.2621116638183594, 'gate3_alpha_p90': 0.4891357421875, 'block0_attn_entropy': 7.1890082359313965, 'block1_attn_entropy': 7.4866156578063965}
[step 2260/5000] loss=1.9172 lr=1.790e-04 grad_norm=1.001 samples/s=74.93
[step 2270/5000] loss=1.8136 lr=1.781e-04 grad_norm=1.140 samples/s=75.14
[step 2280/5000] loss=1.8645 lr=1.772e-04 grad_norm=0.860 samples/s=75.05
[step 2290/5000] loss=2.4544 lr=1.762e-04 grad_norm=0.779 samples/s=75.05
[step 2300/5000] loss=2.2459 lr=1.753e-04 grad_norm=0.873 samples/s=75.05
[step 2310/5000] loss=2.1146 lr=1.744e-04 grad_norm=0.913 samples/s=74.99
[step 2320/5000] loss=1.8183 lr=1.734e-04 grad_norm=0.923 samples/s=74.95
[step 2330/5000] loss=1.8888 lr=1.725e-04 grad_norm=1.146 samples/s=74.97
[step 2340/5000] loss=1.9469 lr=1.715e-04 grad_norm=1.033 samples/s=74.97
[step 2350/5000] loss=2.2276 lr=1.706e-04 grad_norm=0.721 samples/s=75.00
[step 2360/5000] loss=2.1509 lr=1.696e-04 grad_norm=0.870 samples/s=74.99
[step 2370/5000] loss=1.9869 lr=1.687e-04 grad_norm=0.938 samples/s=74.95
[step 2380/5000] loss=2.2779 lr=1.677e-04 grad_norm=1.212 samples/s=74.97
[step 2390/5000] loss=2.5787 lr=1.668e-04 grad_norm=1.078 samples/s=74.90
[step 2400/5000] loss=2.4240 lr=1.659e-04 grad_norm=0.983 samples/s=74.92
[step 2410/5000] loss=2.0485 lr=1.649e-04 grad_norm=1.132 samples/s=74.88
[step 2420/5000] loss=2.5686 lr=1.640e-04 grad_norm=1.031 samples/s=74.94
[step 2430/5000] loss=2.0068 lr=1.630e-04 grad_norm=1.087 samples/s=74.89
[step 2440/5000] loss=1.7853 lr=1.621e-04 grad_norm=1.425 samples/s=74.92
[step 2450/5000] loss=2.3522 lr=1.611e-04 grad_norm=1.265 samples/s=74.86
[step 2460/5000] loss=1.8749 lr=1.602e-04 grad_norm=0.966 samples/s=74.88
[step 2470/5000] loss=1.8431 lr=1.592e-04 grad_norm=0.919 samples/s=74.81
[step 2480/5000] loss=2.1072 lr=1.583e-04 grad_norm=1.001 samples/s=74.86
[step 2490/5000] loss=2.2745 lr=1.573e-04 grad_norm=0.751 samples/s=74.69
[step 2500/5000] loss=1.8459 lr=1.564e-04 grad_norm=0.930 samples/s=74.76
[val step 2500] loss=2.1592261390686036 m01={'mean': 0.4093998113886619, 'median': 0.40835430767447695, 'p95': 0.6784585187959586, 'tail_frac_gt4px': 8.185985592665357e-05, 'n_matched': 12216} m02={'12-16': 0.9192618223760092, '16-32': 0.9546000480422772, '32-64': 0.9451172378253028, '64-128': 0.9418457648546145} m04={'accuracy': 0.5741650294695482, 'by_octave': {'12-16': 0.5683814303638645, '16-32': 0.6283341721187721, '32-64': 0.604143947655398, '64-128': 0.46812080536912754}} diag={'gate3_alpha_mean': 0.28227534890174866, 'gate3_alpha_min': 0.01668548583984375, 'gate3_alpha_max': 0.98779296875, 'gate3_alpha_std': 0.1545737236738205, 'gate3_alpha_p10': 0.0999908447265625, 'gate3_alpha_p50': 0.2621116638183594, 'gate3_alpha_p90': 0.4891357421875, 'block0_attn_entropy': 7.1890082359313965, 'block1_attn_entropy': 7.4866156578063965}
[step 2510/5000] loss=1.7158 lr=1.554e-04 grad_norm=0.705 samples/s=75.02
[step 2520/5000] loss=1.7148 lr=1.545e-04 grad_norm=0.859 samples/s=75.19
[step 2530/5000] loss=1.7136 lr=1.535e-04 grad_norm=0.764 samples/s=75.09
[step 2540/5000] loss=2.4433 lr=1.525e-04 grad_norm=0.998 samples/s=75.13
[step 2550/5000] loss=1.8028 lr=1.516e-04 grad_norm=0.945 samples/s=75.11
[step 2560/5000] loss=1.7157 lr=1.506e-04 grad_norm=0.893 samples/s=75.12
[step 2570/5000] loss=1.7338 lr=1.497e-04 grad_norm=1.008 samples/s=75.08
[step 2580/5000] loss=2.2131 lr=1.487e-04 grad_norm=0.849 samples/s=75.07
[step 2590/5000] loss=2.1089 lr=1.478e-04 grad_norm=0.839 samples/s=74.98
[step 2600/5000] loss=1.9381 lr=1.468e-04 grad_norm=1.136 samples/s=75.01
[step 2610/5000] loss=1.9497 lr=1.459e-04 grad_norm=1.185 samples/s=74.98
[step 2620/5000] loss=2.5233 lr=1.449e-04 grad_norm=1.014 samples/s=75.01
[step 2630/5000] loss=2.0020 lr=1.440e-04 grad_norm=1.075 samples/s=74.94
[step 2640/5000] loss=1.7572 lr=1.430e-04 grad_norm=0.944 samples/s=74.98
[step 2650/5000] loss=1.5903 lr=1.421e-04 grad_norm=0.761 samples/s=74.98
[step 2660/5000] loss=1.9957 lr=1.411e-04 grad_norm=0.852 samples/s=75.00
[step 2670/5000] loss=2.6083 lr=1.402e-04 grad_norm=0.883 samples/s=74.94
[step 2680/5000] loss=2.0148 lr=1.392e-04 grad_norm=0.995 samples/s=74.96
[step 2690/5000] loss=2.2589 lr=1.383e-04 grad_norm=0.967 samples/s=74.89
[step 2700/5000] loss=2.0115 lr=1.373e-04 grad_norm=0.919 samples/s=74.93
[step 2710/5000] loss=1.8138 lr=1.364e-04 grad_norm=0.912 samples/s=74.90
[step 2720/5000] loss=2.9847 lr=1.354e-04 grad_norm=0.895 samples/s=74.93
[step 2730/5000] loss=2.5108 lr=1.345e-04 grad_norm=0.802 samples/s=74.87
[step 2740/5000] loss=1.7064 lr=1.335e-04 grad_norm=0.856 samples/s=74.88
[step 2750/5000] loss=1.6423 lr=1.326e-04 grad_norm=1.025 samples/s=74.84
[val step 2750] loss=2.152815088272095 m01={'mean': 0.4093998113886619, 'median': 0.40835430767447695, 'p95': 0.6784585187959586, 'tail_frac_gt4px': 8.185985592665357e-05, 'n_matched': 12216} m02={'12-16': 0.9192618223760092, '16-32': 0.9546000480422772, '32-64': 0.9451172378253028, '64-128': 0.9418457648546145} m04={'accuracy': 0.5755566470203013, 'by_octave': {'12-16': 0.5652446675031367, '16-32': 0.6300956215400101, '32-64': 0.6063249727371864, '64-128': 0.4704697986577181}} diag={'gate3_alpha_mean': 0.28227534890174866, 'gate3_alpha_min': 0.01668548583984375, 'gate3_alpha_max': 0.98779296875, 'gate3_alpha_std': 0.1545737236738205, 'gate3_alpha_p10': 0.0999908447265625, 'gate3_alpha_p50': 0.2621116638183594, 'gate3_alpha_p90': 0.4891357421875, 'block0_attn_entropy': 7.1890082359313965, 'block1_attn_entropy': 7.4866156578063965}
[step 2760/5000] loss=1.8311 lr=1.317e-04 grad_norm=0.980 samples/s=75.08
[step 2770/5000] loss=1.8705 lr=1.307e-04 grad_norm=1.073 samples/s=75.23
[step 2780/5000] loss=2.1015 lr=1.298e-04 grad_norm=0.909 samples/s=75.17
[step 2790/5000] loss=1.6578 lr=1.288e-04 grad_norm=1.004 samples/s=75.20
[step 2800/5000] loss=2.1288 lr=1.279e-04 grad_norm=1.066 samples/s=75.14
[step 2810/5000] loss=1.7401 lr=1.270e-04 grad_norm=0.898 samples/s=75.18
[step 2820/5000] loss=1.6109 lr=1.260e-04 grad_norm=0.791 samples/s=75.14
[step 2830/5000] loss=2.4494 lr=1.251e-04 grad_norm=1.016 samples/s=75.13
[step 2840/5000] loss=2.0488 lr=1.241e-04 grad_norm=0.820 samples/s=75.08
[step 2850/5000] loss=1.9447 lr=1.232e-04 grad_norm=0.885 samples/s=75.06
[step 2860/5000] loss=1.7731 lr=1.223e-04 grad_norm=0.756 samples/s=75.02
[step 2870/5000] loss=2.1891 lr=1.213e-04 grad_norm=1.015 samples/s=75.10
[step 2880/5000] loss=1.8158 lr=1.204e-04 grad_norm=0.995 samples/s=75.01
[step 2890/5000] loss=1.8718 lr=1.195e-04 grad_norm=1.161 samples/s=75.04
[step 2900/5000] loss=2.0587 lr=1.185e-04 grad_norm=0.944 samples/s=74.95
[step 2910/5000] loss=1.7359 lr=1.176e-04 grad_norm=0.701 samples/s=74.95
[step 2920/5000] loss=1.8438 lr=1.167e-04 grad_norm=1.057 samples/s=74.90
[step 2930/5000] loss=1.7459 lr=1.158e-04 grad_norm=0.785 samples/s=74.96
[step 2940/5000] loss=1.8332 lr=1.148e-04 grad_norm=0.860 samples/s=74.88
[step 2950/5000] loss=1.6968 lr=1.139e-04 grad_norm=0.914 samples/s=74.92
[step 2960/5000] loss=2.2062 lr=1.130e-04 grad_norm=0.943 samples/s=74.87
[step 2970/5000] loss=1.8290 lr=1.121e-04 grad_norm=0.971 samples/s=74.86
[step 2980/5000] loss=1.7037 lr=1.112e-04 grad_norm=0.964 samples/s=74.78
[step 2990/5000] loss=2.3655 lr=1.103e-04 grad_norm=0.684 samples/s=74.75
[step 3000/5000] loss=1.7520 lr=1.093e-04 grad_norm=1.153 samples/s=74.70
[val step 3000] loss=2.148277612686157 m01={'mean': 0.4093998113886619, 'median': 0.40835430767447695, 'p95': 0.6784585187959586, 'tail_frac_gt4px': 8.185985592665357e-05, 'n_matched': 12216} m02={'12-16': 0.9192618223760092, '16-32': 0.9546000480422772, '32-64': 0.9451172378253028, '64-128': 0.9418457648546145} m04={'accuracy': 0.5776850032743942, 'by_octave': {'12-16': 0.5677540777917189, '16-32': 0.6326119778560644, '32-64': 0.608505997818975, '64-128': 0.47181208053691276}} diag={'gate3_alpha_mean': 0.28227534890174866, 'gate3_alpha_min': 0.01668548583984375, 'gate3_alpha_max': 0.98779296875, 'gate3_alpha_std': 0.1545737236738205, 'gate3_alpha_p10': 0.0999908447265625, 'gate3_alpha_p50': 0.2621116638183594, 'gate3_alpha_p90': 0.4891357421875, 'block0_attn_entropy': 7.1890082359313965, 'block1_attn_entropy': 7.4866156578063965}
[step 3010/5000] loss=1.9214 lr=1.084e-04 grad_norm=0.900 samples/s=74.92
[step 3020/5000] loss=1.7611 lr=1.075e-04 grad_norm=0.789 samples/s=75.07
[step 3030/5000] loss=2.2661 lr=1.066e-04 grad_norm=0.981 samples/s=75.00
[step 3040/5000] loss=1.5539 lr=1.057e-04 grad_norm=1.069 samples/s=75.03
[step 3050/5000] loss=1.7995 lr=1.048e-04 grad_norm=0.973 samples/s=75.01
[step 3060/5000] loss=2.1555 lr=1.039e-04 grad_norm=0.965 samples/s=75.02
[step 3070/5000] loss=1.9218 lr=1.030e-04 grad_norm=0.977 samples/s=74.97
[step 3080/5000] loss=2.2160 lr=1.021e-04 grad_norm=1.245 samples/s=75.00
[step 3090/5000] loss=1.8893 lr=1.012e-04 grad_norm=0.900 samples/s=74.93
[step 3100/5000] loss=1.5861 lr=1.003e-04 grad_norm=0.635 samples/s=74.95
[step 3110/5000] loss=2.1645 lr=9.941e-05 grad_norm=1.096 samples/s=74.89
[step 3120/5000] loss=2.1007 lr=9.852e-05 grad_norm=0.875 samples/s=74.94
[step 3130/5000] loss=2.3406 lr=9.763e-05 grad_norm=0.970 samples/s=74.88
[step 3140/5000] loss=2.3145 lr=9.674e-05 grad_norm=1.026 samples/s=74.90
[step 3150/5000] loss=1.6678 lr=9.586e-05 grad_norm=0.830 samples/s=74.86
[step 3160/5000] loss=2.1334 lr=9.498e-05 grad_norm=1.369 samples/s=74.90
[step 3170/5000] loss=1.8917 lr=9.410e-05 grad_norm=1.169 samples/s=74.89
[step 3180/5000] loss=2.2687 lr=9.322e-05 grad_norm=0.889 samples/s=74.90
[step 3190/5000] loss=1.8528 lr=9.235e-05 grad_norm=1.059 samples/s=74.91
[step 3200/5000] loss=1.7427 lr=9.148e-05 grad_norm=0.854 samples/s=74.88
[step 3210/5000] loss=2.0062 lr=9.061e-05 grad_norm=0.887 samples/s=74.86
[step 3220/5000] loss=1.9255 lr=8.974e-05 grad_norm=1.037 samples/s=74.86
[step 3230/5000] loss=2.0329 lr=8.888e-05 grad_norm=0.790 samples/s=74.67
[step 3240/5000] loss=2.9668 lr=8.801e-05 grad_norm=1.067 samples/s=74.72
[step 3250/5000] loss=2.6108 lr=8.715e-05 grad_norm=1.090 samples/s=74.71
[val step 3250] loss=2.1440454483032227 m01={'mean': 0.4093998113886619, 'median': 0.40835430767447695, 'p95': 0.6784585187959586, 'tail_frac_gt4px': 8.185985592665357e-05, 'n_matched': 12216} m02={'12-16': 0.9192618223760092, '16-32': 0.9546000480422772, '32-64': 0.9451172378253028, '64-128': 0.9418457648546145} m04={'accuracy': 0.5799770792403406, 'by_octave': {'12-16': 0.56900878293601, '16-32': 0.6368897835933568, '32-64': 0.6112322791712105, '64-128': 0.4714765100671141}} diag={'gate3_alpha_mean': 0.28227534890174866, 'gate3_alpha_min': 0.01668548583984375, 'gate3_alpha_max': 0.98779296875, 'gate3_alpha_std': 0.1545737236738205, 'gate3_alpha_p10': 0.0999908447265625, 'gate3_alpha_p50': 0.2621116638183594, 'gate3_alpha_p90': 0.4891357421875, 'block0_attn_entropy': 7.1890082359313965, 'block1_attn_entropy': 7.4866156578063965}
[step 3260/5000] loss=1.7017 lr=8.630e-05 grad_norm=0.828 samples/s=74.91
[step 3270/5000] loss=1.9166 lr=8.544e-05 grad_norm=0.961 samples/s=75.04
[step 3280/5000] loss=2.5841 lr=8.459e-05 grad_norm=0.900 samples/s=74.97
[step 3290/5000] loss=2.0447 lr=8.374e-05 grad_norm=0.700 samples/s=74.88
[step 3300/5000] loss=2.0892 lr=8.290e-05 grad_norm=0.890 samples/s=74.86
[step 3310/5000] loss=1.5133 lr=8.205e-05 grad_norm=0.959 samples/s=74.83
[step 3320/5000] loss=1.9835 lr=8.121e-05 grad_norm=0.821 samples/s=74.88
[step 3330/5000] loss=2.5372 lr=8.038e-05 grad_norm=1.073 samples/s=74.78
[step 3340/5000] loss=1.9455 lr=7.954e-05 grad_norm=0.857 samples/s=74.77
[step 3350/5000] loss=2.4115 lr=7.871e-05 grad_norm=1.131 samples/s=74.75
[step 3360/5000] loss=2.3715 lr=7.788e-05 grad_norm=0.938 samples/s=74.72
[step 3370/5000] loss=1.9426 lr=7.706e-05 grad_norm=0.983 samples/s=74.68
[step 3380/5000] loss=2.2336 lr=7.624e-05 grad_norm=0.984 samples/s=74.69
[step 3390/5000] loss=1.7376 lr=7.542e-05 grad_norm=0.866 samples/s=74.62
[step 3400/5000] loss=2.8115 lr=7.460e-05 grad_norm=0.900 samples/s=74.66
[step 3410/5000] loss=1.5829 lr=7.379e-05 grad_norm=0.877 samples/s=74.63
[step 3420/5000] loss=2.0646 lr=7.298e-05 grad_norm=0.901 samples/s=74.66
[step 3430/5000] loss=1.9320 lr=7.217e-05 grad_norm=0.927 samples/s=74.58
[step 3440/5000] loss=1.8328 lr=7.137e-05 grad_norm=0.898 samples/s=74.59
[step 3450/5000] loss=1.7639 lr=7.057e-05 grad_norm=0.770 samples/s=74.55
[step 3460/5000] loss=1.7204 lr=6.977e-05 grad_norm=1.080 samples/s=74.56
[step 3470/5000] loss=2.8602 lr=6.898e-05 grad_norm=0.721 samples/s=74.51
[step 3480/5000] loss=1.7338 lr=6.819e-05 grad_norm=0.756 samples/s=74.41
[step 3490/5000] loss=1.7980 lr=6.740e-05 grad_norm=0.982 samples/s=74.40
[step 3500/5000] loss=2.3149 lr=6.662e-05 grad_norm=0.834 samples/s=74.35
[val step 3500] loss=2.1417777671813965 m01={'mean': 0.4093998113886619, 'median': 0.40835430767447695, 'p95': 0.6784585187959586, 'tail_frac_gt4px': 8.185985592665357e-05, 'n_matched': 12216} m02={'12-16': 0.9192618223760092, '16-32': 0.9546000480422772, '32-64': 0.9451172378253028, '64-128': 0.9418457648546145} m04={'accuracy': 0.581041257367387, 'by_octave': {'12-16': 0.5696361355081556, '16-32': 0.6353799698037242, '32-64': 0.6142311886586695, '64-128': 0.4738255033557047}} diag={'gate3_alpha_mean': 0.28227534890174866, 'gate3_alpha_min': 0.01668548583984375, 'gate3_alpha_max': 0.98779296875, 'gate3_alpha_std': 0.1545737236738205, 'gate3_alpha_p10': 0.0999908447265625, 'gate3_alpha_p50': 0.2621116638183594, 'gate3_alpha_p90': 0.4891357421875, 'block0_attn_entropy': 7.1890082359313965, 'block1_attn_entropy': 7.4866156578063965}
[step 3510/5000] loss=1.8090 lr=6.584e-05 grad_norm=0.872 samples/s=74.54
[step 3520/5000] loss=1.5281 lr=6.506e-05 grad_norm=0.866 samples/s=74.65
[step 3530/5000] loss=2.2035 lr=6.429e-05 grad_norm=0.831 samples/s=74.55
[step 3540/5000] loss=1.9728 lr=6.352e-05 grad_norm=0.830 samples/s=74.54
[step 3550/5000] loss=1.8309 lr=6.276e-05 grad_norm=0.917 samples/s=74.50
[step 3560/5000] loss=3.1367 lr=6.200e-05 grad_norm=0.902 samples/s=74.47
[step 3570/5000] loss=1.4727 lr=6.124e-05 grad_norm=0.789 samples/s=74.39
[step 3580/5000] loss=1.8043 lr=6.048e-05 grad_norm=0.896 samples/s=74.40
[step 3590/5000] loss=1.8726 lr=5.973e-05 grad_norm=0.838 samples/s=74.35
[step 3600/5000] loss=1.9255 lr=5.899e-05 grad_norm=0.980 samples/s=74.34
[step 3610/5000] loss=2.5256 lr=5.824e-05 grad_norm=0.833 samples/s=74.24
[step 3620/5000] loss=1.6368 lr=5.750e-05 grad_norm=0.833 samples/s=74.25
[step 3630/5000] loss=1.8381 lr=5.677e-05 grad_norm=1.030 samples/s=74.21
[step 3640/5000] loss=1.7018 lr=5.604e-05 grad_norm=0.874 samples/s=74.23
[step 3650/5000] loss=2.0340 lr=5.531e-05 grad_norm=1.138 samples/s=74.19
[step 3660/5000] loss=2.5900 lr=5.459e-05 grad_norm=0.823 samples/s=74.23
[step 3670/5000] loss=1.5377 lr=5.387e-05 grad_norm=0.866 samples/s=74.11
[step 3680/5000] loss=2.0713 lr=5.315e-05 grad_norm=0.858 samples/s=74.11
[step 3690/5000] loss=1.7939 lr=5.244e-05 grad_norm=0.958 samples/s=74.11
[step 3700/5000] loss=2.1230 lr=5.173e-05 grad_norm=0.875 samples/s=74.16
[step 3710/5000] loss=2.0173 lr=5.103e-05 grad_norm=0.797 samples/s=74.13
[step 3720/5000] loss=1.9615 lr=5.033e-05 grad_norm=0.939 samples/s=74.17
[step 3730/5000] loss=2.1587 lr=4.964e-05 grad_norm=0.732 samples/s=74.09
[step 3740/5000] loss=1.9760 lr=4.895e-05 grad_norm=0.958 samples/s=74.07
[step 3750/5000] loss=2.0354 lr=4.826e-05 grad_norm=0.856 samples/s=74.10
[val step 3750] loss=2.139465909957886 m01={'mean': 0.4093998113886619, 'median': 0.40835430767447695, 'p95': 0.6784585187959586, 'tail_frac_gt4px': 8.185985592665357e-05, 'n_matched': 12216} m02={'12-16': 0.9192618223760092, '16-32': 0.9546000480422772, '32-64': 0.9451172378253028, '64-128': 0.9418457648546145} m04={'accuracy': 0.5820235756385069, 'by_octave': {'12-16': 0.5696361355081556, '16-32': 0.6389028686462003, '32-64': 0.6120501635768811, '64-128': 0.47583892617449663}} diag={'gate3_alpha_mean': 0.28227534890174866, 'gate3_alpha_min': 0.01668548583984375, 'gate3_alpha_max': 0.98779296875, 'gate3_alpha_std': 0.1545737236738205, 'gate3_alpha_p10': 0.0999908447265625, 'gate3_alpha_p50': 0.2621116638183594, 'gate3_alpha_p90': 0.4891357421875, 'block0_attn_entropy': 7.1890082359313965, 'block1_attn_entropy': 7.4866156578063965}
[step 3760/5000] loss=1.6149 lr=4.758e-05 grad_norm=0.963 samples/s=74.27
[step 3770/5000] loss=1.5229 lr=4.690e-05 grad_norm=0.875 samples/s=74.38
[step 3780/5000] loss=3.0379 lr=4.623e-05 grad_norm=0.788 samples/s=74.31
[step 3790/5000] loss=1.7771 lr=4.556e-05 grad_norm=0.839 samples/s=74.30
[step 3800/5000] loss=2.4853 lr=4.489e-05 grad_norm=1.234 samples/s=74.22
[step 3810/5000] loss=2.2225 lr=4.423e-05 grad_norm=1.017 samples/s=74.21
[step 3820/5000] loss=2.2001 lr=4.357e-05 grad_norm=0.853 samples/s=74.17
[step 3830/5000] loss=2.3614 lr=4.292e-05 grad_norm=0.899 samples/s=74.16
[step 3840/5000] loss=1.8127 lr=4.228e-05 grad_norm=0.865 samples/s=74.10
[step 3850/5000] loss=1.7976 lr=4.163e-05 grad_norm=0.996 samples/s=74.08
[step 3860/5000] loss=2.0011 lr=4.099e-05 grad_norm=0.895 samples/s=74.00
[step 3870/5000] loss=2.8373 lr=4.036e-05 grad_norm=0.811 samples/s=74.01
[step 3880/5000] loss=1.7285 lr=3.973e-05 grad_norm=1.016 samples/s=73.93
[step 3890/5000] loss=1.6767 lr=3.911e-05 grad_norm=0.918 samples/s=73.97
[step 3900/5000] loss=1.5511 lr=3.849e-05 grad_norm=0.692 samples/s=73.89
[step 3910/5000] loss=1.6920 lr=3.787e-05 grad_norm=0.813 samples/s=73.90
[step 3920/5000] loss=2.6179 lr=3.726e-05 grad_norm=0.837 samples/s=73.87
[step 3930/5000] loss=1.8706 lr=3.666e-05 grad_norm=1.000 samples/s=73.90
[step 3940/5000] loss=2.4643 lr=3.605e-05 grad_norm=0.885 samples/s=73.87
[step 3950/5000] loss=1.6161 lr=3.546e-05 grad_norm=0.765 samples/s=73.80
[step 3960/5000] loss=2.1762 lr=3.487e-05 grad_norm=0.826 samples/s=73.81
[step 3970/5000] loss=2.0107 lr=3.428e-05 grad_norm=0.841 samples/s=73.71
[step 3980/5000] loss=1.9907 lr=3.370e-05 grad_norm=0.903 samples/s=73.73
[step 3990/5000] loss=1.6594 lr=3.312e-05 grad_norm=0.949 samples/s=73.68
[step 4000/5000] loss=2.0689 lr=3.255e-05 grad_norm=0.882 samples/s=73.71
[val step 4000] loss=2.1380688400268553 m01={'mean': 0.4093998113886619, 'median': 0.40835430767447695, 'p95': 0.6784585187959586, 'tail_frac_gt4px': 8.185985592665357e-05, 'n_matched': 12216} m02={'12-16': 0.9192618223760092, '16-32': 0.9546000480422772, '32-64': 0.9451172378253028, '64-128': 0.9418457648546145} m04={'accuracy': 0.5825965946299935, 'by_octave': {'12-16': 0.5715181932245922, '16-32': 0.6376446904881731, '32-64': 0.6134133042529989, '64-128': 0.4771812080536913}} diag={'gate3_alpha_mean': 0.28227534890174866, 'gate3_alpha_min': 0.01668548583984375, 'gate3_alpha_max': 0.98779296875, 'gate3_alpha_std': 0.1545737236738205, 'gate3_alpha_p10': 0.0999908447265625, 'gate3_alpha_p50': 0.2621116638183594, 'gate3_alpha_p90': 0.4891357421875, 'block0_attn_entropy': 7.1890082359313965, 'block1_attn_entropy': 7.4866156578063965}
[step 4010/5000] loss=2.0637 lr=3.198e-05 grad_norm=1.200 samples/s=73.87
[step 4020/5000] loss=1.8846 lr=3.142e-05 grad_norm=0.783 samples/s=73.96
[step 4030/5000] loss=2.0426 lr=3.086e-05 grad_norm=1.046 samples/s=73.89
[step 4040/5000] loss=1.8548 lr=3.031e-05 grad_norm=0.930 samples/s=73.90
[step 4050/5000] loss=1.9219 lr=2.976e-05 grad_norm=0.713 samples/s=73.79
[step 4060/5000] loss=2.0418 lr=2.922e-05 grad_norm=1.075 samples/s=73.80
[step 4070/5000] loss=2.1229 lr=2.868e-05 grad_norm=0.899 samples/s=73.74
[step 4080/5000] loss=1.8157 lr=2.815e-05 grad_norm=0.857 samples/s=73.77
[step 4090/5000] loss=2.2195 lr=2.762e-05 grad_norm=0.715 samples/s=73.73
[step 4100/5000] loss=2.7053 lr=2.710e-05 grad_norm=0.937 samples/s=73.75
[step 4110/5000] loss=2.5305 lr=2.658e-05 grad_norm=0.908 samples/s=73.70
[step 4120/5000] loss=2.1937 lr=2.607e-05 grad_norm=0.879 samples/s=73.71
[step 4130/5000] loss=2.4385 lr=2.556e-05 grad_norm=1.031 samples/s=73.68
[step 4140/5000] loss=1.9352 lr=2.506e-05 grad_norm=0.868 samples/s=73.71
[step 4150/5000] loss=1.9056 lr=2.456e-05 grad_norm=0.865 samples/s=73.67
[step 4160/5000] loss=2.2260 lr=2.407e-05 grad_norm=0.848 samples/s=73.69
[step 4170/5000] loss=1.7679 lr=2.358e-05 grad_norm=0.857 samples/s=73.62
[step 4180/5000] loss=2.0360 lr=2.310e-05 grad_norm=0.892 samples/s=73.66
[step 4190/5000] loss=1.6271 lr=2.263e-05 grad_norm=0.793 samples/s=73.63
[step 4200/5000] loss=1.8338 lr=2.216e-05 grad_norm=0.990 samples/s=73.63
[step 4210/5000] loss=1.8619 lr=2.169e-05 grad_norm=0.886 samples/s=73.55
[step 4220/5000] loss=2.4973 lr=2.123e-05 grad_norm=0.910 samples/s=73.57
[step 4230/5000] loss=2.1472 lr=2.078e-05 grad_norm=1.083 samples/s=73.49
[step 4240/5000] loss=2.6675 lr=2.033e-05 grad_norm=0.886 samples/s=73.51
[step 4250/5000] loss=2.2503 lr=1.988e-05 grad_norm=0.928 samples/s=73.49
[val step 4250] loss=2.136838134765625 m01={'mean': 0.4093998113886619, 'median': 0.40835430767447695, 'p95': 0.6784585187959586, 'tail_frac_gt4px': 8.185985592665357e-05, 'n_matched': 12216} m02={'12-16': 0.9192618223760092, '16-32': 0.9546000480422772, '32-64': 0.9451172378253028, '64-128': 0.9418457648546145} m04={'accuracy': 0.5818598559266536, 'by_octave': {'12-16': 0.5677540777917189, '16-32': 0.6368897835933568, '32-64': 0.6131406761177753, '64-128': 0.47751677852348995}} diag={'gate3_alpha_mean': 0.28227534890174866, 'gate3_alpha_min': 0.01668548583984375, 'gate3_alpha_max': 0.98779296875, 'gate3_alpha_std': 0.1545737236738205, 'gate3_alpha_p10': 0.0999908447265625, 'gate3_alpha_p50': 0.2621116638183594, 'gate3_alpha_p90': 0.4891357421875, 'block0_attn_entropy': 7.1890082359313965, 'block1_attn_entropy': 7.4866156578063965}
[step 4260/5000] loss=2.1884 lr=1.945e-05 grad_norm=0.922 samples/s=73.63
[step 4270/5000] loss=1.7948 lr=1.901e-05 grad_norm=1.115 samples/s=73.73
[step 4280/5000] loss=2.6745 lr=1.859e-05 grad_norm=0.701 samples/s=73.66
[step 4290/5000] loss=2.0207 lr=1.816e-05 grad_norm=0.946 samples/s=73.66
[step 4300/5000] loss=2.3159 lr=1.775e-05 grad_norm=0.963 samples/s=73.58
[step 4310/5000] loss=2.1944 lr=1.734e-05 grad_norm=0.969 samples/s=73.61
[step 4320/5000] loss=2.2994 lr=1.693e-05 grad_norm=0.722 samples/s=73.56
[step 4330/5000] loss=2.2393 lr=1.653e-05 grad_norm=0.902 samples/s=73.52
[step 4340/5000] loss=1.8311 lr=1.614e-05 grad_norm=0.819 samples/s=73.46
[step 4350/5000] loss=2.0079 lr=1.575e-05 grad_norm=0.899 samples/s=73.43
[step 4360/5000] loss=1.6703 lr=1.537e-05 grad_norm=1.250 samples/s=73.44
[step 4370/5000] loss=1.9800 lr=1.499e-05 grad_norm=0.978 samples/s=73.39
[step 4380/5000] loss=1.7600 lr=1.462e-05 grad_norm=0.933 samples/s=73.40
[step 4390/5000] loss=1.9335 lr=1.425e-05 grad_norm=0.993 samples/s=73.38
[step 4400/5000] loss=1.9621 lr=1.389e-05 grad_norm=0.871 samples/s=73.33
[step 4410/5000] loss=1.9642 lr=1.353e-05 grad_norm=1.211 samples/s=73.35
[step 4420/5000] loss=1.6323 lr=1.318e-05 grad_norm=1.083 samples/s=73.31
[step 4430/5000] loss=2.0744 lr=1.284e-05 grad_norm=0.749 samples/s=73.34
[step 4440/5000] loss=1.4406 lr=1.250e-05 grad_norm=0.896 samples/s=73.32
[step 4450/5000] loss=1.8009 lr=1.217e-05 grad_norm=0.832 samples/s=73.32
[step 4460/5000] loss=2.2012 lr=1.184e-05 grad_norm=0.910 samples/s=73.20
[step 4470/5000] loss=2.7171 lr=1.152e-05 grad_norm=1.046 samples/s=73.19
[step 4480/5000] loss=1.7047 lr=1.121e-05 grad_norm=0.749 samples/s=73.15
[step 4490/5000] loss=2.6365 lr=1.090e-05 grad_norm=0.815 samples/s=73.20
[step 4500/5000] loss=1.7433 lr=1.060e-05 grad_norm=1.006 samples/s=73.18
[val step 4500] loss=2.1360441341400147 m01={'mean': 0.4093998113886619, 'median': 0.40835430767447695, 'p95': 0.6784585187959586, 'tail_frac_gt4px': 8.185985592665357e-05, 'n_matched': 12216} m02={'12-16': 0.9192618223760092, '16-32': 0.9546000480422772, '32-64': 0.9451172378253028, '64-128': 0.9418457648546145} m04={'accuracy': 0.5834151931892599, 'by_octave': {'12-16': 0.5708908406524467, '16-32': 0.6368897835933568, '32-64': 0.6147764449291166, '64-128': 0.4802013422818792}} diag={'gate3_alpha_mean': 0.28227534890174866, 'gate3_alpha_min': 0.01668548583984375, 'gate3_alpha_max': 0.98779296875, 'gate3_alpha_std': 0.1545737236738205, 'gate3_alpha_p10': 0.0999908447265625, 'gate3_alpha_p50': 0.2621116638183594, 'gate3_alpha_p90': 0.4891357421875, 'block0_attn_entropy': 7.1890082359313965, 'block1_attn_entropy': 7.4866156578063965}
[step 4510/5000] loss=2.1849 lr=1.030e-05 grad_norm=0.991 samples/s=73.32
[step 4520/5000] loss=1.7991 lr=1.001e-05 grad_norm=0.743 samples/s=73.41
[step 4530/5000] loss=1.8364 lr=9.720e-06 grad_norm=1.021 samples/s=73.33
[step 4540/5000] loss=2.1448 lr=9.439e-06 grad_norm=0.690 samples/s=73.33
[step 4550/5000] loss=2.7973 lr=9.165e-06 grad_norm=1.025 samples/s=73.27
[step 4560/5000] loss=1.4587 lr=8.896e-06 grad_norm=0.712 samples/s=73.26
[step 4570/5000] loss=1.7256 lr=8.634e-06 grad_norm=0.871 samples/s=73.20
[step 4580/5000] loss=2.5067 lr=8.377e-06 grad_norm=0.977 samples/s=73.16
[step 4590/5000] loss=1.9483 lr=8.126e-06 grad_norm=0.912 samples/s=73.16
[step 4600/5000] loss=3.0763 lr=7.881e-06 grad_norm=0.885 samples/s=73.13
[step 4610/5000] loss=2.1356 lr=7.642e-06 grad_norm=0.889 samples/s=73.17
[step 4620/5000] loss=2.2719 lr=7.409e-06 grad_norm=0.858 samples/s=73.16
[step 4630/5000] loss=2.0156 lr=7.181e-06 grad_norm=0.727 samples/s=73.19
[step 4640/5000] loss=2.1495 lr=6.960e-06 grad_norm=0.791 samples/s=73.19
[step 4650/5000] loss=1.6525 lr=6.744e-06 grad_norm=0.808 samples/s=73.19
[step 4660/5000] loss=1.4914 lr=6.535e-06 grad_norm=0.877 samples/s=73.20
[step 4670/5000] loss=2.5440 lr=6.331e-06 grad_norm=0.779 samples/s=73.14
[step 4680/5000] loss=1.5775 lr=6.134e-06 grad_norm=0.909 samples/s=73.15
[step 4690/5000] loss=2.0108 lr=5.942e-06 grad_norm=0.856 samples/s=73.10
[step 4700/5000] loss=1.5422 lr=5.757e-06 grad_norm=0.980 samples/s=73.09
[step 4710/5000] loss=1.9530 lr=5.577e-06 grad_norm=1.178 samples/s=73.08
[step 4720/5000] loss=2.3314 lr=5.403e-06 grad_norm=0.989 samples/s=73.02
[step 4730/5000] loss=1.8766 lr=5.236e-06 grad_norm=1.365 samples/s=72.96
[step 4740/5000] loss=1.8804 lr=5.074e-06 grad_norm=0.925 samples/s=72.93
[step 4750/5000] loss=2.5627 lr=4.919e-06 grad_norm=0.869 samples/s=72.93
[val step 4750] loss=2.1355848007202147 m01={'mean': 0.4093998113886619, 'median': 0.40835430767447695, 'p95': 0.6784585187959586, 'tail_frac_gt4px': 8.185985592665357e-05, 'n_matched': 12216} m02={'12-16': 0.9192618223760092, '16-32': 0.9546000480422772, '32-64': 0.9451172378253028, '64-128': 0.9418457648546145} m04={'accuracy': 0.5821872953503602, 'by_octave': {'12-16': 0.5683814303638645, '16-32': 0.6368897835933568, '32-64': 0.6147764449291166, '64-128': 0.47651006711409394}} diag={'gate3_alpha_mean': 0.28227534890174866, 'gate3_alpha_min': 0.01668548583984375, 'gate3_alpha_max': 0.98779296875, 'gate3_alpha_std': 0.1545737236738205, 'gate3_alpha_p10': 0.0999908447265625, 'gate3_alpha_p50': 0.2621116638183594, 'gate3_alpha_p90': 0.4891357421875, 'block0_attn_entropy': 7.1890082359313965, 'block1_attn_entropy': 7.4866156578063965}
[step 4760/5000] loss=2.0107 lr=4.769e-06 grad_norm=0.814 samples/s=73.06
[step 4770/5000] loss=1.7047 lr=4.626e-06 grad_norm=0.755 samples/s=73.13
[step 4780/5000] loss=2.3346 lr=4.488e-06 grad_norm=0.852 samples/s=73.03
[step 4790/5000] loss=2.3078 lr=4.357e-06 grad_norm=0.957 samples/s=73.01
[step 4800/5000] loss=1.8276 lr=4.231e-06 grad_norm=0.936 samples/s=72.99
[step 4810/5000] loss=1.9649 lr=4.112e-06 grad_norm=1.028 samples/s=72.99
[step 4820/5000] loss=2.3985 lr=3.999e-06 grad_norm=0.701 samples/s=72.97
[step 4830/5000] loss=2.1115 lr=3.892e-06 grad_norm=0.737 samples/s=72.97
[step 4840/5000] loss=1.9108 lr=3.790e-06 grad_norm=0.795 samples/s=72.94
[step 4850/5000] loss=1.6478 lr=3.695e-06 grad_norm=0.837 samples/s=72.87
[step 4860/5000] loss=1.8811 lr=3.606e-06 grad_norm=0.733 samples/s=72.86
[step 4870/5000] loss=1.5171 lr=3.523e-06 grad_norm=0.660 samples/s=72.82
[step 4880/5000] loss=1.7335 lr=3.447e-06 grad_norm=0.777 samples/s=72.80
[step 4890/5000] loss=2.7638 lr=3.376e-06 grad_norm=1.145 samples/s=72.77
[step 4900/5000] loss=1.9443 lr=3.311e-06 grad_norm=0.848 samples/s=72.69
[step 4910/5000] loss=1.9009 lr=3.253e-06 grad_norm=1.186 samples/s=72.65
[step 4920/5000] loss=1.8368 lr=3.200e-06 grad_norm=1.175 samples/s=72.65
[step 4930/5000] loss=2.2868 lr=3.154e-06 grad_norm=0.920 samples/s=72.62
[step 4940/5000] loss=2.1572 lr=3.114e-06 grad_norm=1.072 samples/s=72.64
[step 4950/5000] loss=1.9360 lr=3.079e-06 grad_norm=0.834 samples/s=72.60
[step 4960/5000] loss=1.5708 lr=3.051e-06 grad_norm=0.824 samples/s=72.59
[step 4970/5000] loss=1.9387 lr=3.029e-06 grad_norm=0.841 samples/s=72.56
[step 4980/5000] loss=2.1183 lr=3.013e-06 grad_norm=0.765 samples/s=72.52
[step 4990/5000] loss=1.6125 lr=3.004e-06 grad_norm=0.786 samples/s=72.55
[step 5000/5000] loss=2.3908 lr=3.000e-06 grad_norm=0.998 samples/s=72.58
[val step 5000] loss=2.135460094451904 m01={'mean': 0.4093998113886619, 'median': 0.40835430767447695, 'p95': 0.6784585187959586, 'tail_frac_gt4px': 8.185985592665357e-05, 'n_matched': 12216} m02={'12-16': 0.9192618223760092, '16-32': 0.9546000480422772, '32-64': 0.9451172378253028, '64-128': 0.9418457648546145} m04={'accuracy': 0.5820235756385069, 'by_octave': {'12-16': 0.5677540777917189, '16-32': 0.6373930548565677, '32-64': 0.6128680479825518, '64-128': 0.4778523489932886}} diag={'gate3_alpha_mean': 0.28227534890174866, 'gate3_alpha_min': 0.01668548583984375, 'gate3_alpha_max': 0.98779296875, 'gate3_alpha_std': 0.1545737236738205, 'gate3_alpha_p10': 0.0999908447265625, 'gate3_alpha_p50': 0.2621116638183594, 'gate3_alpha_p90': 0.4891357421875, 'block0_attn_entropy': 7.1890082359313965, 'block1_attn_entropy': 7.4866156578063965}
[FULL val step 5000] loss=2.0426316831588744 m01={'mean': 0.4067304056193377, 'median': 0.40631786279163173, 'p95': 0.6753019697599334, 'tail_frac_gt4px': 5.646755132497076e-05, 'n_matched': 123965} m02={'12-16': 0.919547348271591, '16-32': 0.9397995688123386, '32-64': 0.954648180594703, '64-128': 0.9569258885807915} m04={'accuracy': 0.5893114992134877, 'by_octave': {'12-16': 0.6218698340782465, '16-32': 0.6216597761419784, '32-64': 0.6128474531187658, '64-128': 0.5004116039382265}}
[train_detector] wrote checkpoint runs/ft07_head_reinit/ckpt_0005000.pt
[train_detector] done: step=5000 train_elapsed=2204.5s val_elapsed=467.3s samples/s=72.58
