[train_detector] finetune from runs/rel_w882_c2_100k_rev6/ckpt_0100000.pt (step 100000): 148,688 of 882,402 params trainable, lr_mult={'cls.*': 1.0, 'd3.*': 0.1}, reinit=[]
[train_detector] stream_seed=2100000 resume_count=0 start_step=0
[step 1/5000] loss=5.8445 lr=0.000e+00 grad_norm=13.561 samples/s=7.93
[step 2/5000] loss=6.4216 lr=3.000e-06 grad_norm=14.345 samples/s=15.28
[step 3/5000] loss=6.7790 lr=6.000e-06 grad_norm=12.790 samples/s=22.12
[step 4/5000] loss=6.6147 lr=9.000e-06 grad_norm=15.126 samples/s=28.50
[step 5/5000] loss=6.2182 lr=1.200e-05 grad_norm=13.253 samples/s=33.68
[step 6/5000] loss=5.4221 lr=1.500e-05 grad_norm=11.894 samples/s=36.73
[step 7/5000] loss=7.0477 lr=1.800e-05 grad_norm=12.948 samples/s=42.23
[step 8/5000] loss=6.0941 lr=2.100e-05 grad_norm=12.608 samples/s=46.99
[step 9/5000] loss=7.9584 lr=2.400e-05 grad_norm=14.448 samples/s=44.96
[step 10/5000] loss=6.9485 lr=2.700e-05 grad_norm=11.702 samples/s=44.59
[step 20/5000] loss=5.8050 lr=5.700e-05 grad_norm=11.375 samples/s=57.20
[step 30/5000] loss=5.3880 lr=8.700e-05 grad_norm=9.048 samples/s=60.21
[step 40/5000] loss=4.9297 lr=1.170e-04 grad_norm=7.974 samples/s=66.51
[step 50/5000] loss=4.5597 lr=1.470e-04 grad_norm=6.550 samples/s=65.52
[step 60/5000] loss=4.5007 lr=1.770e-04 grad_norm=6.569 samples/s=70.28
[step 70/5000] loss=3.6088 lr=2.070e-04 grad_norm=5.994 samples/s=70.58
[step 80/5000] loss=2.9789 lr=2.370e-04 grad_norm=4.410 samples/s=73.04
[step 90/5000] loss=3.2558 lr=2.670e-04 grad_norm=3.340 samples/s=73.39
[step 100/5000] loss=2.6267 lr=2.970e-04 grad_norm=1.964 samples/s=74.20
[step 110/5000] loss=2.2525 lr=3.000e-04 grad_norm=1.603 samples/s=73.66
[step 120/5000] loss=2.3379 lr=3.000e-04 grad_norm=1.237 samples/s=75.38
[step 130/5000] loss=2.1690 lr=3.000e-04 grad_norm=1.282 samples/s=74.49
[step 140/5000] loss=2.6555 lr=3.000e-04 grad_norm=1.215 samples/s=75.42
[step 150/5000] loss=2.2464 lr=2.999e-04 grad_norm=1.485 samples/s=75.74
[step 160/5000] loss=2.4589 lr=2.999e-04 grad_norm=1.411 samples/s=76.41
[step 170/5000] loss=2.4868 lr=2.999e-04 grad_norm=1.181 samples/s=75.92
[step 180/5000] loss=2.2821 lr=2.998e-04 grad_norm=0.783 samples/s=76.65
[step 190/5000] loss=2.1319 lr=2.998e-04 grad_norm=1.168 samples/s=76.08
[step 200/5000] loss=2.9378 lr=2.997e-04 grad_norm=0.953 samples/s=77.12
[step 210/5000] loss=2.7227 lr=2.996e-04 grad_norm=0.994 samples/s=76.60
[step 220/5000] loss=2.0103 lr=2.996e-04 grad_norm=1.044 samples/s=77.41
[step 230/5000] loss=2.5498 lr=2.995e-04 grad_norm=1.066 samples/s=77.16
[step 240/5000] loss=1.8472 lr=2.994e-04 grad_norm=0.924 samples/s=77.85
[step 250/5000] loss=2.1800 lr=2.993e-04 grad_norm=0.882 samples/s=77.10
[val step 250] loss=2.508342483520508 m01={'mean': 0.4079144092658909, 'median': 0.40853668612566707, 'p95': 0.6757161800924152, 'tail_frac_gt4px': 0.0, 'n_matched': 12206} m02={'12-16': 0.9175317185697809, '16-32': 0.9533989911121787, '32-64': 0.9443442411749549, '64-128': 0.9421618204804045} m04={'accuracy': 0.20039324922169424, 'by_octave': {'12-16': 0.1703331238214959, '16-32': 0.2204585537918871, '32-64': 0.21336971350613915, '64-128': 0.17376719221737671}} diag={'gate3_alpha_mean': 0.28227534890174866, 'gate3_alpha_min': 0.01668548583984375, 'gate3_alpha_max': 0.98779296875, 'gate3_alpha_std': 0.1545737236738205, 'gate3_alpha_p10': 0.0999908447265625, 'gate3_alpha_p50': 0.2621116638183594, 'gate3_alpha_p90': 0.4891357421875, 'block0_attn_entropy': 7.1890082359313965, 'block1_attn_entropy': 7.4866156578063965}
[step 260/5000] loss=2.4389 lr=2.992e-04 grad_norm=0.937 samples/s=79.04
[step 270/5000] loss=2.4488 lr=2.991e-04 grad_norm=1.274 samples/s=80.91
[step 280/5000] loss=2.6865 lr=2.990e-04 grad_norm=1.057 samples/s=80.66
[step 290/5000] loss=2.0077 lr=2.989e-04 grad_norm=0.962 samples/s=81.12
[step 300/5000] loss=2.4556 lr=2.988e-04 grad_norm=1.093 samples/s=80.99
[step 310/5000] loss=2.2521 lr=2.987e-04 grad_norm=1.033 samples/s=80.57
[step 320/5000] loss=1.8343 lr=2.985e-04 grad_norm=1.012 samples/s=80.22
[step 330/5000] loss=2.4638 lr=2.984e-04 grad_norm=1.189 samples/s=79.78
[step 340/5000] loss=2.1798 lr=2.983e-04 grad_norm=1.136 samples/s=79.87
[step 350/5000] loss=2.4438 lr=2.981e-04 grad_norm=1.253 samples/s=79.48
[step 360/5000] loss=1.7433 lr=2.980e-04 grad_norm=0.803 samples/s=79.02
[step 370/5000] loss=1.9040 lr=2.978e-04 grad_norm=0.892 samples/s=79.15
[step 380/5000] loss=2.0150 lr=2.976e-04 grad_norm=1.003 samples/s=78.76
[step 390/5000] loss=2.1646 lr=2.975e-04 grad_norm=0.979 samples/s=78.70
[step 400/5000] loss=1.8557 lr=2.973e-04 grad_norm=0.856 samples/s=78.04
[step 410/5000] loss=2.3329 lr=2.971e-04 grad_norm=1.431 samples/s=78.41
[step 420/5000] loss=1.9324 lr=2.969e-04 grad_norm=1.019 samples/s=78.00
[step 430/5000] loss=2.0577 lr=2.967e-04 grad_norm=0.855 samples/s=77.97
[step 440/5000] loss=2.7360 lr=2.965e-04 grad_norm=1.341 samples/s=77.46
[step 450/5000] loss=2.5212 lr=2.963e-04 grad_norm=1.160 samples/s=77.58
[step 460/5000] loss=2.2643 lr=2.961e-04 grad_norm=1.087 samples/s=77.10
[step 470/5000] loss=2.7931 lr=2.959e-04 grad_norm=1.058 samples/s=77.11
[step 480/5000] loss=1.7087 lr=2.956e-04 grad_norm=0.886 samples/s=76.98
[step 490/5000] loss=1.8225 lr=2.954e-04 grad_norm=1.325 samples/s=77.16
[step 500/5000] loss=1.8888 lr=2.952e-04 grad_norm=0.832 samples/s=76.88
[val step 500] loss=2.27771635055542 m01={'mean': 0.4076260482712148, 'median': 0.4082529933318253, 'p95': 0.6755772615187452, 'tail_frac_gt4px': 0.0, 'n_matched': 12202} m02={'12-16': 0.916955017301038, '16-32': 0.953158779726159, '32-64': 0.944086575624839, '64-128': 0.9418457648546145} m04={'accuracy': 0.44673004425504015, 'by_octave': {'12-16': 0.4345911949685535, '16-32': 0.5138608870967742, '32-64': 0.4615174672489083, '64-128': 0.34563758389261745}} diag={'gate3_alpha_mean': 0.28227534890174866, 'gate3_alpha_min': 0.01668548583984375, 'gate3_alpha_max': 0.98779296875, 'gate3_alpha_std': 0.1545737236738205, 'gate3_alpha_p10': 0.0999908447265625, 'gate3_alpha_p50': 0.2621116638183594, 'gate3_alpha_p90': 0.4891357421875, 'block0_attn_entropy': 7.1890082359313965, 'block1_attn_entropy': 7.4866156578063965}
[step 510/5000] loss=2.1589 lr=2.949e-04 grad_norm=1.282 samples/s=77.95
[step 520/5000] loss=1.9122 lr=2.947e-04 grad_norm=1.019 samples/s=78.91
[step 530/5000] loss=2.0329 lr=2.944e-04 grad_norm=0.982 samples/s=78.69
[step 540/5000] loss=2.4608 lr=2.942e-04 grad_norm=1.183 samples/s=78.44
[step 550/5000] loss=2.3172 lr=2.939e-04 grad_norm=1.015 samples/s=78.25
[step 560/5000] loss=1.8066 lr=2.936e-04 grad_norm=1.164 samples/s=78.18
[step 570/5000] loss=1.9629 lr=2.933e-04 grad_norm=1.101 samples/s=78.05
[step 580/5000] loss=1.8142 lr=2.931e-04 grad_norm=1.216 samples/s=78.06
[step 590/5000] loss=1.6845 lr=2.928e-04 grad_norm=1.233 samples/s=77.84
[step 600/5000] loss=1.8998 lr=2.925e-04 grad_norm=1.383 samples/s=77.85
[step 610/5000] loss=2.1622 lr=2.922e-04 grad_norm=1.082 samples/s=77.63
[step 620/5000] loss=2.5573 lr=2.919e-04 grad_norm=1.043 samples/s=77.60
[step 630/5000] loss=1.8469 lr=2.915e-04 grad_norm=1.177 samples/s=77.66
[step 640/5000] loss=2.1755 lr=2.912e-04 grad_norm=1.031 samples/s=77.49
[step 650/5000] loss=2.1788 lr=2.909e-04 grad_norm=0.958 samples/s=77.51
[step 660/5000] loss=2.0412 lr=2.906e-04 grad_norm=1.101 samples/s=77.31
[step 670/5000] loss=3.0982 lr=2.902e-04 grad_norm=1.861 samples/s=77.13
[step 680/5000] loss=2.0762 lr=2.899e-04 grad_norm=0.946 samples/s=77.11
[step 690/5000] loss=2.5384 lr=2.895e-04 grad_norm=1.302 samples/s=76.98
[step 700/5000] loss=1.9429 lr=2.892e-04 grad_norm=1.267 samples/s=76.98
[step 710/5000] loss=2.1414 lr=2.888e-04 grad_norm=1.351 samples/s=76.63
[step 720/5000] loss=2.0675 lr=2.885e-04 grad_norm=0.998 samples/s=76.78
[step 730/5000] loss=1.6262 lr=2.881e-04 grad_norm=1.079 samples/s=76.58
[step 740/5000] loss=1.5799 lr=2.877e-04 grad_norm=1.164 samples/s=76.61
[step 750/5000] loss=2.3014 lr=2.873e-04 grad_norm=1.193 samples/s=76.44
[val step 750] loss=2.1985268421173094 m01={'mean': 0.40795806541560126, 'median': 0.4082628269414431, 'p95': 0.676614711716375, 'tail_frac_gt4px': 0.0, 'n_matched': 12209} m02={'12-16': 0.9175317185697809, '16-32': 0.9541196252702379, '32-64': 0.9443442411749549, '64-128': 0.9421618204804045} m04={'accuracy': 0.5134736669669916, 'by_octave': {'12-16': 0.5223130106851037, '16-32': 0.5767875125881168, '32-64': 0.5336971350613915, '64-128': 0.39953035893995303}} diag={'gate3_alpha_mean': 0.28227534890174866, 'gate3_alpha_min': 0.01668548583984375, 'gate3_alpha_max': 0.98779296875, 'gate3_alpha_std': 0.1545737236738205, 'gate3_alpha_p10': 0.0999908447265625, 'gate3_alpha_p50': 0.2621116638183594, 'gate3_alpha_p90': 0.4891357421875, 'block0_attn_entropy': 7.1890082359313965, 'block1_attn_entropy': 7.4866156578063965}
[step 760/5000] loss=1.9791 lr=2.869e-04 grad_norm=1.124 samples/s=77.13
[step 770/5000] loss=1.8531 lr=2.865e-04 grad_norm=1.225 samples/s=77.77
[step 780/5000] loss=2.0377 lr=2.861e-04 grad_norm=1.087 samples/s=77.54
[step 790/5000] loss=2.6529 lr=2.857e-04 grad_norm=1.471 samples/s=77.64
[step 800/5000] loss=2.0367 lr=2.853e-04 grad_norm=1.260 samples/s=77.44
[step 810/5000] loss=2.8978 lr=2.849e-04 grad_norm=1.105 samples/s=77.43
[step 820/5000] loss=1.7736 lr=2.845e-04 grad_norm=1.124 samples/s=77.31
[step 830/5000] loss=1.7850 lr=2.841e-04 grad_norm=1.224 samples/s=77.17
[step 840/5000] loss=1.5613 lr=2.836e-04 grad_norm=0.911 samples/s=77.06
[step 850/5000] loss=2.4384 lr=2.832e-04 grad_norm=1.195 samples/s=77.06
[step 860/5000] loss=1.9886 lr=2.828e-04 grad_norm=1.047 samples/s=76.74
[step 870/5000] loss=2.3478 lr=2.823e-04 grad_norm=1.071 samples/s=76.88
[step 880/5000] loss=2.3201 lr=2.819e-04 grad_norm=1.150 samples/s=76.76
[step 890/5000] loss=1.7600 lr=2.814e-04 grad_norm=1.225 samples/s=76.89
[step 900/5000] loss=1.7883 lr=2.809e-04 grad_norm=1.223 samples/s=76.82
[step 910/5000] loss=1.8003 lr=2.805e-04 grad_norm=1.315 samples/s=76.96
[step 920/5000] loss=2.2450 lr=2.800e-04 grad_norm=1.084 samples/s=76.89
[step 930/5000] loss=1.9406 lr=2.795e-04 grad_norm=1.258 samples/s=76.94
[step 940/5000] loss=1.7498 lr=2.790e-04 grad_norm=1.154 samples/s=76.79
[step 950/5000] loss=1.4152 lr=2.785e-04 grad_norm=1.208 samples/s=76.81
[step 960/5000] loss=2.9069 lr=2.780e-04 grad_norm=1.279 samples/s=76.67
[step 970/5000] loss=2.2913 lr=2.775e-04 grad_norm=1.343 samples/s=76.66
[step 980/5000] loss=2.2370 lr=2.770e-04 grad_norm=1.068 samples/s=76.45
[step 990/5000] loss=1.6348 lr=2.765e-04 grad_norm=1.040 samples/s=76.49
[step 1000/5000] loss=1.8460 lr=2.760e-04 grad_norm=1.443 samples/s=76.37
[val step 1000] loss=2.1597436046600342 m01={'mean': 0.40809619498032307, 'median': 0.4082759258894098, 'p95': 0.6761604544995679, 'tail_frac_gt4px': 0.0, 'n_matched': 12210} m02={'12-16': 0.9175317185697809, '16-32': 0.9543598366562575, '32-64': 0.9446019067250708, '64-128': 0.9418457648546145} m04={'accuracy': 0.5402129402129402, 'by_octave': {'12-16': 0.5468258956631049, '16-32': 0.5965265542411277, '32-64': 0.5649208947081288, '64-128': 0.4312080536912752}} diag={'gate3_alpha_mean': 0.28227534890174866, 'gate3_alpha_min': 0.01668548583984375, 'gate3_alpha_max': 0.98779296875, 'gate3_alpha_std': 0.1545737236738205, 'gate3_alpha_p10': 0.0999908447265625, 'gate3_alpha_p50': 0.2621116638183594, 'gate3_alpha_p90': 0.4891357421875, 'block0_attn_entropy': 7.1890082359313965, 'block1_attn_entropy': 7.4866156578063965}
[step 1010/5000] loss=2.2962 lr=2.755e-04 grad_norm=1.286 samples/s=76.98
[step 1020/5000] loss=2.3685 lr=2.750e-04 grad_norm=1.464 samples/s=77.46
[step 1030/5000] loss=2.5501 lr=2.744e-04 grad_norm=1.041 samples/s=77.17
[step 1040/5000] loss=1.9475 lr=2.739e-04 grad_norm=1.079 samples/s=77.22
[step 1050/5000] loss=2.1634 lr=2.734e-04 grad_norm=1.496 samples/s=77.14
[step 1060/5000] loss=1.9038 lr=2.728e-04 grad_norm=1.039 samples/s=77.19
[step 1070/5000] loss=1.8573 lr=2.723e-04 grad_norm=1.131 samples/s=76.94
[step 1080/5000] loss=1.6814 lr=2.717e-04 grad_norm=1.246 samples/s=76.92
[step 1090/5000] loss=1.8580 lr=2.711e-04 grad_norm=1.310 samples/s=76.68
[step 1100/5000] loss=2.0674 lr=2.706e-04 grad_norm=1.066 samples/s=76.76
[step 1110/5000] loss=2.7960 lr=2.700e-04 grad_norm=1.280 samples/s=76.59
[step 1120/5000] loss=1.5201 lr=2.694e-04 grad_norm=1.434 samples/s=76.62
[step 1130/5000] loss=1.7681 lr=2.688e-04 grad_norm=1.285 samples/s=76.56
[step 1140/5000] loss=1.8019 lr=2.683e-04 grad_norm=1.191 samples/s=76.57
[step 1150/5000] loss=1.8503 lr=2.677e-04 grad_norm=0.970 samples/s=76.34
[step 1160/5000] loss=1.5260 lr=2.671e-04 grad_norm=1.060 samples/s=76.48
[step 1170/5000] loss=2.4335 lr=2.665e-04 grad_norm=1.194 samples/s=76.31
[step 1180/5000] loss=2.0346 lr=2.659e-04 grad_norm=1.373 samples/s=76.38
[step 1190/5000] loss=1.6980 lr=2.653e-04 grad_norm=1.135 samples/s=76.28
[step 1200/5000] loss=2.6248 lr=2.646e-04 grad_norm=1.389 samples/s=76.32
[step 1210/5000] loss=1.9851 lr=2.640e-04 grad_norm=1.103 samples/s=76.22
[step 1220/5000] loss=1.6701 lr=2.634e-04 grad_norm=1.445 samples/s=76.26
[step 1230/5000] loss=1.5938 lr=2.628e-04 grad_norm=1.719 samples/s=76.17
[step 1240/5000] loss=2.2068 lr=2.621e-04 grad_norm=1.098 samples/s=76.20
[step 1250/5000] loss=2.1607 lr=2.615e-04 grad_norm=0.900 samples/s=76.14
[val step 1250] loss=2.1367882347106932 m01={'mean': 0.40809214397966403, 'median': 0.4083102032602793, 'p95': 0.6763081182744479, 'tail_frac_gt4px': 0.0, 'n_matched': 12214} m02={'12-16': 0.9175317185697809, '16-32': 0.9543598366562575, '32-64': 0.9458902344756506, '64-128': 0.9415297092288243} m04={'accuracy': 0.5539544784673326, 'by_octave': {'12-16': 0.5505971087366436, '16-32': 0.6118801912912157, '32-64': 0.5832198311086897, '64-128': 0.44243034575360857}} diag={'gate3_alpha_mean': 0.28227534890174866, 'gate3_alpha_min': 0.01668548583984375, 'gate3_alpha_max': 0.98779296875, 'gate3_alpha_std': 0.1545737236738205, 'gate3_alpha_p10': 0.0999908447265625, 'gate3_alpha_p50': 0.2621116638183594, 'gate3_alpha_p90': 0.4891357421875, 'block0_attn_entropy': 7.1890082359313965, 'block1_attn_entropy': 7.4866156578063965}
[step 1260/5000] loss=1.6995 lr=2.609e-04 grad_norm=1.112 samples/s=76.59
[step 1270/5000] loss=1.6928 lr=2.602e-04 grad_norm=1.168 samples/s=76.97
[step 1280/5000] loss=1.8026 lr=2.596e-04 grad_norm=1.117 samples/s=76.86
[step 1290/5000] loss=1.7487 lr=2.589e-04 grad_norm=1.268 samples/s=76.88
[step 1300/5000] loss=2.0414 lr=2.582e-04 grad_norm=1.564 samples/s=76.85
[step 1310/5000] loss=2.4095 lr=2.576e-04 grad_norm=1.601 samples/s=76.86
[step 1320/5000] loss=1.7446 lr=2.569e-04 grad_norm=1.399 samples/s=76.74
[step 1330/5000] loss=1.6559 lr=2.562e-04 grad_norm=1.109 samples/s=76.78
[step 1340/5000] loss=1.7075 lr=2.556e-04 grad_norm=1.332 samples/s=76.64
[step 1350/5000] loss=1.8191 lr=2.549e-04 grad_norm=1.033 samples/s=76.73
[step 1360/5000] loss=1.9762 lr=2.542e-04 grad_norm=1.377 samples/s=76.64
[step 1370/5000] loss=2.0580 lr=2.535e-04 grad_norm=1.067 samples/s=76.67
[step 1380/5000] loss=2.1269 lr=2.528e-04 grad_norm=1.378 samples/s=76.58
[step 1390/5000] loss=2.1904 lr=2.521e-04 grad_norm=1.484 samples/s=76.58
[step 1400/5000] loss=1.8918 lr=2.514e-04 grad_norm=1.283 samples/s=76.50
[step 1410/5000] loss=2.4389 lr=2.507e-04 grad_norm=1.502 samples/s=76.51
[step 1420/5000] loss=1.5728 lr=2.500e-04 grad_norm=1.307 samples/s=76.45
[step 1430/5000] loss=1.5484 lr=2.493e-04 grad_norm=1.266 samples/s=76.50
[step 1440/5000] loss=1.7943 lr=2.486e-04 grad_norm=1.411 samples/s=76.45
[step 1450/5000] loss=1.8162 lr=2.478e-04 grad_norm=1.080 samples/s=76.50
[step 1460/5000] loss=2.1792 lr=2.471e-04 grad_norm=1.537 samples/s=76.43
[step 1470/5000] loss=2.4815 lr=2.464e-04 grad_norm=1.063 samples/s=76.44
[step 1480/5000] loss=2.8242 lr=2.456e-04 grad_norm=1.265 samples/s=76.37
[step 1490/5000] loss=2.0230 lr=2.449e-04 grad_norm=1.163 samples/s=76.33
[step 1500/5000] loss=1.5890 lr=2.442e-04 grad_norm=1.205 samples/s=76.32
[val step 1500] loss=2.120089038848877 m01={'mean': 0.4082008440104093, 'median': 0.4083102032602793, 'p95': 0.6767014707945802, 'tail_frac_gt4px': 0.0, 'n_matched': 12216} m02={'12-16': 0.9175317185697809, '16-32': 0.9546000480422772, '32-64': 0.9458902344756506, '64-128': 0.9418457648546145} m04={'accuracy': 0.5651604453176162, 'by_octave': {'12-16': 0.5531112507856694, '16-32': 0.6268243583291394, '32-64': 0.5987469354399346, '64-128': 0.44798657718120805}} diag={'gate3_alpha_mean': 0.28227534890174866, 'gate3_alpha_min': 0.01668548583984375, 'gate3_alpha_max': 0.98779296875, 'gate3_alpha_std': 0.1545737236738205, 'gate3_alpha_p10': 0.0999908447265625, 'gate3_alpha_p50': 0.2621116638183594, 'gate3_alpha_p90': 0.4891357421875, 'block0_attn_entropy': 7.1890082359313965, 'block1_attn_entropy': 7.4866156578063965}
[step 1510/5000] loss=2.0315 lr=2.434e-04 grad_norm=1.342 samples/s=76.67
[step 1520/5000] loss=1.6696 lr=2.427e-04 grad_norm=1.091 samples/s=76.99
[step 1530/5000] loss=2.4718 lr=2.419e-04 grad_norm=1.253 samples/s=76.94
[step 1540/5000] loss=2.2153 lr=2.412e-04 grad_norm=1.312 samples/s=76.96
[step 1550/5000] loss=1.9683 lr=2.404e-04 grad_norm=1.181 samples/s=76.86
[step 1560/5000] loss=2.7418 lr=2.396e-04 grad_norm=1.290 samples/s=76.86
[step 1570/5000] loss=2.1742 lr=2.389e-04 grad_norm=1.444 samples/s=76.73
[step 1580/5000] loss=1.9521 lr=2.381e-04 grad_norm=1.169 samples/s=76.74
[step 1590/5000] loss=2.3328 lr=2.373e-04 grad_norm=1.220 samples/s=76.74
[step 1600/5000] loss=1.6465 lr=2.365e-04 grad_norm=1.149 samples/s=76.70
[step 1610/5000] loss=2.5268 lr=2.358e-04 grad_norm=1.068 samples/s=76.68
[step 1620/5000] loss=1.6652 lr=2.350e-04 grad_norm=1.115 samples/s=76.64
[step 1630/5000] loss=2.2318 lr=2.342e-04 grad_norm=1.759 samples/s=76.66
[step 1640/5000] loss=2.1613 lr=2.334e-04 grad_norm=1.076 samples/s=76.58
[step 1650/5000] loss=1.6639 lr=2.326e-04 grad_norm=1.139 samples/s=76.63
[step 1660/5000] loss=1.7702 lr=2.318e-04 grad_norm=1.238 samples/s=76.54
[step 1670/5000] loss=2.3700 lr=2.310e-04 grad_norm=1.415 samples/s=76.62
[step 1680/5000] loss=1.9065 lr=2.302e-04 grad_norm=1.317 samples/s=76.52
[step 1690/5000] loss=1.5176 lr=2.294e-04 grad_norm=1.301 samples/s=76.57
[step 1700/5000] loss=2.0844 lr=2.286e-04 grad_norm=1.031 samples/s=76.49
[step 1710/5000] loss=2.1997 lr=2.277e-04 grad_norm=1.429 samples/s=76.49
[step 1720/5000] loss=1.9569 lr=2.269e-04 grad_norm=1.242 samples/s=76.45
[step 1730/5000] loss=1.4106 lr=2.261e-04 grad_norm=1.355 samples/s=76.45
[step 1740/5000] loss=1.8926 lr=2.253e-04 grad_norm=1.258 samples/s=76.41
[step 1750/5000] loss=1.6793 lr=2.245e-04 grad_norm=1.625 samples/s=76.38
[val step 1750] loss=2.1072480239868163 m01={'mean': 0.4080217711358424, 'median': 0.40845083704110524, 'p95': 0.6761006615525598, 'tail_frac_gt4px': 0.0, 'n_matched': 12210} m02={'12-16': 0.916955017301038, '16-32': 0.9546000480422772, '32-64': 0.9446019067250708, '64-128': 0.9418457648546145} m04={'accuracy': 0.5728091728091728, 'by_octave': {'12-16': 0.5547169811320755, '16-32': 0.6346250629089079, '32-64': 0.6072013093289689, '64-128': 0.4577181208053691}} diag={'gate3_alpha_mean': 0.28227534890174866, 'gate3_alpha_min': 0.01668548583984375, 'gate3_alpha_max': 0.98779296875, 'gate3_alpha_std': 0.1545737236738205, 'gate3_alpha_p10': 0.0999908447265625, 'gate3_alpha_p50': 0.2621116638183594, 'gate3_alpha_p90': 0.4891357421875, 'block0_attn_entropy': 7.1890082359313965, 'block1_attn_entropy': 7.4866156578063965}
[step 1760/5000] loss=1.6304 lr=2.236e-04 grad_norm=1.122 samples/s=76.66
[step 1770/5000] loss=1.9200 lr=2.228e-04 grad_norm=1.198 samples/s=76.93
[step 1780/5000] loss=1.7196 lr=2.220e-04 grad_norm=1.150 samples/s=76.93
[step 1790/5000] loss=1.9893 lr=2.211e-04 grad_norm=1.341 samples/s=76.89
[step 1800/5000] loss=1.9797 lr=2.203e-04 grad_norm=1.120 samples/s=76.92
[step 1810/5000] loss=2.4332 lr=2.194e-04 grad_norm=1.085 samples/s=76.90
[step 1820/5000] loss=2.0527 lr=2.186e-04 grad_norm=1.239 samples/s=76.92
[step 1830/5000] loss=1.8539 lr=2.177e-04 grad_norm=1.015 samples/s=76.88
[step 1840/5000] loss=1.9551 lr=2.169e-04 grad_norm=1.433 samples/s=76.90
[step 1850/5000] loss=2.0676 lr=2.160e-04 grad_norm=1.133 samples/s=76.89
[step 1860/5000] loss=1.8552 lr=2.152e-04 grad_norm=1.291 samples/s=76.87
[step 1870/5000] loss=1.5224 lr=2.143e-04 grad_norm=1.208 samples/s=76.87
[step 1880/5000] loss=1.8760 lr=2.134e-04 grad_norm=1.171 samples/s=76.81
[step 1890/5000] loss=3.0220 lr=2.126e-04 grad_norm=1.304 samples/s=76.83
[step 1900/5000] loss=2.5456 lr=2.117e-04 grad_norm=1.084 samples/s=76.79
[step 1910/5000] loss=1.4797 lr=2.108e-04 grad_norm=1.151 samples/s=76.79
[step 1920/5000] loss=1.9026 lr=2.100e-04 grad_norm=1.161 samples/s=76.77
[step 1930/5000] loss=2.0242 lr=2.091e-04 grad_norm=0.998 samples/s=76.78
[step 1940/5000] loss=2.0574 lr=2.082e-04 grad_norm=1.246 samples/s=76.74
[step 1950/5000] loss=2.0665 lr=2.073e-04 grad_norm=1.255 samples/s=76.66
[step 1960/5000] loss=2.0434 lr=2.064e-04 grad_norm=1.143 samples/s=76.70
[step 1970/5000] loss=1.9500 lr=2.055e-04 grad_norm=1.232 samples/s=76.64
[step 1980/5000] loss=2.0995 lr=2.047e-04 grad_norm=1.282 samples/s=76.64
[step 1990/5000] loss=1.9327 lr=2.038e-04 grad_norm=1.078 samples/s=76.61
[step 2000/5000] loss=1.9640 lr=2.029e-04 grad_norm=0.973 samples/s=76.63
[val step 2000] loss=2.095915977478027 m01={'mean': 0.40870631358286436, 'median': 0.40852444041643865, 'p95': 0.676708160293416, 'tail_frac_gt4px': 8.186655751125665e-05, 'n_matched': 12215} m02={'12-16': 0.916955017301038, '16-32': 0.9546000480422772, '32-64': 0.9453749033754187, '64-128': 0.9424778761061947} m04={'accuracy': 0.5815800245599673, 'by_octave': {'12-16': 0.5647798742138365, '16-32': 0.6383995973829895, '32-64': 0.6162442082311257, '64-128': 0.4721663313212609}} diag={'gate3_alpha_mean': 0.28227534890174866, 'gate3_alpha_min': 0.01668548583984375, 'gate3_alpha_max': 0.98779296875, 'gate3_alpha_std': 0.1545737236738205, 'gate3_alpha_p10': 0.0999908447265625, 'gate3_alpha_p50': 0.2621116638183594, 'gate3_alpha_p90': 0.4891357421875, 'block0_attn_entropy': 7.1890082359313965, 'block1_attn_entropy': 7.4866156578063965}
[step 2010/5000] loss=2.1283 lr=2.020e-04 grad_norm=1.227 samples/s=76.93
[step 2020/5000] loss=1.5058 lr=2.011e-04 grad_norm=1.002 samples/s=77.18
[step 2030/5000] loss=1.8971 lr=2.002e-04 grad_norm=1.200 samples/s=77.13
[step 2040/5000] loss=1.6005 lr=1.993e-04 grad_norm=1.429 samples/s=77.11
[step 2050/5000] loss=2.3553 lr=1.984e-04 grad_norm=1.177 samples/s=77.08
[step 2060/5000] loss=2.0009 lr=1.975e-04 grad_norm=1.230 samples/s=77.00
[step 2070/5000] loss=1.7000 lr=1.966e-04 grad_norm=1.138 samples/s=77.00
[step 2080/5000] loss=2.2911 lr=1.957e-04 grad_norm=1.244 samples/s=76.98
[step 2090/5000] loss=2.1219 lr=1.948e-04 grad_norm=1.227 samples/s=76.94
[step 2100/5000] loss=2.0738 lr=1.938e-04 grad_norm=1.469 samples/s=76.91
[step 2110/5000] loss=3.1066 lr=1.929e-04 grad_norm=1.390 samples/s=76.84
[step 2120/5000] loss=1.9686 lr=1.920e-04 grad_norm=1.105 samples/s=76.88
[step 2130/5000] loss=1.8943 lr=1.911e-04 grad_norm=1.036 samples/s=76.80
[step 2140/5000] loss=2.4437 lr=1.902e-04 grad_norm=1.162 samples/s=76.86
[step 2150/5000] loss=1.9705 lr=1.893e-04 grad_norm=1.098 samples/s=76.83
[step 2160/5000] loss=1.6967 lr=1.883e-04 grad_norm=1.306 samples/s=76.85
[step 2170/5000] loss=1.5610 lr=1.874e-04 grad_norm=1.155 samples/s=76.82
[step 2180/5000] loss=2.3966 lr=1.865e-04 grad_norm=1.367 samples/s=76.82
[step 2190/5000] loss=1.8508 lr=1.856e-04 grad_norm=1.342 samples/s=76.75
[step 2200/5000] loss=2.8198 lr=1.846e-04 grad_norm=1.228 samples/s=76.77
[step 2210/5000] loss=2.7400 lr=1.837e-04 grad_norm=1.615 samples/s=76.66
[step 2220/5000] loss=1.7037 lr=1.828e-04 grad_norm=1.231 samples/s=76.73
[step 2230/5000] loss=2.1712 lr=1.818e-04 grad_norm=1.133 samples/s=76.62
[step 2240/5000] loss=2.1832 lr=1.809e-04 grad_norm=1.192 samples/s=76.63
[step 2250/5000] loss=2.2274 lr=1.800e-04 grad_norm=1.244 samples/s=76.60
[val step 2250] loss=2.0879893608093263 m01={'mean': 0.40788148571823984, 'median': 0.40855638516584547, 'p95': 0.6761799121606309, 'tail_frac_gt4px': 0.0, 'n_matched': 12210} m02={'12-16': 0.916955017301038, '16-32': 0.9541196252702379, '32-64': 0.9453749033754187, '64-128': 0.9415297092288243} m04={'accuracy': 0.5853398853398853, 'by_octave': {'12-16': 0.5691823899371069, '16-32': 0.6427492447129909, '32-64': 0.6192423003543199, '64-128': 0.4756629741524001}} diag={'gate3_alpha_mean': 0.28227534890174866, 'gate3_alpha_min': 0.01668548583984375, 'gate3_alpha_max': 0.98779296875, 'gate3_alpha_std': 0.1545737236738205, 'gate3_alpha_p10': 0.0999908447265625, 'gate3_alpha_p50': 0.2621116638183594, 'gate3_alpha_p90': 0.4891357421875, 'block0_attn_entropy': 7.1890082359313965, 'block1_attn_entropy': 7.4866156578063965}
[step 2260/5000] loss=1.8584 lr=1.790e-04 grad_norm=1.247 samples/s=76.82
[step 2270/5000] loss=1.7303 lr=1.781e-04 grad_norm=1.323 samples/s=77.04
[step 2280/5000] loss=1.7813 lr=1.772e-04 grad_norm=1.043 samples/s=77.00
[step 2290/5000] loss=2.3632 lr=1.762e-04 grad_norm=1.157 samples/s=77.00
[step 2300/5000] loss=2.1619 lr=1.753e-04 grad_norm=1.090 samples/s=76.96
[step 2310/5000] loss=2.0166 lr=1.744e-04 grad_norm=1.117 samples/s=76.96
[step 2320/5000] loss=1.7502 lr=1.734e-04 grad_norm=1.083 samples/s=76.91
[step 2330/5000] loss=1.8198 lr=1.725e-04 grad_norm=1.309 samples/s=76.90
[step 2340/5000] loss=1.8887 lr=1.715e-04 grad_norm=1.234 samples/s=76.90
[step 2350/5000] loss=2.1648 lr=1.706e-04 grad_norm=1.133 samples/s=76.90
[step 2360/5000] loss=2.0754 lr=1.696e-04 grad_norm=1.079 samples/s=76.89
[step 2370/5000] loss=1.9098 lr=1.687e-04 grad_norm=1.085 samples/s=76.84
[step 2380/5000] loss=2.2136 lr=1.677e-04 grad_norm=1.547 samples/s=76.86
[step 2390/5000] loss=2.5035 lr=1.668e-04 grad_norm=1.228 samples/s=76.77
[step 2400/5000] loss=2.3426 lr=1.659e-04 grad_norm=1.046 samples/s=76.78
[step 2410/5000] loss=2.0109 lr=1.649e-04 grad_norm=1.573 samples/s=76.73
[step 2420/5000] loss=2.4836 lr=1.640e-04 grad_norm=1.220 samples/s=76.73
[step 2430/5000] loss=1.9406 lr=1.630e-04 grad_norm=1.115 samples/s=76.69
[step 2440/5000] loss=1.7198 lr=1.621e-04 grad_norm=1.446 samples/s=76.70
[step 2450/5000] loss=2.2717 lr=1.611e-04 grad_norm=1.431 samples/s=76.62
[step 2460/5000] loss=1.8330 lr=1.602e-04 grad_norm=1.298 samples/s=76.61
[step 2470/5000] loss=1.7753 lr=1.592e-04 grad_norm=1.138 samples/s=76.57
[step 2480/5000] loss=2.0489 lr=1.583e-04 grad_norm=1.360 samples/s=76.58
[step 2490/5000] loss=2.2197 lr=1.573e-04 grad_norm=1.220 samples/s=76.51
[step 2500/5000] loss=1.7593 lr=1.564e-04 grad_norm=1.504 samples/s=76.57
[val step 2500] loss=2.0803737239837647 m01={'mean': 0.40815461865708363, 'median': 0.4085989121630193, 'p95': 0.6770474734531933, 'tail_frac_gt4px': 0.0, 'n_matched': 12209} m02={'12-16': 0.916955017301038, '16-32': 0.9543598366562575, '32-64': 0.9448595722751868, '64-128': 0.9415297092288243} m04={'accuracy': 0.5916127446965354, 'by_octave': {'12-16': 0.5748427672955975, '16-32': 0.6493833375283161, '32-64': 0.6269430051813472, '64-128': 0.48002685464921113}} diag={'gate3_alpha_mean': 0.28227534890174866, 'gate3_alpha_min': 0.01668548583984375, 'gate3_alpha_max': 0.98779296875, 'gate3_alpha_std': 0.1545737236738205, 'gate3_alpha_p10': 0.0999908447265625, 'gate3_alpha_p50': 0.2621116638183594, 'gate3_alpha_p90': 0.4891357421875, 'block0_attn_entropy': 7.1890082359313965, 'block1_attn_entropy': 7.4866156578063965}
[step 2510/5000] loss=1.6413 lr=1.554e-04 grad_norm=1.014 samples/s=76.76
[step 2520/5000] loss=1.6217 lr=1.545e-04 grad_norm=0.979 samples/s=76.96
[step 2530/5000] loss=1.6531 lr=1.535e-04 grad_norm=1.025 samples/s=76.93
[step 2540/5000] loss=2.3799 lr=1.525e-04 grad_norm=1.446 samples/s=76.97
[step 2550/5000] loss=1.7291 lr=1.516e-04 grad_norm=1.105 samples/s=76.92
[step 2560/5000] loss=1.6868 lr=1.506e-04 grad_norm=1.515 samples/s=76.93
[step 2570/5000] loss=1.6623 lr=1.497e-04 grad_norm=1.193 samples/s=76.88
[step 2580/5000] loss=2.1288 lr=1.487e-04 grad_norm=1.168 samples/s=76.92
[step 2590/5000] loss=2.0440 lr=1.478e-04 grad_norm=1.108 samples/s=76.85
[step 2600/5000] loss=1.8477 lr=1.468e-04 grad_norm=1.192 samples/s=76.87
[step 2610/5000] loss=1.8731 lr=1.459e-04 grad_norm=1.388 samples/s=76.79
[step 2620/5000] loss=2.4622 lr=1.449e-04 grad_norm=1.202 samples/s=76.81
[step 2630/5000] loss=1.9126 lr=1.440e-04 grad_norm=1.260 samples/s=76.77
[step 2640/5000] loss=1.6773 lr=1.430e-04 grad_norm=1.005 samples/s=76.78
[step 2650/5000] loss=1.5051 lr=1.421e-04 grad_norm=1.032 samples/s=76.74
[step 2660/5000] loss=1.9127 lr=1.411e-04 grad_norm=1.147 samples/s=76.76
[step 2670/5000] loss=2.5199 lr=1.402e-04 grad_norm=1.321 samples/s=76.73
[step 2680/5000] loss=1.9496 lr=1.392e-04 grad_norm=1.434 samples/s=76.76
[step 2690/5000] loss=2.1932 lr=1.383e-04 grad_norm=1.206 samples/s=76.71
[step 2700/5000] loss=1.9344 lr=1.373e-04 grad_norm=1.201 samples/s=76.71
[step 2710/5000] loss=1.7340 lr=1.364e-04 grad_norm=1.302 samples/s=76.67
[step 2720/5000] loss=2.9257 lr=1.354e-04 grad_norm=1.186 samples/s=76.68
[step 2730/5000] loss=2.4395 lr=1.345e-04 grad_norm=1.274 samples/s=76.63
[step 2740/5000] loss=1.6273 lr=1.335e-04 grad_norm=1.151 samples/s=76.63
[step 2750/5000] loss=1.5663 lr=1.326e-04 grad_norm=1.327 samples/s=76.62
[val step 2750] loss=2.0745044822692873 m01={'mean': 0.4080027552802493, 'median': 0.40853668612566707, 'p95': 0.6761812847592361, 'tail_frac_gt4px': 0.0, 'n_matched': 12208} m02={'12-16': 0.9163783160322952, '16-32': 0.9543598366562575, '32-64': 0.9448595722751868, '64-128': 0.9415297092288243} m04={'accuracy': 0.5948558322411533, 'by_octave': {'12-16': 0.5739458779106357, '16-32': 0.654669015857035, '32-64': 0.6310335424052359, '64-128': 0.48170527022490767}} diag={'gate3_alpha_mean': 0.28227534890174866, 'gate3_alpha_min': 0.01668548583984375, 'gate3_alpha_max': 0.98779296875, 'gate3_alpha_std': 0.1545737236738205, 'gate3_alpha_p10': 0.0999908447265625, 'gate3_alpha_p50': 0.2621116638183594, 'gate3_alpha_p90': 0.4891357421875, 'block0_attn_entropy': 7.1890082359313965, 'block1_attn_entropy': 7.4866156578063965}
[step 2760/5000] loss=1.7741 lr=1.317e-04 grad_norm=1.565 samples/s=76.80
[step 2770/5000] loss=1.7646 lr=1.307e-04 grad_norm=1.104 samples/s=76.97
[step 2780/5000] loss=2.0222 lr=1.298e-04 grad_norm=1.062 samples/s=76.96
[step 2790/5000] loss=1.6075 lr=1.288e-04 grad_norm=1.390 samples/s=76.88
[step 2800/5000] loss=2.0673 lr=1.279e-04 grad_norm=1.234 samples/s=76.92
[step 2810/5000] loss=1.6602 lr=1.270e-04 grad_norm=1.170 samples/s=76.92
[step 2820/5000] loss=1.5447 lr=1.260e-04 grad_norm=1.202 samples/s=76.91
[step 2830/5000] loss=2.3844 lr=1.251e-04 grad_norm=1.443 samples/s=76.89
[step 2840/5000] loss=1.9821 lr=1.241e-04 grad_norm=1.138 samples/s=76.93
[step 2850/5000] loss=1.8833 lr=1.232e-04 grad_norm=0.932 samples/s=76.82
[step 2860/5000] loss=1.7172 lr=1.223e-04 grad_norm=1.102 samples/s=76.85
[step 2870/5000] loss=2.1327 lr=1.213e-04 grad_norm=1.398 samples/s=76.79
[step 2880/5000] loss=1.7243 lr=1.204e-04 grad_norm=1.324 samples/s=76.80
[step 2890/5000] loss=1.8052 lr=1.195e-04 grad_norm=1.695 samples/s=76.73
[step 2900/5000] loss=1.9819 lr=1.185e-04 grad_norm=1.071 samples/s=76.79
[step 2910/5000] loss=1.6795 lr=1.176e-04 grad_norm=1.297 samples/s=76.75
[step 2920/5000] loss=1.7778 lr=1.167e-04 grad_norm=1.385 samples/s=76.79
[step 2930/5000] loss=1.6397 lr=1.158e-04 grad_norm=1.052 samples/s=76.70
[step 2940/5000] loss=1.7573 lr=1.148e-04 grad_norm=1.053 samples/s=76.71
[step 2950/5000] loss=1.6047 lr=1.139e-04 grad_norm=1.599 samples/s=76.62
[step 2960/5000] loss=2.1613 lr=1.130e-04 grad_norm=1.645 samples/s=76.67
[step 2970/5000] loss=1.7859 lr=1.121e-04 grad_norm=1.562 samples/s=76.58
[step 2980/5000] loss=1.6367 lr=1.112e-04 grad_norm=1.190 samples/s=76.62
[step 2990/5000] loss=2.3026 lr=1.103e-04 grad_norm=1.221 samples/s=76.59
[step 3000/5000] loss=1.6850 lr=1.093e-04 grad_norm=1.282 samples/s=76.59
[val step 3000] loss=2.0698611125946047 m01={'mean': 0.40770706472872703, 'median': 0.40835430767447695, 'p95': 0.6759741581149096, 'tail_frac_gt4px': 0.0, 'n_matched': 12206} m02={'12-16': 0.9158016147635525, '16-32': 0.9538794138842182, '32-64': 0.9443442411749549, '64-128': 0.9424778761061947} m04={'accuracy': 0.5961822054727184, 'by_octave': {'12-16': 0.5743073047858942, '16-32': 0.6572651725006295, '32-64': 0.6338335607094133, '64-128': 0.4802146210596915}} diag={'gate3_alpha_mean': 0.28227534890174866, 'gate3_alpha_min': 0.01668548583984375, 'gate3_alpha_max': 0.98779296875, 'gate3_alpha_std': 0.1545737236738205, 'gate3_alpha_p10': 0.0999908447265625, 'gate3_alpha_p50': 0.2621116638183594, 'gate3_alpha_p90': 0.4891357421875, 'block0_attn_entropy': 7.1890082359313965, 'block1_attn_entropy': 7.4866156578063965}
[step 3010/5000] loss=1.8507 lr=1.084e-04 grad_norm=1.256 samples/s=76.79
[step 3020/5000] loss=1.6910 lr=1.075e-04 grad_norm=1.168 samples/s=76.96
[step 3030/5000] loss=2.1934 lr=1.066e-04 grad_norm=1.279 samples/s=76.95
[step 3040/5000] loss=1.4667 lr=1.057e-04 grad_norm=1.277 samples/s=76.95
[step 3050/5000] loss=1.7039 lr=1.048e-04 grad_norm=1.366 samples/s=76.88
[step 3060/5000] loss=2.0720 lr=1.039e-04 grad_norm=1.222 samples/s=76.93
[step 3070/5000] loss=1.8501 lr=1.030e-04 grad_norm=1.524 samples/s=76.86
[step 3080/5000] loss=2.1311 lr=1.021e-04 grad_norm=1.577 samples/s=76.90
[step 3090/5000] loss=1.8095 lr=1.012e-04 grad_norm=1.109 samples/s=76.82
[step 3100/5000] loss=1.5213 lr=1.003e-04 grad_norm=1.010 samples/s=76.87
[step 3110/5000] loss=2.0888 lr=9.941e-05 grad_norm=1.309 samples/s=76.78
[step 3120/5000] loss=2.0250 lr=9.852e-05 grad_norm=1.262 samples/s=76.80
[step 3130/5000] loss=2.2576 lr=9.763e-05 grad_norm=1.485 samples/s=76.73
[step 3140/5000] loss=2.2447 lr=9.674e-05 grad_norm=1.212 samples/s=76.76
[step 3150/5000] loss=1.5873 lr=9.586e-05 grad_norm=1.196 samples/s=76.72
[step 3160/5000] loss=2.0662 lr=9.498e-05 grad_norm=1.427 samples/s=76.75
[step 3170/5000] loss=1.8348 lr=9.410e-05 grad_norm=1.267 samples/s=76.74
[step 3180/5000] loss=2.1908 lr=9.322e-05 grad_norm=1.222 samples/s=76.72
[step 3190/5000] loss=1.7920 lr=9.235e-05 grad_norm=1.677 samples/s=76.73
[step 3200/5000] loss=1.6743 lr=9.148e-05 grad_norm=1.006 samples/s=76.72
[step 3210/5000] loss=1.9123 lr=9.061e-05 grad_norm=1.127 samples/s=76.75
[step 3220/5000] loss=1.8395 lr=8.974e-05 grad_norm=1.250 samples/s=76.70
[step 3230/5000] loss=1.9424 lr=8.888e-05 grad_norm=1.145 samples/s=76.71
[step 3240/5000] loss=2.9353 lr=8.801e-05 grad_norm=1.496 samples/s=76.68
[step 3250/5000] loss=2.5116 lr=8.715e-05 grad_norm=1.438 samples/s=76.72
[val step 3250] loss=2.065727716445923 m01={'mean': 0.40757444066572923, 'median': 0.40824315972220754, 'p95': 0.6754176399149736, 'tail_frac_gt4px': 0.0, 'n_matched': 12209} m02={'12-16': 0.9163783160322952, '16-32': 0.9548402594282969, '32-64': 0.9443442411749549, '64-128': 0.9418457648546145} m04={'accuracy': 0.5993938897534605, 'by_octave': {'12-16': 0.5764631843926998, '16-32': 0.6608805031446541, '32-64': 0.6346521145975443, '64-128': 0.48624161073825506}} diag={'gate3_alpha_mean': 0.28227534890174866, 'gate3_alpha_min': 0.01668548583984375, 'gate3_alpha_max': 0.98779296875, 'gate3_alpha_std': 0.1545737236738205, 'gate3_alpha_p10': 0.0999908447265625, 'gate3_alpha_p50': 0.2621116638183594, 'gate3_alpha_p90': 0.4891357421875, 'block0_attn_entropy': 7.1890082359313965, 'block1_attn_entropy': 7.4866156578063965}
[step 3260/5000] loss=1.6525 lr=8.630e-05 grad_norm=1.264 samples/s=76.91
[step 3270/5000] loss=1.8290 lr=8.544e-05 grad_norm=1.068 samples/s=77.05
[step 3280/5000] loss=2.4931 lr=8.459e-05 grad_norm=1.280 samples/s=77.01
[step 3290/5000] loss=1.9815 lr=8.374e-05 grad_norm=1.123 samples/s=77.02
[step 3300/5000] loss=1.9932 lr=8.290e-05 grad_norm=1.423 samples/s=76.97
[step 3310/5000] loss=1.4577 lr=8.205e-05 grad_norm=1.188 samples/s=77.02
[step 3320/5000] loss=1.9013 lr=8.121e-05 grad_norm=1.172 samples/s=76.99
[step 3330/5000] loss=2.4564 lr=8.038e-05 grad_norm=1.338 samples/s=76.97
[step 3340/5000] loss=1.8801 lr=7.954e-05 grad_norm=1.572 samples/s=76.92
[step 3350/5000] loss=2.3142 lr=7.871e-05 grad_norm=1.310 samples/s=76.94
[step 3360/5000] loss=2.2925 lr=7.788e-05 grad_norm=1.114 samples/s=76.90
[step 3370/5000] loss=1.8800 lr=7.706e-05 grad_norm=1.386 samples/s=76.92
[step 3380/5000] loss=2.1655 lr=7.624e-05 grad_norm=1.304 samples/s=76.88
[step 3390/5000] loss=1.6442 lr=7.542e-05 grad_norm=1.042 samples/s=76.89
[step 3400/5000] loss=2.7441 lr=7.460e-05 grad_norm=1.202 samples/s=76.86
[step 3410/5000] loss=1.5316 lr=7.379e-05 grad_norm=1.054 samples/s=76.85
[step 3420/5000] loss=1.9853 lr=7.298e-05 grad_norm=1.159 samples/s=76.82
[step 3430/5000] loss=1.8688 lr=7.217e-05 grad_norm=1.124 samples/s=76.82
[step 3440/5000] loss=1.7467 lr=7.137e-05 grad_norm=1.285 samples/s=76.81
[step 3450/5000] loss=1.7175 lr=7.057e-05 grad_norm=1.087 samples/s=76.80
[step 3460/5000] loss=1.6116 lr=6.977e-05 grad_norm=1.157 samples/s=76.74
[step 3470/5000] loss=2.8039 lr=6.898e-05 grad_norm=1.287 samples/s=76.74
[step 3480/5000] loss=1.6518 lr=6.819e-05 grad_norm=0.901 samples/s=76.69
[step 3490/5000] loss=1.7502 lr=6.740e-05 grad_norm=1.468 samples/s=76.69
[step 3500/5000] loss=2.2694 lr=6.662e-05 grad_norm=1.121 samples/s=76.66
[val step 3500] loss=2.0632352199554442 m01={'mean': 0.4077192340027936, 'median': 0.40845083704110524, 'p95': 0.6761631008037311, 'tail_frac_gt4px': 0.0, 'n_matched': 12208} m02={'12-16': 0.9158016147635525, '16-32': 0.9548402594282969, '32-64': 0.9443442411749549, '64-128': 0.9418457648546145} m04={'accuracy': 0.6017365661861075, 'by_octave': {'12-16': 0.5799748110831234, '16-32': 0.6623899371069183, '32-64': 0.6371077762619373, '64-128': 0.4889261744966443}} diag={'gate3_alpha_mean': 0.28227534890174866, 'gate3_alpha_min': 0.01668548583984375, 'gate3_alpha_max': 0.98779296875, 'gate3_alpha_std': 0.1545737236738205, 'gate3_alpha_p10': 0.0999908447265625, 'gate3_alpha_p50': 0.2621116638183594, 'gate3_alpha_p90': 0.4891357421875, 'block0_attn_entropy': 7.1890082359313965, 'block1_attn_entropy': 7.4866156578063965}
[step 3510/5000] loss=1.7393 lr=6.584e-05 grad_norm=1.167 samples/s=76.82
[step 3520/5000] loss=1.4471 lr=6.506e-05 grad_norm=1.167 samples/s=76.96
[step 3530/5000] loss=2.1470 lr=6.429e-05 grad_norm=1.077 samples/s=76.97
[step 3540/5000] loss=1.9189 lr=6.352e-05 grad_norm=1.302 samples/s=76.90
[step 3550/5000] loss=1.7509 lr=6.276e-05 grad_norm=1.286 samples/s=76.93
[step 3560/5000] loss=3.0501 lr=6.200e-05 grad_norm=1.400 samples/s=76.89
[step 3570/5000] loss=1.4065 lr=6.124e-05 grad_norm=1.122 samples/s=76.90
[step 3580/5000] loss=1.7287 lr=6.048e-05 grad_norm=1.443 samples/s=76.90
[step 3590/5000] loss=1.7879 lr=5.973e-05 grad_norm=1.219 samples/s=76.91
[step 3600/5000] loss=1.8367 lr=5.899e-05 grad_norm=1.590 samples/s=76.89
[step 3610/5000] loss=2.4755 lr=5.824e-05 grad_norm=1.102 samples/s=76.90
[step 3620/5000] loss=1.5760 lr=5.750e-05 grad_norm=1.059 samples/s=76.90
[step 3630/5000] loss=1.7498 lr=5.677e-05 grad_norm=1.320 samples/s=76.88
[step 3640/5000] loss=1.6828 lr=5.604e-05 grad_norm=1.323 samples/s=76.89
[step 3650/5000] loss=1.9429 lr=5.531e-05 grad_norm=1.552 samples/s=76.86
[step 3660/5000] loss=2.4904 lr=5.459e-05 grad_norm=1.156 samples/s=76.86
[step 3670/5000] loss=1.4803 lr=5.387e-05 grad_norm=1.407 samples/s=76.85
[step 3680/5000] loss=2.0141 lr=5.315e-05 grad_norm=1.131 samples/s=76.84
[step 3690/5000] loss=1.7777 lr=5.244e-05 grad_norm=1.607 samples/s=76.79
[step 3700/5000] loss=2.0418 lr=5.173e-05 grad_norm=1.131 samples/s=76.78
[step 3710/5000] loss=1.9410 lr=5.103e-05 grad_norm=1.147 samples/s=76.78
[step 3720/5000] loss=1.8811 lr=5.033e-05 grad_norm=1.201 samples/s=76.72
[step 3730/5000] loss=2.1085 lr=4.964e-05 grad_norm=1.136 samples/s=76.75
[step 3740/5000] loss=1.9119 lr=4.895e-05 grad_norm=1.184 samples/s=76.73
[step 3750/5000] loss=1.9915 lr=4.826e-05 grad_norm=1.256 samples/s=76.72
[val step 3750] loss=2.060625957489014 m01={'mean': 0.40761490837632725, 'median': 0.40835430767447695, 'p95': 0.6754355002038935, 'tail_frac_gt4px': 0.0, 'n_matched': 12206} m02={'12-16': 0.9158016147635525, '16-32': 0.9548402594282969, '32-64': 0.944086575624839, '64-128': 0.9415297092288243} m04={'accuracy': 0.6024086514828773, 'by_octave': {'12-16': 0.5793450881612091, '16-32': 0.6659119496855346, '32-64': 0.636735807860262, '64-128': 0.4877475662974152}} diag={'gate3_alpha_mean': 0.28227534890174866, 'gate3_alpha_min': 0.01668548583984375, 'gate3_alpha_max': 0.98779296875, 'gate3_alpha_std': 0.1545737236738205, 'gate3_alpha_p10': 0.0999908447265625, 'gate3_alpha_p50': 0.2621116638183594, 'gate3_alpha_p90': 0.4891357421875, 'block0_attn_entropy': 7.1890082359313965, 'block1_attn_entropy': 7.4866156578063965}
[step 3760/5000] loss=1.5553 lr=4.758e-05 grad_norm=1.172 samples/s=76.88
[step 3770/5000] loss=1.4428 lr=4.690e-05 grad_norm=1.180 samples/s=77.03
[step 3780/5000] loss=2.9853 lr=4.623e-05 grad_norm=1.222 samples/s=77.00
[step 3790/5000] loss=1.7068 lr=4.556e-05 grad_norm=1.133 samples/s=76.98
[step 3800/5000] loss=2.4059 lr=4.489e-05 grad_norm=1.324 samples/s=76.96
[step 3810/5000] loss=2.1382 lr=4.423e-05 grad_norm=1.252 samples/s=76.98
[step 3820/5000] loss=2.1078 lr=4.357e-05 grad_norm=1.159 samples/s=76.93
[step 3830/5000] loss=2.3022 lr=4.292e-05 grad_norm=1.323 samples/s=76.95
[step 3840/5000] loss=1.7552 lr=4.228e-05 grad_norm=1.390 samples/s=76.92
[step 3850/5000] loss=1.7095 lr=4.163e-05 grad_norm=1.212 samples/s=76.92
[step 3860/5000] loss=1.9284 lr=4.099e-05 grad_norm=1.340 samples/s=76.88
[step 3870/5000] loss=2.7570 lr=4.036e-05 grad_norm=1.193 samples/s=76.89
[step 3880/5000] loss=1.6678 lr=3.973e-05 grad_norm=1.263 samples/s=76.85
[step 3890/5000] loss=1.5951 lr=3.911e-05 grad_norm=1.095 samples/s=76.85
[step 3900/5000] loss=1.4769 lr=3.849e-05 grad_norm=1.117 samples/s=76.80
[step 3910/5000] loss=1.6306 lr=3.787e-05 grad_norm=1.036 samples/s=76.83
[step 3920/5000] loss=2.5366 lr=3.726e-05 grad_norm=1.206 samples/s=76.77
[step 3930/5000] loss=1.8156 lr=3.666e-05 grad_norm=1.205 samples/s=76.79
[step 3940/5000] loss=2.3984 lr=3.605e-05 grad_norm=1.360 samples/s=76.74
[step 3950/5000] loss=1.5423 lr=3.546e-05 grad_norm=1.156 samples/s=76.78
[step 3960/5000] loss=2.1054 lr=3.487e-05 grad_norm=1.131 samples/s=76.73
[step 3970/5000] loss=1.9346 lr=3.428e-05 grad_norm=1.016 samples/s=76.76
[step 3980/5000] loss=1.9139 lr=3.370e-05 grad_norm=1.441 samples/s=76.74
[step 3990/5000] loss=1.5787 lr=3.312e-05 grad_norm=1.268 samples/s=76.81
[step 4000/5000] loss=2.0100 lr=3.255e-05 grad_norm=1.341 samples/s=76.79
[val step 4000] loss=2.0591020011901855 m01={'mean': 0.4076952963714277, 'median': 0.4083102032602793, 'p95': 0.6756807069873894, 'tail_frac_gt4px': 0.0, 'n_matched': 12210} m02={'12-16': 0.9158016147635525, '16-32': 0.9548402594282969, '32-64': 0.9448595722751868, '64-128': 0.9418457648546145} m04={'accuracy': 0.6042588042588043, 'by_octave': {'12-16': 0.5812342569269522, '16-32': 0.6661635220125787, '32-64': 0.6405781292609762, '64-128': 0.489261744966443}} diag={'gate3_alpha_mean': 0.28227534890174866, 'gate3_alpha_min': 0.01668548583984375, 'gate3_alpha_max': 0.98779296875, 'gate3_alpha_std': 0.1545737236738205, 'gate3_alpha_p10': 0.0999908447265625, 'gate3_alpha_p50': 0.2621116638183594, 'gate3_alpha_p90': 0.4891357421875, 'block0_attn_entropy': 7.1890082359313965, 'block1_attn_entropy': 7.4866156578063965}
[step 4010/5000] loss=1.9719 lr=3.198e-05 grad_norm=1.324 samples/s=76.94
[step 4020/5000] loss=1.8088 lr=3.142e-05 grad_norm=1.054 samples/s=77.07
[step 4030/5000] loss=1.9664 lr=3.086e-05 grad_norm=1.479 samples/s=77.05
[step 4040/5000] loss=1.7889 lr=3.031e-05 grad_norm=1.239 samples/s=77.06
[step 4050/5000] loss=1.8445 lr=2.976e-05 grad_norm=1.116 samples/s=77.06
[step 4060/5000] loss=1.9583 lr=2.922e-05 grad_norm=1.181 samples/s=77.03
[step 4070/5000] loss=2.0498 lr=2.868e-05 grad_norm=1.075 samples/s=77.04
[step 4080/5000] loss=1.7324 lr=2.815e-05 grad_norm=1.423 samples/s=77.03
[step 4090/5000] loss=2.1457 lr=2.762e-05 grad_norm=1.167 samples/s=76.99
[step 4100/5000] loss=2.5971 lr=2.710e-05 grad_norm=1.273 samples/s=77.00
[step 4110/5000] loss=2.4641 lr=2.658e-05 grad_norm=1.256 samples/s=76.96
[step 4120/5000] loss=2.1229 lr=2.607e-05 grad_norm=1.063 samples/s=76.96
[step 4130/5000] loss=2.3535 lr=2.556e-05 grad_norm=1.299 samples/s=76.94
[step 4140/5000] loss=1.8436 lr=2.506e-05 grad_norm=1.266 samples/s=76.92
[step 4150/5000] loss=1.8306 lr=2.456e-05 grad_norm=1.422 samples/s=76.94
[step 4160/5000] loss=2.1543 lr=2.407e-05 grad_norm=1.214 samples/s=76.88
[step 4170/5000] loss=1.6724 lr=2.358e-05 grad_norm=1.205 samples/s=76.91
[step 4180/5000] loss=1.9615 lr=2.310e-05 grad_norm=1.164 samples/s=76.83
[step 4190/5000] loss=1.5266 lr=2.263e-05 grad_norm=1.300 samples/s=76.87
[step 4200/5000] loss=1.7429 lr=2.216e-05 grad_norm=1.124 samples/s=76.85
[step 4210/5000] loss=1.8408 lr=2.169e-05 grad_norm=1.459 samples/s=76.86
[step 4220/5000] loss=2.4270 lr=2.123e-05 grad_norm=1.286 samples/s=76.83
[step 4230/5000] loss=2.1054 lr=2.078e-05 grad_norm=1.549 samples/s=76.82
[step 4240/5000] loss=2.5703 lr=2.033e-05 grad_norm=1.199 samples/s=76.82
[step 4250/5000] loss=2.1925 lr=1.988e-05 grad_norm=1.302 samples/s=76.78
[val step 4250] loss=2.058162317276001 m01={'mean': 0.40774353129914526, 'median': 0.40845083704110524, 'p95': 0.6761107145023622, 'tail_frac_gt4px': 0.0, 'n_matched': 12208} m02={'12-16': 0.9158016147635525, '16-32': 0.9546000480422772, '32-64': 0.9446019067250708, '64-128': 0.9418457648546145} m04={'accuracy': 0.6031290956749672, 'by_octave': {'12-16': 0.5806045340050378, '16-32': 0.6645697030699547, '32-64': 0.6396617566830333, '64-128': 0.48825503355704697}} diag={'gate3_alpha_mean': 0.28227534890174866, 'gate3_alpha_min': 0.01668548583984375, 'gate3_alpha_max': 0.98779296875, 'gate3_alpha_std': 0.1545737236738205, 'gate3_alpha_p10': 0.0999908447265625, 'gate3_alpha_p50': 0.2621116638183594, 'gate3_alpha_p90': 0.4891357421875, 'block0_attn_entropy': 7.1890082359313965, 'block1_attn_entropy': 7.4866156578063965}
[step 4260/5000] loss=2.0879 lr=1.945e-05 grad_norm=1.065 samples/s=76.92
[step 4270/5000] loss=1.7282 lr=1.901e-05 grad_norm=1.666 samples/s=77.04
[step 4280/5000] loss=2.6237 lr=1.859e-05 grad_norm=1.006 samples/s=77.03
[step 4290/5000] loss=1.9597 lr=1.816e-05 grad_norm=1.084 samples/s=77.03
[step 4300/5000] loss=2.2618 lr=1.775e-05 grad_norm=1.623 samples/s=76.97
[step 4310/5000] loss=2.1228 lr=1.734e-05 grad_norm=1.203 samples/s=76.97
[step 4320/5000] loss=2.2358 lr=1.693e-05 grad_norm=1.128 samples/s=76.92
[step 4330/5000] loss=2.1307 lr=1.653e-05 grad_norm=1.333 samples/s=76.96
[step 4340/5000] loss=1.7586 lr=1.614e-05 grad_norm=1.127 samples/s=76.92
[step 4350/5000] loss=1.9293 lr=1.575e-05 grad_norm=1.283 samples/s=76.95
[step 4360/5000] loss=1.5896 lr=1.537e-05 grad_norm=1.458 samples/s=76.91
[step 4370/5000] loss=1.9335 lr=1.499e-05 grad_norm=1.561 samples/s=76.94
[step 4380/5000] loss=1.6941 lr=1.462e-05 grad_norm=1.492 samples/s=76.90
[step 4390/5000] loss=1.8452 lr=1.425e-05 grad_norm=1.164 samples/s=76.92
[step 4400/5000] loss=1.9125 lr=1.389e-05 grad_norm=1.308 samples/s=76.89
[step 4410/5000] loss=1.8749 lr=1.353e-05 grad_norm=1.406 samples/s=76.91
[step 4420/5000] loss=1.5476 lr=1.318e-05 grad_norm=1.306 samples/s=76.84
[step 4430/5000] loss=2.0065 lr=1.284e-05 grad_norm=1.125 samples/s=76.86
[step 4440/5000] loss=1.3673 lr=1.250e-05 grad_norm=1.028 samples/s=76.80
[step 4450/5000] loss=1.7076 lr=1.217e-05 grad_norm=1.239 samples/s=76.81
[step 4460/5000] loss=2.1675 lr=1.184e-05 grad_norm=1.593 samples/s=76.79
[step 4470/5000] loss=2.6335 lr=1.152e-05 grad_norm=1.364 samples/s=76.81
[step 4480/5000] loss=1.6215 lr=1.121e-05 grad_norm=1.039 samples/s=76.76
[step 4490/5000] loss=2.5580 lr=1.090e-05 grad_norm=1.173 samples/s=76.78
[step 4500/5000] loss=1.6582 lr=1.060e-05 grad_norm=1.246 samples/s=76.77
[val step 4500] loss=2.057384038925171 m01={'mean': 0.4076856417398281, 'median': 0.40845083704110524, 'p95': 0.6759255781212289, 'tail_frac_gt4px': 0.0, 'n_matched': 12206} m02={'12-16': 0.9158016147635525, '16-32': 0.9546000480422772, '32-64': 0.9443442411749549, '64-128': 0.9415297092288243} m04={'accuracy': 0.6035556283794855, 'by_octave': {'12-16': 0.5806045340050378, '16-32': 0.6645697030699547, '32-64': 0.6384720327421555, '64-128': 0.4914400805639476}} diag={'gate3_alpha_mean': 0.28227534890174866, 'gate3_alpha_min': 0.01668548583984375, 'gate3_alpha_max': 0.98779296875, 'gate3_alpha_std': 0.1545737236738205, 'gate3_alpha_p10': 0.0999908447265625, 'gate3_alpha_p50': 0.2621116638183594, 'gate3_alpha_p90': 0.4891357421875, 'block0_attn_entropy': 7.1890082359313965, 'block1_attn_entropy': 7.4866156578063965}
[step 4510/5000] loss=2.1071 lr=1.030e-05 grad_norm=1.193 samples/s=76.90
[step 4520/5000] loss=1.7242 lr=1.001e-05 grad_norm=1.263 samples/s=77.01
[step 4530/5000] loss=1.7479 lr=9.720e-06 grad_norm=1.274 samples/s=77.02
[step 4540/5000] loss=2.1050 lr=9.439e-06 grad_norm=1.004 samples/s=77.01
[step 4550/5000] loss=2.7581 lr=9.165e-06 grad_norm=1.558 samples/s=77.00
[step 4560/5000] loss=1.3919 lr=8.896e-06 grad_norm=1.271 samples/s=76.98
[step 4570/5000] loss=1.6504 lr=8.634e-06 grad_norm=0.980 samples/s=77.01
[step 4580/5000] loss=2.4247 lr=8.377e-06 grad_norm=1.376 samples/s=76.98
[step 4590/5000] loss=1.8705 lr=8.126e-06 grad_norm=1.266 samples/s=76.96
[step 4600/5000] loss=3.0285 lr=7.881e-06 grad_norm=1.482 samples/s=76.95
[step 4610/5000] loss=2.0773 lr=7.642e-06 grad_norm=1.333 samples/s=76.96
[step 4620/5000] loss=2.1713 lr=7.409e-06 grad_norm=0.994 samples/s=76.94
[step 4630/5000] loss=1.9180 lr=7.181e-06 grad_norm=1.156 samples/s=76.95
[step 4640/5000] loss=2.0756 lr=6.960e-06 grad_norm=1.035 samples/s=76.93
[step 4650/5000] loss=1.5984 lr=6.744e-06 grad_norm=1.197 samples/s=76.89
[step 4660/5000] loss=1.4253 lr=6.535e-06 grad_norm=0.918 samples/s=76.88
[step 4670/5000] loss=2.4493 lr=6.331e-06 grad_norm=1.003 samples/s=76.86
[step 4680/5000] loss=1.4808 lr=6.134e-06 grad_norm=1.269 samples/s=76.85
[step 4690/5000] loss=1.9436 lr=5.942e-06 grad_norm=1.431 samples/s=76.85
[step 4700/5000] loss=1.4834 lr=5.757e-06 grad_norm=1.498 samples/s=76.81
[step 4710/5000] loss=1.8555 lr=5.577e-06 grad_norm=1.479 samples/s=76.83
[step 4720/5000] loss=2.2542 lr=5.403e-06 grad_norm=1.262 samples/s=76.81
[step 4730/5000] loss=1.8143 lr=5.236e-06 grad_norm=1.683 samples/s=76.83
[step 4740/5000] loss=1.8022 lr=5.074e-06 grad_norm=1.021 samples/s=76.82
[step 4750/5000] loss=2.5078 lr=4.919e-06 grad_norm=1.309 samples/s=76.82
[val step 4750] loss=2.0568723106384277 m01={'mean': 0.4076589777926533, 'median': 0.40852444041643865, 'p95': 0.6757073118161585, 'tail_frac_gt4px': 0.0, 'n_matched': 12207} m02={'12-16': 0.9158016147635525, '16-32': 0.9543598366562575, '32-64': 0.9446019067250708, '64-128': 0.9418457648546145} m04={'accuracy': 0.6050626689604326, 'by_octave': {'12-16': 0.5818639798488665, '16-32': 0.6639818776743015, '32-64': 0.6412984178941625, '64-128': 0.4942953020134228}} diag={'gate3_alpha_mean': 0.28227534890174866, 'gate3_alpha_min': 0.01668548583984375, 'gate3_alpha_max': 0.98779296875, 'gate3_alpha_std': 0.1545737236738205, 'gate3_alpha_p10': 0.0999908447265625, 'gate3_alpha_p50': 0.2621116638183594, 'gate3_alpha_p90': 0.4891357421875, 'block0_attn_entropy': 7.1890082359313965, 'block1_attn_entropy': 7.4866156578063965}
[step 4760/5000] loss=1.9163 lr=4.769e-06 grad_norm=1.306 samples/s=76.95
[step 4770/5000] loss=1.6484 lr=4.626e-06 grad_norm=1.239 samples/s=77.06
[step 4780/5000] loss=2.2861 lr=4.488e-06 grad_norm=1.412 samples/s=77.03
[step 4790/5000] loss=2.1953 lr=4.357e-06 grad_norm=1.409 samples/s=77.03
[step 4800/5000] loss=1.7538 lr=4.231e-06 grad_norm=1.437 samples/s=76.99
[step 4810/5000] loss=1.8864 lr=4.112e-06 grad_norm=1.419 samples/s=76.99
[step 4820/5000] loss=2.3013 lr=3.999e-06 grad_norm=1.267 samples/s=76.97
[step 4830/5000] loss=2.0712 lr=3.892e-06 grad_norm=1.190 samples/s=76.98
[step 4840/5000] loss=1.8576 lr=3.790e-06 grad_norm=1.174 samples/s=76.90
[step 4850/5000] loss=1.5649 lr=3.695e-06 grad_norm=1.058 samples/s=76.93
[step 4860/5000] loss=1.8014 lr=3.606e-06 grad_norm=1.210 samples/s=76.91
[step 4870/5000] loss=1.4543 lr=3.523e-06 grad_norm=1.013 samples/s=76.94
[step 4880/5000] loss=1.6610 lr=3.447e-06 grad_norm=1.110 samples/s=76.91
[step 4890/5000] loss=2.6866 lr=3.376e-06 grad_norm=1.478 samples/s=76.92
[step 4900/5000] loss=1.8809 lr=3.311e-06 grad_norm=1.280 samples/s=76.90
[step 4910/5000] loss=1.8222 lr=3.253e-06 grad_norm=1.335 samples/s=76.88
[step 4920/5000] loss=1.7294 lr=3.200e-06 grad_norm=1.435 samples/s=76.91
[step 4930/5000] loss=2.2165 lr=3.154e-06 grad_norm=1.053 samples/s=76.86
[step 4940/5000] loss=2.0971 lr=3.114e-06 grad_norm=1.523 samples/s=76.87
[step 4950/5000] loss=1.8695 lr=3.079e-06 grad_norm=1.235 samples/s=76.83
[step 4960/5000] loss=1.5015 lr=3.051e-06 grad_norm=1.148 samples/s=76.84
[step 4970/5000] loss=1.8639 lr=3.029e-06 grad_norm=1.380 samples/s=76.78
[step 4980/5000] loss=2.0282 lr=3.013e-06 grad_norm=1.129 samples/s=76.80
[step 4990/5000] loss=1.5479 lr=3.004e-06 grad_norm=1.159 samples/s=76.77
[step 5000/5000] loss=2.3133 lr=3.000e-06 grad_norm=1.414 samples/s=76.81
[val step 5000] loss=2.056844076156616 m01={'mean': 0.407622821871178, 'median': 0.40845083704110524, 'p95': 0.6760226996649294, 'tail_frac_gt4px': 0.0, 'n_matched': 12208} m02={'12-16': 0.9158016147635525, '16-32': 0.9543598366562575, '32-64': 0.9448595722751868, '64-128': 0.9418457648546145} m04={'accuracy': 0.6053407601572739, 'by_octave': {'12-16': 0.5831234256926953, '16-32': 0.6652403725144727, '32-64': 0.6408508317425688, '64-128': 0.4936241610738255}} diag={'gate3_alpha_mean': 0.28227534890174866, 'gate3_alpha_min': 0.01668548583984375, 'gate3_alpha_max': 0.98779296875, 'gate3_alpha_std': 0.1545737236738205, 'gate3_alpha_p10': 0.0999908447265625, 'gate3_alpha_p50': 0.2621116638183594, 'gate3_alpha_p90': 0.4891357421875, 'block0_attn_entropy': 7.1890082359313965, 'block1_attn_entropy': 7.4866156578063965}
[FULL val step 5000] loss=1.9678264772415162 m01={'mean': 0.4065603795646342, 'median': 0.4062345878016353, 'p95': 0.6747893050101538, 'tail_frac_gt4px': 6.452549563646336e-05, 'n_matched': 123982} m02={'12-16': 0.9201666479000112, '16-32': 0.9393494278471416, '32-64': 0.9548513242426551, '64-128': 0.9574615578522814} m04={'accuracy': 0.6125002016421739, 'by_octave': {'12-16': 0.6344836025452766, '16-32': 0.6528790133420768, '32-64': 0.6347631837885275, '64-128': 0.5204370433752386}}
[train_detector] wrote checkpoint runs/ft06_head_d3_lr0p1/ckpt_0005000.pt
[train_detector] done: step=5000 train_elapsed=2083.0s val_elapsed=526.1s samples/s=76.81
