[train_detector] finetune from runs/rel_w882_c2_100k_rev6/ckpt_0100000.pt (step 100000): 882,402 of 882,402 params trainable, lr_mult={'e1.*': 3.0, 'e2.*': 3.0, 'e3.*': 3.0, 'e4.*': 3.0, 'blocks.*': 3.0, 'norm.*': 3.0, 'gate3.*': 3.0, 'd3.*': 3.0, 'd2.*': 3.0, 'd1.*': 3.0, 'hm.*': 3.0, 'cls.*': 3.0}, reinit=[]
[train_detector] stream_seed=2100000 resume_count=0 start_step=0
[step 1/5000] loss=6.0655 lr=0.000e+00 grad_norm=121.032 samples/s=10.12
[step 2/5000] loss=6.3384 lr=3.000e-06 grad_norm=61.665 samples/s=19.39
[step 3/5000] loss=6.7187 lr=6.000e-06 grad_norm=56.468 samples/s=27.91
[step 4/5000] loss=6.4007 lr=9.000e-06 grad_norm=68.932 samples/s=35.78
[step 5/5000] loss=5.8038 lr=1.200e-05 grad_norm=48.349 samples/s=42.31
[step 6/5000] loss=5.0326 lr=1.500e-05 grad_norm=65.344 samples/s=48.98
[step 7/5000] loss=6.0778 lr=1.800e-05 grad_norm=60.462 samples/s=55.20
[step 8/5000] loss=4.8284 lr=2.100e-05 grad_norm=40.358 samples/s=61.00
[step 9/5000] loss=5.9976 lr=2.400e-05 grad_norm=66.152 samples/s=55.80
[step 10/5000] loss=5.0889 lr=2.700e-05 grad_norm=56.787 samples/s=60.39
[step 20/5000] loss=2.3494 lr=5.700e-05 grad_norm=9.362 samples/s=77.90
[step 30/5000] loss=2.3570 lr=8.700e-05 grad_norm=7.222 samples/s=82.28
[step 40/5000] loss=2.2955 lr=1.170e-04 grad_norm=8.829 samples/s=87.51
[step 50/5000] loss=2.8416 lr=1.470e-04 grad_norm=27.872 samples/s=88.83
[step 60/5000] loss=2.8374 lr=1.770e-04 grad_norm=9.770 samples/s=92.43
[step 70/5000] loss=2.1534 lr=2.070e-04 grad_norm=9.435 samples/s=92.87
[step 80/5000] loss=2.0736 lr=2.370e-04 grad_norm=11.981 samples/s=95.15
[step 90/5000] loss=2.5011 lr=2.670e-04 grad_norm=11.568 samples/s=96.08
[step 100/5000] loss=2.0604 lr=2.970e-04 grad_norm=27.791 samples/s=98.58
[step 110/5000] loss=1.7812 lr=3.000e-04 grad_norm=17.187 samples/s=98.24
[step 120/5000] loss=1.8725 lr=3.000e-04 grad_norm=23.697 samples/s=100.18
[step 130/5000] loss=1.6633 lr=3.000e-04 grad_norm=21.028 samples/s=99.95
[step 140/5000] loss=2.1706 lr=3.000e-04 grad_norm=11.995 samples/s=101.51
[step 150/5000] loss=2.0295 lr=2.999e-04 grad_norm=13.802 samples/s=100.88
[step 160/5000] loss=1.9815 lr=2.999e-04 grad_norm=17.349 samples/s=101.56
[step 170/5000] loss=2.1416 lr=2.999e-04 grad_norm=27.350 samples/s=100.60
[step 180/5000] loss=1.6484 lr=2.998e-04 grad_norm=7.368 samples/s=101.23
[step 190/5000] loss=1.7324 lr=2.998e-04 grad_norm=15.277 samples/s=100.84
[step 200/5000] loss=2.4117 lr=2.997e-04 grad_norm=39.081 samples/s=101.92
[step 210/5000] loss=2.0491 lr=2.996e-04 grad_norm=30.685 samples/s=101.96
[step 220/5000] loss=1.2376 lr=2.996e-04 grad_norm=40.231 samples/s=102.65
[step 230/5000] loss=2.1346 lr=2.995e-04 grad_norm=19.850 samples/s=102.46
[step 240/5000] loss=1.0915 lr=2.994e-04 grad_norm=9.654 samples/s=103.20
[step 250/5000] loss=1.6919 lr=2.993e-04 grad_norm=19.553 samples/s=102.33
[val step 250] loss=1.6026009740829468 m01={'mean': 0.41065021327359386, 'median': 0.40975742030351336, 'p95': 0.6871261588574109, 'tail_frac_gt4px': 0.0, 'n_matched': 12183} m02={'12-16': 0.9054209919261822, '16-32': 0.9529185683401393, '32-64': 0.9461479000257665, '64-128': 0.9399494310998736} m04={'accuracy': 0.8685052942624969, 'by_octave': {'12-16': 0.6076433121019108, '16-32': 0.8694227375850769, '32-64': 0.9455337690631809, '64-128': 0.9098856758574311}} diag={'gate3_alpha_mean': 0.38958799839019775, 'gate3_alpha_min': 0.02228546142578125, 'gate3_alpha_max': 0.982421875, 'gate3_alpha_std': 0.18764233589172363, 'gate3_alpha_p10': 0.15159454941749573, 'gate3_alpha_p50': 0.3753662109375, 'gate3_alpha_p90': 0.655517578125, 'block0_attn_entropy': 7.024876594543457, 'block1_attn_entropy': 7.3074727058410645}
[step 260/5000] loss=1.7227 lr=2.992e-04 grad_norm=11.835 samples/s=104.58
[step 270/5000] loss=1.8642 lr=2.991e-04 grad_norm=10.110 samples/s=106.73
[step 280/5000] loss=2.2445 lr=2.990e-04 grad_norm=22.402 samples/s=107.17
[step 290/5000] loss=1.3615 lr=2.989e-04 grad_norm=11.286 samples/s=107.50
[step 300/5000] loss=2.0914 lr=2.988e-04 grad_norm=25.546 samples/s=107.42
[step 310/5000] loss=1.5572 lr=2.987e-04 grad_norm=17.089 samples/s=107.03
[step 320/5000] loss=1.2884 lr=2.985e-04 grad_norm=12.005 samples/s=107.00
[step 330/5000] loss=1.9239 lr=2.984e-04 grad_norm=27.330 samples/s=106.69
[step 340/5000] loss=1.6635 lr=2.983e-04 grad_norm=63.011 samples/s=107.09
[step 350/5000] loss=2.0143 lr=2.981e-04 grad_norm=50.909 samples/s=106.62
[step 360/5000] loss=1.0304 lr=2.980e-04 grad_norm=7.958 samples/s=106.71
[step 370/5000] loss=1.2214 lr=2.978e-04 grad_norm=17.114 samples/s=106.56
[step 380/5000] loss=1.2703 lr=2.976e-04 grad_norm=21.688 samples/s=106.55
[step 390/5000] loss=1.5202 lr=2.975e-04 grad_norm=24.649 samples/s=106.69
[step 400/5000] loss=1.6143 lr=2.973e-04 grad_norm=20.349 samples/s=106.08
[step 410/5000] loss=1.7895 lr=2.971e-04 grad_norm=16.865 samples/s=106.33
[step 420/5000] loss=1.1820 lr=2.969e-04 grad_norm=11.095 samples/s=105.87
[step 430/5000] loss=1.7747 lr=2.967e-04 grad_norm=50.146 samples/s=106.05
[step 440/5000] loss=2.2081 lr=2.965e-04 grad_norm=35.274 samples/s=105.61
[step 450/5000] loss=2.0122 lr=2.963e-04 grad_norm=16.817 samples/s=105.79
[step 460/5000] loss=1.7282 lr=2.961e-04 grad_norm=27.396 samples/s=105.46
[step 470/5000] loss=2.1400 lr=2.959e-04 grad_norm=17.089 samples/s=105.86
[step 480/5000] loss=0.8711 lr=2.956e-04 grad_norm=5.856 samples/s=105.77
[step 490/5000] loss=1.1083 lr=2.954e-04 grad_norm=7.650 samples/s=105.94
[step 500/5000] loss=1.1888 lr=2.952e-04 grad_norm=13.914 samples/s=105.74
[val step 500] loss=1.4364384469985962 m01={'mean': 0.4144101503881369, 'median': 0.4107247535131717, 'p95': 0.6946949328580815, 'tail_frac_gt4px': 0.0002466091245376079, 'n_matched': 12165} m02={'12-16': 0.9025374855824683, '16-32': 0.9524381455680999, '32-64': 0.9435712445246071, '64-128': 0.9396333754740834} m04={'accuracy': 0.9491163173037402, 'by_octave': {'12-16': 0.8645367412140575, '16-32': 0.9604035308953341, '32-64': 0.9699617695248498, '64-128': 0.9529095190043727}} diag={'gate3_alpha_mean': 0.4201142489910126, 'gate3_alpha_min': 0.0260467529296875, 'gate3_alpha_max': 0.977783203125, 'gate3_alpha_std': 0.20309092104434967, 'gate3_alpha_p10': 0.154541015625, 'gate3_alpha_p50': 0.4072265625, 'gate3_alpha_p90': 0.707275390625, 'block0_attn_entropy': 7.089219093322754, 'block1_attn_entropy': 6.959347724914551}
[step 510/5000] loss=2.0392 lr=2.949e-04 grad_norm=22.172 samples/s=106.88
[step 520/5000] loss=1.1023 lr=2.947e-04 grad_norm=4.506 samples/s=107.99
[step 530/5000] loss=1.4599 lr=2.944e-04 grad_norm=37.410 samples/s=108.22
[step 540/5000] loss=2.2460 lr=2.942e-04 grad_norm=22.443 samples/s=108.39
[step 550/5000] loss=1.8415 lr=2.939e-04 grad_norm=13.460 samples/s=107.99
[step 560/5000] loss=1.2715 lr=2.936e-04 grad_norm=16.797 samples/s=108.14
[step 570/5000] loss=1.3048 lr=2.933e-04 grad_norm=17.982 samples/s=107.88
[step 580/5000] loss=1.2669 lr=2.931e-04 grad_norm=35.068 samples/s=107.98
[step 590/5000] loss=0.9395 lr=2.928e-04 grad_norm=11.313 samples/s=107.89
[step 600/5000] loss=1.1330 lr=2.925e-04 grad_norm=10.456 samples/s=108.04
[step 610/5000] loss=1.5648 lr=2.922e-04 grad_norm=25.439 samples/s=107.87
[step 620/5000] loss=2.0356 lr=2.919e-04 grad_norm=13.184 samples/s=107.80
[step 630/5000] loss=1.1615 lr=2.915e-04 grad_norm=8.898 samples/s=107.88
[step 640/5000] loss=1.6764 lr=2.912e-04 grad_norm=14.407 samples/s=107.61
[step 650/5000] loss=1.7456 lr=2.909e-04 grad_norm=18.013 samples/s=107.62
[step 660/5000] loss=1.5474 lr=2.906e-04 grad_norm=14.256 samples/s=107.42
[step 670/5000] loss=2.7248 lr=2.902e-04 grad_norm=18.326 samples/s=107.37
[step 680/5000] loss=1.5789 lr=2.899e-04 grad_norm=10.659 samples/s=107.34
[step 690/5000] loss=2.0991 lr=2.895e-04 grad_norm=20.398 samples/s=107.29
[step 700/5000] loss=1.3208 lr=2.892e-04 grad_norm=7.927 samples/s=107.20
[step 710/5000] loss=1.7789 lr=2.888e-04 grad_norm=36.542 samples/s=107.07
[step 720/5000] loss=1.6730 lr=2.885e-04 grad_norm=7.916 samples/s=107.03
[step 730/5000] loss=0.8524 lr=2.881e-04 grad_norm=8.852 samples/s=106.88
[step 740/5000] loss=0.8531 lr=2.877e-04 grad_norm=6.128 samples/s=106.56
[step 750/5000] loss=1.7410 lr=2.873e-04 grad_norm=16.345 samples/s=106.78
[val step 750] loss=1.4034854607582092 m01={'mean': 0.4134216942249536, 'median': 0.41117035700883053, 'p95': 0.6962974873510697, 'tail_frac_gt4px': 0.0, 'n_matched': 12146} m02={'12-16': 0.9042675893886967, '16-32': 0.9497958203218833, '32-64': 0.9425405823241433, '64-128': 0.9374209860935525} m04={'accuracy': 0.9695372962292113, 'by_octave': {'12-16': 0.9228316326530612, '16-32': 0.9739504299443601, '32-64': 0.9866047020229634, '64-128': 0.9672960215778826}} diag={'gate3_alpha_mean': 0.4323633909225464, 'gate3_alpha_min': 0.021759033203125, 'gate3_alpha_max': 0.9755859375, 'gate3_alpha_std': 0.21047265827655792, 'gate3_alpha_p10': 0.15338134765625, 'gate3_alpha_p50': 0.4205322265625, 'gate3_alpha_p90': 0.73095703125, 'block0_attn_entropy': 7.220160484313965, 'block1_attn_entropy': 7.327218532562256}
[step 760/5000] loss=1.6085 lr=2.869e-04 grad_norm=16.489 samples/s=107.54
[step 770/5000] loss=1.4333 lr=2.865e-04 grad_norm=23.491 samples/s=108.29
[step 780/5000] loss=1.5572 lr=2.861e-04 grad_norm=10.619 samples/s=108.35
[step 790/5000] loss=2.3779 lr=2.857e-04 grad_norm=11.737 samples/s=108.54
[step 800/5000] loss=1.4889 lr=2.853e-04 grad_norm=6.891 samples/s=108.18
[step 810/5000] loss=2.4561 lr=2.849e-04 grad_norm=19.325 samples/s=108.26
[step 820/5000] loss=1.1400 lr=2.845e-04 grad_norm=11.637 samples/s=108.13
[step 830/5000] loss=0.9949 lr=2.841e-04 grad_norm=16.668 samples/s=108.21
[step 840/5000] loss=0.8960 lr=2.836e-04 grad_norm=6.328 samples/s=108.12
[step 850/5000] loss=2.0852 lr=2.832e-04 grad_norm=26.275 samples/s=108.15
[step 860/5000] loss=1.4132 lr=2.828e-04 grad_norm=21.603 samples/s=107.80
[step 870/5000] loss=1.9152 lr=2.823e-04 grad_norm=10.964 samples/s=107.96
[step 880/5000] loss=2.0908 lr=2.819e-04 grad_norm=12.162 samples/s=107.76
[step 890/5000] loss=1.0879 lr=2.814e-04 grad_norm=10.420 samples/s=107.94
[step 900/5000] loss=1.1240 lr=2.809e-04 grad_norm=12.881 samples/s=107.89
[step 910/5000] loss=1.1061 lr=2.805e-04 grad_norm=9.278 samples/s=108.04
[step 920/5000] loss=1.8579 lr=2.800e-04 grad_norm=11.935 samples/s=107.93
[step 930/5000] loss=1.3827 lr=2.795e-04 grad_norm=18.461 samples/s=108.05
[step 940/5000] loss=1.1677 lr=2.790e-04 grad_norm=11.098 samples/s=107.91
[step 950/5000] loss=0.6444 lr=2.785e-04 grad_norm=6.545 samples/s=107.95
[step 960/5000] loss=2.2141 lr=2.780e-04 grad_norm=19.401 samples/s=107.85
[step 970/5000] loss=2.3246 lr=2.775e-04 grad_norm=61.432 samples/s=107.89
[step 980/5000] loss=1.9263 lr=2.770e-04 grad_norm=46.491 samples/s=107.64
[step 990/5000] loss=1.0881 lr=2.765e-04 grad_norm=9.495 samples/s=107.68
[step 1000/5000] loss=1.0835 lr=2.760e-04 grad_norm=7.471 samples/s=107.59
[val step 1000] loss=1.3875229272842406 m01={'mean': 0.41627926744238064, 'median': 0.4116231773849245, 'p95': 0.7038544483533503, 'tail_frac_gt4px': 8.214901831923109e-05, 'n_matched': 12173} m02={'12-16': 0.9083044982698962, '16-32': 0.9526783569541196, '32-64': 0.9415099201236795, '64-128': 0.9412136536030341} m04={'accuracy': 0.9760946356691037, 'by_octave': {'12-16': 0.9422222222222222, '16-32': 0.975542107917297, '32-64': 0.9887794198139026, '64-128': 0.9791806581598388}} diag={'gate3_alpha_mean': 0.43068692088127136, 'gate3_alpha_min': 0.014066696166992188, 'gate3_alpha_max': 0.994140625, 'gate3_alpha_std': 0.20899881422519684, 'gate3_alpha_p10': 0.146240234375, 'gate3_alpha_p50': 0.428955078125, 'gate3_alpha_p90': 0.714111328125, 'block0_attn_entropy': 7.166476249694824, 'block1_attn_entropy': 7.016393184661865}
[step 1010/5000] loss=1.9878 lr=2.755e-04 grad_norm=28.678 samples/s=108.16
[step 1020/5000] loss=1.8800 lr=2.750e-04 grad_norm=13.956 samples/s=108.72
[step 1030/5000] loss=2.3857 lr=2.744e-04 grad_norm=10.266 samples/s=108.80
[step 1040/5000] loss=1.3848 lr=2.739e-04 grad_norm=13.089 samples/s=108.89
[step 1050/5000] loss=1.8127 lr=2.734e-04 grad_norm=22.750 samples/s=108.81
[step 1060/5000] loss=1.1866 lr=2.728e-04 grad_norm=9.408 samples/s=108.90
[step 1070/5000] loss=1.2520 lr=2.723e-04 grad_norm=7.386 samples/s=108.69
[step 1080/5000] loss=1.1219 lr=2.717e-04 grad_norm=11.188 samples/s=108.69
[step 1090/5000] loss=1.2154 lr=2.711e-04 grad_norm=11.995 samples/s=108.64
[step 1100/5000] loss=1.6291 lr=2.706e-04 grad_norm=16.318 samples/s=108.68
[step 1110/5000] loss=2.6079 lr=2.700e-04 grad_norm=39.529 samples/s=108.63
[step 1120/5000] loss=0.8104 lr=2.694e-04 grad_norm=9.623 samples/s=108.49
[step 1130/5000] loss=0.9490 lr=2.688e-04 grad_norm=6.293 samples/s=108.44
[step 1140/5000] loss=1.1338 lr=2.683e-04 grad_norm=9.769 samples/s=108.44
[step 1150/5000] loss=1.1838 lr=2.677e-04 grad_norm=16.847 samples/s=108.23
[step 1160/5000] loss=0.6471 lr=2.671e-04 grad_norm=5.337 samples/s=108.23
[step 1170/5000] loss=1.9006 lr=2.665e-04 grad_norm=9.143 samples/s=108.14
[step 1180/5000] loss=1.6438 lr=2.659e-04 grad_norm=49.044 samples/s=108.19
[step 1190/5000] loss=1.1027 lr=2.653e-04 grad_norm=16.480 samples/s=108.14
[step 1200/5000] loss=2.2314 lr=2.646e-04 grad_norm=24.844 samples/s=108.21
[step 1210/5000] loss=1.3769 lr=2.640e-04 grad_norm=9.326 samples/s=108.17
[step 1220/5000] loss=1.0863 lr=2.634e-04 grad_norm=13.298 samples/s=108.15
[step 1230/5000] loss=0.9579 lr=2.628e-04 grad_norm=15.746 samples/s=108.01
[step 1240/5000] loss=1.9828 lr=2.621e-04 grad_norm=22.222 samples/s=108.09
[step 1250/5000] loss=1.9912 lr=2.615e-04 grad_norm=22.607 samples/s=107.92
[val step 1250] loss=1.3638692283630371 m01={'mean': 0.4149649509536576, 'median': 0.4111433809463426, 'p95': 0.6982478945694417, 'tail_frac_gt4px': 0.0001644195988161789, 'n_matched': 12164} m02={'12-16': 0.9048442906574394, '16-32': 0.9512370886380015, '32-64': 0.944086575624839, '64-128': 0.9390012642225032} m04={'accuracy': 0.9822426833278527, 'by_octave': {'12-16': 0.9534735500318674, '16-32': 0.9823232323232324, '32-64': 0.9874454148471615, '64-128': 0.9909121507909795}} diag={'gate3_alpha_mean': 0.40642839670181274, 'gate3_alpha_min': 0.014654159545898438, 'gate3_alpha_max': 0.994140625, 'gate3_alpha_std': 0.20450352132320404, 'gate3_alpha_p10': 0.1382293701171875, 'gate3_alpha_p50': 0.393798828125, 'gate3_alpha_p90': 0.6897201538085938, 'block0_attn_entropy': 7.169130802154541, 'block1_attn_entropy': 7.2111735343933105}
[step 1260/5000] loss=0.9948 lr=2.609e-04 grad_norm=6.733 samples/s=108.38
[step 1270/5000] loss=0.9863 lr=2.602e-04 grad_norm=15.026 samples/s=108.84
[step 1280/5000] loss=1.3910 lr=2.596e-04 grad_norm=28.044 samples/s=108.93
[step 1290/5000] loss=0.9652 lr=2.589e-04 grad_norm=4.738 samples/s=109.02
[step 1300/5000] loss=1.6682 lr=2.582e-04 grad_norm=13.872 samples/s=108.97
[step 1310/5000] loss=2.0755 lr=2.576e-04 grad_norm=24.067 samples/s=108.95
[step 1320/5000] loss=1.1481 lr=2.569e-04 grad_norm=19.763 samples/s=108.80
[step 1330/5000] loss=1.0059 lr=2.562e-04 grad_norm=7.699 samples/s=108.80
[step 1340/5000] loss=1.1690 lr=2.556e-04 grad_norm=9.314 samples/s=108.69
[step 1350/5000] loss=1.4423 lr=2.549e-04 grad_norm=11.439 samples/s=108.83
[step 1360/5000] loss=1.3371 lr=2.542e-04 grad_norm=7.455 samples/s=108.74
[step 1370/5000] loss=1.5249 lr=2.535e-04 grad_norm=12.549 samples/s=108.77
[step 1380/5000] loss=1.6630 lr=2.528e-04 grad_norm=18.466 samples/s=108.72
[step 1390/5000] loss=1.6356 lr=2.521e-04 grad_norm=12.370 samples/s=108.58
[step 1400/5000] loss=1.7312 lr=2.514e-04 grad_norm=19.610 samples/s=108.64
[step 1410/5000] loss=1.9452 lr=2.507e-04 grad_norm=17.904 samples/s=108.59
[step 1420/5000] loss=0.8810 lr=2.500e-04 grad_norm=6.457 samples/s=108.61
[step 1430/5000] loss=0.7509 lr=2.493e-04 grad_norm=4.927 samples/s=108.49
[step 1440/5000] loss=1.1343 lr=2.486e-04 grad_norm=5.445 samples/s=108.59
[step 1450/5000] loss=1.1616 lr=2.478e-04 grad_norm=8.408 samples/s=108.45
[step 1460/5000] loss=1.6195 lr=2.471e-04 grad_norm=9.298 samples/s=108.49
[step 1470/5000] loss=1.9804 lr=2.464e-04 grad_norm=34.061 samples/s=108.33
[step 1480/5000] loss=2.7906 lr=2.456e-04 grad_norm=149.863 samples/s=108.26
[step 1490/5000] loss=1.3852 lr=2.449e-04 grad_norm=32.957 samples/s=108.24
[step 1500/5000] loss=0.9871 lr=2.442e-04 grad_norm=18.573 samples/s=108.27
[val step 1500] loss=1.353274456501007 m01={'mean': 0.4146470193856863, 'median': 0.4108551211868923, 'p95': 0.6972451639232417, 'tail_frac_gt4px': 0.00032932652725177014, 'n_matched': 12146} m02={'12-16': 0.9019607843137255, '16-32': 0.9512370886380015, '32-64': 0.9404792579232156, '64-128': 0.9393173198482933} m04={'accuracy': 0.9832043471101597, 'by_octave': {'12-16': 0.9475703324808185, '16-32': 0.9863636363636363, '32-64': 0.9917808219178083, '64-128': 0.9872139973082099}} diag={'gate3_alpha_mean': 0.44168442487716675, 'gate3_alpha_min': 0.02460479736328125, 'gate3_alpha_max': 0.98828125, 'gate3_alpha_std': 0.20564132928848267, 'gate3_alpha_p10': 0.16485595703125, 'gate3_alpha_p50': 0.439697265625, 'gate3_alpha_p90': 0.71875, 'block0_attn_entropy': 7.162952423095703, 'block1_attn_entropy': 7.015979290008545}
[step 1510/5000] loss=1.2783 lr=2.434e-04 grad_norm=8.674 samples/s=108.65
[step 1520/5000] loss=0.9766 lr=2.427e-04 grad_norm=5.025 samples/s=109.03
[step 1530/5000] loss=2.0567 lr=2.419e-04 grad_norm=9.858 samples/s=109.10
[step 1540/5000] loss=1.6498 lr=2.412e-04 grad_norm=13.722 samples/s=109.16
[step 1550/5000] loss=1.3825 lr=2.404e-04 grad_norm=6.642 samples/s=109.08
[step 1560/5000] loss=2.6299 lr=2.396e-04 grad_norm=31.171 samples/s=109.10
[step 1570/5000] loss=1.5254 lr=2.389e-04 grad_norm=11.652 samples/s=108.98
[step 1580/5000] loss=1.3215 lr=2.381e-04 grad_norm=7.793 samples/s=108.99
[step 1590/5000] loss=1.9604 lr=2.373e-04 grad_norm=16.457 samples/s=108.92
[step 1600/5000] loss=0.9595 lr=2.365e-04 grad_norm=5.147 samples/s=108.98
[step 1610/5000] loss=2.1144 lr=2.358e-04 grad_norm=8.255 samples/s=108.87
[step 1620/5000] loss=1.1354 lr=2.350e-04 grad_norm=7.673 samples/s=108.89
[step 1630/5000] loss=1.8028 lr=2.342e-04 grad_norm=18.742 samples/s=108.83
[step 1640/5000] loss=1.8142 lr=2.334e-04 grad_norm=41.863 samples/s=108.91
[step 1650/5000] loss=1.1280 lr=2.326e-04 grad_norm=8.152 samples/s=108.81
[step 1660/5000] loss=1.1624 lr=2.318e-04 grad_norm=15.948 samples/s=108.85
[step 1670/5000] loss=1.9567 lr=2.310e-04 grad_norm=15.563 samples/s=108.75
[step 1680/5000] loss=1.3843 lr=2.302e-04 grad_norm=9.485 samples/s=108.75
[step 1690/5000] loss=0.9170 lr=2.294e-04 grad_norm=7.290 samples/s=108.68
[step 1700/5000] loss=1.6815 lr=2.286e-04 grad_norm=44.851 samples/s=108.69
[step 1710/5000] loss=1.6293 lr=2.277e-04 grad_norm=9.472 samples/s=108.57
[step 1720/5000] loss=1.3865 lr=2.269e-04 grad_norm=22.640 samples/s=108.64
[step 1730/5000] loss=0.5984 lr=2.261e-04 grad_norm=4.421 samples/s=108.53
[step 1740/5000] loss=1.3950 lr=2.253e-04 grad_norm=5.771 samples/s=108.56
[step 1750/5000] loss=0.9096 lr=2.245e-04 grad_norm=5.561 samples/s=108.42
[val step 1750] loss=1.3347730774879456 m01={'mean': 0.4139560934769165, 'median': 0.41100581659489216, 'p95': 0.6945599589485324, 'tail_frac_gt4px': 0.00016467682173734047, 'n_matched': 12145} m02={'12-16': 0.9002306805074971, '16-32': 0.9502762430939227, '32-64': 0.9415099201236795, '64-128': 0.9399494310998736} m04={'accuracy': 0.9867435158501441, 'by_octave': {'12-16': 0.9596412556053812, '16-32': 0.9858442871587462, '32-64': 0.99480021893815, '64-128': 0.99226630800269}} diag={'gate3_alpha_mean': 0.4755459129810333, 'gate3_alpha_min': 0.029209136962890625, 'gate3_alpha_max': 0.986328125, 'gate3_alpha_std': 0.21269185841083527, 'gate3_alpha_p10': 0.18017578125, 'gate3_alpha_p50': 0.4814453125, 'gate3_alpha_p90': 0.759033203125, 'block0_attn_entropy': 7.214212417602539, 'block1_attn_entropy': 7.0669941902160645}
[step 1760/5000] loss=1.0687 lr=2.236e-04 grad_norm=8.601 samples/s=108.75
[step 1770/5000] loss=1.4342 lr=2.228e-04 grad_norm=18.015 samples/s=109.08
[step 1780/5000] loss=1.1846 lr=2.220e-04 grad_norm=10.234 samples/s=109.19
[step 1790/5000] loss=1.5088 lr=2.211e-04 grad_norm=5.714 samples/s=109.16
[step 1800/5000] loss=1.3369 lr=2.203e-04 grad_norm=10.252 samples/s=109.20
[step 1810/5000] loss=1.7785 lr=2.194e-04 grad_norm=20.703 samples/s=109.19
[step 1820/5000] loss=1.3128 lr=2.186e-04 grad_norm=14.190 samples/s=109.19
[step 1830/5000] loss=1.2762 lr=2.177e-04 grad_norm=12.393 samples/s=109.17
[step 1840/5000] loss=1.3684 lr=2.169e-04 grad_norm=12.093 samples/s=109.20
[step 1850/5000] loss=1.5480 lr=2.160e-04 grad_norm=15.440 samples/s=109.17
[step 1860/5000] loss=1.0596 lr=2.152e-04 grad_norm=8.823 samples/s=109.20
[step 1870/5000] loss=0.8408 lr=2.143e-04 grad_norm=6.163 samples/s=109.20
[step 1880/5000] loss=1.1974 lr=2.134e-04 grad_norm=5.739 samples/s=109.20
[step 1890/5000] loss=3.0551 lr=2.126e-04 grad_norm=21.454 samples/s=109.14
[step 1900/5000] loss=1.9537 lr=2.117e-04 grad_norm=12.084 samples/s=109.15
[step 1910/5000] loss=0.7932 lr=2.108e-04 grad_norm=5.792 samples/s=109.07
[step 1920/5000] loss=1.2789 lr=2.100e-04 grad_norm=12.304 samples/s=109.11
[step 1930/5000] loss=1.4527 lr=2.091e-04 grad_norm=6.388 samples/s=109.10
[step 1940/5000] loss=1.3480 lr=2.082e-04 grad_norm=14.425 samples/s=109.12
[step 1950/5000] loss=1.3865 lr=2.073e-04 grad_norm=9.070 samples/s=108.98
[step 1960/5000] loss=1.4281 lr=2.064e-04 grad_norm=12.476 samples/s=109.01
[step 1970/5000] loss=1.2691 lr=2.055e-04 grad_norm=4.796 samples/s=108.88
[step 1980/5000] loss=1.6103 lr=2.047e-04 grad_norm=13.610 samples/s=108.88
[step 1990/5000] loss=1.4612 lr=2.038e-04 grad_norm=18.554 samples/s=108.84
[step 2000/5000] loss=1.2446 lr=2.029e-04 grad_norm=16.603 samples/s=108.87
[val step 2000] loss=1.3288322858810424 m01={'mean': 0.41337101032033796, 'median': 0.4107807101470172, 'p95': 0.693350970303164, 'tail_frac_gt4px': 0.00016464970774676875, 'n_matched': 12147} m02={'12-16': 0.8996539792387543, '16-32': 0.9517175114100408, '32-64': 0.9417675856737954, '64-128': 0.938685208596713} m04={'accuracy': 0.9868280233802585, 'by_octave': {'12-16': 0.9673076923076923, '16-32': 0.9856133266027259, '32-64': 0.9931600547195623, '64-128': 0.990909090909091}} diag={'gate3_alpha_mean': 0.4549480676651001, 'gate3_alpha_min': 0.03681182861328125, 'gate3_alpha_max': 0.987060546875, 'gate3_alpha_std': 0.20253236591815948, 'gate3_alpha_p10': 0.181396484375, 'gate3_alpha_p50': 0.4493408203125, 'gate3_alpha_p90': 0.729248046875, 'block0_attn_entropy': 7.234272003173828, 'block1_attn_entropy': 7.189384937286377}
[step 2010/5000] loss=1.4956 lr=2.020e-04 grad_norm=13.814 samples/s=109.15
[step 2020/5000] loss=0.8720 lr=2.011e-04 grad_norm=10.667 samples/s=109.43
[step 2030/5000] loss=1.2629 lr=2.002e-04 grad_norm=12.678 samples/s=109.49
[step 2040/5000] loss=0.8277 lr=1.993e-04 grad_norm=5.597 samples/s=109.55
[step 2050/5000] loss=2.0367 lr=1.984e-04 grad_norm=7.270 samples/s=109.47
[step 2060/5000] loss=1.5545 lr=1.975e-04 grad_norm=6.563 samples/s=109.46
[step 2070/5000] loss=0.9585 lr=1.966e-04 grad_norm=5.502 samples/s=109.41
[step 2080/5000] loss=1.8575 lr=1.957e-04 grad_norm=6.223 samples/s=109.44
[step 2090/5000] loss=1.4827 lr=1.948e-04 grad_norm=7.749 samples/s=109.33
[step 2100/5000] loss=1.4613 lr=1.938e-04 grad_norm=12.810 samples/s=109.30
[step 2110/5000] loss=2.3521 lr=1.929e-04 grad_norm=12.926 samples/s=109.25
[step 2120/5000] loss=1.3036 lr=1.920e-04 grad_norm=6.666 samples/s=109.30
[step 2130/5000] loss=1.3401 lr=1.911e-04 grad_norm=19.305 samples/s=109.24
[step 2140/5000] loss=2.2349 lr=1.902e-04 grad_norm=11.064 samples/s=109.30
[step 2150/5000] loss=1.4760 lr=1.893e-04 grad_norm=8.662 samples/s=109.24
[step 2160/5000] loss=1.0471 lr=1.883e-04 grad_norm=8.796 samples/s=109.28
[step 2170/5000] loss=0.8089 lr=1.874e-04 grad_norm=9.399 samples/s=109.23
[step 2180/5000] loss=1.8054 lr=1.865e-04 grad_norm=18.692 samples/s=109.24
[step 2190/5000] loss=1.2388 lr=1.856e-04 grad_norm=6.966 samples/s=109.19
[step 2200/5000] loss=2.7044 lr=1.846e-04 grad_norm=26.267 samples/s=109.20
[step 2210/5000] loss=2.0128 lr=1.837e-04 grad_norm=7.642 samples/s=109.07
[step 2220/5000] loss=0.9412 lr=1.828e-04 grad_norm=7.237 samples/s=109.11
[step 2230/5000] loss=1.6006 lr=1.818e-04 grad_norm=11.465 samples/s=109.01
[step 2240/5000] loss=1.4675 lr=1.809e-04 grad_norm=11.719 samples/s=109.03
[step 2250/5000] loss=1.8331 lr=1.800e-04 grad_norm=30.868 samples/s=108.98
[val step 2250] loss=1.3231986255645751 m01={'mean': 0.4132702766845416, 'median': 0.41088450376424174, 'p95': 0.6947154011190548, 'tail_frac_gt4px': 8.224360555966774e-05, 'n_matched': 12159} m02={'12-16': 0.9054209919261822, '16-32': 0.9519577227960605, '32-64': 0.9427982478742593, '64-128': 0.9377370417193426} m04={'accuracy': 0.9868410231104532, 'by_octave': {'12-16': 0.9611464968152866, '16-32': 0.9871309613928841, '32-64': 0.9950806231210714, '64-128': 0.9898887765419616}} diag={'gate3_alpha_mean': 0.4223324656486511, 'gate3_alpha_min': 0.023326873779296875, 'gate3_alpha_max': 0.9873046875, 'gate3_alpha_std': 0.21198374032974243, 'gate3_alpha_p10': 0.14532470703125, 'gate3_alpha_p50': 0.4041748046875, 'gate3_alpha_p90': 0.718505859375, 'block0_attn_entropy': 7.183344841003418, 'block1_attn_entropy': 7.294008731842041}
[step 2260/5000] loss=1.1082 lr=1.790e-04 grad_norm=10.058 samples/s=109.23
[step 2270/5000] loss=0.9809 lr=1.781e-04 grad_norm=9.390 samples/s=109.49
[step 2280/5000] loss=1.2136 lr=1.772e-04 grad_norm=11.074 samples/s=109.57
[step 2290/5000] loss=2.0364 lr=1.762e-04 grad_norm=68.329 samples/s=109.57
[step 2300/5000] loss=1.5160 lr=1.753e-04 grad_norm=15.588 samples/s=109.57
[step 2310/5000] loss=1.2758 lr=1.744e-04 grad_norm=6.003 samples/s=109.49
[step 2320/5000] loss=1.0327 lr=1.734e-04 grad_norm=4.508 samples/s=109.46
[step 2330/5000] loss=0.9493 lr=1.725e-04 grad_norm=11.334 samples/s=109.40
[step 2340/5000] loss=1.4157 lr=1.715e-04 grad_norm=19.876 samples/s=109.41
[step 2350/5000] loss=1.5009 lr=1.706e-04 grad_norm=11.514 samples/s=109.41
[step 2360/5000] loss=1.5243 lr=1.696e-04 grad_norm=13.529 samples/s=109.40
[step 2370/5000] loss=1.2894 lr=1.687e-04 grad_norm=13.352 samples/s=109.28
[step 2380/5000] loss=1.3892 lr=1.677e-04 grad_norm=6.777 samples/s=109.32
[step 2390/5000] loss=1.9850 lr=1.668e-04 grad_norm=5.879 samples/s=109.26
[step 2400/5000] loss=1.5943 lr=1.659e-04 grad_norm=9.265 samples/s=109.28
[step 2410/5000] loss=1.2408 lr=1.649e-04 grad_norm=5.174 samples/s=109.21
[step 2420/5000] loss=2.1051 lr=1.640e-04 grad_norm=21.970 samples/s=109.25
[step 2430/5000] loss=1.1512 lr=1.630e-04 grad_norm=7.644 samples/s=109.21
[step 2440/5000] loss=0.9619 lr=1.621e-04 grad_norm=5.660 samples/s=109.27
[step 2450/5000] loss=1.7443 lr=1.611e-04 grad_norm=28.615 samples/s=109.20
[step 2460/5000] loss=0.9929 lr=1.602e-04 grad_norm=12.568 samples/s=109.23
[step 2470/5000] loss=1.2859 lr=1.592e-04 grad_norm=36.036 samples/s=109.17
[step 2480/5000] loss=1.1327 lr=1.583e-04 grad_norm=21.434 samples/s=109.21
[step 2490/5000] loss=1.8437 lr=1.573e-04 grad_norm=57.785 samples/s=109.13
[step 2500/5000] loss=0.9971 lr=1.564e-04 grad_norm=13.078 samples/s=109.15
[val step 2500] loss=1.3154647183418273 m01={'mean': 0.4127252226077904, 'median': 0.4105084794357087, 'p95': 0.6924808468562036, 'tail_frac_gt4px': 0.00016479894528675015, 'n_matched': 12136} m02={'12-16': 0.9059976931949251, '16-32': 0.9512370886380015, '32-64': 0.938675599072404, '64-128': 0.9361567635903919} m04={'accuracy': 0.9879696769940672, 'by_octave': {'12-16': 0.9649904519414386, '16-32': 0.9886363636363636, '32-64': 0.9945100192149328, '64-128': 0.9912221471978393}} diag={'gate3_alpha_mean': 0.47501233220100403, 'gate3_alpha_min': 0.033843994140625, 'gate3_alpha_max': 0.9853515625, 'gate3_alpha_std': 0.2019595354795456, 'gate3_alpha_p10': 0.19293212890625, 'gate3_alpha_p50': 0.47998046875, 'gate3_alpha_p90': 0.74169921875, 'block0_attn_entropy': 7.165154933929443, 'block1_attn_entropy': 7.2803730964660645}
[step 2510/5000] loss=1.1154 lr=1.554e-04 grad_norm=9.475 samples/s=109.38
[step 2520/5000] loss=0.9902 lr=1.545e-04 grad_norm=8.031 samples/s=109.61
[step 2530/5000] loss=0.9656 lr=1.535e-04 grad_norm=11.072 samples/s=109.67
[step 2540/5000] loss=1.8940 lr=1.525e-04 grad_norm=24.299 samples/s=109.71
[step 2550/5000] loss=0.9593 lr=1.516e-04 grad_norm=9.459 samples/s=109.64
[step 2560/5000] loss=0.8854 lr=1.506e-04 grad_norm=7.194 samples/s=109.67
[step 2570/5000] loss=0.8684 lr=1.497e-04 grad_norm=7.816 samples/s=109.57
[step 2580/5000] loss=1.4362 lr=1.487e-04 grad_norm=19.409 samples/s=109.59
[step 2590/5000] loss=1.4637 lr=1.478e-04 grad_norm=5.602 samples/s=109.49
[step 2600/5000] loss=1.1146 lr=1.468e-04 grad_norm=7.051 samples/s=109.51
[step 2610/5000] loss=1.3665 lr=1.459e-04 grad_norm=19.290 samples/s=109.50
[step 2620/5000] loss=1.8354 lr=1.449e-04 grad_norm=17.980 samples/s=109.55
[step 2630/5000] loss=1.5000 lr=1.440e-04 grad_norm=29.176 samples/s=109.50
[step 2640/5000] loss=0.9085 lr=1.430e-04 grad_norm=7.306 samples/s=109.54
[step 2650/5000] loss=0.8130 lr=1.421e-04 grad_norm=3.276 samples/s=109.49
[step 2660/5000] loss=1.1596 lr=1.411e-04 grad_norm=7.312 samples/s=109.54
[step 2670/5000] loss=1.8730 lr=1.402e-04 grad_norm=12.210 samples/s=109.49
[step 2680/5000] loss=1.4027 lr=1.392e-04 grad_norm=13.947 samples/s=109.53
[step 2690/5000] loss=1.9105 lr=1.383e-04 grad_norm=26.871 samples/s=109.42
[step 2700/5000] loss=1.4053 lr=1.373e-04 grad_norm=17.024 samples/s=109.49
[step 2710/5000] loss=1.1470 lr=1.364e-04 grad_norm=7.828 samples/s=109.40
[step 2720/5000] loss=2.3759 lr=1.354e-04 grad_norm=19.303 samples/s=109.42
[step 2730/5000] loss=1.8086 lr=1.345e-04 grad_norm=11.472 samples/s=109.37
[step 2740/5000] loss=0.8895 lr=1.335e-04 grad_norm=6.650 samples/s=109.36
[step 2750/5000] loss=0.9896 lr=1.326e-04 grad_norm=19.694 samples/s=109.33
[val step 2750] loss=1.3049613604545593 m01={'mean': 0.4124512021100479, 'median': 0.41005693602034565, 'p95': 0.688841082479333, 'tail_frac_gt4px': 0.00016471750947125678, 'n_matched': 12142} m02={'12-16': 0.9042675893886967, '16-32': 0.9509968772519818, '32-64': 0.9397062612728678, '64-128': 0.9380530973451328} m04={'accuracy': 0.9883050568275408, 'by_octave': {'12-16': 0.9649234693877551, '16-32': 0.9868653700429402, '32-64': 0.9972580202906498, '64-128': 0.991576819407008}} diag={'gate3_alpha_mean': 0.4392121434211731, 'gate3_alpha_min': 0.039031982421875, 'gate3_alpha_max': 0.983154296875, 'gate3_alpha_std': 0.18745234608650208, 'gate3_alpha_p10': 0.18316650390625, 'gate3_alpha_p50': 0.4361572265625, 'gate3_alpha_p90': 0.68798828125, 'block0_attn_entropy': 6.950258731842041, 'block1_attn_entropy': 7.030468940734863}
[step 2760/5000] loss=1.0147 lr=1.317e-04 grad_norm=4.628 samples/s=109.54
[step 2770/5000] loss=1.2039 lr=1.307e-04 grad_norm=4.920 samples/s=109.75
[step 2780/5000] loss=1.4552 lr=1.298e-04 grad_norm=14.005 samples/s=109.78
[step 2790/5000] loss=0.8108 lr=1.288e-04 grad_norm=8.058 samples/s=109.79
[step 2800/5000] loss=1.2436 lr=1.279e-04 grad_norm=4.333 samples/s=109.69
[step 2810/5000] loss=0.9604 lr=1.270e-04 grad_norm=7.597 samples/s=109.71
[step 2820/5000] loss=0.7519 lr=1.260e-04 grad_norm=5.977 samples/s=109.70
[step 2830/5000] loss=1.8279 lr=1.251e-04 grad_norm=8.839 samples/s=109.69
[step 2840/5000] loss=1.4211 lr=1.241e-04 grad_norm=13.803 samples/s=109.64
[step 2850/5000] loss=1.2261 lr=1.232e-04 grad_norm=10.957 samples/s=109.65
[step 2860/5000] loss=0.8246 lr=1.223e-04 grad_norm=6.625 samples/s=109.63
[step 2870/5000] loss=1.5028 lr=1.213e-04 grad_norm=13.996 samples/s=109.64
[step 2880/5000] loss=0.8783 lr=1.204e-04 grad_norm=11.214 samples/s=109.58
[step 2890/5000] loss=1.0729 lr=1.195e-04 grad_norm=13.634 samples/s=109.57
[step 2900/5000] loss=1.3531 lr=1.185e-04 grad_norm=5.152 samples/s=109.55
[step 2910/5000] loss=1.0603 lr=1.176e-04 grad_norm=5.893 samples/s=109.56
[step 2920/5000] loss=1.2066 lr=1.167e-04 grad_norm=5.336 samples/s=109.49
[step 2930/5000] loss=0.8841 lr=1.158e-04 grad_norm=15.237 samples/s=109.53
[step 2940/5000] loss=1.0851 lr=1.148e-04 grad_norm=8.114 samples/s=109.48
[step 2950/5000] loss=0.8640 lr=1.139e-04 grad_norm=8.986 samples/s=109.46
[step 2960/5000] loss=1.2982 lr=1.130e-04 grad_norm=14.975 samples/s=109.44
[step 2970/5000] loss=1.0530 lr=1.121e-04 grad_norm=22.690 samples/s=109.43
[step 2980/5000] loss=0.8725 lr=1.112e-04 grad_norm=6.826 samples/s=109.37
[step 2990/5000] loss=1.6053 lr=1.103e-04 grad_norm=12.961 samples/s=109.32
[step 3000/5000] loss=0.8613 lr=1.093e-04 grad_norm=4.998 samples/s=109.36
[val step 3000] loss=1.2952838196754455 m01={'mean': 0.4127651877278674, 'median': 0.41071383452792287, 'p95': 0.6932044917582542, 'tail_frac_gt4px': 8.224360555966774e-05, 'n_matched': 12159} m02={'12-16': 0.9042675893886967, '16-32': 0.953158779726159, '32-64': 0.9412522545735635, '64-128': 0.938685208596713} m04={'accuracy': 0.9893905748828029, 'by_octave': {'12-16': 0.9706632653061225, '16-32': 0.9873991935483871, '32-64': 0.9967150287434985, '64-128': 0.9929292929292929}} diag={'gate3_alpha_mean': 0.4375205636024475, 'gate3_alpha_min': 0.035369873046875, 'gate3_alpha_max': 0.985595703125, 'gate3_alpha_std': 0.20243972539901733, 'gate3_alpha_p10': 0.16180419921875, 'gate3_alpha_p50': 0.4345703125, 'gate3_alpha_p90': 0.7080078125, 'block0_attn_entropy': 7.010387420654297, 'block1_attn_entropy': 7.240328788757324}
[step 3010/5000] loss=1.7804 lr=1.084e-04 grad_norm=34.160 samples/s=109.55
[step 3020/5000] loss=1.0732 lr=1.075e-04 grad_norm=22.939 samples/s=109.74
[step 3030/5000] loss=1.5905 lr=1.066e-04 grad_norm=17.062 samples/s=109.78
[step 3040/5000] loss=0.8000 lr=1.057e-04 grad_norm=5.721 samples/s=109.78
[step 3050/5000] loss=1.0395 lr=1.048e-04 grad_norm=5.706 samples/s=109.73
[step 3060/5000] loss=1.3824 lr=1.039e-04 grad_norm=7.791 samples/s=109.78
[step 3070/5000] loss=1.0623 lr=1.030e-04 grad_norm=6.639 samples/s=109.72
[step 3080/5000] loss=1.3219 lr=1.021e-04 grad_norm=6.895 samples/s=109.74
[step 3090/5000] loss=1.1171 lr=1.012e-04 grad_norm=8.043 samples/s=109.63
[step 3100/5000] loss=0.7410 lr=1.003e-04 grad_norm=5.014 samples/s=109.65
[step 3110/5000] loss=1.1976 lr=9.941e-05 grad_norm=4.787 samples/s=109.57
[step 3120/5000] loss=1.3811 lr=9.852e-05 grad_norm=12.630 samples/s=109.59
[step 3130/5000] loss=1.6377 lr=9.763e-05 grad_norm=8.242 samples/s=109.52
[step 3140/5000] loss=1.5756 lr=9.674e-05 grad_norm=6.446 samples/s=109.54
[step 3150/5000] loss=0.8558 lr=9.586e-05 grad_norm=16.782 samples/s=109.49
[step 3160/5000] loss=1.3072 lr=9.498e-05 grad_norm=6.240 samples/s=109.54
[step 3170/5000] loss=1.0702 lr=9.410e-05 grad_norm=6.732 samples/s=109.51
[step 3180/5000] loss=1.6475 lr=9.322e-05 grad_norm=10.287 samples/s=109.54
[step 3190/5000] loss=1.1259 lr=9.235e-05 grad_norm=10.525 samples/s=109.52
[step 3200/5000] loss=0.9892 lr=9.148e-05 grad_norm=7.392 samples/s=109.53
[step 3210/5000] loss=1.2107 lr=9.061e-05 grad_norm=7.148 samples/s=109.53
[step 3220/5000] loss=1.2017 lr=8.974e-05 grad_norm=19.288 samples/s=109.53
[step 3230/5000] loss=1.2851 lr=8.888e-05 grad_norm=4.734 samples/s=109.52
[step 3240/5000] loss=2.5546 lr=8.801e-05 grad_norm=100.549 samples/s=109.49
[step 3250/5000] loss=1.8622 lr=8.715e-05 grad_norm=19.395 samples/s=109.49
[val step 3250] loss=1.2888853192329406 m01={'mean': 0.4121347826487285, 'median': 0.41042900688051254, 'p95': 0.6891798276279499, 'tail_frac_gt4px': 8.229775327133569e-05, 'n_matched': 12151} m02={'12-16': 0.9059976931949251, '16-32': 0.9505164544799424, '32-64': 0.9415099201236795, '64-128': 0.9383691529709229} m04={'accuracy': 0.9879022302691136, 'by_octave': {'12-16': 0.9669000636537237, '16-32': 0.9876168814758656, '32-64': 0.9931581828133552, '64-128': 0.9929269114179858}} diag={'gate3_alpha_mean': 0.4147827625274658, 'gate3_alpha_min': 0.0272674560546875, 'gate3_alpha_max': 0.984130859375, 'gate3_alpha_std': 0.20038895308971405, 'gate3_alpha_p10': 0.14569091796875, 'gate3_alpha_p50': 0.4072265625, 'gate3_alpha_p90': 0.684814453125, 'block0_attn_entropy': 7.088977813720703, 'block1_attn_entropy': 7.192404270172119}
[step 3260/5000] loss=0.9679 lr=8.630e-05 grad_norm=5.149 samples/s=109.67
[step 3270/5000] loss=1.0076 lr=8.544e-05 grad_norm=5.547 samples/s=109.85
[step 3280/5000] loss=1.9693 lr=8.459e-05 grad_norm=18.642 samples/s=109.88
[step 3290/5000] loss=1.3934 lr=8.374e-05 grad_norm=16.940 samples/s=109.87
[step 3300/5000] loss=1.2132 lr=8.290e-05 grad_norm=6.160 samples/s=109.84
[step 3310/5000] loss=0.6623 lr=8.205e-05 grad_norm=5.702 samples/s=109.84
[step 3320/5000] loss=1.1362 lr=8.121e-05 grad_norm=9.263 samples/s=109.81
[step 3330/5000] loss=1.5203 lr=8.038e-05 grad_norm=15.190 samples/s=109.81
[step 3340/5000] loss=1.0590 lr=7.954e-05 grad_norm=11.067 samples/s=109.79
[step 3350/5000] loss=1.5203 lr=7.871e-05 grad_norm=23.776 samples/s=109.78
[step 3360/5000] loss=1.6038 lr=7.788e-05 grad_norm=19.329 samples/s=109.79
[step 3370/5000] loss=1.0689 lr=7.706e-05 grad_norm=18.839 samples/s=109.75
[step 3380/5000] loss=1.4640 lr=7.624e-05 grad_norm=13.553 samples/s=109.75
[step 3390/5000] loss=0.9664 lr=7.542e-05 grad_norm=9.646 samples/s=109.71
[step 3400/5000] loss=2.1413 lr=7.460e-05 grad_norm=14.086 samples/s=109.73
[step 3410/5000] loss=0.7301 lr=7.379e-05 grad_norm=5.331 samples/s=109.70
[step 3420/5000] loss=1.4072 lr=7.298e-05 grad_norm=17.545 samples/s=109.69
[step 3430/5000] loss=1.0614 lr=7.217e-05 grad_norm=13.312 samples/s=109.61
[step 3440/5000] loss=1.0254 lr=7.137e-05 grad_norm=7.884 samples/s=109.60
[step 3450/5000] loss=0.9520 lr=7.057e-05 grad_norm=5.137 samples/s=109.58
[step 3460/5000] loss=0.8728 lr=6.977e-05 grad_norm=14.268 samples/s=109.58
[step 3470/5000] loss=2.1451 lr=6.898e-05 grad_norm=16.691 samples/s=109.53
[step 3480/5000] loss=0.9177 lr=6.819e-05 grad_norm=13.311 samples/s=109.53
[step 3490/5000] loss=0.9115 lr=6.740e-05 grad_norm=13.391 samples/s=109.45
[step 3500/5000] loss=1.6448 lr=6.662e-05 grad_norm=7.116 samples/s=109.49
[val step 3500] loss=1.2745378856658935 m01={'mean': 0.4129503980705954, 'median': 0.4100798879728572, 'p95': 0.6906104165099526, 'tail_frac_gt4px': 0.0001642845408247084, 'n_matched': 12174} m02={'12-16': 0.9071510957324106, '16-32': 0.9514773000240211, '32-64': 0.9430559134243751, '64-128': 0.9418457648546145} m04={'accuracy': 0.9901429275505175, 'by_octave': {'12-16': 0.9669421487603306, '16-32': 0.9888916940166624, '32-64': 0.9969945355191256, '64-128': 0.9956375838926175}} diag={'gate3_alpha_mean': 0.3970707654953003, 'gate3_alpha_min': 0.0230560302734375, 'gate3_alpha_max': 0.988037109375, 'gate3_alpha_std': 0.1960403323173523, 'gate3_alpha_p10': 0.13232421875, 'gate3_alpha_p50': 0.3944091796875, 'gate3_alpha_p90': 0.6552734375, 'block0_attn_entropy': 7.068260192871094, 'block1_attn_entropy': 7.22780704498291}
[step 3510/5000] loss=0.9294 lr=6.584e-05 grad_norm=6.548 samples/s=109.66
[step 3520/5000] loss=0.6120 lr=6.506e-05 grad_norm=5.109 samples/s=109.82
[step 3530/5000] loss=1.5895 lr=6.429e-05 grad_norm=16.789 samples/s=109.85
[step 3540/5000] loss=1.1219 lr=6.352e-05 grad_norm=5.075 samples/s=109.86
[step 3550/5000] loss=1.0552 lr=6.276e-05 grad_norm=17.340 samples/s=109.83
[step 3560/5000] loss=2.3316 lr=6.200e-05 grad_norm=11.239 samples/s=109.82
[step 3570/5000] loss=0.7847 lr=6.124e-05 grad_norm=7.818 samples/s=109.83
[step 3580/5000] loss=0.9212 lr=6.048e-05 grad_norm=4.616 samples/s=109.81
[step 3590/5000] loss=0.9780 lr=5.973e-05 grad_norm=8.401 samples/s=109.78
[step 3600/5000] loss=0.8862 lr=5.899e-05 grad_norm=9.672 samples/s=109.80
[step 3610/5000] loss=1.5786 lr=5.824e-05 grad_norm=6.506 samples/s=109.70
[step 3620/5000] loss=0.8924 lr=5.750e-05 grad_norm=7.543 samples/s=109.73
[step 3630/5000] loss=1.0051 lr=5.677e-05 grad_norm=9.532 samples/s=109.69
[step 3640/5000] loss=0.8552 lr=5.604e-05 grad_norm=5.932 samples/s=109.69
[step 3650/5000] loss=1.0717 lr=5.531e-05 grad_norm=4.041 samples/s=109.63
[step 3660/5000] loss=1.6398 lr=5.459e-05 grad_norm=9.778 samples/s=109.63
[step 3670/5000] loss=0.6664 lr=5.387e-05 grad_norm=4.947 samples/s=109.54
[step 3680/5000] loss=1.3541 lr=5.315e-05 grad_norm=8.981 samples/s=109.58
[step 3690/5000] loss=1.0719 lr=5.244e-05 grad_norm=6.309 samples/s=109.55
[step 3700/5000] loss=1.1859 lr=5.173e-05 grad_norm=10.815 samples/s=109.59
[step 3710/5000] loss=1.2452 lr=5.103e-05 grad_norm=16.374 samples/s=109.58
[step 3720/5000] loss=1.2143 lr=5.033e-05 grad_norm=10.344 samples/s=109.59
[step 3730/5000] loss=1.4220 lr=4.964e-05 grad_norm=7.460 samples/s=109.55
[step 3740/5000] loss=1.1697 lr=4.895e-05 grad_norm=9.559 samples/s=109.57
[step 3750/5000] loss=1.1086 lr=4.826e-05 grad_norm=6.142 samples/s=109.49
[val step 3750] loss=1.2637013325691222 m01={'mean': 0.41222427894219893, 'median': 0.41029905999664473, 'p95': 0.689098070296216, 'tail_frac_gt4px': 8.216251745953496e-05, 'n_matched': 12171} m02={'12-16': 0.9065743944636678, '16-32': 0.9519577227960605, '32-64': 0.9446019067250708, '64-128': 0.938685208596713} m04={'accuracy': 0.9902226604223153, 'by_octave': {'12-16': 0.9688295165394402, '16-32': 0.989149634115569, '32-64': 0.9972722313147845, '64-128': 0.9942760942760943}} diag={'gate3_alpha_mean': 0.3952386677265167, 'gate3_alpha_min': 0.0226898193359375, 'gate3_alpha_max': 0.983154296875, 'gate3_alpha_std': 0.19365593791007996, 'gate3_alpha_p10': 0.13275146484375, 'gate3_alpha_p50': 0.39404296875, 'gate3_alpha_p90': 0.656494140625, 'block0_attn_entropy': 7.046850681304932, 'block1_attn_entropy': 7.154054641723633}
[step 3760/5000] loss=0.7288 lr=4.758e-05 grad_norm=10.924 samples/s=109.64
[step 3770/5000] loss=0.6830 lr=4.690e-05 grad_norm=3.839 samples/s=109.80
[step 3780/5000] loss=2.3801 lr=4.623e-05 grad_norm=8.765 samples/s=109.82
[step 3790/5000] loss=0.8768 lr=4.556e-05 grad_norm=7.923 samples/s=109.80
[step 3800/5000] loss=1.5854 lr=4.489e-05 grad_norm=7.159 samples/s=109.76
[step 3810/5000] loss=1.3606 lr=4.423e-05 grad_norm=9.463 samples/s=109.79
[step 3820/5000] loss=1.4457 lr=4.357e-05 grad_norm=16.097 samples/s=109.73
[step 3830/5000] loss=1.6063 lr=4.292e-05 grad_norm=4.670 samples/s=109.76
[step 3840/5000] loss=1.0400 lr=4.228e-05 grad_norm=4.070 samples/s=109.69
[step 3850/5000] loss=0.9063 lr=4.163e-05 grad_norm=10.539 samples/s=109.71
[step 3860/5000] loss=1.0606 lr=4.099e-05 grad_norm=5.296 samples/s=109.66
[step 3870/5000] loss=2.1578 lr=4.036e-05 grad_norm=10.534 samples/s=109.68
[step 3880/5000] loss=0.7859 lr=3.973e-05 grad_norm=5.861 samples/s=109.65
[step 3890/5000] loss=0.7253 lr=3.911e-05 grad_norm=6.668 samples/s=109.65
[step 3900/5000] loss=0.7168 lr=3.849e-05 grad_norm=4.024 samples/s=109.61
[step 3910/5000] loss=0.8954 lr=3.787e-05 grad_norm=8.606 samples/s=109.64
[step 3920/5000] loss=1.7800 lr=3.726e-05 grad_norm=5.837 samples/s=109.59
[step 3930/5000] loss=1.0938 lr=3.666e-05 grad_norm=5.948 samples/s=109.62
[step 3940/5000] loss=1.7027 lr=3.605e-05 grad_norm=7.418 samples/s=109.57
[step 3950/5000] loss=0.7833 lr=3.546e-05 grad_norm=4.313 samples/s=109.57
[step 3960/5000] loss=1.2891 lr=3.487e-05 grad_norm=14.813 samples/s=109.56
[step 3970/5000] loss=1.1690 lr=3.428e-05 grad_norm=5.544 samples/s=109.57
[step 3980/5000] loss=1.0741 lr=3.370e-05 grad_norm=9.344 samples/s=109.53
[step 3990/5000] loss=0.8525 lr=3.312e-05 grad_norm=7.531 samples/s=109.54
[step 4000/5000] loss=1.1838 lr=3.255e-05 grad_norm=10.882 samples/s=109.48
[val step 4000] loss=1.254853681564331 m01={'mean': 0.4114959949457387, 'median': 0.4097898837506573, 'p95': 0.6846568963433498, 'tail_frac_gt4px': 8.21962847279303e-05, 'n_matched': 12166} m02={'12-16': 0.9048442906574394, '16-32': 0.9517175114100408, '32-64': 0.943828910074723, '64-128': 0.9393173198482933} m04={'accuracy': 0.9907940161104718, 'by_octave': {'12-16': 0.9732313575525813, '16-32': 0.9891468955073195, '32-64': 0.9964509964509964, '64-128': 0.9952893674293405}} diag={'gate3_alpha_mean': 0.40530896186828613, 'gate3_alpha_min': 0.02388763427734375, 'gate3_alpha_max': 0.985107421875, 'gate3_alpha_std': 0.1900116503238678, 'gate3_alpha_p10': 0.144500732421875, 'gate3_alpha_p50': 0.408203125, 'gate3_alpha_p90': 0.66015625, 'block0_attn_entropy': 7.060813903808594, 'block1_attn_entropy': 7.367937088012695}
[step 4010/5000] loss=1.3680 lr=3.198e-05 grad_norm=16.678 samples/s=109.62
[step 4020/5000] loss=1.0151 lr=3.142e-05 grad_norm=5.377 samples/s=109.77
[step 4030/5000] loss=1.0807 lr=3.086e-05 grad_norm=7.298 samples/s=109.78
[step 4040/5000] loss=1.0016 lr=3.031e-05 grad_norm=14.846 samples/s=109.82
[step 4050/5000] loss=1.1543 lr=2.976e-05 grad_norm=8.881 samples/s=109.77
[step 4060/5000] loss=1.2850 lr=2.922e-05 grad_norm=24.635 samples/s=109.79
[step 4070/5000] loss=1.2151 lr=2.868e-05 grad_norm=3.963 samples/s=109.74
[step 4080/5000] loss=0.9404 lr=2.815e-05 grad_norm=6.581 samples/s=109.75
[step 4090/5000] loss=1.5328 lr=2.762e-05 grad_norm=9.449 samples/s=109.73
[step 4100/5000] loss=1.9590 lr=2.710e-05 grad_norm=14.304 samples/s=109.74
[step 4110/5000] loss=1.6647 lr=2.658e-05 grad_norm=7.171 samples/s=109.67
[step 4120/5000] loss=1.3487 lr=2.607e-05 grad_norm=6.921 samples/s=109.69
[step 4130/5000] loss=1.6229 lr=2.556e-05 grad_norm=5.134 samples/s=109.66
[step 4140/5000] loss=1.1251 lr=2.506e-05 grad_norm=5.445 samples/s=109.66
[step 4150/5000] loss=0.9790 lr=2.456e-05 grad_norm=18.436 samples/s=109.62
[step 4160/5000] loss=1.2385 lr=2.407e-05 grad_norm=6.757 samples/s=109.64
[step 4170/5000] loss=0.9993 lr=2.358e-05 grad_norm=6.190 samples/s=109.60
[step 4180/5000] loss=1.2918 lr=2.310e-05 grad_norm=3.782 samples/s=109.62
[step 4190/5000] loss=0.7895 lr=2.263e-05 grad_norm=3.803 samples/s=109.57
[step 4200/5000] loss=0.9152 lr=2.216e-05 grad_norm=9.895 samples/s=109.56
[step 4210/5000] loss=1.0040 lr=2.169e-05 grad_norm=3.939 samples/s=109.51
[step 4220/5000] loss=1.6690 lr=2.123e-05 grad_norm=6.611 samples/s=109.49
[step 4230/5000] loss=1.2424 lr=2.078e-05 grad_norm=18.422 samples/s=109.41
[step 4240/5000] loss=1.7786 lr=2.033e-05 grad_norm=36.670 samples/s=109.42
[step 4250/5000] loss=1.3151 lr=1.988e-05 grad_norm=10.355 samples/s=109.37
[val step 4250] loss=1.2462093629837037 m01={'mean': 0.411536184413582, 'median': 0.40998350313978404, 'p95': 0.6847365528586159, 'tail_frac_gt4px': 8.21422704123542e-05, 'n_matched': 12174} m02={'12-16': 0.9071510957324106, '16-32': 0.9524381455680999, '32-64': 0.944086575624839, '64-128': 0.9393173198482933} m04={'accuracy': 0.9904714966321669, 'by_octave': {'12-16': 0.972027972027972, '16-32': 0.9896595208070618, '32-64': 0.9948144104803494, '64-128': 0.9959623149394348}} diag={'gate3_alpha_mean': 0.390841543674469, 'gate3_alpha_min': 0.024471282958984375, 'gate3_alpha_max': 0.98388671875, 'gate3_alpha_std': 0.18807168304920197, 'gate3_alpha_p10': 0.136627197265625, 'gate3_alpha_p50': 0.38916015625, 'gate3_alpha_p90': 0.6431884765625, 'block0_attn_entropy': 7.109775543212891, 'block1_attn_entropy': 7.330166816711426}
[step 4260/5000] loss=1.3533 lr=1.945e-05 grad_norm=9.623 samples/s=109.51
[step 4270/5000] loss=1.0128 lr=1.901e-05 grad_norm=5.614 samples/s=109.64
[step 4280/5000] loss=1.8557 lr=1.859e-05 grad_norm=4.789 samples/s=109.69
[step 4290/5000] loss=1.2732 lr=1.816e-05 grad_norm=9.139 samples/s=109.68
[step 4300/5000] loss=1.4746 lr=1.775e-05 grad_norm=20.678 samples/s=109.63
[step 4310/5000] loss=1.4036 lr=1.734e-05 grad_norm=6.371 samples/s=109.63
[step 4320/5000] loss=1.3944 lr=1.693e-05 grad_norm=7.476 samples/s=109.60
[step 4330/5000] loss=1.5815 lr=1.653e-05 grad_norm=44.947 samples/s=109.63
[step 4340/5000] loss=0.9280 lr=1.614e-05 grad_norm=9.010 samples/s=109.57
[step 4350/5000] loss=1.1603 lr=1.575e-05 grad_norm=9.133 samples/s=109.57
[step 4360/5000] loss=0.7004 lr=1.537e-05 grad_norm=5.418 samples/s=109.55
[step 4370/5000] loss=1.1761 lr=1.499e-05 grad_norm=7.328 samples/s=109.56
[step 4380/5000] loss=0.7629 lr=1.462e-05 grad_norm=4.135 samples/s=109.51
[step 4390/5000] loss=1.0026 lr=1.425e-05 grad_norm=7.733 samples/s=109.52
[step 4400/5000] loss=1.2524 lr=1.389e-05 grad_norm=6.212 samples/s=109.47
[step 4410/5000] loss=1.1731 lr=1.353e-05 grad_norm=8.752 samples/s=109.47
[step 4420/5000] loss=0.7586 lr=1.318e-05 grad_norm=8.641 samples/s=109.41
[step 4430/5000] loss=1.2109 lr=1.284e-05 grad_norm=9.768 samples/s=109.44
[step 4440/5000] loss=0.5529 lr=1.250e-05 grad_norm=15.539 samples/s=109.39
[step 4450/5000] loss=1.0205 lr=1.217e-05 grad_norm=6.921 samples/s=109.40
[step 4460/5000] loss=1.1753 lr=1.184e-05 grad_norm=10.190 samples/s=109.37
[step 4470/5000] loss=1.9091 lr=1.152e-05 grad_norm=14.094 samples/s=109.38
[step 4480/5000] loss=0.7888 lr=1.121e-05 grad_norm=6.961 samples/s=109.33
[step 4490/5000] loss=1.7657 lr=1.090e-05 grad_norm=5.923 samples/s=109.34
[step 4500/5000] loss=0.7680 lr=1.060e-05 grad_norm=9.001 samples/s=109.32
[val step 4500] loss=1.2408507685661316 m01={'mean': 0.41117940986311247, 'median': 0.40972854904652456, 'p95': 0.6832095541939415, 'tail_frac_gt4px': 8.208832703989493e-05, 'n_matched': 12182} m02={'12-16': 0.9100346020761245, '16-32': 0.9519577227960605, '32-64': 0.9443442411749549, '64-128': 0.9405815423514539} m04={'accuracy': 0.9912165490067313, 'by_octave': {'12-16': 0.9759188846641318, '16-32': 0.9894019682059046, '32-64': 0.9959072305593452, '64-128': 0.9959677419354839}} diag={'gate3_alpha_mean': 0.3931760787963867, 'gate3_alpha_min': 0.025592803955078125, 'gate3_alpha_max': 0.986083984375, 'gate3_alpha_std': 0.18583011627197266, 'gate3_alpha_p10': 0.14031982421875, 'gate3_alpha_p50': 0.394287109375, 'gate3_alpha_p90': 0.63818359375, 'block0_attn_entropy': 7.111982822418213, 'block1_attn_entropy': 7.262646675109863}
[step 4510/5000] loss=1.3220 lr=1.030e-05 grad_norm=7.585 samples/s=109.44
[step 4520/5000] loss=0.9265 lr=1.001e-05 grad_norm=10.803 samples/s=109.57
[step 4530/5000] loss=0.9016 lr=9.720e-06 grad_norm=5.880 samples/s=109.61
[step 4540/5000] loss=1.3889 lr=9.439e-06 grad_norm=6.995 samples/s=109.60
[step 4550/5000] loss=2.0442 lr=9.165e-06 grad_norm=34.460 samples/s=109.60
[step 4560/5000] loss=0.5610 lr=8.896e-06 grad_norm=4.868 samples/s=109.60
[step 4570/5000] loss=0.9054 lr=8.634e-06 grad_norm=3.887 samples/s=109.56
[step 4580/5000] loss=1.6677 lr=8.377e-06 grad_norm=72.041 samples/s=109.56
[step 4590/5000] loss=1.0841 lr=8.126e-06 grad_norm=9.148 samples/s=109.54
[step 4600/5000] loss=2.1844 lr=7.881e-06 grad_norm=11.520 samples/s=109.53
[step 4610/5000] loss=1.2161 lr=7.642e-06 grad_norm=4.216 samples/s=109.53
[step 4620/5000] loss=1.5852 lr=7.409e-06 grad_norm=11.590 samples/s=109.53
[step 4630/5000] loss=1.1583 lr=7.181e-06 grad_norm=7.792 samples/s=109.50
[step 4640/5000] loss=1.3073 lr=6.960e-06 grad_norm=9.463 samples/s=109.51
[step 4650/5000] loss=0.7576 lr=6.744e-06 grad_norm=7.610 samples/s=109.50
[step 4660/5000] loss=0.6754 lr=6.535e-06 grad_norm=6.063 samples/s=109.47
[step 4670/5000] loss=1.6990 lr=6.331e-06 grad_norm=6.818 samples/s=109.47
[step 4680/5000] loss=0.7558 lr=6.134e-06 grad_norm=4.160 samples/s=109.44
[step 4690/5000] loss=1.2291 lr=5.942e-06 grad_norm=12.569 samples/s=109.45
[step 4700/5000] loss=0.5987 lr=5.757e-06 grad_norm=7.678 samples/s=109.43
[step 4710/5000] loss=1.0256 lr=5.577e-06 grad_norm=6.435 samples/s=109.43
[step 4720/5000] loss=1.4570 lr=5.403e-06 grad_norm=6.404 samples/s=109.41
[step 4730/5000] loss=1.0430 lr=5.236e-06 grad_norm=8.907 samples/s=109.40
[step 4740/5000] loss=1.0587 lr=5.074e-06 grad_norm=13.209 samples/s=109.37
[step 4750/5000] loss=1.7653 lr=4.919e-06 grad_norm=10.644 samples/s=109.38
[val step 4750] loss=1.2373341336250305 m01={'mean': 0.4107225191752707, 'median': 0.40964516381396293, 'p95': 0.6822848531777764, 'tail_frac_gt4px': 8.208158909956496e-05, 'n_matched': 12183} m02={'12-16': 0.908881199538639, '16-32': 0.9521979341820802, '32-64': 0.9453749033754187, '64-128': 0.9399494310998736} m04={'accuracy': 0.9912993515554461, 'by_octave': {'12-16': 0.9771573604060914, '16-32': 0.9883955600403632, '32-64': 0.9959116925592805, '64-128': 0.9969737726967047}} diag={'gate3_alpha_mean': 0.3845757246017456, 'gate3_alpha_min': 0.02397918701171875, 'gate3_alpha_max': 0.98974609375, 'gate3_alpha_std': 0.18621815741062164, 'gate3_alpha_p10': 0.133331298828125, 'gate3_alpha_p50': 0.38330078125, 'gate3_alpha_p90': 0.632080078125, 'block0_attn_entropy': 7.07626485824585, 'block1_attn_entropy': 7.276439666748047}
[step 4760/5000] loss=1.1392 lr=4.769e-06 grad_norm=6.773 samples/s=109.50
[step 4770/5000] loss=0.8456 lr=4.626e-06 grad_norm=7.148 samples/s=109.62
[step 4780/5000] loss=1.6131 lr=4.488e-06 grad_norm=14.807 samples/s=109.64
[step 4790/5000] loss=1.4313 lr=4.357e-06 grad_norm=11.386 samples/s=109.64
[step 4800/5000] loss=0.9754 lr=4.231e-06 grad_norm=6.841 samples/s=109.60
[step 4810/5000] loss=1.1423 lr=4.112e-06 grad_norm=4.754 samples/s=109.61
[step 4820/5000] loss=1.5345 lr=3.999e-06 grad_norm=11.817 samples/s=109.56
[step 4830/5000] loss=1.3477 lr=3.892e-06 grad_norm=11.418 samples/s=109.58
[step 4840/5000] loss=1.0863 lr=3.790e-06 grad_norm=5.693 samples/s=109.57
[step 4850/5000] loss=0.8092 lr=3.695e-06 grad_norm=5.428 samples/s=109.55
[step 4860/5000] loss=0.9975 lr=3.606e-06 grad_norm=7.853 samples/s=109.53
[step 4870/5000] loss=0.8343 lr=3.523e-06 grad_norm=10.863 samples/s=109.53
[step 4880/5000] loss=0.9374 lr=3.447e-06 grad_norm=8.196 samples/s=109.53
[step 4890/5000] loss=1.9565 lr=3.376e-06 grad_norm=7.003 samples/s=109.50
[step 4900/5000] loss=1.1478 lr=3.311e-06 grad_norm=14.717 samples/s=109.52
[step 4910/5000] loss=1.0229 lr=3.253e-06 grad_norm=6.142 samples/s=109.48
[step 4920/5000] loss=0.8451 lr=3.200e-06 grad_norm=10.034 samples/s=109.47
[step 4930/5000] loss=1.3162 lr=3.154e-06 grad_norm=6.043 samples/s=109.46
[step 4940/5000] loss=1.3091 lr=3.114e-06 grad_norm=14.712 samples/s=109.43
[step 4950/5000] loss=1.0606 lr=3.079e-06 grad_norm=6.435 samples/s=109.42
[step 4960/5000] loss=0.6420 lr=3.051e-06 grad_norm=4.170 samples/s=109.42
[step 4970/5000] loss=1.0167 lr=3.029e-06 grad_norm=7.280 samples/s=109.40
[step 4980/5000] loss=1.2618 lr=3.013e-06 grad_norm=11.902 samples/s=109.38
[step 4990/5000] loss=0.7631 lr=3.004e-06 grad_norm=3.034 samples/s=109.39
[step 5000/5000] loss=1.4329 lr=3.000e-06 grad_norm=7.394 samples/s=109.37
[val step 5000] loss=1.2349615821838378 m01={'mean': 0.4112964156093678, 'median': 0.4101069339752479, 'p95': 0.6827255443636984, 'tail_frac_gt4px': 8.200082000820008e-05, 'n_matched': 12195} m02={'12-16': 0.9111880046136102, '16-32': 0.9529185683401393, '32-64': 0.9456325689255347, '64-128': 0.9412136536030341} m04={'accuracy': 0.9913079130791308, 'by_octave': {'12-16': 0.9746835443037974, '16-32': 0.9891605747416183, '32-64': 0.9964577656675749, '64-128': 0.9966420416386836}} diag={'gate3_alpha_mean': 0.38161611557006836, 'gate3_alpha_min': 0.02375030517578125, 'gate3_alpha_max': 0.98974609375, 'gate3_alpha_std': 0.18621183931827545, 'gate3_alpha_p10': 0.1309814453125, 'gate3_alpha_p50': 0.379638671875, 'gate3_alpha_p90': 0.630126953125, 'block0_attn_entropy': 7.07260274887085, 'block1_attn_entropy': 7.2822160720825195}
[FULL val step 5000] loss=1.1601183699131012 m01={'mean': 0.40861907006506343, 'median': 0.4070520588966131, 'p95': 0.681810183212739, 'tail_frac_gt4px': 0.00010510231305936664, 'n_matched': 123689} m02={'12-16': 0.9163382501970498, '16-32': 0.9375488639863536, '32-64': 0.9532261750590386, '64-128': 0.9547832114948324} m04={'accuracy': 0.9888349004357704, 'by_octave': {'12-16': 0.9666379945932662, '16-32': 0.9886033406615622, '32-64': 0.9952049868137137, '64-128': 0.9931685422923335}}
[train_detector] wrote checkpoint runs/ft20_full_lr3x/ckpt_0005000.pt
[train_detector] done: step=5000 train_elapsed=1462.9s val_elapsed=316.4s samples/s=109.37
