[train_detector] finetune from runs/rel_w882_c2_100k_rev6/ckpt_0100000.pt (step 100000): 882,402 of 882,402 params trainable, lr_mult={'e1.*': 0.1, 'e2.*': 0.1, 'e3.*': 0.1, 'e4.*': 0.1, 'blocks.*': 0.1, 'norm.*': 0.1, 'gate3.*': 0.1, 'd3.*': 0.1, 'd2.*': 0.1, 'd1.*': 0.1, 'hm.*': 0.1, 'cls.*': 1.0}, reinit=[]
[train_detector] stream_seed=2100000 resume_count=0 start_step=0
[step 1/5000] loss=6.0655 lr=0.000e+00 grad_norm=121.069 samples/s=6.98
[step 2/5000] loss=6.3384 lr=3.000e-06 grad_norm=61.669 samples/s=13.54
[step 3/5000] loss=6.7646 lr=6.000e-06 grad_norm=55.914 samples/s=19.72
[step 4/5000] loss=6.6255 lr=9.000e-06 grad_norm=61.012 samples/s=25.54
[step 5/5000] loss=6.1356 lr=1.200e-05 grad_norm=50.907 samples/s=28.23
[step 6/5000] loss=5.6310 lr=1.500e-05 grad_norm=69.661 samples/s=32.28
[step 7/5000] loss=6.8887 lr=1.800e-05 grad_norm=53.259 samples/s=36.77
[step 8/5000] loss=6.0754 lr=2.100e-05 grad_norm=53.218 samples/s=41.04
[step 9/5000] loss=7.5611 lr=2.400e-05 grad_norm=102.574 samples/s=40.18
[step 10/5000] loss=6.6921 lr=2.700e-05 grad_norm=52.500 samples/s=43.75
[step 20/5000] loss=5.6245 lr=5.700e-05 grad_norm=51.104 samples/s=53.36
[step 30/5000] loss=4.8479 lr=8.700e-05 grad_norm=53.751 samples/s=54.67
[step 40/5000] loss=4.0330 lr=1.170e-04 grad_norm=31.689 samples/s=59.29
[step 50/5000] loss=3.6963 lr=1.470e-04 grad_norm=50.561 samples/s=62.66
[step 60/5000] loss=3.4271 lr=1.770e-04 grad_norm=24.255 samples/s=65.54
[step 70/5000] loss=2.6090 lr=2.070e-04 grad_norm=9.966 samples/s=63.41
[step 80/5000] loss=2.2963 lr=2.370e-04 grad_norm=17.001 samples/s=65.20
[step 90/5000] loss=2.6746 lr=2.670e-04 grad_norm=16.156 samples/s=66.25
[step 100/5000] loss=2.3507 lr=2.970e-04 grad_norm=8.130 samples/s=67.60
[step 110/5000] loss=2.1038 lr=3.000e-04 grad_norm=7.123 samples/s=67.16
[step 120/5000] loss=2.2406 lr=3.000e-04 grad_norm=8.813 samples/s=68.52
[step 130/5000] loss=2.1185 lr=3.000e-04 grad_norm=6.900 samples/s=68.25
[step 140/5000] loss=2.6138 lr=3.000e-04 grad_norm=5.645 samples/s=69.32
[step 150/5000] loss=2.2510 lr=2.999e-04 grad_norm=7.918 samples/s=69.41
[step 160/5000] loss=2.4035 lr=2.999e-04 grad_norm=9.103 samples/s=70.42
[step 170/5000] loss=2.4421 lr=2.999e-04 grad_norm=6.674 samples/s=69.92
[step 180/5000] loss=2.2603 lr=2.998e-04 grad_norm=8.264 samples/s=71.08
[step 190/5000] loss=2.1569 lr=2.998e-04 grad_norm=11.100 samples/s=70.84
[step 200/5000] loss=2.9166 lr=2.997e-04 grad_norm=6.998 samples/s=71.58
[step 210/5000] loss=2.7026 lr=2.996e-04 grad_norm=5.033 samples/s=71.50
[step 220/5000] loss=1.9527 lr=2.996e-04 grad_norm=16.815 samples/s=71.51
[step 230/5000] loss=2.5502 lr=2.995e-04 grad_norm=10.404 samples/s=71.96
[step 240/5000] loss=1.8594 lr=2.994e-04 grad_norm=5.363 samples/s=72.73
[step 250/5000] loss=2.2029 lr=2.993e-04 grad_norm=11.453 samples/s=71.92
[val step 250] loss=2.417668224334717 m01={'mean': 0.40810549755985387, 'median': 0.40852444041643865, 'p95': 0.676019460998684, 'tail_frac_gt4px': 0.0, 'n_matched': 12189} m02={'12-16': 0.9129181084198386, '16-32': 0.9517175114100408, '32-64': 0.944086575624839, '64-128': 0.9418457648546145} m04={'accuracy': 0.26130117318894086, 'by_octave': {'12-16': 0.20088439671509792, '16-32': 0.25113579000504793, '32-64': 0.3116812227074236, '64-128': 0.24496644295302014}} diag={'gate3_alpha_mean': 0.29528796672821045, 'gate3_alpha_min': 0.015045166015625, 'gate3_alpha_max': 0.972412109375, 'gate3_alpha_std': 0.15772628784179688, 'gate3_alpha_p10': 0.10673370957374573, 'gate3_alpha_p50': 0.27459716796875, 'gate3_alpha_p90': 0.5135498046875, 'block0_attn_entropy': 7.114780426025391, 'block1_attn_entropy': 7.467977046966553}
[step 260/5000] loss=2.4032 lr=2.992e-04 grad_norm=19.674 samples/s=73.23
[step 270/5000] loss=2.5022 lr=2.991e-04 grad_norm=30.727 samples/s=74.11
[step 280/5000] loss=2.7027 lr=2.990e-04 grad_norm=9.146 samples/s=74.95
[step 290/5000] loss=2.0268 lr=2.989e-04 grad_norm=9.342 samples/s=75.83
[step 300/5000] loss=2.4908 lr=2.988e-04 grad_norm=20.906 samples/s=75.58
[step 310/5000] loss=2.2525 lr=2.987e-04 grad_norm=8.490 samples/s=75.20
[step 320/5000] loss=1.8459 lr=2.985e-04 grad_norm=6.528 samples/s=75.05
[step 330/5000] loss=2.4902 lr=2.984e-04 grad_norm=11.385 samples/s=74.75
[step 340/5000] loss=2.1252 lr=2.983e-04 grad_norm=19.324 samples/s=75.16
[step 350/5000] loss=2.4792 lr=2.981e-04 grad_norm=16.936 samples/s=74.89
[step 360/5000] loss=1.7245 lr=2.980e-04 grad_norm=5.640 samples/s=74.54
[step 370/5000] loss=1.9203 lr=2.978e-04 grad_norm=9.632 samples/s=74.27
[step 380/5000] loss=1.9586 lr=2.976e-04 grad_norm=8.172 samples/s=74.63
[step 390/5000] loss=2.1493 lr=2.975e-04 grad_norm=31.412 samples/s=74.14
[step 400/5000] loss=1.8430 lr=2.973e-04 grad_norm=9.141 samples/s=74.05
[step 410/5000] loss=2.3314 lr=2.971e-04 grad_norm=9.002 samples/s=74.21
[step 420/5000] loss=1.9328 lr=2.969e-04 grad_norm=6.539 samples/s=74.55
[step 430/5000] loss=1.9681 lr=2.967e-04 grad_norm=5.186 samples/s=74.39
[step 440/5000] loss=2.6256 lr=2.965e-04 grad_norm=10.996 samples/s=74.49
[step 450/5000] loss=2.4372 lr=2.963e-04 grad_norm=10.372 samples/s=74.40
[step 460/5000] loss=2.2252 lr=2.961e-04 grad_norm=11.588 samples/s=74.43
[step 470/5000] loss=2.7842 lr=2.959e-04 grad_norm=22.355 samples/s=74.04
[step 480/5000] loss=1.5152 lr=2.956e-04 grad_norm=7.640 samples/s=74.11
[step 490/5000] loss=1.6736 lr=2.954e-04 grad_norm=5.799 samples/s=73.78
[step 500/5000] loss=1.7906 lr=2.952e-04 grad_norm=7.425 samples/s=73.93
[val step 500] loss=2.2120738792419434 m01={'mean': 0.4083494957805885, 'median': 0.40855638516584547, 'p95': 0.6780158882856414, 'tail_frac_gt4px': 0.0, 'n_matched': 12204} m02={'12-16': 0.9140715109573241, '16-32': 0.9536392024981984, '32-64': 0.9446019067250708, '64-128': 0.9427939317319848} m04={'accuracy': 0.49336283185840707, 'by_octave': {'12-16': 0.32870662460567823, '16-32': 0.48740554156171284, '32-64': 0.5932896890343698, '64-128': 0.4659738518270198}} diag={'gate3_alpha_mean': 0.2802193760871887, 'gate3_alpha_min': 0.014316558837890625, 'gate3_alpha_max': 0.97705078125, 'gate3_alpha_std': 0.1612686961889267, 'gate3_alpha_p10': 0.09515380859375, 'gate3_alpha_p50': 0.2525634765625, 'gate3_alpha_p90': 0.509033203125, 'block0_attn_entropy': 7.14874267578125, 'block1_attn_entropy': 7.451005935668945}
[step 510/5000] loss=2.0589 lr=2.949e-04 grad_norm=19.621 samples/s=74.80
[step 520/5000] loss=1.6598 lr=2.947e-04 grad_norm=13.800 samples/s=75.27
[step 530/5000] loss=1.9113 lr=2.944e-04 grad_norm=18.258 samples/s=75.71
[step 540/5000] loss=2.3259 lr=2.942e-04 grad_norm=19.017 samples/s=75.93
[step 550/5000] loss=2.0794 lr=2.939e-04 grad_norm=13.154 samples/s=75.37
[step 560/5000] loss=1.6505 lr=2.936e-04 grad_norm=12.411 samples/s=75.55
[step 570/5000] loss=1.7876 lr=2.933e-04 grad_norm=8.303 samples/s=75.36
[step 580/5000] loss=1.6093 lr=2.931e-04 grad_norm=14.090 samples/s=75.58
[step 590/5000] loss=1.3604 lr=2.928e-04 grad_norm=12.835 samples/s=75.45
[step 600/5000] loss=1.6720 lr=2.925e-04 grad_norm=15.996 samples/s=75.55
[step 610/5000] loss=1.7971 lr=2.922e-04 grad_norm=17.356 samples/s=75.25
[step 620/5000] loss=2.3130 lr=2.919e-04 grad_norm=13.570 samples/s=75.36
[step 630/5000] loss=1.6202 lr=2.915e-04 grad_norm=19.734 samples/s=75.33
[step 640/5000] loss=1.9156 lr=2.912e-04 grad_norm=12.079 samples/s=75.61
[step 650/5000] loss=1.9449 lr=2.909e-04 grad_norm=21.153 samples/s=75.52
[step 660/5000] loss=1.7816 lr=2.906e-04 grad_norm=41.803 samples/s=75.69
[step 670/5000] loss=2.6435 lr=2.902e-04 grad_norm=125.783 samples/s=75.51
[step 680/5000] loss=1.7524 lr=2.899e-04 grad_norm=16.610 samples/s=75.54
[step 690/5000] loss=2.2126 lr=2.895e-04 grad_norm=21.180 samples/s=75.46
[step 700/5000] loss=1.6362 lr=2.892e-04 grad_norm=20.335 samples/s=75.30
[step 710/5000] loss=1.8879 lr=2.888e-04 grad_norm=12.579 samples/s=75.23
[step 720/5000] loss=1.8420 lr=2.885e-04 grad_norm=9.110 samples/s=75.15
[step 730/5000] loss=1.1755 lr=2.881e-04 grad_norm=7.069 samples/s=75.14
[step 740/5000] loss=1.2117 lr=2.877e-04 grad_norm=10.615 samples/s=75.09
[step 750/5000] loss=1.9085 lr=2.873e-04 grad_norm=14.382 samples/s=74.83
[val step 750] loss=1.8684142808914184 m01={'mean': 0.4087721163933771, 'median': 0.40858137532990735, 'p95': 0.678069190764012, 'tail_frac_gt4px': 8.195377806916898e-05, 'n_matched': 12202} m02={'12-16': 0.9146482122260668, '16-32': 0.9543598366562575, '32-64': 0.9443442411749549, '64-128': 0.9412136536030341} m04={'accuracy': 0.7190624487788887, 'by_octave': {'12-16': 0.5006305170239597, '16-32': 0.6886483765416562, '32-64': 0.8272851296043656, '64-128': 0.7427803895231699}} diag={'gate3_alpha_mean': 0.2768089473247528, 'gate3_alpha_min': 0.016727447509765625, 'gate3_alpha_max': 0.979736328125, 'gate3_alpha_std': 0.15988299250602722, 'gate3_alpha_p10': 0.095306396484375, 'gate3_alpha_p50': 0.2489013671875, 'gate3_alpha_p90': 0.501220703125, 'block0_attn_entropy': 7.1545867919921875, 'block1_attn_entropy': 7.471767902374268}
[step 760/5000] loss=1.7046 lr=2.869e-04 grad_norm=22.437 samples/s=75.41
[step 770/5000] loss=1.3182 lr=2.865e-04 grad_norm=10.913 samples/s=75.99
[step 780/5000] loss=1.5417 lr=2.861e-04 grad_norm=16.013 samples/s=76.01
[step 790/5000] loss=2.3081 lr=2.857e-04 grad_norm=21.344 samples/s=76.14
[step 800/5000] loss=1.5684 lr=2.853e-04 grad_norm=12.026 samples/s=75.92
[step 810/5000] loss=2.3673 lr=2.849e-04 grad_norm=22.421 samples/s=75.82
[step 820/5000] loss=1.3276 lr=2.845e-04 grad_norm=12.773 samples/s=75.87
[step 830/5000] loss=1.3452 lr=2.841e-04 grad_norm=13.338 samples/s=75.84
[step 840/5000] loss=1.0824 lr=2.836e-04 grad_norm=6.742 samples/s=75.85
[step 850/5000] loss=1.8471 lr=2.832e-04 grad_norm=12.905 samples/s=75.78
[step 860/5000] loss=1.4430 lr=2.828e-04 grad_norm=10.725 samples/s=75.65
[step 870/5000] loss=1.8608 lr=2.823e-04 grad_norm=11.858 samples/s=75.78
[step 880/5000] loss=2.1047 lr=2.819e-04 grad_norm=18.238 samples/s=75.65
[step 890/5000] loss=1.2005 lr=2.814e-04 grad_norm=11.544 samples/s=75.62
[step 900/5000] loss=1.3064 lr=2.809e-04 grad_norm=12.683 samples/s=75.48
[step 910/5000] loss=1.2319 lr=2.805e-04 grad_norm=10.573 samples/s=75.54
[step 920/5000] loss=1.8145 lr=2.800e-04 grad_norm=10.957 samples/s=75.46
[step 930/5000] loss=1.3606 lr=2.795e-04 grad_norm=17.316 samples/s=75.38
[step 940/5000] loss=1.2909 lr=2.790e-04 grad_norm=16.016 samples/s=75.11
[step 950/5000] loss=0.8185 lr=2.785e-04 grad_norm=12.888 samples/s=74.99
[step 960/5000] loss=2.5680 lr=2.780e-04 grad_norm=31.451 samples/s=74.86
[step 970/5000] loss=1.6823 lr=2.775e-04 grad_norm=12.276 samples/s=74.86
[step 980/5000] loss=1.6340 lr=2.770e-04 grad_norm=21.149 samples/s=74.58
[step 990/5000] loss=1.0501 lr=2.765e-04 grad_norm=11.252 samples/s=74.66
[step 1000/5000] loss=1.2786 lr=2.760e-04 grad_norm=10.787 samples/s=74.41
[val step 1000] loss=1.6512197074890136 m01={'mean': 0.4090473037028766, 'median': 0.4088217158770179, 'p95': 0.6798153766143735, 'tail_frac_gt4px': 8.195377806916898e-05, 'n_matched': 12202} m02={'12-16': 0.9146482122260668, '16-32': 0.9541196252702379, '32-64': 0.9451172378253028, '64-128': 0.9405815423514539} m04={'accuracy': 0.8209309949188658, 'by_octave': {'12-16': 0.6128625472887768, '16-32': 0.8068982880161127, '32-64': 0.9067611777535441, '64-128': 0.844758064516129}} diag={'gate3_alpha_mean': 0.27486109733581543, 'gate3_alpha_min': 0.018733978271484375, 'gate3_alpha_max': 0.97705078125, 'gate3_alpha_std': 0.15451863408088684, 'gate3_alpha_p10': 0.09930419921875, 'gate3_alpha_p50': 0.24884033203125, 'gate3_alpha_p90': 0.487548828125, 'block0_attn_entropy': 7.136122226715088, 'block1_attn_entropy': 7.503019332885742}
[step 1010/5000] loss=1.6604 lr=2.755e-04 grad_norm=10.981 samples/s=74.64
[step 1020/5000] loss=1.6917 lr=2.750e-04 grad_norm=13.255 samples/s=74.86
[step 1030/5000] loss=2.1600 lr=2.744e-04 grad_norm=21.271 samples/s=75.14
[step 1040/5000] loss=1.4138 lr=2.739e-04 grad_norm=12.281 samples/s=75.16
[step 1050/5000] loss=1.6538 lr=2.734e-04 grad_norm=20.284 samples/s=75.18
[step 1060/5000] loss=1.3616 lr=2.728e-04 grad_norm=15.220 samples/s=75.09
[step 1070/5000] loss=1.3191 lr=2.723e-04 grad_norm=17.115 samples/s=75.08
[step 1080/5000] loss=1.1283 lr=2.717e-04 grad_norm=26.148 samples/s=75.01
[step 1090/5000] loss=1.1874 lr=2.711e-04 grad_norm=13.591 samples/s=74.97
[step 1100/5000] loss=1.7130 lr=2.706e-04 grad_norm=12.787 samples/s=75.01
[step 1110/5000] loss=2.2518 lr=2.700e-04 grad_norm=23.423 samples/s=74.77
[step 1120/5000] loss=0.8528 lr=2.694e-04 grad_norm=10.544 samples/s=74.84
[step 1130/5000] loss=1.0769 lr=2.688e-04 grad_norm=11.942 samples/s=74.87
[step 1140/5000] loss=1.1301 lr=2.683e-04 grad_norm=12.244 samples/s=74.61
[step 1150/5000] loss=1.2795 lr=2.677e-04 grad_norm=10.498 samples/s=74.65
[step 1160/5000] loss=0.7501 lr=2.671e-04 grad_norm=7.632 samples/s=74.57
[step 1170/5000] loss=1.8081 lr=2.665e-04 grad_norm=13.624 samples/s=74.63
[step 1180/5000] loss=1.5415 lr=2.659e-04 grad_norm=8.940 samples/s=74.52
[step 1190/5000] loss=1.0284 lr=2.653e-04 grad_norm=13.927 samples/s=74.46
[step 1200/5000] loss=2.0596 lr=2.646e-04 grad_norm=27.787 samples/s=74.40
[step 1210/5000] loss=1.1971 lr=2.640e-04 grad_norm=6.514 samples/s=74.48
[step 1220/5000] loss=0.8839 lr=2.634e-04 grad_norm=9.247 samples/s=74.37
[step 1230/5000] loss=1.0152 lr=2.628e-04 grad_norm=16.541 samples/s=74.54
[step 1240/5000] loss=1.6122 lr=2.621e-04 grad_norm=25.661 samples/s=74.56
[step 1250/5000] loss=1.5419 lr=2.615e-04 grad_norm=18.082 samples/s=74.35
[val step 1250] loss=1.5365036907196046 m01={'mean': 0.4079733541899425, 'median': 0.4082890248373765, 'p95': 0.6761723628683023, 'tail_frac_gt4px': 0.0, 'n_matched': 12201} m02={'12-16': 0.9175317185697809, '16-32': 0.9524381455680999, '32-64': 0.9448595722751868, '64-128': 0.9412136536030341} m04={'accuracy': 0.8677157610031965, 'by_octave': {'12-16': 0.6813324952859836, '16-32': 0.874905422446406, '32-64': 0.927461139896373, '64-128': 0.884150436534587}} diag={'gate3_alpha_mean': 0.27715402841567993, 'gate3_alpha_min': 0.020168304443359375, 'gate3_alpha_max': 0.96826171875, 'gate3_alpha_std': 0.1516670137643814, 'gate3_alpha_p10': 0.10296630859375, 'gate3_alpha_p50': 0.2528076171875, 'gate3_alpha_p90': 0.486083984375, 'block0_attn_entropy': 7.191614627838135, 'block1_attn_entropy': 7.504533290863037}
[step 1260/5000] loss=1.0929 lr=2.609e-04 grad_norm=17.391 samples/s=74.53
[step 1270/5000] loss=0.9082 lr=2.602e-04 grad_norm=10.618 samples/s=74.72
[step 1280/5000] loss=1.2818 lr=2.596e-04 grad_norm=15.194 samples/s=74.98
[step 1290/5000] loss=1.1799 lr=2.589e-04 grad_norm=8.092 samples/s=74.99
[step 1300/5000] loss=1.5852 lr=2.582e-04 grad_norm=18.795 samples/s=75.06
[step 1310/5000] loss=1.7111 lr=2.576e-04 grad_norm=13.488 samples/s=75.04
[step 1320/5000] loss=1.0594 lr=2.569e-04 grad_norm=12.790 samples/s=74.96
[step 1330/5000] loss=1.0327 lr=2.562e-04 grad_norm=11.986 samples/s=74.88
[step 1340/5000] loss=1.0483 lr=2.556e-04 grad_norm=12.504 samples/s=74.80
[step 1350/5000] loss=1.3048 lr=2.549e-04 grad_norm=8.108 samples/s=74.84
[step 1360/5000] loss=1.3116 lr=2.542e-04 grad_norm=12.326 samples/s=74.65
[step 1370/5000] loss=1.3364 lr=2.535e-04 grad_norm=9.120 samples/s=74.64
[step 1380/5000] loss=1.5627 lr=2.528e-04 grad_norm=20.004 samples/s=74.63
[step 1390/5000] loss=1.6502 lr=2.521e-04 grad_norm=18.283 samples/s=74.68
[step 1400/5000] loss=1.5432 lr=2.514e-04 grad_norm=15.427 samples/s=74.63
[step 1410/5000] loss=1.7505 lr=2.507e-04 grad_norm=16.196 samples/s=74.69
[step 1420/5000] loss=0.9317 lr=2.500e-04 grad_norm=17.200 samples/s=74.64
[step 1430/5000] loss=0.7097 lr=2.493e-04 grad_norm=9.512 samples/s=74.78
[step 1440/5000] loss=1.0897 lr=2.486e-04 grad_norm=17.004 samples/s=74.64
[step 1450/5000] loss=1.0961 lr=2.478e-04 grad_norm=12.581 samples/s=74.72
[step 1460/5000] loss=1.4271 lr=2.471e-04 grad_norm=20.447 samples/s=74.63
[step 1470/5000] loss=1.9666 lr=2.464e-04 grad_norm=28.819 samples/s=74.70
[step 1480/5000] loss=2.3392 lr=2.456e-04 grad_norm=11.240 samples/s=74.65
[step 1490/5000] loss=1.2314 lr=2.449e-04 grad_norm=14.457 samples/s=74.64
[step 1500/5000] loss=0.9855 lr=2.442e-04 grad_norm=9.111 samples/s=74.62
[val step 1500] loss=1.465817229270935 m01={'mean': 0.4079833278593329, 'median': 0.40853668612566707, 'p95': 0.6770977270948914, 'tail_frac_gt4px': 0.0, 'n_matched': 12198} m02={'12-16': 0.9158016147635525, '16-32': 0.9519577227960605, '32-64': 0.9461479000257665, '64-128': 0.9402654867256637} m04={'accuracy': 0.8944089194949992, 'by_octave': {'12-16': 0.7273299748110831, '16-32': 0.9073933888468332, '32-64': 0.9422657952069716, '64-128': 0.9072268907563025}} diag={'gate3_alpha_mean': 0.2747994065284729, 'gate3_alpha_min': 0.020389556884765625, 'gate3_alpha_max': 0.966796875, 'gate3_alpha_std': 0.15139487385749817, 'gate3_alpha_p10': 0.1011962890625, 'gate3_alpha_p50': 0.2509765625, 'gate3_alpha_p90': 0.483642578125, 'block0_attn_entropy': 7.186351299285889, 'block1_attn_entropy': 7.502995014190674}
[step 1510/5000] loss=1.2441 lr=2.434e-04 grad_norm=11.130 samples/s=74.77
[step 1520/5000] loss=1.1464 lr=2.427e-04 grad_norm=11.359 samples/s=74.92
[step 1530/5000] loss=1.8923 lr=2.419e-04 grad_norm=23.900 samples/s=75.10
[step 1540/5000] loss=1.5475 lr=2.412e-04 grad_norm=16.330 samples/s=75.07
[step 1550/5000] loss=1.3031 lr=2.404e-04 grad_norm=13.507 samples/s=75.08
[step 1560/5000] loss=2.0963 lr=2.396e-04 grad_norm=18.287 samples/s=74.97
[step 1570/5000] loss=1.5884 lr=2.389e-04 grad_norm=15.610 samples/s=75.07
[step 1580/5000] loss=1.1220 lr=2.381e-04 grad_norm=7.960 samples/s=74.97
[step 1590/5000] loss=1.8011 lr=2.373e-04 grad_norm=19.770 samples/s=75.02
[step 1600/5000] loss=0.8814 lr=2.365e-04 grad_norm=13.312 samples/s=75.00
[step 1610/5000] loss=1.9425 lr=2.358e-04 grad_norm=34.125 samples/s=75.01
[step 1620/5000] loss=1.0009 lr=2.350e-04 grad_norm=11.322 samples/s=74.89
[step 1630/5000] loss=1.5311 lr=2.342e-04 grad_norm=6.982 samples/s=74.89
[step 1640/5000] loss=1.6409 lr=2.334e-04 grad_norm=28.736 samples/s=74.91
[step 1650/5000] loss=1.0108 lr=2.326e-04 grad_norm=8.631 samples/s=74.93
[step 1660/5000] loss=1.0347 lr=2.318e-04 grad_norm=49.019 samples/s=74.84
[step 1670/5000] loss=1.7513 lr=2.310e-04 grad_norm=12.135 samples/s=74.92
[step 1680/5000] loss=1.1445 lr=2.302e-04 grad_norm=11.043 samples/s=74.93
[step 1690/5000] loss=0.7726 lr=2.294e-04 grad_norm=20.485 samples/s=74.98
[step 1700/5000] loss=1.6263 lr=2.286e-04 grad_norm=30.749 samples/s=74.99
[step 1710/5000] loss=1.5659 lr=2.277e-04 grad_norm=20.321 samples/s=74.96
[step 1720/5000] loss=1.2715 lr=2.269e-04 grad_norm=25.859 samples/s=74.95
[step 1730/5000] loss=0.7557 lr=2.261e-04 grad_norm=11.658 samples/s=74.82
[step 1740/5000] loss=1.1936 lr=2.253e-04 grad_norm=7.568 samples/s=74.79
[step 1750/5000] loss=1.1674 lr=2.245e-04 grad_norm=17.360 samples/s=74.78
[val step 1750] loss=1.4318581700325013 m01={'mean': 0.40836540634631907, 'median': 0.40864386144576836, 'p95': 0.676987393281107, 'tail_frac_gt4px': 0.0, 'n_matched': 12199} m02={'12-16': 0.9158016147635525, '16-32': 0.9521979341820802, '32-64': 0.9453749033754187, '64-128': 0.9412136536030341} m04={'accuracy': 0.9069595868513812, 'by_octave': {'12-16': 0.7481108312342569, '16-32': 0.9200302724520686, '32-64': 0.9503952030526029, '64-128': 0.9207521826729349}} diag={'gate3_alpha_mean': 0.28322505950927734, 'gate3_alpha_min': 0.021358489990234375, 'gate3_alpha_max': 0.970703125, 'gate3_alpha_std': 0.1544979065656662, 'gate3_alpha_p10': 0.1046142578125, 'gate3_alpha_p50': 0.2592506408691406, 'gate3_alpha_p90': 0.499755859375, 'block0_attn_entropy': 7.208181381225586, 'block1_attn_entropy': 7.473469257354736}
[step 1760/5000] loss=0.9681 lr=2.236e-04 grad_norm=7.791 samples/s=74.92
[step 1770/5000] loss=1.3961 lr=2.228e-04 grad_norm=11.290 samples/s=75.05
[step 1780/5000] loss=1.0630 lr=2.220e-04 grad_norm=18.090 samples/s=75.17
[step 1790/5000] loss=1.4796 lr=2.211e-04 grad_norm=19.688 samples/s=75.20
[step 1800/5000] loss=1.3683 lr=2.203e-04 grad_norm=13.424 samples/s=75.27
[step 1810/5000] loss=1.6206 lr=2.194e-04 grad_norm=13.256 samples/s=75.22
[step 1820/5000] loss=1.4773 lr=2.186e-04 grad_norm=12.624 samples/s=75.22
[step 1830/5000] loss=1.2613 lr=2.177e-04 grad_norm=30.377 samples/s=75.25
[step 1840/5000] loss=1.1770 lr=2.169e-04 grad_norm=21.533 samples/s=75.31
[step 1850/5000] loss=1.4625 lr=2.160e-04 grad_norm=30.595 samples/s=75.30
[step 1860/5000] loss=1.0348 lr=2.152e-04 grad_norm=10.380 samples/s=75.33
[step 1870/5000] loss=0.7832 lr=2.143e-04 grad_norm=10.096 samples/s=75.31
[step 1880/5000] loss=1.1816 lr=2.134e-04 grad_norm=6.529 samples/s=75.28
[step 1890/5000] loss=2.7247 lr=2.126e-04 grad_norm=34.264 samples/s=75.30
[step 1900/5000] loss=1.8552 lr=2.117e-04 grad_norm=13.906 samples/s=75.25
[step 1910/5000] loss=0.7235 lr=2.108e-04 grad_norm=6.601 samples/s=75.34
[step 1920/5000] loss=1.3200 lr=2.100e-04 grad_norm=20.624 samples/s=75.25
[step 1930/5000] loss=1.4448 lr=2.091e-04 grad_norm=17.452 samples/s=75.25
[step 1940/5000] loss=1.3187 lr=2.082e-04 grad_norm=21.109 samples/s=75.18
[step 1950/5000] loss=1.2656 lr=2.073e-04 grad_norm=10.078 samples/s=75.18
[step 1960/5000] loss=1.4479 lr=2.064e-04 grad_norm=20.841 samples/s=75.13
[step 1970/5000] loss=1.2612 lr=2.055e-04 grad_norm=11.875 samples/s=75.10
[step 1980/5000] loss=1.3768 lr=2.047e-04 grad_norm=10.454 samples/s=75.06
[step 1990/5000] loss=1.3750 lr=2.038e-04 grad_norm=19.188 samples/s=75.09
[step 2000/5000] loss=1.1655 lr=2.029e-04 grad_norm=8.335 samples/s=75.04
[val step 2000] loss=1.4062912168502808 m01={'mean': 0.40835086542418625, 'median': 0.40854893183489543, 'p95': 0.6771450886495103, 'tail_frac_gt4px': 0.0, 'n_matched': 12209} m02={'12-16': 0.9158016147635525, '16-32': 0.9524381455680999, '32-64': 0.9469208966761145, '64-128': 0.9421618204804045} m04={'accuracy': 0.9158817265951348, 'by_octave': {'12-16': 0.7751889168765743, '16-32': 0.9276166456494326, '32-64': 0.9548299319727891, '64-128': 0.9272056356927205}} diag={'gate3_alpha_mean': 0.290280282497406, 'gate3_alpha_min': 0.02201080322265625, 'gate3_alpha_max': 0.9755859375, 'gate3_alpha_std': 0.1572248339653015, 'gate3_alpha_p10': 0.10816879570484161, 'gate3_alpha_p50': 0.26513671875, 'gate3_alpha_p90': 0.513671875, 'block0_attn_entropy': 7.1962151527404785, 'block1_attn_entropy': 7.471736907958984}
[step 2010/5000] loss=1.3478 lr=2.020e-04 grad_norm=10.490 samples/s=75.25
[step 2020/5000] loss=0.6786 lr=2.011e-04 grad_norm=18.431 samples/s=75.40
[step 2030/5000] loss=1.0717 lr=2.002e-04 grad_norm=6.882 samples/s=75.51
[step 2040/5000] loss=0.7911 lr=1.993e-04 grad_norm=9.365 samples/s=75.50
[step 2050/5000] loss=1.8658 lr=1.984e-04 grad_norm=13.774 samples/s=75.44
[step 2060/5000] loss=1.4601 lr=1.975e-04 grad_norm=10.437 samples/s=75.48
[step 2070/5000] loss=0.8667 lr=1.966e-04 grad_norm=5.675 samples/s=75.45
[step 2080/5000] loss=1.5407 lr=1.957e-04 grad_norm=16.697 samples/s=75.47
[step 2090/5000] loss=1.4242 lr=1.948e-04 grad_norm=7.774 samples/s=75.44
[step 2100/5000] loss=1.3958 lr=1.938e-04 grad_norm=8.835 samples/s=75.47
[step 2110/5000] loss=2.3258 lr=1.929e-04 grad_norm=47.551 samples/s=75.43
[step 2120/5000] loss=1.4393 lr=1.920e-04 grad_norm=23.862 samples/s=75.41
[step 2130/5000] loss=1.2466 lr=1.911e-04 grad_norm=9.227 samples/s=75.37
[step 2140/5000] loss=1.8762 lr=1.902e-04 grad_norm=11.781 samples/s=75.23
[step 2150/5000] loss=1.3867 lr=1.893e-04 grad_norm=11.020 samples/s=75.28
[step 2160/5000] loss=0.9219 lr=1.883e-04 grad_norm=20.478 samples/s=75.21
[step 2170/5000] loss=0.8771 lr=1.874e-04 grad_norm=11.500 samples/s=75.25
[step 2180/5000] loss=1.8874 lr=1.865e-04 grad_norm=26.641 samples/s=75.20
[step 2190/5000] loss=1.0563 lr=1.856e-04 grad_norm=9.880 samples/s=75.20
[step 2200/5000] loss=2.3062 lr=1.846e-04 grad_norm=15.732 samples/s=75.10
[step 2210/5000] loss=2.3148 lr=1.837e-04 grad_norm=16.141 samples/s=75.12
[step 2220/5000] loss=0.8968 lr=1.828e-04 grad_norm=11.667 samples/s=75.01
[step 2230/5000] loss=1.4504 lr=1.818e-04 grad_norm=10.343 samples/s=75.07
[step 2240/5000] loss=1.5269 lr=1.809e-04 grad_norm=18.766 samples/s=75.02
[step 2250/5000] loss=1.7477 lr=1.800e-04 grad_norm=28.030 samples/s=75.00
[val step 2250] loss=1.3898026795387268 m01={'mean': 0.40828661662108434, 'median': 0.40856383849679545, 'p95': 0.677083521556445, 'tail_frac_gt4px': 0.0, 'n_matched': 12203} m02={'12-16': 0.9163783160322952, '16-32': 0.9526783569541196, '32-64': 0.9456325689255347, '64-128': 0.9412136536030341} m04={'accuracy': 0.9217405556010817, 'by_octave': {'12-16': 0.7847702957835117, '16-32': 0.9296520423600605, '32-64': 0.9623978201634877, '64-128': 0.9341840161182001}} diag={'gate3_alpha_mean': 0.28147780895233154, 'gate3_alpha_min': 0.0216522216796875, 'gate3_alpha_max': 0.970458984375, 'gate3_alpha_std': 0.15329617261886597, 'gate3_alpha_p10': 0.10443115234375, 'gate3_alpha_p50': 0.257568359375, 'gate3_alpha_p90': 0.4970703125, 'block0_attn_entropy': 7.198183536529541, 'block1_attn_entropy': 7.487525463104248}
[step 2260/5000] loss=1.1173 lr=1.790e-04 grad_norm=7.788 samples/s=75.10
[step 2270/5000] loss=0.9719 lr=1.781e-04 grad_norm=8.552 samples/s=75.20
[step 2280/5000] loss=1.1376 lr=1.772e-04 grad_norm=7.020 samples/s=75.30
[step 2290/5000] loss=1.8074 lr=1.762e-04 grad_norm=28.816 samples/s=75.35
[step 2300/5000] loss=1.4735 lr=1.753e-04 grad_norm=8.569 samples/s=75.35
[step 2310/5000] loss=1.1761 lr=1.744e-04 grad_norm=9.513 samples/s=75.25
[step 2320/5000] loss=1.1684 lr=1.734e-04 grad_norm=8.018 samples/s=75.26
[step 2330/5000] loss=1.0924 lr=1.725e-04 grad_norm=22.726 samples/s=75.24
[step 2340/5000] loss=1.2502 lr=1.715e-04 grad_norm=19.619 samples/s=75.26
[step 2350/5000] loss=1.5789 lr=1.706e-04 grad_norm=13.354 samples/s=75.27
[step 2360/5000] loss=1.3931 lr=1.696e-04 grad_norm=16.693 samples/s=75.23
[step 2370/5000] loss=1.1891 lr=1.687e-04 grad_norm=14.217 samples/s=75.17
[step 2380/5000] loss=1.4002 lr=1.677e-04 grad_norm=8.449 samples/s=75.21
[step 2390/5000] loss=2.0680 lr=1.668e-04 grad_norm=22.161 samples/s=75.17
[step 2400/5000] loss=1.7604 lr=1.659e-04 grad_norm=9.119 samples/s=75.19
[step 2410/5000] loss=1.2731 lr=1.649e-04 grad_norm=18.748 samples/s=75.14
[step 2420/5000] loss=1.9095 lr=1.640e-04 grad_norm=28.007 samples/s=75.16
[step 2430/5000] loss=1.2428 lr=1.630e-04 grad_norm=11.569 samples/s=75.16
[step 2440/5000] loss=0.9664 lr=1.621e-04 grad_norm=11.650 samples/s=75.22
[step 2450/5000] loss=1.7214 lr=1.611e-04 grad_norm=47.340 samples/s=75.18
[step 2460/5000] loss=1.1970 lr=1.602e-04 grad_norm=10.878 samples/s=75.18
[step 2470/5000] loss=1.0550 lr=1.592e-04 grad_norm=13.316 samples/s=75.17
[step 2480/5000] loss=1.2935 lr=1.583e-04 grad_norm=21.575 samples/s=75.22
[step 2490/5000] loss=1.6166 lr=1.573e-04 grad_norm=11.762 samples/s=75.17
[step 2500/5000] loss=1.0080 lr=1.564e-04 grad_norm=14.373 samples/s=75.20
[val step 2500] loss=1.3782035913467408 m01={'mean': 0.408435691798263, 'median': 0.40837723366577183, 'p95': 0.6780645926271338, 'tail_frac_gt4px': 0.0, 'n_matched': 12207} m02={'12-16': 0.9163783160322952, '16-32': 0.9533989911121787, '32-64': 0.9466632311259985, '64-128': 0.9402654867256637} m04={'accuracy': 0.925616449578111, 'by_octave': {'12-16': 0.7929515418502202, '16-32': 0.9339884101788863, '32-64': 0.9637996733805118, '64-128': 0.9381512605042017}} diag={'gate3_alpha_mean': 0.2840726375579834, 'gate3_alpha_min': 0.021152496337890625, 'gate3_alpha_max': 0.97265625, 'gate3_alpha_std': 0.15430115163326263, 'gate3_alpha_p10': 0.1048583984375, 'gate3_alpha_p50': 0.2611083984375, 'gate3_alpha_p90': 0.5009765625, 'block0_attn_entropy': 7.213131904602051, 'block1_attn_entropy': 7.475400447845459}
[step 2510/5000] loss=0.9617 lr=1.554e-04 grad_norm=12.180 samples/s=75.33
[step 2520/5000] loss=0.8460 lr=1.545e-04 grad_norm=9.180 samples/s=75.42
[step 2530/5000] loss=1.1793 lr=1.535e-04 grad_norm=17.886 samples/s=75.51
[step 2540/5000] loss=1.7080 lr=1.525e-04 grad_norm=18.186 samples/s=75.58
[step 2550/5000] loss=1.1433 lr=1.516e-04 grad_norm=14.656 samples/s=75.59
[step 2560/5000] loss=0.7815 lr=1.506e-04 grad_norm=6.171 samples/s=75.51
[step 2570/5000] loss=0.8736 lr=1.497e-04 grad_norm=10.528 samples/s=75.53
[step 2580/5000] loss=1.3376 lr=1.487e-04 grad_norm=8.460 samples/s=75.48
[step 2590/5000] loss=1.3655 lr=1.478e-04 grad_norm=5.571 samples/s=75.50
[step 2600/5000] loss=1.2910 lr=1.468e-04 grad_norm=9.183 samples/s=75.52
[step 2610/5000] loss=1.3272 lr=1.459e-04 grad_norm=35.106 samples/s=75.52
[step 2620/5000] loss=1.7200 lr=1.449e-04 grad_norm=13.988 samples/s=75.55
[step 2630/5000] loss=1.3622 lr=1.440e-04 grad_norm=13.907 samples/s=75.56
[step 2640/5000] loss=0.9244 lr=1.430e-04 grad_norm=6.844 samples/s=75.46
[step 2650/5000] loss=0.7836 lr=1.421e-04 grad_norm=7.835 samples/s=75.51
[step 2660/5000] loss=1.1876 lr=1.411e-04 grad_norm=16.952 samples/s=75.51
[step 2670/5000] loss=1.6973 lr=1.402e-04 grad_norm=12.958 samples/s=75.49
[step 2680/5000] loss=1.1152 lr=1.392e-04 grad_norm=9.826 samples/s=75.40
[step 2690/5000] loss=1.7382 lr=1.383e-04 grad_norm=21.502 samples/s=75.39
[step 2700/5000] loss=1.1923 lr=1.373e-04 grad_norm=7.840 samples/s=75.34
[step 2710/5000] loss=1.0494 lr=1.364e-04 grad_norm=16.967 samples/s=75.31
[step 2720/5000] loss=2.4297 lr=1.354e-04 grad_norm=31.709 samples/s=75.26
[step 2730/5000] loss=1.6949 lr=1.345e-04 grad_norm=21.483 samples/s=75.26
[step 2740/5000] loss=0.7891 lr=1.335e-04 grad_norm=14.057 samples/s=75.23
[step 2750/5000] loss=0.9182 lr=1.326e-04 grad_norm=10.826 samples/s=75.17
[val step 2750] loss=1.3680011029243468 m01={'mean': 0.40852112959639575, 'median': 0.40862138680439386, 'p95': 0.6779442291691734, 'tail_frac_gt4px': 0.0, 'n_matched': 12210} m02={'12-16': 0.9163783160322952, '16-32': 0.953158779726159, '32-64': 0.9466632311259985, '64-128': 0.9415297092288243} m04={'accuracy': 0.9307125307125307, 'by_octave': {'12-16': 0.8061674008810573, '16-32': 0.9392641129032258, '32-64': 0.9667936853565596, '64-128': 0.941255454850621}} diag={'gate3_alpha_mean': 0.28370732069015503, 'gate3_alpha_min': 0.020839691162109375, 'gate3_alpha_max': 0.974609375, 'gate3_alpha_std': 0.15459127724170685, 'gate3_alpha_p10': 0.104278564453125, 'gate3_alpha_p50': 0.2606201171875, 'gate3_alpha_p90': 0.499755859375, 'block0_attn_entropy': 7.198750019073486, 'block1_attn_entropy': 7.425367832183838}
[step 2760/5000] loss=1.2169 lr=1.317e-04 grad_norm=11.388 samples/s=75.25
[step 2770/5000] loss=1.0525 lr=1.307e-04 grad_norm=14.276 samples/s=75.33
[step 2780/5000] loss=1.3494 lr=1.298e-04 grad_norm=15.996 samples/s=75.42
[step 2790/5000] loss=0.9145 lr=1.288e-04 grad_norm=8.390 samples/s=75.48
[step 2800/5000] loss=1.3700 lr=1.279e-04 grad_norm=9.520 samples/s=75.41
[step 2810/5000] loss=1.0129 lr=1.270e-04 grad_norm=6.600 samples/s=75.42
[step 2820/5000] loss=0.7214 lr=1.260e-04 grad_norm=9.855 samples/s=75.38
[step 2830/5000] loss=1.6570 lr=1.251e-04 grad_norm=10.842 samples/s=75.37
[step 2840/5000] loss=1.3552 lr=1.241e-04 grad_norm=9.715 samples/s=75.28
[step 2850/5000] loss=1.3957 lr=1.232e-04 grad_norm=21.085 samples/s=75.31
[step 2860/5000] loss=0.8563 lr=1.223e-04 grad_norm=22.895 samples/s=75.28
[step 2870/5000] loss=1.3569 lr=1.213e-04 grad_norm=16.979 samples/s=75.28
[step 2880/5000] loss=0.9453 lr=1.204e-04 grad_norm=13.926 samples/s=75.21
[step 2890/5000] loss=1.1244 lr=1.195e-04 grad_norm=7.005 samples/s=75.23
[step 2900/5000] loss=1.3453 lr=1.185e-04 grad_norm=11.960 samples/s=75.19
[step 2910/5000] loss=1.0235 lr=1.176e-04 grad_norm=8.506 samples/s=75.22
[step 2920/5000] loss=1.0542 lr=1.167e-04 grad_norm=7.788 samples/s=75.15
[step 2930/5000] loss=0.9428 lr=1.158e-04 grad_norm=6.432 samples/s=75.11
[step 2940/5000] loss=1.0548 lr=1.148e-04 grad_norm=7.638 samples/s=75.07
[step 2950/5000] loss=0.8137 lr=1.139e-04 grad_norm=15.004 samples/s=75.05
[step 2960/5000] loss=1.4895 lr=1.130e-04 grad_norm=28.664 samples/s=75.04
[step 2970/5000] loss=1.0319 lr=1.121e-04 grad_norm=12.923 samples/s=75.10
[step 2980/5000] loss=0.9224 lr=1.112e-04 grad_norm=11.478 samples/s=75.06
[step 2990/5000] loss=1.6888 lr=1.103e-04 grad_norm=22.546 samples/s=75.05
[step 3000/5000] loss=0.8559 lr=1.093e-04 grad_norm=13.124 samples/s=74.93
[val step 3000] loss=1.3599571380615234 m01={'mean': 0.4084446527971298, 'median': 0.4088207511441335, 'p95': 0.678670853262031, 'tail_frac_gt4px': 0.0, 'n_matched': 12209} m02={'12-16': 0.9158016147635525, '16-32': 0.953158779726159, '32-64': 0.9469208966761145, '64-128': 0.9412136536030341} m04={'accuracy': 0.9346383815218282, 'by_octave': {'12-16': 0.8123425692695214, '16-32': 0.9425403225806451, '32-64': 0.9670748299319728, '64-128': 0.9492948287441235}} diag={'gate3_alpha_mean': 0.2881787121295929, 'gate3_alpha_min': 0.02097320556640625, 'gate3_alpha_max': 0.9775390625, 'gate3_alpha_std': 0.15587733685970306, 'gate3_alpha_p10': 0.1069793701171875, 'gate3_alpha_p50': 0.26495361328125, 'gate3_alpha_p90': 0.5071468353271484, 'block0_attn_entropy': 7.212040424346924, 'block1_attn_entropy': 7.426999092102051}
[step 3010/5000] loss=1.3048 lr=1.084e-04 grad_norm=51.164 samples/s=75.02
[step 3020/5000] loss=0.9720 lr=1.075e-04 grad_norm=15.037 samples/s=75.15
[step 3030/5000] loss=1.5355 lr=1.066e-04 grad_norm=13.892 samples/s=75.22
[step 3040/5000] loss=0.8304 lr=1.057e-04 grad_norm=18.404 samples/s=75.18
[step 3050/5000] loss=1.0491 lr=1.048e-04 grad_norm=17.273 samples/s=75.17
[step 3060/5000] loss=1.3691 lr=1.039e-04 grad_norm=10.006 samples/s=75.20
[step 3070/5000] loss=1.0948 lr=1.030e-04 grad_norm=16.598 samples/s=75.18
[step 3080/5000] loss=1.3317 lr=1.021e-04 grad_norm=14.743 samples/s=75.22
[step 3090/5000] loss=1.1434 lr=1.012e-04 grad_norm=17.450 samples/s=75.10
[step 3100/5000] loss=0.6252 lr=1.003e-04 grad_norm=5.527 samples/s=75.11
[step 3110/5000] loss=1.3201 lr=9.941e-05 grad_norm=9.530 samples/s=75.04
[step 3120/5000] loss=1.2423 lr=9.852e-05 grad_norm=18.329 samples/s=75.04
[step 3130/5000] loss=1.6194 lr=9.763e-05 grad_norm=36.903 samples/s=74.97
[step 3140/5000] loss=1.5264 lr=9.674e-05 grad_norm=16.217 samples/s=75.00
[step 3150/5000] loss=0.8990 lr=9.586e-05 grad_norm=11.224 samples/s=74.98
[step 3160/5000] loss=1.2891 lr=9.498e-05 grad_norm=9.642 samples/s=75.01
[step 3170/5000] loss=1.0694 lr=9.410e-05 grad_norm=14.233 samples/s=74.98
[step 3180/5000] loss=1.5669 lr=9.322e-05 grad_norm=15.019 samples/s=75.00
[step 3190/5000] loss=1.0426 lr=9.235e-05 grad_norm=10.223 samples/s=74.97
[step 3200/5000] loss=1.0275 lr=9.148e-05 grad_norm=11.300 samples/s=75.01
[step 3210/5000] loss=1.2475 lr=9.061e-05 grad_norm=23.807 samples/s=75.00
[step 3220/5000] loss=1.0788 lr=8.974e-05 grad_norm=10.454 samples/s=75.02
[step 3230/5000] loss=1.2193 lr=8.888e-05 grad_norm=16.451 samples/s=74.99
[step 3240/5000] loss=2.4323 lr=8.801e-05 grad_norm=77.349 samples/s=74.96
[step 3250/5000] loss=1.7622 lr=8.715e-05 grad_norm=11.207 samples/s=74.92
[val step 3250] loss=1.3524805026054383 m01={'mean': 0.40850076485330905, 'median': 0.40874247641102684, 'p95': 0.6781483126934594, 'tail_frac_gt4px': 0.0, 'n_matched': 12206} m02={'12-16': 0.9140715109573241, '16-32': 0.953158779726159, '32-64': 0.9464055655758825, '64-128': 0.9418457648546145} m04={'accuracy': 0.9373259052924791, 'by_octave': {'12-16': 0.820820189274448, '16-32': 0.9450604838709677, '32-64': 0.9695072148107814, '64-128': 0.9493288590604027}} diag={'gate3_alpha_mean': 0.2893511950969696, 'gate3_alpha_min': 0.0213775634765625, 'gate3_alpha_max': 0.9765625, 'gate3_alpha_std': 0.1557309478521347, 'gate3_alpha_p10': 0.10791015625, 'gate3_alpha_p50': 0.2666015625, 'gate3_alpha_p90': 0.507568359375, 'block0_attn_entropy': 7.220578670501709, 'block1_attn_entropy': 7.4403157234191895}
[step 3260/5000] loss=0.9735 lr=8.630e-05 grad_norm=14.275 samples/s=75.02
[step 3270/5000] loss=0.9975 lr=8.544e-05 grad_norm=7.588 samples/s=75.13
[step 3280/5000] loss=1.9356 lr=8.459e-05 grad_norm=40.074 samples/s=75.16
[step 3290/5000] loss=1.3263 lr=8.374e-05 grad_norm=26.831 samples/s=75.16
[step 3300/5000] loss=1.2459 lr=8.290e-05 grad_norm=9.827 samples/s=75.07
[step 3310/5000] loss=0.7210 lr=8.205e-05 grad_norm=8.200 samples/s=75.11
[step 3320/5000] loss=1.1814 lr=8.121e-05 grad_norm=32.373 samples/s=75.08
[step 3330/5000] loss=1.7137 lr=8.038e-05 grad_norm=20.912 samples/s=75.08
[step 3340/5000] loss=1.1567 lr=7.954e-05 grad_norm=14.634 samples/s=75.03
[step 3350/5000] loss=1.5971 lr=7.871e-05 grad_norm=13.992 samples/s=75.08
[step 3360/5000] loss=1.5098 lr=7.788e-05 grad_norm=17.235 samples/s=75.03
[step 3370/5000] loss=1.1082 lr=7.706e-05 grad_norm=9.473 samples/s=75.05
[step 3380/5000] loss=1.5864 lr=7.624e-05 grad_norm=21.433 samples/s=75.02
[step 3390/5000] loss=1.0307 lr=7.542e-05 grad_norm=14.447 samples/s=75.05
[step 3400/5000] loss=2.2326 lr=7.460e-05 grad_norm=14.923 samples/s=75.01
[step 3410/5000] loss=0.7969 lr=7.379e-05 grad_norm=9.933 samples/s=75.04
[step 3420/5000] loss=1.2240 lr=7.298e-05 grad_norm=11.748 samples/s=75.00
[step 3430/5000] loss=1.0686 lr=7.217e-05 grad_norm=6.964 samples/s=75.02
[step 3440/5000] loss=1.0889 lr=7.137e-05 grad_norm=21.172 samples/s=74.97
[step 3450/5000] loss=1.0350 lr=7.057e-05 grad_norm=9.574 samples/s=74.96
[step 3460/5000] loss=0.9393 lr=6.977e-05 grad_norm=20.976 samples/s=74.93
[step 3470/5000] loss=2.1603 lr=6.898e-05 grad_norm=25.961 samples/s=74.94
[step 3480/5000] loss=0.8955 lr=6.819e-05 grad_norm=12.064 samples/s=74.85
[step 3490/5000] loss=0.9246 lr=6.740e-05 grad_norm=15.752 samples/s=74.77
[step 3500/5000] loss=1.7072 lr=6.662e-05 grad_norm=12.857 samples/s=74.81
[val step 3500] loss=1.3506202907562257 m01={'mean': 0.40847225568208695, 'median': 0.40862138680439386, 'p95': 0.6771394394126555, 'tail_frac_gt4px': 0.0, 'n_matched': 12204} m02={'12-16': 0.9152249134948097, '16-32': 0.9529185683401393, '32-64': 0.9466632311259985, '64-128': 0.9405815423514539} m04={'accuracy': 0.9378072763028515, 'by_octave': {'12-16': 0.8223062381852552, '16-32': 0.9450466347365768, '32-64': 0.9706042460533478, '64-128': 0.949260752688172}} diag={'gate3_alpha_mean': 0.2858823835849762, 'gate3_alpha_min': 0.020717620849609375, 'gate3_alpha_max': 0.9755859375, 'gate3_alpha_std': 0.15466158092021942, 'gate3_alpha_p10': 0.1063232421875, 'gate3_alpha_p50': 0.262939453125, 'gate3_alpha_p90': 0.502685546875, 'block0_attn_entropy': 7.211848258972168, 'block1_attn_entropy': 7.433890342712402}
[step 3510/5000] loss=0.9758 lr=6.584e-05 grad_norm=11.002 samples/s=74.92
[step 3520/5000] loss=0.6085 lr=6.506e-05 grad_norm=10.754 samples/s=75.03
[step 3530/5000] loss=1.5154 lr=6.429e-05 grad_norm=19.127 samples/s=75.02
[step 3540/5000] loss=1.2451 lr=6.352e-05 grad_norm=8.304 samples/s=75.04
[step 3550/5000] loss=1.0609 lr=6.276e-05 grad_norm=7.430 samples/s=75.03
[step 3560/5000] loss=2.4561 lr=6.200e-05 grad_norm=14.093 samples/s=75.00
[step 3570/5000] loss=0.7885 lr=6.124e-05 grad_norm=12.975 samples/s=75.02
[step 3580/5000] loss=0.8985 lr=6.048e-05 grad_norm=12.345 samples/s=75.03
[step 3590/5000] loss=0.9642 lr=5.973e-05 grad_norm=18.994 samples/s=75.01
[step 3600/5000] loss=0.9943 lr=5.899e-05 grad_norm=10.880 samples/s=75.04
[step 3610/5000] loss=1.7194 lr=5.824e-05 grad_norm=24.056 samples/s=75.01
[step 3620/5000] loss=0.8588 lr=5.750e-05 grad_norm=9.929 samples/s=75.02
[step 3630/5000] loss=1.1083 lr=5.677e-05 grad_norm=9.196 samples/s=74.98
[step 3640/5000] loss=0.9544 lr=5.604e-05 grad_norm=10.142 samples/s=74.99
[step 3650/5000] loss=1.2476 lr=5.531e-05 grad_norm=14.220 samples/s=74.98
[step 3660/5000] loss=1.7488 lr=5.459e-05 grad_norm=12.113 samples/s=75.02
[step 3670/5000] loss=0.7543 lr=5.387e-05 grad_norm=12.276 samples/s=75.00
[step 3680/5000] loss=1.3357 lr=5.315e-05 grad_norm=20.512 samples/s=75.01
[step 3690/5000] loss=0.8961 lr=5.244e-05 grad_norm=12.628 samples/s=74.97
[step 3700/5000] loss=1.2260 lr=5.173e-05 grad_norm=10.461 samples/s=75.00
[step 3710/5000] loss=1.1941 lr=5.103e-05 grad_norm=17.638 samples/s=75.00
[step 3720/5000] loss=1.1531 lr=5.033e-05 grad_norm=12.993 samples/s=75.01
[step 3730/5000] loss=1.4325 lr=4.964e-05 grad_norm=7.471 samples/s=75.01
[step 3740/5000] loss=1.1162 lr=4.895e-05 grad_norm=13.675 samples/s=74.97
[step 3750/5000] loss=1.1054 lr=4.826e-05 grad_norm=7.240 samples/s=74.90
[val step 3750] loss=1.3469879255294799 m01={'mean': 0.40846481646395594, 'median': 0.40862138680439386, 'p95': 0.6771969345470368, 'tail_frac_gt4px': 0.0, 'n_matched': 12206} m02={'12-16': 0.9152249134948097, '16-32': 0.9533989911121787, '32-64': 0.9466632311259985, '64-128': 0.9405815423514539} m04={'accuracy': 0.9396198590856956, 'by_octave': {'12-16': 0.8216761184625079, '16-32': 0.9478458049886621, '32-64': 0.9714207947740882, '64-128': 0.9522849462365591}} diag={'gate3_alpha_mean': 0.28379207849502563, 'gate3_alpha_min': 0.019962310791015625, 'gate3_alpha_max': 0.978515625, 'gate3_alpha_std': 0.15446196496486664, 'gate3_alpha_p10': 0.104705810546875, 'gate3_alpha_p50': 0.2608642578125, 'gate3_alpha_p90': 0.499755859375, 'block0_attn_entropy': 7.201489448547363, 'block1_attn_entropy': 7.432054042816162}
[step 3760/5000] loss=0.8468 lr=4.758e-05 grad_norm=10.183 samples/s=74.99
[step 3770/5000] loss=0.8116 lr=4.690e-05 grad_norm=18.385 samples/s=75.09
[step 3780/5000] loss=2.3624 lr=4.623e-05 grad_norm=22.750 samples/s=75.13
[step 3790/5000] loss=0.9504 lr=4.556e-05 grad_norm=9.227 samples/s=75.14
[step 3800/5000] loss=1.7171 lr=4.489e-05 grad_norm=11.120 samples/s=75.10
[step 3810/5000] loss=1.6705 lr=4.423e-05 grad_norm=26.696 samples/s=75.11
[step 3820/5000] loss=1.5554 lr=4.357e-05 grad_norm=46.156 samples/s=75.08
[step 3830/5000] loss=1.5844 lr=4.292e-05 grad_norm=15.412 samples/s=75.08
[step 3840/5000] loss=1.0565 lr=4.228e-05 grad_norm=19.093 samples/s=75.07
[step 3850/5000] loss=1.1619 lr=4.163e-05 grad_norm=14.620 samples/s=75.00
[step 3860/5000] loss=1.2179 lr=4.099e-05 grad_norm=14.188 samples/s=75.03
[step 3870/5000] loss=2.2562 lr=4.036e-05 grad_norm=65.580 samples/s=75.00
[step 3880/5000] loss=0.8751 lr=3.973e-05 grad_norm=13.648 samples/s=75.01
[step 3890/5000] loss=0.7258 lr=3.911e-05 grad_norm=7.829 samples/s=74.96
[step 3900/5000] loss=0.7274 lr=3.849e-05 grad_norm=10.289 samples/s=74.94
[step 3910/5000] loss=0.9073 lr=3.787e-05 grad_norm=9.751 samples/s=74.92
[step 3920/5000] loss=1.7773 lr=3.726e-05 grad_norm=8.948 samples/s=74.96
[step 3930/5000] loss=1.1128 lr=3.666e-05 grad_norm=11.046 samples/s=74.94
[step 3940/5000] loss=1.7768 lr=3.605e-05 grad_norm=26.407 samples/s=74.96
[step 3950/5000] loss=0.9060 lr=3.546e-05 grad_norm=13.443 samples/s=74.96
[step 3960/5000] loss=1.3307 lr=3.487e-05 grad_norm=11.050 samples/s=74.99
[step 3970/5000] loss=1.2270 lr=3.428e-05 grad_norm=8.540 samples/s=74.94
[step 3980/5000] loss=1.2178 lr=3.370e-05 grad_norm=13.111 samples/s=74.98
[step 3990/5000] loss=1.0105 lr=3.312e-05 grad_norm=23.654 samples/s=74.95
[step 4000/5000] loss=1.2437 lr=3.255e-05 grad_norm=10.238 samples/s=74.91
[val step 4000] loss=1.3425672154426576 m01={'mean': 0.40842553552942884, 'median': 0.40862138680439386, 'p95': 0.6766480314563914, 'tail_frac_gt4px': 0.0, 'n_matched': 12204} m02={'12-16': 0.9152249134948097, '16-32': 0.9526783569541196, '32-64': 0.9466632311259985, '64-128': 0.940897597977244} m04={'accuracy': 0.9405113077679449, 'by_octave': {'12-16': 0.8267170762444864, '16-32': 0.9478063540090772, '32-64': 0.9727817093086554, '64-128': 0.9516291568693316}} diag={'gate3_alpha_mean': 0.28434956073760986, 'gate3_alpha_min': 0.020145416259765625, 'gate3_alpha_max': 0.9775390625, 'gate3_alpha_std': 0.15510821342468262, 'gate3_alpha_p10': 0.104644775390625, 'gate3_alpha_p50': 0.2611083984375, 'gate3_alpha_p90': 0.5009765625, 'block0_attn_entropy': 7.219925880432129, 'block1_attn_entropy': 7.433286190032959}
[step 4010/5000] loss=1.2491 lr=3.198e-05 grad_norm=9.106 samples/s=75.00
[step 4020/5000] loss=1.1666 lr=3.142e-05 grad_norm=10.579 samples/s=75.07
[step 4030/5000] loss=1.2919 lr=3.086e-05 grad_norm=12.646 samples/s=75.10
[step 4040/5000] loss=1.3789 lr=3.031e-05 grad_norm=35.917 samples/s=75.11
[step 4050/5000] loss=1.2561 lr=2.976e-05 grad_norm=22.009 samples/s=75.08
[step 4060/5000] loss=1.3847 lr=2.922e-05 grad_norm=18.693 samples/s=75.09
[step 4070/5000] loss=1.2302 lr=2.868e-05 grad_norm=4.829 samples/s=75.04
[step 4080/5000] loss=0.9605 lr=2.815e-05 grad_norm=7.756 samples/s=75.01
[step 4090/5000] loss=1.4217 lr=2.762e-05 grad_norm=7.174 samples/s=74.98
[step 4100/5000] loss=2.0506 lr=2.710e-05 grad_norm=19.882 samples/s=74.98
[step 4110/5000] loss=1.6570 lr=2.658e-05 grad_norm=14.356 samples/s=74.92
[step 4120/5000] loss=1.3109 lr=2.607e-05 grad_norm=6.597 samples/s=74.94
[step 4130/5000] loss=1.6554 lr=2.556e-05 grad_norm=9.516 samples/s=74.93
[step 4140/5000] loss=1.1334 lr=2.506e-05 grad_norm=26.894 samples/s=74.95
[step 4150/5000] loss=1.1659 lr=2.456e-05 grad_norm=13.992 samples/s=74.92
[step 4160/5000] loss=1.2764 lr=2.407e-05 grad_norm=11.757 samples/s=74.95
[step 4170/5000] loss=1.0455 lr=2.358e-05 grad_norm=14.941 samples/s=74.93
[step 4180/5000] loss=1.3578 lr=2.310e-05 grad_norm=13.779 samples/s=74.94
[step 4190/5000] loss=0.7934 lr=2.263e-05 grad_norm=7.785 samples/s=74.89
[step 4200/5000] loss=1.0251 lr=2.216e-05 grad_norm=11.919 samples/s=74.92
[step 4210/5000] loss=1.2086 lr=2.169e-05 grad_norm=12.888 samples/s=74.88
[step 4220/5000] loss=1.8066 lr=2.123e-05 grad_norm=17.801 samples/s=74.88
[step 4230/5000] loss=1.2810 lr=2.078e-05 grad_norm=43.639 samples/s=74.85
[step 4240/5000] loss=1.8683 lr=2.033e-05 grad_norm=37.139 samples/s=74.86
[step 4250/5000] loss=1.4275 lr=1.988e-05 grad_norm=6.872 samples/s=74.84
[val step 4250] loss=1.3423424487113953 m01={'mean': 0.408427366074881, 'median': 0.40869065728572457, 'p95': 0.6777732606804046, 'tail_frac_gt4px': 0.0, 'n_matched': 12202} m02={'12-16': 0.9152249134948097, '16-32': 0.9521979341820802, '32-64': 0.9466632311259985, '64-128': 0.940897597977244} m04={'accuracy': 0.9400917882314375, 'by_octave': {'12-16': 0.8248267170762444, '16-32': 0.948284561049445, '32-64': 0.9722373434948285, '64-128': 0.9509573396036278}} diag={'gate3_alpha_mean': 0.2865598201751709, 'gate3_alpha_min': 0.020435333251953125, 'gate3_alpha_max': 0.978515625, 'gate3_alpha_std': 0.15558919310569763, 'gate3_alpha_p10': 0.1059722900390625, 'gate3_alpha_p50': 0.2633056640625, 'gate3_alpha_p90': 0.50390625, 'block0_attn_entropy': 7.21705436706543, 'block1_attn_entropy': 7.4397969245910645}
[step 4260/5000] loss=1.3751 lr=1.945e-05 grad_norm=9.154 samples/s=74.92
[step 4270/5000] loss=0.9360 lr=1.901e-05 grad_norm=9.834 samples/s=75.01
[step 4280/5000] loss=1.9497 lr=1.859e-05 grad_norm=9.655 samples/s=75.04
[step 4290/5000] loss=1.2965 lr=1.816e-05 grad_norm=9.068 samples/s=75.05
[step 4300/5000] loss=1.5009 lr=1.775e-05 grad_norm=14.024 samples/s=74.99
[step 4310/5000] loss=1.4826 lr=1.734e-05 grad_norm=13.831 samples/s=75.00
[step 4320/5000] loss=1.4917 lr=1.693e-05 grad_norm=22.426 samples/s=74.96
[step 4330/5000] loss=1.6297 lr=1.653e-05 grad_norm=70.349 samples/s=74.99
[step 4340/5000] loss=1.0553 lr=1.614e-05 grad_norm=28.730 samples/s=74.96
[step 4350/5000] loss=1.2134 lr=1.575e-05 grad_norm=11.327 samples/s=74.97
[step 4360/5000] loss=0.6991 lr=1.537e-05 grad_norm=7.653 samples/s=74.93
[step 4370/5000] loss=1.2689 lr=1.499e-05 grad_norm=8.425 samples/s=74.95
[step 4380/5000] loss=0.9028 lr=1.462e-05 grad_norm=12.631 samples/s=74.94
[step 4390/5000] loss=1.1539 lr=1.425e-05 grad_norm=8.904 samples/s=74.93
[step 4400/5000] loss=1.2574 lr=1.389e-05 grad_norm=10.434 samples/s=74.89
[step 4410/5000] loss=1.2084 lr=1.353e-05 grad_norm=9.075 samples/s=74.91
[step 4420/5000] loss=0.8332 lr=1.318e-05 grad_norm=13.310 samples/s=74.90
[step 4430/5000] loss=1.2447 lr=1.284e-05 grad_norm=10.089 samples/s=74.94
[step 4440/5000] loss=0.5854 lr=1.250e-05 grad_norm=10.069 samples/s=74.92
[step 4450/5000] loss=1.0591 lr=1.217e-05 grad_norm=9.164 samples/s=74.93
[step 4460/5000] loss=1.3632 lr=1.184e-05 grad_norm=20.539 samples/s=74.92
[step 4470/5000] loss=2.0078 lr=1.152e-05 grad_norm=24.149 samples/s=74.93
[step 4480/5000] loss=0.9285 lr=1.121e-05 grad_norm=7.431 samples/s=74.90
[step 4490/5000] loss=2.0650 lr=1.090e-05 grad_norm=27.990 samples/s=74.90
[step 4500/5000] loss=0.9079 lr=1.060e-05 grad_norm=12.776 samples/s=74.87
[val step 4500] loss=1.3406151123046874 m01={'mean': 0.40876349470251144, 'median': 0.4088226806099023, 'p95': 0.6780039450995632, 'tail_frac_gt4px': 0.0, 'n_matched': 12205} m02={'12-16': 0.9146482122260668, '16-32': 0.953158779726159, '32-64': 0.9466632311259985, '64-128': 0.940897597977244} m04={'accuracy': 0.9410077836952069, 'by_octave': {'12-16': 0.8291298865069356, '16-32': 0.9478326612903226, '32-64': 0.9735982580293957, '64-128': 0.9512932482364796}} diag={'gate3_alpha_mean': 0.28708523511886597, 'gate3_alpha_min': 0.020580291748046875, 'gate3_alpha_max': 0.9775390625, 'gate3_alpha_std': 0.1556326299905777, 'gate3_alpha_p10': 0.10601806640625, 'gate3_alpha_p50': 0.26416015625, 'gate3_alpha_p90': 0.50439453125, 'block0_attn_entropy': 7.222043037414551, 'block1_attn_entropy': 7.437990665435791}
[step 4510/5000] loss=1.4578 lr=1.030e-05 grad_norm=6.650 samples/s=74.93
[step 4520/5000] loss=0.9756 lr=1.001e-05 grad_norm=11.147 samples/s=75.02
[step 4530/5000] loss=0.9464 lr=9.720e-06 grad_norm=6.567 samples/s=75.05
[step 4540/5000] loss=1.4951 lr=9.439e-06 grad_norm=12.791 samples/s=75.05
[step 4550/5000] loss=2.0485 lr=9.165e-06 grad_norm=9.203 samples/s=75.03
[step 4560/5000] loss=0.6537 lr=8.896e-06 grad_norm=13.688 samples/s=75.06
[step 4570/5000] loss=1.0317 lr=8.634e-06 grad_norm=6.141 samples/s=75.02
[step 4580/5000] loss=1.5834 lr=8.377e-06 grad_norm=38.260 samples/s=75.04
[step 4590/5000] loss=1.0493 lr=8.126e-06 grad_norm=13.059 samples/s=75.01
[step 4600/5000] loss=2.2165 lr=7.881e-06 grad_norm=13.232 samples/s=75.01
[step 4610/5000] loss=1.4219 lr=7.642e-06 grad_norm=12.720 samples/s=75.00
[step 4620/5000] loss=1.5474 lr=7.409e-06 grad_norm=11.438 samples/s=74.99
[step 4630/5000] loss=1.2584 lr=7.181e-06 grad_norm=16.629 samples/s=74.96
[step 4640/5000] loss=1.3736 lr=6.960e-06 grad_norm=25.171 samples/s=74.96
[step 4650/5000] loss=0.8202 lr=6.744e-06 grad_norm=19.231 samples/s=74.96
[step 4660/5000] loss=0.7743 lr=6.535e-06 grad_norm=8.775 samples/s=74.96
[step 4670/5000] loss=1.6939 lr=6.331e-06 grad_norm=13.245 samples/s=74.95
[step 4680/5000] loss=0.8069 lr=6.134e-06 grad_norm=14.467 samples/s=74.98
[step 4690/5000] loss=1.3478 lr=5.942e-06 grad_norm=13.442 samples/s=74.97
[step 4700/5000] loss=0.6560 lr=5.757e-06 grad_norm=12.287 samples/s=74.96
[step 4710/5000] loss=1.0899 lr=5.577e-06 grad_norm=9.311 samples/s=74.93
[step 4720/5000] loss=1.5288 lr=5.403e-06 grad_norm=11.129 samples/s=74.91
[step 4730/5000] loss=1.0626 lr=5.236e-06 grad_norm=12.844 samples/s=74.90
[step 4740/5000] loss=1.0954 lr=5.074e-06 grad_norm=16.474 samples/s=74.84
[step 4750/5000] loss=1.7943 lr=4.919e-06 grad_norm=10.444 samples/s=74.79
[val step 4750] loss=1.3399790229797364 m01={'mean': 0.40865692283646166, 'median': 0.4087841254202532, 'p95': 0.678069190764012, 'tail_frac_gt4px': 0.0, 'n_matched': 12202} m02={'12-16': 0.9134948096885813, '16-32': 0.953158779726159, '32-64': 0.9464055655758825, '64-128': 0.940897597977244} m04={'accuracy': 0.9412391411244059, 'by_octave': {'12-16': 0.8295454545454546, '16-32': 0.9485887096774194, '32-64': 0.9735910699700517, '64-128': 0.9509573396036278}} diag={'gate3_alpha_mean': 0.28648683428764343, 'gate3_alpha_min': 0.020557403564453125, 'gate3_alpha_max': 0.9775390625, 'gate3_alpha_std': 0.15544167160987854, 'gate3_alpha_p10': 0.10565185546875, 'gate3_alpha_p50': 0.263671875, 'gate3_alpha_p90': 0.503662109375, 'block0_attn_entropy': 7.228065013885498, 'block1_attn_entropy': 7.437920093536377}
[step 4760/5000] loss=1.3334 lr=4.769e-06 grad_norm=12.312 samples/s=74.87
[step 4770/5000] loss=0.9000 lr=4.626e-06 grad_norm=12.491 samples/s=74.94
[step 4780/5000] loss=1.7564 lr=4.488e-06 grad_norm=31.431 samples/s=74.95
[step 4790/5000] loss=1.4510 lr=4.357e-06 grad_norm=14.097 samples/s=74.95
[step 4800/5000] loss=0.9582 lr=4.231e-06 grad_norm=8.758 samples/s=74.93
[step 4810/5000] loss=1.2320 lr=4.112e-06 grad_norm=17.001 samples/s=74.92
[step 4820/5000] loss=1.5421 lr=3.999e-06 grad_norm=57.567 samples/s=74.90
[step 4830/5000] loss=1.3961 lr=3.892e-06 grad_norm=28.606 samples/s=74.89
[step 4840/5000] loss=1.2424 lr=3.790e-06 grad_norm=9.697 samples/s=74.84
[step 4850/5000] loss=0.8321 lr=3.695e-06 grad_norm=11.701 samples/s=74.87
[step 4860/5000] loss=1.1740 lr=3.606e-06 grad_norm=11.784 samples/s=74.84
[step 4870/5000] loss=0.7814 lr=3.523e-06 grad_norm=7.529 samples/s=74.86
[step 4880/5000] loss=0.9598 lr=3.447e-06 grad_norm=9.972 samples/s=74.87
[step 4890/5000] loss=2.0510 lr=3.376e-06 grad_norm=15.647 samples/s=74.87
[step 4900/5000] loss=1.3252 lr=3.311e-06 grad_norm=16.396 samples/s=74.82
[step 4910/5000] loss=1.0572 lr=3.253e-06 grad_norm=10.958 samples/s=74.84
[step 4920/5000] loss=1.1587 lr=3.200e-06 grad_norm=24.719 samples/s=74.80
[step 4930/5000] loss=1.5992 lr=3.154e-06 grad_norm=24.911 samples/s=74.82
[step 4940/5000] loss=1.3703 lr=3.114e-06 grad_norm=21.476 samples/s=74.80
[step 4950/5000] loss=1.1512 lr=3.079e-06 grad_norm=12.941 samples/s=74.83
[step 4960/5000] loss=0.6981 lr=3.051e-06 grad_norm=13.406 samples/s=74.80
[step 4970/5000] loss=1.1629 lr=3.029e-06 grad_norm=9.594 samples/s=74.83
[step 4980/5000] loss=1.3997 lr=3.013e-06 grad_norm=8.555 samples/s=74.76
[step 4990/5000] loss=0.8411 lr=3.004e-06 grad_norm=8.583 samples/s=74.74
[step 5000/5000] loss=1.5700 lr=3.000e-06 grad_norm=30.534 samples/s=74.73
[val step 5000] loss=1.3391964635848999 m01={'mean': 0.4087126668805684, 'median': 0.4088207511441335, 'p95': 0.6780645926271338, 'tail_frac_gt4px': 0.0, 'n_matched': 12207} m02={'12-16': 0.9158016147635525, '16-32': 0.9529185683401393, '32-64': 0.9466632311259985, '64-128': 0.9412136536030341} m04={'accuracy': 0.9415908904726796, 'by_octave': {'12-16': 0.8318639798488665, '16-32': 0.9485757499369801, '32-64': 0.9733260751224823, '64-128': 0.951645399597045}} diag={'gate3_alpha_mean': 0.286303848028183, 'gate3_alpha_min': 0.020580291748046875, 'gate3_alpha_max': 0.978515625, 'gate3_alpha_std': 0.15545104444026947, 'gate3_alpha_p10': 0.10552978515625, 'gate3_alpha_p50': 0.26348876953125, 'gate3_alpha_p90': 0.5032958984375, 'block0_attn_entropy': 7.229069232940674, 'block1_attn_entropy': 7.440000057220459}
[FULL val step 5000] loss=1.2455314024448394 m01={'mean': 0.4064440038093024, 'median': 0.40624449465783513, 'p95': 0.6751738317106841, 'tail_frac_gt4px': 3.230469791069366e-05, 'n_matched': 123821} m02={'12-16': 0.9167886499268101, '16-32': 0.9382122296192755, '32-64': 0.9539117848708768, '64-128': 0.956957398537938} m04={'accuracy': 0.9434183216094201, 'by_octave': {'12-16': 0.8477646769835421, '16-32': 0.9432842604984722, '32-64': 0.9762285044987489, '64-128': 0.9542970036219954}}
[train_detector] wrote checkpoint runs/ft09_full_lr0p1/ckpt_0005000.pt
[train_detector] done: step=5000 train_elapsed=2141.1s val_elapsed=469.1s samples/s=74.73
