[train_detector] finetune from runs/mb15_base_50k/ckpt_0025000.pt (step 25000): 191,890 of 882,402 params trainable, lr_mult={'gate3.*': 1.0, 'd3.*': 1.0, 'd2.*': 1.0, 'd1.*': 1.0, 'hm.*': 1.0, 'cls.*': 1.0}, reinit=[]
[train_detector] stream_seed=2100000 resume_count=0 start_step=0
[step 1/5000] loss=1.9025 lr=0.000e+00 grad_norm=2.790 samples/s=7.06
[step 2/5000] loss=2.1954 lr=3.000e-06 grad_norm=2.475 samples/s=13.83
[step 3/5000] loss=3.4921 lr=6.000e-06 grad_norm=3.757 samples/s=20.33
[step 4/5000] loss=1.9579 lr=9.000e-06 grad_norm=2.662 samples/s=26.59
[step 5/5000] loss=2.4414 lr=1.200e-05 grad_norm=4.390 samples/s=29.10
[step 6/5000] loss=2.0767 lr=1.500e-05 grad_norm=3.347 samples/s=33.79
[step 7/5000] loss=2.5735 lr=1.800e-05 grad_norm=3.723 samples/s=38.15
[step 8/5000] loss=2.1182 lr=2.100e-05 grad_norm=2.477 samples/s=42.76
[step 9/5000] loss=2.4235 lr=2.400e-05 grad_norm=4.693 samples/s=39.15
[step 10/5000] loss=2.5867 lr=2.700e-05 grad_norm=2.708 samples/s=42.95
[step 20/5000] loss=1.9843 lr=5.700e-05 grad_norm=2.740 samples/s=56.97
[step 30/5000] loss=2.2006 lr=8.700e-05 grad_norm=2.618 samples/s=61.26
[step 40/5000] loss=2.3080 lr=1.170e-04 grad_norm=3.166 samples/s=62.04
[step 50/5000] loss=2.7168 lr=1.470e-04 grad_norm=2.348 samples/s=64.05
[step 60/5000] loss=2.7650 lr=1.770e-04 grad_norm=3.844 samples/s=61.83
[step 70/5000] loss=2.0174 lr=2.070e-04 grad_norm=2.425 samples/s=63.77
[step 80/5000] loss=2.1080 lr=2.370e-04 grad_norm=3.753 samples/s=63.63
[step 90/5000] loss=2.6102 lr=2.670e-04 grad_norm=4.008 samples/s=65.47
[step 100/5000] loss=2.3082 lr=2.970e-04 grad_norm=4.387 samples/s=66.16
[step 110/5000] loss=2.1205 lr=3.000e-04 grad_norm=2.877 samples/s=68.12
[step 120/5000] loss=2.2442 lr=3.000e-04 grad_norm=2.997 samples/s=67.45
[step 130/5000] loss=2.1158 lr=3.000e-04 grad_norm=2.801 samples/s=69.10
[step 140/5000] loss=2.6005 lr=3.000e-04 grad_norm=3.475 samples/s=68.84
[step 150/5000] loss=2.4530 lr=2.999e-04 grad_norm=5.620 samples/s=69.61
[step 160/5000] loss=2.4214 lr=2.999e-04 grad_norm=5.317 samples/s=69.56
[step 170/5000] loss=2.4950 lr=2.999e-04 grad_norm=2.828 samples/s=70.67
[step 180/5000] loss=2.3534 lr=2.998e-04 grad_norm=3.057 samples/s=70.58
[step 190/5000] loss=2.2694 lr=2.998e-04 grad_norm=4.206 samples/s=71.81
[step 200/5000] loss=3.1195 lr=2.997e-04 grad_norm=3.073 samples/s=71.38
[step 210/5000] loss=2.9193 lr=2.996e-04 grad_norm=4.572 samples/s=71.93
[step 220/5000] loss=2.0031 lr=2.996e-04 grad_norm=3.940 samples/s=71.26
[step 230/5000] loss=2.7267 lr=2.995e-04 grad_norm=3.677 samples/s=71.61
[step 240/5000] loss=1.9394 lr=2.994e-04 grad_norm=3.339 samples/s=71.33
[step 250/5000] loss=2.3406 lr=2.993e-04 grad_norm=5.443 samples/s=71.80
[val step 250] loss=2.442672704696655 m01={'mean': 0.41536810555377385, 'median': 0.4113705535329883, 'p95': 0.6994271117321925, 'tail_frac_gt4px': 0.0003296250515039143, 'n_matched': 12135} m02={'12-16': 0.9094579008073818, '16-32': 0.947633917847706, '32-64': 0.9417675856737954, '64-128': 0.9348925410872313} m04={'accuracy': 0.25043263288009887, 'by_octave': {'12-16': 0.2549143944197844, '16-32': 0.25779467680608364, '32-64': 0.2478796169630643, '64-128': 0.2413793103448276}} diag={'gate3_alpha_mean': 0.3325207829475403, 'gate3_alpha_min': 0.0048542022705078125, 'gate3_alpha_max': 0.975830078125, 'gate3_alpha_std': 0.2434459924697876, 'gate3_alpha_p10': 0.0643768310546875, 'gate3_alpha_p50': 0.282806396484375, 'gate3_alpha_p90': 0.73785400390625, 'block0_attn_entropy': 6.617703437805176, 'block1_attn_entropy': 7.301629543304443}
[step 260/5000] loss=2.5098 lr=2.992e-04 grad_norm=2.838 samples/s=73.93
[step 270/5000] loss=2.6489 lr=2.991e-04 grad_norm=3.962 samples/s=75.74
[step 280/5000] loss=2.8718 lr=2.990e-04 grad_norm=2.830 samples/s=74.80
[step 290/5000] loss=2.1822 lr=2.989e-04 grad_norm=3.085 samples/s=74.86
[step 300/5000] loss=2.5819 lr=2.988e-04 grad_norm=3.645 samples/s=74.79
[step 310/5000] loss=2.3209 lr=2.987e-04 grad_norm=3.590 samples/s=74.88
[step 320/5000] loss=1.9821 lr=2.985e-04 grad_norm=2.347 samples/s=75.17
[step 330/5000] loss=2.5879 lr=2.984e-04 grad_norm=4.372 samples/s=74.13
[step 340/5000] loss=2.3575 lr=2.983e-04 grad_norm=3.259 samples/s=74.18
[step 350/5000] loss=2.5927 lr=2.981e-04 grad_norm=4.624 samples/s=74.06
[step 360/5000] loss=1.9193 lr=2.980e-04 grad_norm=3.166 samples/s=74.64
[step 370/5000] loss=2.0796 lr=2.978e-04 grad_norm=2.665 samples/s=74.48
[step 380/5000] loss=2.2061 lr=2.976e-04 grad_norm=2.345 samples/s=74.75
[step 390/5000] loss=2.3475 lr=2.975e-04 grad_norm=4.490 samples/s=73.87
[step 400/5000] loss=2.0652 lr=2.973e-04 grad_norm=2.673 samples/s=74.04
[step 410/5000] loss=2.5374 lr=2.971e-04 grad_norm=4.069 samples/s=73.72
[step 420/5000] loss=2.1646 lr=2.969e-04 grad_norm=2.579 samples/s=74.06
[step 430/5000] loss=2.2209 lr=2.967e-04 grad_norm=2.705 samples/s=73.97
[step 440/5000] loss=2.8866 lr=2.965e-04 grad_norm=4.895 samples/s=74.18
[step 450/5000] loss=2.6329 lr=2.963e-04 grad_norm=3.547 samples/s=74.22
[step 460/5000] loss=2.4358 lr=2.961e-04 grad_norm=4.163 samples/s=74.36
[step 470/5000] loss=3.0943 lr=2.959e-04 grad_norm=3.557 samples/s=74.06
[step 480/5000] loss=1.8780 lr=2.956e-04 grad_norm=5.311 samples/s=74.34
[step 490/5000] loss=1.9653 lr=2.954e-04 grad_norm=3.691 samples/s=74.08
[step 500/5000] loss=2.0111 lr=2.952e-04 grad_norm=2.155 samples/s=74.31
[val step 500] loss=2.443418390274048 m01={'mean': 0.41420437853376635, 'median': 0.41100581659489216, 'p95': 0.6961557499247139, 'tail_frac_gt4px': 0.00024742268041237116, 'n_matched': 12125} m02={'12-16': 0.9065743944636678, '16-32': 0.9473937064616863, '32-64': 0.9412522545735635, '64-128': 0.934260429835651} m04={'accuracy': 0.26004123711340205, 'by_octave': {'12-16': 0.2633587786259542, '16-32': 0.26495943204868155, '32-64': 0.26553517656720504, '64-128': 0.2449255751014885}} diag={'gate3_alpha_mean': 0.34772467613220215, 'gate3_alpha_min': 0.004931926727294922, 'gate3_alpha_max': 0.977294921875, 'gate3_alpha_std': 0.24646258354187012, 'gate3_alpha_p10': 0.06847305595874786, 'gate3_alpha_p50': 0.30283355712890625, 'gate3_alpha_p90': 0.7530517578125, 'block0_attn_entropy': 6.617703437805176, 'block1_attn_entropy': 7.301629543304443}
[step 510/5000] loss=2.3943 lr=2.949e-04 grad_norm=4.808 samples/s=75.34
[step 520/5000] loss=2.1147 lr=2.947e-04 grad_norm=3.870 samples/s=76.29
[step 530/5000] loss=2.2934 lr=2.944e-04 grad_norm=3.479 samples/s=76.12
[step 540/5000] loss=2.7062 lr=2.942e-04 grad_norm=3.022 samples/s=75.98
[step 550/5000] loss=2.6486 lr=2.939e-04 grad_norm=3.328 samples/s=75.58
[step 560/5000] loss=2.1523 lr=2.936e-04 grad_norm=2.806 samples/s=75.69
[step 570/5000] loss=2.2332 lr=2.933e-04 grad_norm=3.846 samples/s=75.52
[step 580/5000] loss=2.0783 lr=2.931e-04 grad_norm=5.559 samples/s=75.49
[step 590/5000] loss=1.9102 lr=2.928e-04 grad_norm=5.028 samples/s=75.45
[step 600/5000] loss=2.1526 lr=2.925e-04 grad_norm=3.895 samples/s=75.30
[step 610/5000] loss=2.3857 lr=2.922e-04 grad_norm=3.245 samples/s=75.53
[step 620/5000] loss=2.9338 lr=2.919e-04 grad_norm=3.622 samples/s=75.21
[step 630/5000] loss=2.0507 lr=2.915e-04 grad_norm=3.722 samples/s=75.29
[step 640/5000] loss=2.4544 lr=2.912e-04 grad_norm=3.577 samples/s=75.01
[step 650/5000] loss=2.4928 lr=2.909e-04 grad_norm=2.674 samples/s=75.13
[step 660/5000] loss=2.4460 lr=2.906e-04 grad_norm=2.850 samples/s=75.01
[step 670/5000] loss=3.1679 lr=2.902e-04 grad_norm=3.100 samples/s=75.34
[step 680/5000] loss=2.2759 lr=2.899e-04 grad_norm=2.625 samples/s=75.18
[step 690/5000] loss=2.8317 lr=2.895e-04 grad_norm=3.498 samples/s=75.41
[step 700/5000] loss=2.1733 lr=2.892e-04 grad_norm=4.466 samples/s=75.16
[step 710/5000] loss=2.2960 lr=2.888e-04 grad_norm=3.086 samples/s=75.36
[step 720/5000] loss=2.2568 lr=2.885e-04 grad_norm=2.598 samples/s=75.18
[step 730/5000] loss=1.8968 lr=2.881e-04 grad_norm=2.929 samples/s=75.28
[step 740/5000] loss=1.8248 lr=2.877e-04 grad_norm=3.825 samples/s=74.84
[step 750/5000] loss=2.5425 lr=2.873e-04 grad_norm=3.364 samples/s=75.07
[val step 750] loss=2.4432889595031737 m01={'mean': 0.41427130556695335, 'median': 0.4112348123176177, 'p95': 0.6971845713930077, 'tail_frac_gt4px': 0.000247320692497939, 'n_matched': 12130} m02={'12-16': 0.9083044982698962, '16-32': 0.9490751861638241, '32-64': 0.9404792579232156, '64-128': 0.9336283185840708} m04={'accuracy': 0.2611706512778236, 'by_octave': {'12-16': 0.2692063492063492, '16-32': 0.2758795241710959, '32-64': 0.25726027397260276, '64-128': 0.24204468517264727}} diag={'gate3_alpha_mean': 0.3451187312602997, 'gate3_alpha_min': 0.004474163055419922, 'gate3_alpha_max': 0.977294921875, 'gate3_alpha_std': 0.2468091994524002, 'gate3_alpha_p10': 0.06610031425952911, 'gate3_alpha_p50': 0.2998046875, 'gate3_alpha_p90': 0.7514371871948242, 'block0_attn_entropy': 6.617703437805176, 'block1_attn_entropy': 7.301629543304443}
[step 760/5000] loss=2.3470 lr=2.869e-04 grad_norm=3.100 samples/s=75.73
[step 770/5000] loss=2.2154 lr=2.865e-04 grad_norm=3.760 samples/s=76.35
[step 780/5000] loss=2.3614 lr=2.861e-04 grad_norm=2.252 samples/s=76.02
[step 790/5000] loss=3.1170 lr=2.857e-04 grad_norm=5.183 samples/s=76.03
[step 800/5000] loss=2.3173 lr=2.853e-04 grad_norm=4.605 samples/s=75.90
[step 810/5000] loss=3.2941 lr=2.849e-04 grad_norm=2.837 samples/s=76.07
[step 820/5000] loss=2.0189 lr=2.845e-04 grad_norm=2.970 samples/s=75.82
[step 830/5000] loss=2.0201 lr=2.841e-04 grad_norm=5.018 samples/s=75.98
[step 840/5000] loss=1.7694 lr=2.836e-04 grad_norm=2.929 samples/s=75.75
[step 850/5000] loss=2.8478 lr=2.832e-04 grad_norm=3.996 samples/s=75.85
[step 860/5000] loss=2.3233 lr=2.828e-04 grad_norm=3.576 samples/s=75.53
[step 870/5000] loss=2.6865 lr=2.823e-04 grad_norm=2.516 samples/s=75.51
[step 880/5000] loss=2.7055 lr=2.819e-04 grad_norm=4.062 samples/s=75.21
[step 890/5000] loss=2.0265 lr=2.814e-04 grad_norm=3.084 samples/s=75.40
[step 900/5000] loss=2.0416 lr=2.809e-04 grad_norm=2.070 samples/s=75.25
[step 910/5000] loss=2.0663 lr=2.805e-04 grad_norm=3.422 samples/s=75.40
[step 920/5000] loss=2.5988 lr=2.800e-04 grad_norm=2.859 samples/s=75.29
[step 930/5000] loss=2.1807 lr=2.795e-04 grad_norm=3.157 samples/s=75.38
[step 940/5000] loss=2.1228 lr=2.790e-04 grad_norm=3.964 samples/s=75.25
[step 950/5000] loss=1.7529 lr=2.785e-04 grad_norm=6.053 samples/s=75.34
[step 960/5000] loss=2.9730 lr=2.780e-04 grad_norm=3.656 samples/s=75.23
[step 970/5000] loss=2.5807 lr=2.775e-04 grad_norm=5.274 samples/s=75.28
[step 980/5000] loss=2.5020 lr=2.770e-04 grad_norm=3.085 samples/s=75.13
[step 990/5000] loss=2.0161 lr=2.765e-04 grad_norm=3.457 samples/s=75.18
[step 1000/5000] loss=2.0191 lr=2.760e-04 grad_norm=2.575 samples/s=75.14
[val step 1000] loss=2.442704751968384 m01={'mean': 0.41529918928246046, 'median': 0.4114932487354377, 'p95': 0.6977807945971523, 'tail_frac_gt4px': 0.0003294621530351701, 'n_matched': 12141} m02={'12-16': 0.9111880046136102, '16-32': 0.9478741292337257, '32-64': 0.9420252512239113, '64-128': 0.9352085967130215} m04={'accuracy': 0.2631578947368421, 'by_octave': {'12-16': 0.2664556962025316, '16-32': 0.27318803852002027, '32-64': 0.26531728665207877, '64-128': 0.24535315985130113}} diag={'gate3_alpha_mean': 0.3486849069595337, 'gate3_alpha_min': 0.005030155181884766, 'gate3_alpha_max': 0.977294921875, 'gate3_alpha_std': 0.24494227766990662, 'gate3_alpha_p10': 0.06941986083984375, 'gate3_alpha_p50': 0.3056640625, 'gate3_alpha_p90': 0.75, 'block0_attn_entropy': 6.617703437805176, 'block1_attn_entropy': 7.301629543304443}
[step 1010/5000] loss=2.5196 lr=2.755e-04 grad_norm=2.518 samples/s=75.64
[step 1020/5000] loss=2.7939 lr=2.750e-04 grad_norm=4.040 samples/s=76.14
[step 1030/5000] loss=2.9336 lr=2.744e-04 grad_norm=2.429 samples/s=75.97
[step 1040/5000] loss=2.1950 lr=2.739e-04 grad_norm=3.673 samples/s=75.98
[step 1050/5000] loss=2.6987 lr=2.734e-04 grad_norm=3.985 samples/s=75.73
[step 1060/5000] loss=2.1530 lr=2.728e-04 grad_norm=2.866 samples/s=75.77
[step 1070/5000] loss=2.1325 lr=2.723e-04 grad_norm=3.519 samples/s=75.52
[step 1080/5000] loss=2.1276 lr=2.717e-04 grad_norm=4.584 samples/s=75.54
[step 1090/5000] loss=2.1430 lr=2.711e-04 grad_norm=4.560 samples/s=75.31
[step 1100/5000] loss=2.4439 lr=2.706e-04 grad_norm=3.019 samples/s=75.47
[step 1110/5000] loss=3.2158 lr=2.700e-04 grad_norm=3.391 samples/s=75.42
[step 1120/5000] loss=1.9126 lr=2.694e-04 grad_norm=6.006 samples/s=75.54
[step 1130/5000] loss=2.1044 lr=2.688e-04 grad_norm=3.700 samples/s=75.35
[step 1140/5000] loss=2.1902 lr=2.683e-04 grad_norm=3.730 samples/s=75.29
[step 1150/5000] loss=2.1301 lr=2.677e-04 grad_norm=3.110 samples/s=75.22
[step 1160/5000] loss=1.7595 lr=2.671e-04 grad_norm=2.811 samples/s=75.29
[step 1170/5000] loss=2.7146 lr=2.665e-04 grad_norm=3.944 samples/s=75.27
[step 1180/5000] loss=2.3782 lr=2.659e-04 grad_norm=3.337 samples/s=75.31
[step 1190/5000] loss=2.0110 lr=2.653e-04 grad_norm=3.566 samples/s=75.21
[step 1200/5000] loss=3.0026 lr=2.646e-04 grad_norm=4.492 samples/s=75.19
[step 1210/5000] loss=2.2519 lr=2.640e-04 grad_norm=4.959 samples/s=75.22
[step 1220/5000] loss=2.0227 lr=2.634e-04 grad_norm=2.766 samples/s=75.20
[step 1230/5000] loss=1.8447 lr=2.628e-04 grad_norm=2.424 samples/s=75.14
[step 1240/5000] loss=2.5907 lr=2.621e-04 grad_norm=2.441 samples/s=75.14
[step 1250/5000] loss=2.5465 lr=2.615e-04 grad_norm=3.694 samples/s=75.20
[val step 1250] loss=2.4410555934906006 m01={'mean': 0.4157701074513889, 'median': 0.4116055537082664, 'p95': 0.6998469278270764, 'tail_frac_gt4px': 0.00032935364347468093, 'n_matched': 12145} m02={'12-16': 0.9094579008073818, '16-32': 0.9490751861638241, '32-64': 0.9412522545735635, '64-128': 0.9367888748419722} m04={'accuracy': 0.26537669822972415, 'by_octave': {'12-16': 0.26506024096385544, '16-32': 0.2773981270564414, '32-64': 0.2663564193813304, '64-128': 0.2483130904183536}} diag={'gate3_alpha_mean': 0.34072405099868774, 'gate3_alpha_min': 0.004278659820556641, 'gate3_alpha_max': 0.977294921875, 'gate3_alpha_std': 0.24597933888435364, 'gate3_alpha_p10': 0.06386490166187286, 'gate3_alpha_p50': 0.294921875, 'gate3_alpha_p90': 0.7457275390625, 'block0_attn_entropy': 6.617703437805176, 'block1_attn_entropy': 7.301629543304443}
[step 1260/5000] loss=2.0356 lr=2.609e-04 grad_norm=3.211 samples/s=75.64
[step 1270/5000] loss=2.0318 lr=2.602e-04 grad_norm=3.502 samples/s=76.06
[step 1280/5000] loss=2.1694 lr=2.596e-04 grad_norm=3.081 samples/s=75.95
[step 1290/5000] loss=2.1313 lr=2.589e-04 grad_norm=3.489 samples/s=76.07
[step 1300/5000] loss=2.3869 lr=2.582e-04 grad_norm=3.983 samples/s=75.92
[step 1310/5000] loss=2.7821 lr=2.576e-04 grad_norm=2.704 samples/s=75.90
[step 1320/5000] loss=2.0608 lr=2.569e-04 grad_norm=4.778 samples/s=75.72
[step 1330/5000] loss=1.9344 lr=2.562e-04 grad_norm=3.254 samples/s=75.71
[step 1340/5000] loss=2.1042 lr=2.556e-04 grad_norm=3.914 samples/s=75.69
[step 1350/5000] loss=2.2764 lr=2.549e-04 grad_norm=3.485 samples/s=75.71
[step 1360/5000] loss=2.3367 lr=2.542e-04 grad_norm=3.167 samples/s=75.49
[step 1370/5000] loss=2.4577 lr=2.535e-04 grad_norm=3.880 samples/s=75.66
[step 1380/5000] loss=2.4051 lr=2.528e-04 grad_norm=3.142 samples/s=75.63
[step 1390/5000] loss=2.6067 lr=2.521e-04 grad_norm=6.724 samples/s=75.75
[step 1400/5000] loss=2.4948 lr=2.514e-04 grad_norm=3.535 samples/s=75.62
[step 1410/5000] loss=2.7298 lr=2.507e-04 grad_norm=3.414 samples/s=75.63
[step 1420/5000] loss=1.9590 lr=2.500e-04 grad_norm=4.191 samples/s=75.46
[step 1430/5000] loss=1.8456 lr=2.493e-04 grad_norm=3.001 samples/s=75.50
[step 1440/5000] loss=2.1021 lr=2.486e-04 grad_norm=2.899 samples/s=75.51
[step 1450/5000] loss=2.1398 lr=2.478e-04 grad_norm=2.954 samples/s=75.57
[step 1460/5000] loss=2.5136 lr=2.471e-04 grad_norm=4.139 samples/s=75.51
[step 1470/5000] loss=2.7446 lr=2.464e-04 grad_norm=3.643 samples/s=75.60
[step 1480/5000] loss=3.2113 lr=2.456e-04 grad_norm=3.847 samples/s=75.54
[step 1490/5000] loss=2.3903 lr=2.449e-04 grad_norm=3.174 samples/s=75.62
[step 1500/5000] loss=1.9517 lr=2.442e-04 grad_norm=3.073 samples/s=75.47
[val step 1500] loss=2.441159559249878 m01={'mean': 0.4149363083316681, 'median': 0.4116474521977591, 'p95': 0.6988694303924756, 'tail_frac_gt4px': 0.0002471169686985173, 'n_matched': 12140} m02={'12-16': 0.9100346020761245, '16-32': 0.9488349747778044, '32-64': 0.9399639268229838, '64-128': 0.9367888748419722} m04={'accuracy': 0.2733113673805601, 'by_octave': {'12-16': 0.2788339670468948, '16-32': 0.2913924050632911, '32-64': 0.27521929824561403, '64-128': 0.24392712550607287}} diag={'gate3_alpha_mean': 0.33177825808525085, 'gate3_alpha_min': 0.0036177635192871094, 'gate3_alpha_max': 0.977294921875, 'gate3_alpha_std': 0.24660445749759674, 'gate3_alpha_p10': 0.058333590626716614, 'gate3_alpha_p50': 0.2823486328125, 'gate3_alpha_p90': 0.7401180267333984, 'block0_attn_entropy': 6.617703437805176, 'block1_attn_entropy': 7.301629543304443}
[step 1510/5000] loss=2.2663 lr=2.434e-04 grad_norm=4.365 samples/s=75.81
[step 1520/5000] loss=2.0184 lr=2.427e-04 grad_norm=4.580 samples/s=76.15
[step 1530/5000] loss=2.8984 lr=2.419e-04 grad_norm=4.499 samples/s=76.07
[step 1540/5000] loss=2.5172 lr=2.412e-04 grad_norm=3.116 samples/s=76.13
[step 1550/5000] loss=2.3908 lr=2.404e-04 grad_norm=4.011 samples/s=76.02
[step 1560/5000] loss=3.1706 lr=2.396e-04 grad_norm=2.744 samples/s=76.02
[step 1570/5000] loss=2.4552 lr=2.389e-04 grad_norm=3.446 samples/s=75.94
[step 1580/5000] loss=2.3135 lr=2.381e-04 grad_norm=3.943 samples/s=75.93
[step 1590/5000] loss=2.7680 lr=2.373e-04 grad_norm=2.145 samples/s=75.89
[step 1600/5000] loss=1.9980 lr=2.365e-04 grad_norm=2.652 samples/s=75.92
[step 1610/5000] loss=2.8240 lr=2.358e-04 grad_norm=2.607 samples/s=75.76
[step 1620/5000] loss=2.1251 lr=2.350e-04 grad_norm=2.815 samples/s=75.81
[step 1630/5000] loss=2.5411 lr=2.342e-04 grad_norm=3.765 samples/s=75.88
[step 1640/5000] loss=2.6095 lr=2.334e-04 grad_norm=3.200 samples/s=75.85
[step 1650/5000] loss=1.9349 lr=2.326e-04 grad_norm=4.043 samples/s=75.77
[step 1660/5000] loss=2.0939 lr=2.318e-04 grad_norm=1.943 samples/s=75.79
[step 1670/5000] loss=2.8666 lr=2.310e-04 grad_norm=4.576 samples/s=75.70
[step 1680/5000] loss=2.2463 lr=2.302e-04 grad_norm=3.090 samples/s=75.80
[step 1690/5000] loss=1.9416 lr=2.294e-04 grad_norm=4.141 samples/s=75.74
[step 1700/5000] loss=2.5014 lr=2.286e-04 grad_norm=2.933 samples/s=75.81
[step 1710/5000] loss=2.4699 lr=2.277e-04 grad_norm=4.712 samples/s=75.66
[step 1720/5000] loss=2.3261 lr=2.269e-04 grad_norm=3.612 samples/s=75.79
[step 1730/5000] loss=1.7058 lr=2.261e-04 grad_norm=2.983 samples/s=75.69
[step 1740/5000] loss=2.3278 lr=2.253e-04 grad_norm=3.068 samples/s=75.75
[step 1750/5000] loss=1.9703 lr=2.245e-04 grad_norm=2.749 samples/s=75.71
[val step 1750] loss=2.439040014266968 m01={'mean': 0.4143780129714161, 'median': 0.4111576614701703, 'p95': 0.6985305065222137, 'tail_frac_gt4px': 0.00016475821731608864, 'n_matched': 12139} m02={'12-16': 0.9077277970011534, '16-32': 0.9502762430939227, '32-64': 0.9407369234733316, '64-128': 0.9348925410872313} m04={'accuracy': 0.27860614548150586, 'by_octave': {'12-16': 0.2712833545108005, '16-32': 0.30485338725985844, '32-64': 0.27800602574637084, '64-128': 0.24814063556457067}} diag={'gate3_alpha_mean': 0.3471866846084595, 'gate3_alpha_min': 0.004263877868652344, 'gate3_alpha_max': 0.977294921875, 'gate3_alpha_std': 0.24698543548583984, 'gate3_alpha_p10': 0.0659027099609375, 'gate3_alpha_p50': 0.3033447265625, 'gate3_alpha_p90': 0.7514705657958984, 'block0_attn_entropy': 6.617703437805176, 'block1_attn_entropy': 7.301629543304443}
[step 1760/5000] loss=1.9610 lr=2.236e-04 grad_norm=2.896 samples/s=75.98
[step 1770/5000] loss=2.3902 lr=2.228e-04 grad_norm=2.501 samples/s=76.29
[step 1780/5000] loss=2.0937 lr=2.220e-04 grad_norm=3.116 samples/s=76.13
[step 1790/5000] loss=2.3416 lr=2.211e-04 grad_norm=4.070 samples/s=76.15
[step 1800/5000] loss=2.3403 lr=2.203e-04 grad_norm=5.232 samples/s=76.12
[step 1810/5000] loss=2.6896 lr=2.194e-04 grad_norm=2.740 samples/s=76.14
[step 1820/5000] loss=2.3178 lr=2.186e-04 grad_norm=2.881 samples/s=76.13
[step 1830/5000] loss=2.3064 lr=2.177e-04 grad_norm=3.162 samples/s=76.19
[step 1840/5000] loss=2.3562 lr=2.169e-04 grad_norm=2.424 samples/s=76.02
[step 1850/5000] loss=2.3866 lr=2.160e-04 grad_norm=2.309 samples/s=76.14
[step 1860/5000] loss=2.0627 lr=2.152e-04 grad_norm=2.577 samples/s=76.10
[step 1870/5000] loss=1.8551 lr=2.143e-04 grad_norm=3.012 samples/s=76.13
[step 1880/5000] loss=2.2727 lr=2.134e-04 grad_norm=4.072 samples/s=76.10
[step 1890/5000] loss=3.4687 lr=2.126e-04 grad_norm=3.960 samples/s=76.15
[step 1900/5000] loss=2.9063 lr=2.117e-04 grad_norm=2.976 samples/s=76.08
[step 1910/5000] loss=1.8888 lr=2.108e-04 grad_norm=3.291 samples/s=76.15
[step 1920/5000] loss=2.1782 lr=2.100e-04 grad_norm=2.730 samples/s=76.13
[step 1930/5000] loss=2.4191 lr=2.091e-04 grad_norm=2.461 samples/s=76.18
[step 1940/5000] loss=2.3338 lr=2.082e-04 grad_norm=2.685 samples/s=76.09
[step 1950/5000] loss=2.4212 lr=2.073e-04 grad_norm=2.931 samples/s=76.10
[step 1960/5000] loss=2.6337 lr=2.064e-04 grad_norm=3.301 samples/s=76.02
[step 1970/5000] loss=2.1932 lr=2.055e-04 grad_norm=2.620 samples/s=76.05
[step 1980/5000] loss=2.5303 lr=2.047e-04 grad_norm=2.824 samples/s=75.99
[step 1990/5000] loss=2.4001 lr=2.038e-04 grad_norm=3.250 samples/s=75.95
[step 2000/5000] loss=2.1967 lr=2.029e-04 grad_norm=2.996 samples/s=75.96
[val step 2000] loss=2.436177978515625 m01={'mean': 0.41378660314817967, 'median': 0.410902638118134, 'p95': 0.6957054954549744, 'tail_frac_gt4px': 0.0002472799208704253, 'n_matched': 12132} m02={'12-16': 0.9094579008073818, '16-32': 0.9469132836896469, '32-64': 0.9409945890234476, '64-128': 0.9358407079646017} m04={'accuracy': 0.2818166831519947, 'by_octave': {'12-16': 0.27520608750792647, '16-32': 0.3059360730593607, '32-64': 0.2853231106243154, '64-128': 0.24890239783856805}} diag={'gate3_alpha_mean': 0.3581869602203369, 'gate3_alpha_min': 0.004379749298095703, 'gate3_alpha_max': 0.97900390625, 'gate3_alpha_std': 0.24812300503253937, 'gate3_alpha_p10': 0.070587158203125, 'gate3_alpha_p50': 0.31793212890625, 'gate3_alpha_p90': 0.7607421875, 'block0_attn_entropy': 6.617703437805176, 'block1_attn_entropy': 7.301629543304443}
[step 2010/5000] loss=2.5061 lr=2.020e-04 grad_norm=3.070 samples/s=76.20
[step 2020/5000] loss=1.8322 lr=2.011e-04 grad_norm=3.532 samples/s=76.45
[step 2030/5000] loss=2.3264 lr=2.002e-04 grad_norm=2.342 samples/s=76.42
[step 2040/5000] loss=1.8422 lr=1.993e-04 grad_norm=4.353 samples/s=76.37
[step 2050/5000] loss=2.8328 lr=1.984e-04 grad_norm=3.544 samples/s=76.31
[step 2060/5000] loss=2.4238 lr=1.975e-04 grad_norm=2.625 samples/s=76.28
[step 2070/5000] loss=2.0215 lr=1.966e-04 grad_norm=2.500 samples/s=76.33
[step 2080/5000] loss=2.6446 lr=1.957e-04 grad_norm=2.085 samples/s=76.21
[step 2090/5000] loss=2.5191 lr=1.948e-04 grad_norm=2.754 samples/s=76.26
[step 2100/5000] loss=2.4518 lr=1.938e-04 grad_norm=3.005 samples/s=76.23
[step 2110/5000] loss=3.2928 lr=1.929e-04 grad_norm=4.499 samples/s=76.28
[step 2120/5000] loss=2.4019 lr=1.920e-04 grad_norm=3.800 samples/s=76.30
[step 2130/5000] loss=2.3466 lr=1.911e-04 grad_norm=2.321 samples/s=76.35
[step 2140/5000] loss=3.0117 lr=1.902e-04 grad_norm=2.910 samples/s=76.31
[step 2150/5000] loss=2.4461 lr=1.893e-04 grad_norm=2.939 samples/s=76.31
[step 2160/5000] loss=2.0301 lr=1.883e-04 grad_norm=3.041 samples/s=76.29
[step 2170/5000] loss=1.9178 lr=1.874e-04 grad_norm=3.413 samples/s=76.16
[step 2180/5000] loss=2.7526 lr=1.865e-04 grad_norm=4.228 samples/s=76.17
[step 2190/5000] loss=2.1775 lr=1.856e-04 grad_norm=3.927 samples/s=76.09
[step 2200/5000] loss=3.2063 lr=1.846e-04 grad_norm=2.968 samples/s=76.15
[step 2210/5000] loss=3.0905 lr=1.837e-04 grad_norm=4.068 samples/s=76.11
[step 2220/5000] loss=2.0138 lr=1.828e-04 grad_norm=2.746 samples/s=76.15
[step 2230/5000] loss=2.6107 lr=1.818e-04 grad_norm=2.721 samples/s=76.11
[step 2240/5000] loss=2.5408 lr=1.809e-04 grad_norm=5.016 samples/s=76.18
[step 2250/5000] loss=2.6833 lr=1.800e-04 grad_norm=2.798 samples/s=76.12
[val step 2250] loss=2.4353607864379883 m01={'mean': 0.41328713281124796, 'median': 0.41064310445607716, 'p95': 0.6947388458052018, 'tail_frac_gt4px': 0.0002475860361475613, 'n_matched': 12117} m02={'12-16': 0.9111880046136102, '16-32': 0.9459524381455681, '32-64': 0.9402215923730998, '64-128': 0.9323640960809102} m04={'accuracy': 0.28026739291903935, 'by_octave': {'12-16': 0.27151898734177216, '16-32': 0.3026917216861351, '32-64': 0.2869279254590299, '64-128': 0.24677966101694915}} diag={'gate3_alpha_mean': 0.3463541567325592, 'gate3_alpha_min': 0.003742218017578125, 'gate3_alpha_max': 0.97900390625, 'gate3_alpha_std': 0.24859167635440826, 'gate3_alpha_p10': 0.06402549892663956, 'gate3_alpha_p50': 0.30126953125, 'gate3_alpha_p90': 0.75390625, 'block0_attn_entropy': 6.617703437805176, 'block1_attn_entropy': 7.301629543304443}
[step 2260/5000] loss=2.1497 lr=1.790e-04 grad_norm=4.290 samples/s=76.34
[step 2270/5000] loss=2.0692 lr=1.781e-04 grad_norm=2.979 samples/s=76.55
[step 2280/5000] loss=2.1439 lr=1.772e-04 grad_norm=2.491 samples/s=76.51
[step 2290/5000] loss=2.8705 lr=1.762e-04 grad_norm=2.936 samples/s=76.50
[step 2300/5000] loss=2.5271 lr=1.753e-04 grad_norm=2.688 samples/s=76.46
[step 2310/5000] loss=2.3340 lr=1.744e-04 grad_norm=3.188 samples/s=76.45
[step 2320/5000] loss=2.0787 lr=1.734e-04 grad_norm=3.125 samples/s=76.40
[step 2330/5000] loss=2.1381 lr=1.725e-04 grad_norm=3.632 samples/s=76.42
[step 2340/5000] loss=2.2562 lr=1.715e-04 grad_norm=2.090 samples/s=76.40
[step 2350/5000] loss=2.4656 lr=1.706e-04 grad_norm=3.619 samples/s=76.37
[step 2360/5000] loss=2.4789 lr=1.696e-04 grad_norm=3.501 samples/s=76.38
[step 2370/5000] loss=2.2908 lr=1.687e-04 grad_norm=2.382 samples/s=76.32
[step 2380/5000] loss=2.4725 lr=1.677e-04 grad_norm=2.802 samples/s=76.36
[step 2390/5000] loss=2.8793 lr=1.668e-04 grad_norm=3.130 samples/s=76.30
[step 2400/5000] loss=2.6912 lr=1.659e-04 grad_norm=2.775 samples/s=76.36
[step 2410/5000] loss=2.3091 lr=1.649e-04 grad_norm=3.001 samples/s=76.29
[step 2420/5000] loss=2.8608 lr=1.640e-04 grad_norm=3.017 samples/s=76.35
[step 2430/5000] loss=2.2772 lr=1.630e-04 grad_norm=2.853 samples/s=76.35
[step 2440/5000] loss=2.0458 lr=1.621e-04 grad_norm=2.303 samples/s=76.35
[step 2450/5000] loss=2.7035 lr=1.611e-04 grad_norm=3.218 samples/s=76.33
[step 2460/5000] loss=2.0610 lr=1.602e-04 grad_norm=4.016 samples/s=76.35
[step 2470/5000] loss=2.2268 lr=1.592e-04 grad_norm=3.819 samples/s=76.33
[step 2480/5000] loss=2.2374 lr=1.583e-04 grad_norm=3.426 samples/s=76.36
[step 2490/5000] loss=2.6257 lr=1.573e-04 grad_norm=2.565 samples/s=76.31
[step 2500/5000] loss=2.2256 lr=1.564e-04 grad_norm=3.276 samples/s=76.36
[val step 2500] loss=2.4360653438568116 m01={'mean': 0.4144280298987559, 'median': 0.4111576614701703, 'p95': 0.696547784430066, 'tail_frac_gt4px': 0.000329733740004946, 'n_matched': 12131} m02={'12-16': 0.9117647058823529, '16-32': 0.9466730723036272, '32-64': 0.9415099201236795, '64-128': 0.933944374209861} m04={'accuracy': 0.28810485532932156, 'by_octave': {'12-16': 0.27514231499051234, '16-32': 0.31920832276072064, '32-64': 0.2895457033388068, '64-128': 0.2517766497461929}} diag={'gate3_alpha_mean': 0.35685935616493225, 'gate3_alpha_min': 0.004047870635986328, 'gate3_alpha_max': 0.97998046875, 'gate3_alpha_std': 0.2504758834838867, 'gate3_alpha_p10': 0.06835899502038956, 'gate3_alpha_p50': 0.314453125, 'gate3_alpha_p90': 0.765380859375, 'block0_attn_entropy': 6.617703437805176, 'block1_attn_entropy': 7.301629543304443}
[step 2510/5000] loss=2.0384 lr=1.554e-04 grad_norm=1.923 samples/s=76.56
[step 2520/5000] loss=2.0443 lr=1.545e-04 grad_norm=3.815 samples/s=76.76
[step 2530/5000] loss=2.0884 lr=1.535e-04 grad_norm=3.376 samples/s=76.70
[step 2540/5000] loss=2.7788 lr=1.525e-04 grad_norm=5.139 samples/s=76.72
[step 2550/5000] loss=2.1157 lr=1.516e-04 grad_norm=2.734 samples/s=76.67
[step 2560/5000] loss=2.0082 lr=1.506e-04 grad_norm=3.235 samples/s=76.72
[step 2570/5000] loss=1.9956 lr=1.497e-04 grad_norm=2.611 samples/s=76.66
[step 2580/5000] loss=2.4659 lr=1.487e-04 grad_norm=2.921 samples/s=76.71
[step 2590/5000] loss=2.3571 lr=1.478e-04 grad_norm=3.160 samples/s=76.65
[step 2600/5000] loss=2.1810 lr=1.468e-04 grad_norm=2.340 samples/s=76.69
[step 2610/5000] loss=2.2196 lr=1.459e-04 grad_norm=2.856 samples/s=76.63
[step 2620/5000] loss=2.9258 lr=1.449e-04 grad_norm=4.061 samples/s=76.66
[step 2630/5000] loss=2.4070 lr=1.440e-04 grad_norm=3.470 samples/s=76.56
[step 2640/5000] loss=2.0283 lr=1.430e-04 grad_norm=2.905 samples/s=76.56
[step 2650/5000] loss=1.9067 lr=1.421e-04 grad_norm=2.414 samples/s=76.55
[step 2660/5000] loss=2.2559 lr=1.411e-04 grad_norm=3.112 samples/s=76.55
[step 2670/5000] loss=2.7666 lr=1.402e-04 grad_norm=3.407 samples/s=76.53
[step 2680/5000] loss=2.2501 lr=1.392e-04 grad_norm=3.777 samples/s=76.59
[step 2690/5000] loss=2.6357 lr=1.383e-04 grad_norm=4.020 samples/s=76.55
[step 2700/5000] loss=2.4113 lr=1.373e-04 grad_norm=2.968 samples/s=76.57
[step 2710/5000] loss=2.1774 lr=1.364e-04 grad_norm=3.254 samples/s=76.48
[step 2720/5000] loss=3.3507 lr=1.354e-04 grad_norm=3.018 samples/s=76.49
[step 2730/5000] loss=2.7236 lr=1.345e-04 grad_norm=2.549 samples/s=76.43
[step 2740/5000] loss=2.0255 lr=1.335e-04 grad_norm=3.234 samples/s=76.48
[step 2750/5000] loss=2.0616 lr=1.326e-04 grad_norm=2.270 samples/s=76.40
[val step 2750] loss=2.433152666091919 m01={'mean': 0.4137478697943835, 'median': 0.411103329425453, 'p95': 0.6943282885003471, 'tail_frac_gt4px': 0.000247320692497939, 'n_matched': 12130} m02={'12-16': 0.908881199538639, '16-32': 0.9471534950756666, '32-64': 0.9417675856737954, '64-128': 0.934260429835651} m04={'accuracy': 0.290436933223413, 'by_octave': {'12-16': 0.28743654822335024, '16-32': 0.3266548313466903, '32-64': 0.2850889192886457, '64-128': 0.2503382949932341}} diag={'gate3_alpha_mean': 0.35225582122802734, 'gate3_alpha_min': 0.003916263580322266, 'gate3_alpha_max': 0.97998046875, 'gate3_alpha_std': 0.25123465061187744, 'gate3_alpha_p10': 0.066192626953125, 'gate3_alpha_p50': 0.3070068359375, 'gate3_alpha_p90': 0.7645263671875, 'block0_attn_entropy': 6.617703437805176, 'block1_attn_entropy': 7.301629543304443}
[step 2760/5000] loss=2.1469 lr=1.317e-04 grad_norm=3.928 samples/s=76.61
[step 2770/5000] loss=2.2060 lr=1.307e-04 grad_norm=3.310 samples/s=76.80
[step 2780/5000] loss=2.4788 lr=1.298e-04 grad_norm=3.227 samples/s=76.79
[step 2790/5000] loss=1.9221 lr=1.288e-04 grad_norm=2.443 samples/s=76.82
[step 2800/5000] loss=2.4332 lr=1.279e-04 grad_norm=2.521 samples/s=76.75
[step 2810/5000] loss=2.1485 lr=1.270e-04 grad_norm=3.211 samples/s=76.77
[step 2820/5000] loss=1.8800 lr=1.260e-04 grad_norm=2.548 samples/s=76.71
[step 2830/5000] loss=2.8200 lr=1.251e-04 grad_norm=2.616 samples/s=76.71
[step 2840/5000] loss=2.4182 lr=1.241e-04 grad_norm=3.873 samples/s=76.64
[step 2850/5000] loss=2.4162 lr=1.232e-04 grad_norm=2.642 samples/s=76.69
[step 2860/5000] loss=1.9324 lr=1.223e-04 grad_norm=3.178 samples/s=76.57
[step 2870/5000] loss=2.4837 lr=1.213e-04 grad_norm=2.180 samples/s=76.60
[step 2880/5000] loss=2.0506 lr=1.204e-04 grad_norm=2.810 samples/s=76.56
[step 2890/5000] loss=2.2016 lr=1.195e-04 grad_norm=2.932 samples/s=76.54
[step 2900/5000] loss=2.4769 lr=1.185e-04 grad_norm=3.072 samples/s=76.44
[step 2910/5000] loss=2.1445 lr=1.176e-04 grad_norm=2.868 samples/s=76.50
[step 2920/5000] loss=2.1744 lr=1.167e-04 grad_norm=2.651 samples/s=76.43
[step 2930/5000] loss=1.9590 lr=1.158e-04 grad_norm=2.694 samples/s=76.44
[step 2940/5000] loss=2.2159 lr=1.148e-04 grad_norm=2.072 samples/s=76.39
[step 2950/5000] loss=1.8662 lr=1.139e-04 grad_norm=2.483 samples/s=76.43
[step 2960/5000] loss=2.4679 lr=1.130e-04 grad_norm=3.992 samples/s=76.35
[step 2970/5000] loss=2.1565 lr=1.121e-04 grad_norm=6.461 samples/s=76.40
[step 2980/5000] loss=1.9633 lr=1.112e-04 grad_norm=2.397 samples/s=76.36
[step 2990/5000] loss=2.6556 lr=1.103e-04 grad_norm=4.500 samples/s=76.38
[step 3000/5000] loss=2.0359 lr=1.093e-04 grad_norm=3.153 samples/s=76.35
[val step 3000] loss=2.4311768169403076 m01={'mean': 0.4140881922056042, 'median': 0.41090358900887225, 'p95': 0.6950851395336451, 'tail_frac_gt4px': 0.00024746349913387774, 'n_matched': 12123} m02={'12-16': 0.908881199538639, '16-32': 0.9464328609176075, '32-64': 0.9402215923730998, '64-128': 0.9348925410872313} m04={'accuracy': 0.2911820506475295, 'by_octave': {'12-16': 0.2880710659898477, '16-32': 0.3299492385786802, '32-64': 0.2866538777747328, '64-128': 0.24678837052062205}} diag={'gate3_alpha_mean': 0.3489783704280853, 'gate3_alpha_min': 0.003627777099609375, 'gate3_alpha_max': 0.97998046875, 'gate3_alpha_std': 0.2518062889575958, 'gate3_alpha_p10': 0.0638652816414833, 'gate3_alpha_p50': 0.30224609375, 'gate3_alpha_p90': 0.7634611129760742, 'block0_attn_entropy': 6.617703437805176, 'block1_attn_entropy': 7.301629543304443}
[step 3010/5000] loss=2.4179 lr=1.084e-04 grad_norm=2.419 samples/s=76.51
[step 3020/5000] loss=2.0758 lr=1.075e-04 grad_norm=3.380 samples/s=76.67
[step 3030/5000] loss=2.5330 lr=1.066e-04 grad_norm=2.187 samples/s=76.62
[step 3040/5000] loss=1.9630 lr=1.057e-04 grad_norm=3.136 samples/s=76.66
[step 3050/5000] loss=2.1535 lr=1.048e-04 grad_norm=2.453 samples/s=76.62
[step 3060/5000] loss=2.5918 lr=1.039e-04 grad_norm=3.184 samples/s=76.63
[step 3070/5000] loss=2.1824 lr=1.030e-04 grad_norm=3.644 samples/s=76.63
[step 3080/5000] loss=2.3561 lr=1.021e-04 grad_norm=3.484 samples/s=76.60
[step 3090/5000] loss=2.3084 lr=1.012e-04 grad_norm=2.866 samples/s=76.60
[step 3100/5000] loss=1.7813 lr=1.003e-04 grad_norm=2.982 samples/s=76.59
[step 3110/5000] loss=2.3757 lr=9.941e-05 grad_norm=2.693 samples/s=76.57
[step 3120/5000] loss=2.4249 lr=9.852e-05 grad_norm=3.720 samples/s=76.55
[step 3130/5000] loss=2.5496 lr=9.763e-05 grad_norm=2.797 samples/s=76.51
[step 3140/5000] loss=2.6329 lr=9.674e-05 grad_norm=2.320 samples/s=76.52
[step 3150/5000] loss=1.9087 lr=9.586e-05 grad_norm=3.084 samples/s=76.47
[step 3160/5000] loss=2.4223 lr=9.498e-05 grad_norm=2.830 samples/s=76.50
[step 3170/5000] loss=2.3187 lr=9.410e-05 grad_norm=4.053 samples/s=76.49
[step 3180/5000] loss=2.6307 lr=9.322e-05 grad_norm=2.668 samples/s=76.47
[step 3190/5000] loss=2.1248 lr=9.235e-05 grad_norm=2.664 samples/s=76.49
[step 3200/5000] loss=2.1192 lr=9.148e-05 grad_norm=2.830 samples/s=76.49
[step 3210/5000] loss=2.2600 lr=9.061e-05 grad_norm=2.309 samples/s=76.51
[step 3220/5000] loss=2.2833 lr=8.974e-05 grad_norm=2.928 samples/s=76.49
[step 3230/5000] loss=2.3604 lr=8.888e-05 grad_norm=2.354 samples/s=76.49
[step 3240/5000] loss=3.1883 lr=8.801e-05 grad_norm=3.321 samples/s=76.43
[step 3250/5000] loss=2.8553 lr=8.715e-05 grad_norm=3.764 samples/s=76.46
[val step 3250] loss=2.4294005107879637 m01={'mean': 0.4145018662229998, 'median': 0.41112910042251494, 'p95': 0.6959863428894002, 'tail_frac_gt4px': 0.000329733740004946, 'n_matched': 12131} m02={'12-16': 0.9100346020761245, '16-32': 0.947633917847706, '32-64': 0.9409945890234476, '64-128': 0.934260429835651} m04={'accuracy': 0.29741983348446127, 'by_octave': {'12-16': 0.3010139416983523, '16-32': 0.33891001267427123, '32-64': 0.2921686746987952, '64-128': 0.246617050067659}} diag={'gate3_alpha_mean': 0.35232362151145935, 'gate3_alpha_min': 0.003704547882080078, 'gate3_alpha_max': 0.97998046875, 'gate3_alpha_std': 0.25187167525291443, 'gate3_alpha_p10': 0.06502914428710938, 'gate3_alpha_p50': 0.3072509765625, 'gate3_alpha_p90': 0.76513671875, 'block0_attn_entropy': 6.617703437805176, 'block1_attn_entropy': 7.301629543304443}
[step 3260/5000] loss=2.1439 lr=8.630e-05 grad_norm=3.405 samples/s=76.62
[step 3270/5000] loss=2.2381 lr=8.544e-05 grad_norm=2.347 samples/s=76.77
[step 3280/5000] loss=3.0252 lr=8.459e-05 grad_norm=4.881 samples/s=76.72
[step 3290/5000] loss=2.4164 lr=8.374e-05 grad_norm=3.647 samples/s=76.72
[step 3300/5000] loss=2.3298 lr=8.290e-05 grad_norm=3.483 samples/s=76.71
[step 3310/5000] loss=1.8750 lr=8.205e-05 grad_norm=2.355 samples/s=76.70
[step 3320/5000] loss=2.2115 lr=8.121e-05 grad_norm=3.192 samples/s=76.68
[step 3330/5000] loss=2.7381 lr=8.038e-05 grad_norm=3.638 samples/s=76.68
[step 3340/5000] loss=2.2723 lr=7.954e-05 grad_norm=3.464 samples/s=76.60
[step 3350/5000] loss=2.6641 lr=7.871e-05 grad_norm=3.775 samples/s=76.60
[step 3360/5000] loss=2.6391 lr=7.788e-05 grad_norm=2.096 samples/s=76.56
[step 3370/5000] loss=2.2668 lr=7.706e-05 grad_norm=3.955 samples/s=76.60
[step 3380/5000] loss=2.5374 lr=7.624e-05 grad_norm=2.120 samples/s=76.53
[step 3390/5000] loss=2.0195 lr=7.542e-05 grad_norm=3.308 samples/s=76.60
[step 3400/5000] loss=3.1586 lr=7.460e-05 grad_norm=2.818 samples/s=76.54
[step 3410/5000] loss=1.9211 lr=7.379e-05 grad_norm=2.091 samples/s=76.55
[step 3420/5000] loss=2.4544 lr=7.298e-05 grad_norm=2.580 samples/s=76.52
[step 3430/5000] loss=2.2302 lr=7.217e-05 grad_norm=4.717 samples/s=76.53
[step 3440/5000] loss=2.1303 lr=7.137e-05 grad_norm=3.141 samples/s=76.51
[step 3450/5000] loss=2.1815 lr=7.057e-05 grad_norm=2.771 samples/s=76.47
[step 3460/5000] loss=2.0455 lr=6.977e-05 grad_norm=3.268 samples/s=76.46
[step 3470/5000] loss=3.2767 lr=6.898e-05 grad_norm=2.211 samples/s=76.42
[step 3480/5000] loss=1.9719 lr=6.819e-05 grad_norm=2.470 samples/s=76.43
[step 3490/5000] loss=2.1346 lr=6.740e-05 grad_norm=2.072 samples/s=76.40
[step 3500/5000] loss=2.6300 lr=6.662e-05 grad_norm=3.079 samples/s=76.43
[val step 3500] loss=2.428104160308838 m01={'mean': 0.41424061286563374, 'median': 0.41105341947773294, 'p95': 0.6950685220121254, 'tail_frac_gt4px': 0.000247320692497939, 'n_matched': 12130} m02={'12-16': 0.9094579008073818, '16-32': 0.9473937064616863, '32-64': 0.9415099201236795, '64-128': 0.933944374209861} m04={'accuracy': 0.29925803792250616, 'by_octave': {'12-16': 0.30818008877615727, '16-32': 0.3351926977687627, '32-64': 0.2961138478379858, '64-128': 0.25042301184433163}} diag={'gate3_alpha_mean': 0.34958696365356445, 'gate3_alpha_min': 0.003647327423095703, 'gate3_alpha_max': 0.97998046875, 'gate3_alpha_std': 0.2515603303909302, 'gate3_alpha_p10': 0.06405983120203018, 'gate3_alpha_p50': 0.303466796875, 'gate3_alpha_p90': 0.7630615234375, 'block0_attn_entropy': 6.617703437805176, 'block1_attn_entropy': 7.301629543304443}
[step 3510/5000] loss=2.1782 lr=6.584e-05 grad_norm=2.811 samples/s=76.57
[step 3520/5000] loss=1.7926 lr=6.506e-05 grad_norm=3.941 samples/s=76.71
[step 3530/5000] loss=2.6127 lr=6.429e-05 grad_norm=2.019 samples/s=76.64
[step 3540/5000] loss=2.2630 lr=6.352e-05 grad_norm=2.001 samples/s=76.65
[step 3550/5000] loss=2.1032 lr=6.276e-05 grad_norm=2.009 samples/s=76.61
[step 3560/5000] loss=3.2952 lr=6.200e-05 grad_norm=3.396 samples/s=76.64
[step 3570/5000] loss=1.9004 lr=6.124e-05 grad_norm=2.252 samples/s=76.61
[step 3580/5000] loss=2.0459 lr=6.048e-05 grad_norm=4.808 samples/s=76.65
[step 3590/5000] loss=2.1364 lr=5.973e-05 grad_norm=2.634 samples/s=76.60
[step 3600/5000] loss=2.1337 lr=5.899e-05 grad_norm=4.047 samples/s=76.59
[step 3610/5000] loss=2.7302 lr=5.824e-05 grad_norm=2.129 samples/s=76.57
[step 3620/5000] loss=1.9500 lr=5.750e-05 grad_norm=2.831 samples/s=76.57
[step 3630/5000] loss=2.1641 lr=5.677e-05 grad_norm=2.343 samples/s=76.55
[step 3640/5000] loss=1.9533 lr=5.604e-05 grad_norm=3.136 samples/s=76.56
[step 3650/5000] loss=2.2228 lr=5.531e-05 grad_norm=2.282 samples/s=76.54
[step 3660/5000] loss=2.8188 lr=5.459e-05 grad_norm=2.438 samples/s=76.56
[step 3670/5000] loss=1.7615 lr=5.387e-05 grad_norm=2.814 samples/s=76.54
[step 3680/5000] loss=2.3586 lr=5.315e-05 grad_norm=2.484 samples/s=76.55
[step 3690/5000] loss=2.0911 lr=5.244e-05 grad_norm=3.214 samples/s=76.49
[step 3700/5000] loss=2.3032 lr=5.173e-05 grad_norm=3.479 samples/s=76.54
[step 3710/5000] loss=2.2813 lr=5.103e-05 grad_norm=2.672 samples/s=76.50
[step 3720/5000] loss=2.3349 lr=5.033e-05 grad_norm=2.753 samples/s=76.53
[step 3730/5000] loss=2.5288 lr=4.964e-05 grad_norm=2.491 samples/s=76.48
[step 3740/5000] loss=2.2677 lr=4.895e-05 grad_norm=2.202 samples/s=76.54
[step 3750/5000] loss=2.3190 lr=4.826e-05 grad_norm=3.123 samples/s=76.52
[val step 3750] loss=2.427622276306152 m01={'mean': 0.4144245252606521, 'median': 0.41107755842839117, 'p95': 0.6964213563635124, 'tail_frac_gt4px': 0.0002473003050037095, 'n_matched': 12131} m02={'12-16': 0.9117647058823529, '16-32': 0.9464328609176075, '32-64': 0.9420252512239113, '64-128': 0.9336283185840708} m04={'accuracy': 0.29931580248948975, 'by_octave': {'12-16': 0.2998102466793169, '16-32': 0.3378172588832487, '32-64': 0.2973194748358862, '64-128': 0.25016926201760326}} diag={'gate3_alpha_mean': 0.3447609543800354, 'gate3_alpha_min': 0.00356292724609375, 'gate3_alpha_max': 0.97998046875, 'gate3_alpha_std': 0.25119829177856445, 'gate3_alpha_p10': 0.0622100830078125, 'gate3_alpha_p50': 0.2967529296875, 'gate3_alpha_p90': 0.759521484375, 'block0_attn_entropy': 6.617703437805176, 'block1_attn_entropy': 7.301629543304443}
[step 3760/5000] loss=1.9514 lr=4.758e-05 grad_norm=2.833 samples/s=76.65
[step 3770/5000] loss=1.8086 lr=4.690e-05 grad_norm=2.717 samples/s=76.78
[step 3780/5000] loss=3.3031 lr=4.623e-05 grad_norm=3.309 samples/s=76.74
[step 3790/5000] loss=2.0274 lr=4.556e-05 grad_norm=3.308 samples/s=76.69
[step 3800/5000] loss=2.7027 lr=4.489e-05 grad_norm=3.375 samples/s=76.72
[step 3810/5000] loss=2.5006 lr=4.423e-05 grad_norm=2.803 samples/s=76.71
[step 3820/5000] loss=2.5533 lr=4.357e-05 grad_norm=3.337 samples/s=76.70
[step 3830/5000] loss=2.6962 lr=4.292e-05 grad_norm=3.311 samples/s=76.68
[step 3840/5000] loss=2.1791 lr=4.228e-05 grad_norm=4.152 samples/s=76.65
[step 3850/5000] loss=2.0216 lr=4.163e-05 grad_norm=2.958 samples/s=76.64
[step 3860/5000] loss=2.3108 lr=4.099e-05 grad_norm=2.803 samples/s=76.65
[step 3870/5000] loss=3.2469 lr=4.036e-05 grad_norm=3.554 samples/s=76.65
[step 3880/5000] loss=1.9936 lr=3.973e-05 grad_norm=2.390 samples/s=76.64
[step 3890/5000] loss=1.8093 lr=3.911e-05 grad_norm=2.167 samples/s=76.64
[step 3900/5000] loss=1.9583 lr=3.849e-05 grad_norm=2.652 samples/s=76.64
[step 3910/5000] loss=2.0398 lr=3.787e-05 grad_norm=2.675 samples/s=76.61
[step 3920/5000] loss=2.7907 lr=3.726e-05 grad_norm=3.372 samples/s=76.60
[step 3930/5000] loss=2.2759 lr=3.666e-05 grad_norm=3.025 samples/s=76.59
[step 3940/5000] loss=2.8039 lr=3.605e-05 grad_norm=4.323 samples/s=76.59
[step 3950/5000] loss=1.8580 lr=3.546e-05 grad_norm=3.390 samples/s=76.54
[step 3960/5000] loss=2.4864 lr=3.487e-05 grad_norm=3.777 samples/s=76.57
[step 3970/5000] loss=2.2818 lr=3.428e-05 grad_norm=2.422 samples/s=76.52
[step 3980/5000] loss=2.2447 lr=3.370e-05 grad_norm=3.095 samples/s=76.54
[step 3990/5000] loss=1.9911 lr=3.312e-05 grad_norm=3.512 samples/s=76.48
[step 4000/5000] loss=2.3085 lr=3.255e-05 grad_norm=3.640 samples/s=76.52
[val step 4000] loss=2.426683895111084 m01={'mean': 0.4137866598892379, 'median': 0.4110186361882891, 'p95': 0.6954354192778023, 'tail_frac_gt4px': 0.000247320692497939, 'n_matched': 12130} m02={'12-16': 0.9123414071510957, '16-32': 0.9469132836896469, '32-64': 0.9417675856737954, '64-128': 0.9326801517067004} m04={'accuracy': 0.29975267930750205, 'by_octave': {'12-16': 0.30404551201011376, '16-32': 0.3363774733637747, '32-64': 0.29740082079343366, '64-128': 0.25144018976618093}} diag={'gate3_alpha_mean': 0.3495540916919708, 'gate3_alpha_min': 0.00360870361328125, 'gate3_alpha_max': 0.97998046875, 'gate3_alpha_std': 0.2513837218284607, 'gate3_alpha_p10': 0.06427173316478729, 'gate3_alpha_p50': 0.3035125732421875, 'gate3_alpha_p90': 0.762451171875, 'block0_attn_entropy': 6.617703437805176, 'block1_attn_entropy': 7.301629543304443}
[step 4010/5000] loss=2.3368 lr=3.198e-05 grad_norm=2.408 samples/s=76.63
[step 4020/5000] loss=2.1947 lr=3.142e-05 grad_norm=2.828 samples/s=76.75
[step 4030/5000] loss=2.2916 lr=3.086e-05 grad_norm=3.870 samples/s=76.70
[step 4040/5000] loss=2.0745 lr=3.031e-05 grad_norm=2.185 samples/s=76.73
[step 4050/5000] loss=2.3078 lr=2.976e-05 grad_norm=3.517 samples/s=76.66
[step 4060/5000] loss=2.3892 lr=2.922e-05 grad_norm=2.332 samples/s=76.69
[step 4070/5000] loss=2.3735 lr=2.868e-05 grad_norm=2.227 samples/s=76.65
[step 4080/5000] loss=2.1047 lr=2.815e-05 grad_norm=3.860 samples/s=76.67
[step 4090/5000] loss=2.6359 lr=2.762e-05 grad_norm=2.980 samples/s=76.63
[step 4100/5000] loss=3.0913 lr=2.710e-05 grad_norm=3.287 samples/s=76.64
[step 4110/5000] loss=2.8202 lr=2.658e-05 grad_norm=2.057 samples/s=76.60
[step 4120/5000] loss=2.4031 lr=2.607e-05 grad_norm=1.932 samples/s=76.62
[step 4130/5000] loss=2.7101 lr=2.556e-05 grad_norm=2.247 samples/s=76.58
[step 4140/5000] loss=2.1455 lr=2.506e-05 grad_norm=2.602 samples/s=76.57
[step 4150/5000] loss=2.2249 lr=2.456e-05 grad_norm=4.213 samples/s=76.57
[step 4160/5000] loss=2.4364 lr=2.407e-05 grad_norm=2.408 samples/s=76.53
[step 4170/5000] loss=2.1525 lr=2.358e-05 grad_norm=2.662 samples/s=76.53
[step 4180/5000] loss=2.4354 lr=2.310e-05 grad_norm=3.012 samples/s=76.49
[step 4190/5000] loss=1.9555 lr=2.263e-05 grad_norm=2.521 samples/s=76.52
[step 4200/5000] loss=2.1583 lr=2.216e-05 grad_norm=2.345 samples/s=76.50
[step 4210/5000] loss=2.1692 lr=2.169e-05 grad_norm=3.797 samples/s=76.48
[step 4220/5000] loss=2.6518 lr=2.123e-05 grad_norm=2.524 samples/s=76.49
[step 4230/5000] loss=2.2896 lr=2.078e-05 grad_norm=4.526 samples/s=76.45
[step 4240/5000] loss=2.8679 lr=2.033e-05 grad_norm=3.250 samples/s=76.48
[step 4250/5000] loss=2.4674 lr=1.988e-05 grad_norm=2.385 samples/s=76.46
[val step 4250] loss=2.4242320499420167 m01={'mean': 0.4146094219332426, 'median': 0.41119334607060587, 'p95': 0.6956590804799754, 'tail_frac_gt4px': 0.00032965221691115873, 'n_matched': 12134} m02={'12-16': 0.9111880046136102, '16-32': 0.9478741292337257, '32-64': 0.9415099201236795, '64-128': 0.9336283185840708} m04={'accuracy': 0.2987473215757376, 'by_octave': {'12-16': 0.3031645569620253, '16-32': 0.3426254434870755, '32-64': 0.2922824302134647, '64-128': 0.24576844955991875}} diag={'gate3_alpha_mean': 0.3570982813835144, 'gate3_alpha_min': 0.003838062286376953, 'gate3_alpha_max': 0.97998046875, 'gate3_alpha_std': 0.2517103850841522, 'gate3_alpha_p10': 0.06758461147546768, 'gate3_alpha_p50': 0.31396484375, 'gate3_alpha_p90': 0.76806640625, 'block0_attn_entropy': 6.617703437805176, 'block1_attn_entropy': 7.301629543304443}
[step 4260/5000] loss=2.4529 lr=1.945e-05 grad_norm=2.741 samples/s=76.60
[step 4270/5000] loss=2.1174 lr=1.901e-05 grad_norm=4.161 samples/s=76.72
[step 4280/5000] loss=2.9169 lr=1.859e-05 grad_norm=2.925 samples/s=76.69
[step 4290/5000] loss=2.3875 lr=1.816e-05 grad_norm=3.701 samples/s=76.64
[step 4300/5000] loss=2.6211 lr=1.775e-05 grad_norm=2.740 samples/s=76.64
[step 4310/5000] loss=2.4612 lr=1.734e-05 grad_norm=3.703 samples/s=76.62
[step 4320/5000] loss=2.6094 lr=1.693e-05 grad_norm=2.574 samples/s=76.62
[step 4330/5000] loss=2.6494 lr=1.653e-05 grad_norm=3.165 samples/s=76.57
[step 4340/5000] loss=2.0359 lr=1.614e-05 grad_norm=2.882 samples/s=76.61
[step 4350/5000] loss=2.3294 lr=1.575e-05 grad_norm=3.613 samples/s=76.57
[step 4360/5000] loss=1.8757 lr=1.537e-05 grad_norm=3.681 samples/s=76.61
[step 4370/5000] loss=2.2879 lr=1.499e-05 grad_norm=2.311 samples/s=76.59
[step 4380/5000] loss=2.0446 lr=1.462e-05 grad_norm=3.401 samples/s=76.59
[step 4390/5000] loss=2.1672 lr=1.425e-05 grad_norm=2.912 samples/s=76.56
[step 4400/5000] loss=2.4869 lr=1.389e-05 grad_norm=5.344 samples/s=76.54
[step 4410/5000] loss=2.2340 lr=1.353e-05 grad_norm=2.914 samples/s=76.55
[step 4420/5000] loss=1.9364 lr=1.318e-05 grad_norm=2.013 samples/s=76.48
[step 4430/5000] loss=2.3895 lr=1.284e-05 grad_norm=2.820 samples/s=76.52
[step 4440/5000] loss=1.7085 lr=1.250e-05 grad_norm=2.250 samples/s=76.50
[step 4450/5000] loss=2.1776 lr=1.217e-05 grad_norm=2.966 samples/s=76.50
[step 4460/5000] loss=2.4361 lr=1.184e-05 grad_norm=3.637 samples/s=76.49
[step 4470/5000] loss=3.1088 lr=1.152e-05 grad_norm=3.668 samples/s=76.52
[step 4480/5000] loss=2.0099 lr=1.121e-05 grad_norm=2.041 samples/s=76.48
[step 4490/5000] loss=2.9077 lr=1.090e-05 grad_norm=3.056 samples/s=76.51
[step 4500/5000] loss=1.9628 lr=1.060e-05 grad_norm=2.864 samples/s=76.49
[val step 4500] loss=2.4238192043304445 m01={'mean': 0.41389881891680064, 'median': 0.410902638118134, 'p95': 0.6948383130019848, 'tail_frac_gt4px': 0.00024740227610094015, 'n_matched': 12126} m02={'12-16': 0.9094579008073818, '16-32': 0.9469132836896469, '32-64': 0.9409945890234476, '64-128': 0.933944374209861} m04={'accuracy': 0.29861454725383474, 'by_octave': {'12-16': 0.30057070386810397, '16-32': 0.34297311009639775, '32-64': 0.29326396495071194, '64-128': 0.24500846023688663}} diag={'gate3_alpha_mean': 0.3521941602230072, 'gate3_alpha_min': 0.00372314453125, 'gate3_alpha_max': 0.97998046875, 'gate3_alpha_std': 0.251216322183609, 'gate3_alpha_p10': 0.0655364990234375, 'gate3_alpha_p50': 0.307373046875, 'gate3_alpha_p90': 0.7637939453125, 'block0_attn_entropy': 6.617703437805176, 'block1_attn_entropy': 7.301629543304443}
[step 4510/5000] loss=2.3186 lr=1.030e-05 grad_norm=2.132 samples/s=76.60
[step 4520/5000] loss=2.0894 lr=1.001e-05 grad_norm=2.191 samples/s=76.71
[step 4530/5000] loss=2.1354 lr=9.720e-06 grad_norm=2.134 samples/s=76.70
[step 4540/5000] loss=2.5437 lr=9.439e-06 grad_norm=2.773 samples/s=76.70
[step 4550/5000] loss=3.0561 lr=9.165e-06 grad_norm=2.247 samples/s=76.68
[step 4560/5000] loss=1.7548 lr=8.896e-06 grad_norm=3.214 samples/s=76.68
[step 4570/5000] loss=2.0677 lr=8.634e-06 grad_norm=2.576 samples/s=76.65
[step 4580/5000] loss=2.5445 lr=8.377e-06 grad_norm=3.130 samples/s=76.67
[step 4590/5000] loss=2.2412 lr=8.126e-06 grad_norm=3.798 samples/s=76.66
[step 4600/5000] loss=3.3929 lr=7.881e-06 grad_norm=2.733 samples/s=76.67
[step 4610/5000] loss=2.3010 lr=7.642e-06 grad_norm=2.347 samples/s=76.66
[step 4620/5000] loss=2.5932 lr=7.409e-06 grad_norm=2.156 samples/s=76.63
[step 4630/5000] loss=2.3052 lr=7.181e-06 grad_norm=2.666 samples/s=76.61
[step 4640/5000] loss=2.4715 lr=6.960e-06 grad_norm=2.047 samples/s=76.64
[step 4650/5000] loss=2.0326 lr=6.744e-06 grad_norm=2.391 samples/s=76.63
[step 4660/5000] loss=1.8282 lr=6.535e-06 grad_norm=2.214 samples/s=76.56
[step 4670/5000] loss=2.8758 lr=6.331e-06 grad_norm=2.769 samples/s=76.58
[step 4680/5000] loss=1.9214 lr=6.134e-06 grad_norm=3.614 samples/s=76.58
[step 4690/5000] loss=2.3520 lr=5.942e-06 grad_norm=3.652 samples/s=76.60
[step 4700/5000] loss=1.9140 lr=5.757e-06 grad_norm=2.670 samples/s=76.59
[step 4710/5000] loss=2.1202 lr=5.577e-06 grad_norm=2.767 samples/s=76.58
[step 4720/5000] loss=2.6071 lr=5.403e-06 grad_norm=2.339 samples/s=76.60
[step 4730/5000] loss=2.1394 lr=5.236e-06 grad_norm=2.454 samples/s=76.59
[step 4740/5000] loss=2.1271 lr=5.074e-06 grad_norm=2.852 samples/s=76.56
[step 4750/5000] loss=2.9991 lr=4.919e-06 grad_norm=2.539 samples/s=76.57
[val step 4750] loss=2.4234999828338624 m01={'mean': 0.41398934910434537, 'median': 0.41090358900887225, 'p95': 0.6963102471343342, 'tail_frac_gt4px': 0.00016489405556929673, 'n_matched': 12129} m02={'12-16': 0.9100346020761245, '16-32': 0.9473937064616863, '32-64': 0.9417675856737954, '64-128': 0.9329962073324906} m04={'accuracy': 0.2984582405804271, 'by_octave': {'12-16': 0.2997465145754119, '16-32': 0.3433062880324544, '32-64': 0.29165526675786596, '64-128': 0.24627371273712736}} diag={'gate3_alpha_mean': 0.35366585850715637, 'gate3_alpha_min': 0.00372314453125, 'gate3_alpha_max': 0.97998046875, 'gate3_alpha_std': 0.2512427866458893, 'gate3_alpha_p10': 0.06630706787109375, 'gate3_alpha_p50': 0.3094024658203125, 'gate3_alpha_p90': 0.764892578125, 'block0_attn_entropy': 6.617703437805176, 'block1_attn_entropy': 7.301629543304443}
[step 4760/5000] loss=2.3557 lr=4.769e-06 grad_norm=2.891 samples/s=76.68
[step 4770/5000] loss=2.1035 lr=4.626e-06 grad_norm=3.381 samples/s=76.79
[step 4780/5000] loss=2.6911 lr=4.488e-06 grad_norm=4.131 samples/s=76.76
[step 4790/5000] loss=2.6644 lr=4.357e-06 grad_norm=4.316 samples/s=76.73
[step 4800/5000] loss=2.1771 lr=4.231e-06 grad_norm=3.862 samples/s=76.72
[step 4810/5000] loss=2.2727 lr=4.112e-06 grad_norm=2.646 samples/s=76.72
[step 4820/5000] loss=2.7801 lr=3.999e-06 grad_norm=2.440 samples/s=76.68
[step 4830/5000] loss=2.4772 lr=3.892e-06 grad_norm=3.829 samples/s=76.66
[step 4840/5000] loss=2.2409 lr=3.790e-06 grad_norm=3.071 samples/s=76.66
[step 4850/5000] loss=1.9674 lr=3.695e-06 grad_norm=2.969 samples/s=76.65
[step 4860/5000] loss=2.1395 lr=3.606e-06 grad_norm=2.249 samples/s=76.62
[step 4870/5000] loss=1.9553 lr=3.523e-06 grad_norm=1.904 samples/s=76.64
[step 4880/5000] loss=2.0335 lr=3.447e-06 grad_norm=2.133 samples/s=76.64
[step 4890/5000] loss=3.0348 lr=3.376e-06 grad_norm=2.902 samples/s=76.63
[step 4900/5000] loss=2.3221 lr=3.311e-06 grad_norm=3.223 samples/s=76.61
[step 4910/5000] loss=2.0885 lr=3.253e-06 grad_norm=2.602 samples/s=76.60
[step 4920/5000] loss=2.1244 lr=3.200e-06 grad_norm=2.662 samples/s=76.57
[step 4930/5000] loss=2.5457 lr=3.154e-06 grad_norm=2.203 samples/s=76.56
[step 4940/5000] loss=2.5050 lr=3.114e-06 grad_norm=3.314 samples/s=76.51
[step 4950/5000] loss=2.2369 lr=3.079e-06 grad_norm=2.641 samples/s=76.51
[step 4960/5000] loss=1.8626 lr=3.051e-06 grad_norm=2.231 samples/s=76.50
[step 4970/5000] loss=2.1526 lr=3.029e-06 grad_norm=3.002 samples/s=76.53
[step 4980/5000] loss=2.4759 lr=3.013e-06 grad_norm=2.271 samples/s=76.49
[step 4990/5000] loss=1.9931 lr=3.004e-06 grad_norm=3.093 samples/s=76.51
[step 5000/5000] loss=2.6662 lr=3.000e-06 grad_norm=4.204 samples/s=76.47
[val step 5000] loss=2.423287504196167 m01={'mean': 0.4138330121580604, 'median': 0.41088450376424174, 'p95': 0.6960566617821715, 'tail_frac_gt4px': 0.000164866870002473, 'n_matched': 12131} m02={'12-16': 0.9106113033448674, '16-32': 0.9473937064616863, '32-64': 0.9417675856737954, '64-128': 0.9333122629582806} m04={'accuracy': 0.2987387684444811, 'by_octave': {'12-16': 0.30145661811272956, '16-32': 0.34254563894523327, '32-64': 0.29192886456908346, '64-128': 0.24720623095157468}} diag={'gate3_alpha_mean': 0.35267338156700134, 'gate3_alpha_min': 0.00372314453125, 'gate3_alpha_max': 0.97998046875, 'gate3_alpha_std': 0.25112003087997437, 'gate3_alpha_p10': 0.06584930419921875, 'gate3_alpha_p50': 0.30810546875, 'gate3_alpha_p90': 0.7637996673583984, 'block0_attn_entropy': 6.617703437805176, 'block1_attn_entropy': 7.301629543304443}
[FULL val step 5000] loss=2.3376351346969604 m01={'mean': 0.40987347869605484, 'median': 0.4077892769627015, 'p95': 0.6895382905339235, 'tail_frac_gt4px': 4.056202745238018e-05, 'n_matched': 123268} m02={'12-16': 0.9119468528318883, '16-32': 0.9342557274514914, '32-64': 0.9501790203397578, '64-128': 0.9521363750945299} m04={'accuracy': 0.29967225881818477, 'by_octave': {'12-16': 0.3153475737745401, '16-32': 0.33187097428614903, '32-64': 0.28985274860365057, '64-128': 0.2614091405500215}}
[train_detector] wrote checkpoint runs/mb15_ft17_post_bneck/ckpt_0005000.pt
[train_detector] done: step=5000 train_elapsed=2092.4s val_elapsed=487.8s samples/s=76.47
