[train_detector] finetune from runs/mb15_base_50k/ckpt_0025000.pt (step 25000): 37,968 of 882,402 params trainable, lr_mult={'cls.*': 1.0}, reinit=[]
[train_detector] stream_seed=2100000 resume_count=0 start_step=0
[step 1/5000] loss=1.9023 lr=0.000e+00 grad_norm=0.494 samples/s=7.05
[step 2/5000] loss=2.1990 lr=3.000e-06 grad_norm=0.463 samples/s=13.93
[step 3/5000] loss=3.4704 lr=6.000e-06 grad_norm=0.690 samples/s=20.65
[step 4/5000] loss=1.9566 lr=9.000e-06 grad_norm=0.440 samples/s=27.21
[step 5/5000] loss=2.4297 lr=1.200e-05 grad_norm=0.388 samples/s=27.53
[step 6/5000] loss=2.0770 lr=1.500e-05 grad_norm=0.532 samples/s=32.70
[step 7/5000] loss=2.5608 lr=1.800e-05 grad_norm=0.381 samples/s=37.79
[step 8/5000] loss=2.1211 lr=2.100e-05 grad_norm=0.476 samples/s=42.78
[step 9/5000] loss=2.4281 lr=2.400e-05 grad_norm=0.438 samples/s=37.63
[step 10/5000] loss=2.5805 lr=2.700e-05 grad_norm=0.440 samples/s=41.50
[step 20/5000] loss=1.9822 lr=5.700e-05 grad_norm=0.364 samples/s=55.87
[step 30/5000] loss=2.1956 lr=8.700e-05 grad_norm=0.346 samples/s=57.83
[step 40/5000] loss=2.3005 lr=1.170e-04 grad_norm=0.521 samples/s=61.26
[step 50/5000] loss=2.7104 lr=1.470e-04 grad_norm=0.437 samples/s=61.44
[step 60/5000] loss=2.7318 lr=1.770e-04 grad_norm=0.432 samples/s=65.04
[step 70/5000] loss=2.0144 lr=2.070e-04 grad_norm=0.377 samples/s=65.31
[step 80/5000] loss=2.0945 lr=2.370e-04 grad_norm=0.569 samples/s=67.02
[step 90/5000] loss=2.5512 lr=2.670e-04 grad_norm=0.455 samples/s=67.95
[step 100/5000] loss=2.2814 lr=2.970e-04 grad_norm=0.519 samples/s=67.48
[step 110/5000] loss=2.0976 lr=3.000e-04 grad_norm=0.506 samples/s=68.95
[step 120/5000] loss=2.2197 lr=3.000e-04 grad_norm=0.430 samples/s=68.59
[step 130/5000] loss=2.0979 lr=3.000e-04 grad_norm=0.363 samples/s=70.28
[step 140/5000] loss=2.5955 lr=3.000e-04 grad_norm=0.642 samples/s=69.39
[step 150/5000] loss=2.4092 lr=2.999e-04 grad_norm=0.659 samples/s=70.43
[step 160/5000] loss=2.3548 lr=2.999e-04 grad_norm=0.653 samples/s=70.47
[step 170/5000] loss=2.4708 lr=2.999e-04 grad_norm=0.442 samples/s=71.29
[step 180/5000] loss=2.3183 lr=2.998e-04 grad_norm=0.370 samples/s=71.15
[step 190/5000] loss=2.2254 lr=2.998e-04 grad_norm=0.459 samples/s=71.99
[step 200/5000] loss=3.0746 lr=2.997e-04 grad_norm=0.431 samples/s=71.99
[step 210/5000] loss=2.8646 lr=2.996e-04 grad_norm=0.623 samples/s=72.16
[step 220/5000] loss=1.9603 lr=2.996e-04 grad_norm=0.453 samples/s=71.57
[step 230/5000] loss=2.6746 lr=2.995e-04 grad_norm=0.542 samples/s=72.38
[step 240/5000] loss=1.8971 lr=2.994e-04 grad_norm=0.527 samples/s=71.82
[step 250/5000] loss=2.3500 lr=2.993e-04 grad_norm=0.393 samples/s=72.44
[val step 250] loss=2.443238126754761 m01={'mean': 0.415569755997976, 'median': 0.4113132057408557, 'p95': 0.6995910149759323, 'tail_frac_gt4px': 0.00032932652725177014, 'n_matched': 12146} m02={'12-16': 0.9106113033448674, '16-32': 0.9490751861638241, '32-64': 0.9417675856737954, '64-128': 0.9358407079646017} m04={'accuracy': 0.246418574016137, 'by_octave': {'12-16': 0.24889170360987967, '16-32': 0.25740318906605925, '32-64': 0.24377564979480165, '64-128': 0.2337048294495103}} diag={'gate3_alpha_mean': 0.3568591773509979, 'gate3_alpha_min': 0.0062236785888671875, 'gate3_alpha_max': 0.975830078125, 'gate3_alpha_std': 0.2431713193655014, 'gate3_alpha_p10': 0.07748756557703018, 'gate3_alpha_p50': 0.31568336486816406, 'gate3_alpha_p90': 0.7540397644042969, 'block0_attn_entropy': 6.617703437805176, 'block1_attn_entropy': 7.301629543304443}
[step 260/5000] loss=2.4949 lr=2.992e-04 grad_norm=0.407 samples/s=74.90
[step 270/5000] loss=2.6157 lr=2.991e-04 grad_norm=0.694 samples/s=76.55
[step 280/5000] loss=2.8575 lr=2.990e-04 grad_norm=0.602 samples/s=75.50
[step 290/5000] loss=2.1622 lr=2.989e-04 grad_norm=0.379 samples/s=75.90
[step 300/5000] loss=2.5431 lr=2.988e-04 grad_norm=0.453 samples/s=75.51
[step 310/5000] loss=2.2937 lr=2.987e-04 grad_norm=0.364 samples/s=75.75
[step 320/5000] loss=1.9588 lr=2.985e-04 grad_norm=0.493 samples/s=75.76
[step 330/5000] loss=2.5546 lr=2.984e-04 grad_norm=0.548 samples/s=75.57
[step 340/5000] loss=2.3477 lr=2.983e-04 grad_norm=0.376 samples/s=75.52
[step 350/5000] loss=2.6037 lr=2.981e-04 grad_norm=0.515 samples/s=74.83
[step 360/5000] loss=1.9227 lr=2.980e-04 grad_norm=0.338 samples/s=75.17
[step 370/5000] loss=2.0602 lr=2.978e-04 grad_norm=0.329 samples/s=74.70
[step 380/5000] loss=2.2087 lr=2.976e-04 grad_norm=0.441 samples/s=74.73
[step 390/5000] loss=2.3068 lr=2.975e-04 grad_norm=0.507 samples/s=74.18
[step 400/5000] loss=2.0585 lr=2.973e-04 grad_norm=0.449 samples/s=74.34
[step 410/5000] loss=2.4848 lr=2.971e-04 grad_norm=0.508 samples/s=74.01
[step 420/5000] loss=2.1585 lr=2.969e-04 grad_norm=0.523 samples/s=74.38
[step 430/5000] loss=2.2052 lr=2.967e-04 grad_norm=0.435 samples/s=74.11
[step 440/5000] loss=2.8506 lr=2.965e-04 grad_norm=0.723 samples/s=74.59
[step 450/5000] loss=2.6404 lr=2.963e-04 grad_norm=0.503 samples/s=74.61
[step 460/5000] loss=2.3896 lr=2.961e-04 grad_norm=0.430 samples/s=74.94
[step 470/5000] loss=3.0883 lr=2.959e-04 grad_norm=0.468 samples/s=74.67
[step 480/5000] loss=1.8240 lr=2.956e-04 grad_norm=0.365 samples/s=74.76
[step 490/5000] loss=1.9378 lr=2.954e-04 grad_norm=0.438 samples/s=74.40
[step 500/5000] loss=1.9914 lr=2.952e-04 grad_norm=0.472 samples/s=74.54
[val step 500] loss=2.4429495906829835 m01={'mean': 0.415569755997976, 'median': 0.4113132057408557, 'p95': 0.6995910149759323, 'tail_frac_gt4px': 0.00032932652725177014, 'n_matched': 12146} m02={'12-16': 0.9106113033448674, '16-32': 0.9490751861638241, '32-64': 0.9417675856737954, '64-128': 0.9358407079646017} m04={'accuracy': 0.2582743289972007, 'by_octave': {'12-16': 0.26979100696643443, '16-32': 0.26170589724120474, '32-64': 0.25991792065663477, '64-128': 0.24552516041877745}} diag={'gate3_alpha_mean': 0.3568591773509979, 'gate3_alpha_min': 0.0062236785888671875, 'gate3_alpha_max': 0.975830078125, 'gate3_alpha_std': 0.2431713193655014, 'gate3_alpha_p10': 0.07748756557703018, 'gate3_alpha_p50': 0.31568336486816406, 'gate3_alpha_p90': 0.7540397644042969, 'block0_attn_entropy': 6.617703437805176, 'block1_attn_entropy': 7.301629543304443}
[step 510/5000] loss=2.3781 lr=2.949e-04 grad_norm=0.844 samples/s=75.84
[step 520/5000] loss=2.0860 lr=2.947e-04 grad_norm=0.471 samples/s=76.66
[step 530/5000] loss=2.2777 lr=2.944e-04 grad_norm=0.539 samples/s=76.37
[step 540/5000] loss=2.6857 lr=2.942e-04 grad_norm=0.491 samples/s=76.34
[step 550/5000] loss=2.6251 lr=2.939e-04 grad_norm=0.461 samples/s=75.66
[step 560/5000] loss=2.1422 lr=2.936e-04 grad_norm=0.614 samples/s=75.81
[step 570/5000] loss=2.1968 lr=2.933e-04 grad_norm=0.549 samples/s=75.45
[step 580/5000] loss=2.0374 lr=2.931e-04 grad_norm=0.496 samples/s=75.58
[step 590/5000] loss=1.8552 lr=2.928e-04 grad_norm=0.514 samples/s=75.23
[step 600/5000] loss=2.1314 lr=2.925e-04 grad_norm=0.524 samples/s=75.37
[step 610/5000] loss=2.3765 lr=2.922e-04 grad_norm=0.607 samples/s=75.16
[step 620/5000] loss=2.9021 lr=2.919e-04 grad_norm=0.525 samples/s=75.45
[step 630/5000] loss=2.0357 lr=2.915e-04 grad_norm=0.551 samples/s=75.20
[step 640/5000] loss=2.4743 lr=2.912e-04 grad_norm=0.397 samples/s=75.48
[step 650/5000] loss=2.4623 lr=2.909e-04 grad_norm=0.481 samples/s=75.48
[step 660/5000] loss=2.4376 lr=2.906e-04 grad_norm=0.538 samples/s=75.60
[step 670/5000] loss=3.1637 lr=2.902e-04 grad_norm=0.663 samples/s=75.78
[step 680/5000] loss=2.2654 lr=2.899e-04 grad_norm=0.345 samples/s=75.51
[step 690/5000] loss=2.7989 lr=2.895e-04 grad_norm=0.588 samples/s=75.60
[step 700/5000] loss=2.1326 lr=2.892e-04 grad_norm=0.539 samples/s=75.66
[step 710/5000] loss=2.2649 lr=2.888e-04 grad_norm=0.604 samples/s=75.45
[step 720/5000] loss=2.2321 lr=2.885e-04 grad_norm=0.435 samples/s=75.52
[step 730/5000] loss=1.9020 lr=2.881e-04 grad_norm=0.401 samples/s=75.25
[step 740/5000] loss=1.7956 lr=2.877e-04 grad_norm=0.456 samples/s=75.32
[step 750/5000] loss=2.4924 lr=2.873e-04 grad_norm=0.454 samples/s=75.25
[val step 750] loss=2.4424203720092774 m01={'mean': 0.415569755997976, 'median': 0.4113132057408557, 'p95': 0.6995910149759323, 'tail_frac_gt4px': 0.00032932652725177014, 'n_matched': 12146} m02={'12-16': 0.9106113033448674, '16-32': 0.9490751861638241, '32-64': 0.9417675856737954, '64-128': 0.9358407079646017} m04={'accuracy': 0.26411987485591965, 'by_octave': {'12-16': 0.27422419252691577, '16-32': 0.2736016198430777, '32-64': 0.266484268125855, '64-128': 0.24316109422492402}} diag={'gate3_alpha_mean': 0.3568591773509979, 'gate3_alpha_min': 0.0062236785888671875, 'gate3_alpha_max': 0.975830078125, 'gate3_alpha_std': 0.2431713193655014, 'gate3_alpha_p10': 0.07748756557703018, 'gate3_alpha_p50': 0.31568336486816406, 'gate3_alpha_p90': 0.7540397644042969, 'block0_attn_entropy': 6.617703437805176, 'block1_attn_entropy': 7.301629543304443}
[step 760/5000] loss=2.3412 lr=2.869e-04 grad_norm=0.596 samples/s=76.09
[step 770/5000] loss=2.1773 lr=2.865e-04 grad_norm=0.397 samples/s=76.61
[step 780/5000] loss=2.3717 lr=2.861e-04 grad_norm=0.456 samples/s=76.38
[step 790/5000] loss=3.0920 lr=2.857e-04 grad_norm=0.791 samples/s=76.48
[step 800/5000] loss=2.2951 lr=2.853e-04 grad_norm=0.645 samples/s=76.28
[step 810/5000] loss=3.2667 lr=2.849e-04 grad_norm=0.429 samples/s=76.36
[step 820/5000] loss=1.9831 lr=2.845e-04 grad_norm=0.472 samples/s=76.15
[step 830/5000] loss=1.9950 lr=2.841e-04 grad_norm=0.447 samples/s=76.18
[step 840/5000] loss=1.7447 lr=2.836e-04 grad_norm=0.424 samples/s=76.07
[step 850/5000] loss=2.8033 lr=2.832e-04 grad_norm=0.560 samples/s=76.15
[step 860/5000] loss=2.2879 lr=2.828e-04 grad_norm=0.526 samples/s=76.05
[step 870/5000] loss=2.6911 lr=2.823e-04 grad_norm=0.510 samples/s=76.15
[step 880/5000] loss=2.6768 lr=2.819e-04 grad_norm=0.511 samples/s=76.02
[step 890/5000] loss=2.0181 lr=2.814e-04 grad_norm=0.489 samples/s=76.17
[step 900/5000] loss=2.0305 lr=2.809e-04 grad_norm=0.504 samples/s=75.89
[step 910/5000] loss=2.0449 lr=2.805e-04 grad_norm=0.643 samples/s=76.06
[step 920/5000] loss=2.5830 lr=2.800e-04 grad_norm=0.500 samples/s=75.86
[step 930/5000] loss=2.1508 lr=2.795e-04 grad_norm=0.510 samples/s=76.05
[step 940/5000] loss=2.0887 lr=2.790e-04 grad_norm=0.544 samples/s=75.98
[step 950/5000] loss=1.7008 lr=2.785e-04 grad_norm=0.488 samples/s=76.02
[step 960/5000] loss=2.9478 lr=2.780e-04 grad_norm=0.625 samples/s=75.98
[step 970/5000] loss=2.5124 lr=2.775e-04 grad_norm=0.623 samples/s=75.94
[step 980/5000] loss=2.4873 lr=2.770e-04 grad_norm=0.487 samples/s=76.01
[step 990/5000] loss=2.0017 lr=2.765e-04 grad_norm=0.465 samples/s=75.98
[step 1000/5000] loss=2.0060 lr=2.760e-04 grad_norm=0.560 samples/s=75.88
[val step 1000] loss=2.442175838470459 m01={'mean': 0.415569755997976, 'median': 0.4113132057408557, 'p95': 0.6995910149759323, 'tail_frac_gt4px': 0.00032932652725177014, 'n_matched': 12146} m02={'12-16': 0.9106113033448674, '16-32': 0.9490751861638241, '32-64': 0.9417675856737954, '64-128': 0.9358407079646017} m04={'accuracy': 0.2651901860694879, 'by_octave': {'12-16': 0.2723242558581381, '16-32': 0.2748671222475323, '32-64': 0.26785225718194255, '64-128': 0.24518743667679838}} diag={'gate3_alpha_mean': 0.3568591773509979, 'gate3_alpha_min': 0.0062236785888671875, 'gate3_alpha_max': 0.975830078125, 'gate3_alpha_std': 0.2431713193655014, 'gate3_alpha_p10': 0.07748756557703018, 'gate3_alpha_p50': 0.31568336486816406, 'gate3_alpha_p90': 0.7540397644042969, 'block0_attn_entropy': 6.617703437805176, 'block1_attn_entropy': 7.301629543304443}
[step 1010/5000] loss=2.5638 lr=2.755e-04 grad_norm=0.505 samples/s=76.50
[step 1020/5000] loss=2.7321 lr=2.750e-04 grad_norm=0.593 samples/s=76.90
[step 1030/5000] loss=2.9297 lr=2.744e-04 grad_norm=0.427 samples/s=76.69
[step 1040/5000] loss=2.1705 lr=2.739e-04 grad_norm=0.397 samples/s=76.81
[step 1050/5000] loss=2.6280 lr=2.734e-04 grad_norm=0.519 samples/s=76.73
[step 1060/5000] loss=2.1298 lr=2.728e-04 grad_norm=0.455 samples/s=76.64
[step 1070/5000] loss=2.1171 lr=2.723e-04 grad_norm=0.454 samples/s=76.61
[step 1080/5000] loss=2.1213 lr=2.717e-04 grad_norm=0.532 samples/s=76.53
[step 1090/5000] loss=2.1298 lr=2.711e-04 grad_norm=0.414 samples/s=76.40
[step 1100/5000] loss=2.4219 lr=2.706e-04 grad_norm=0.461 samples/s=76.34
[step 1110/5000] loss=3.1457 lr=2.700e-04 grad_norm=0.571 samples/s=76.35
[step 1120/5000] loss=1.8530 lr=2.694e-04 grad_norm=0.454 samples/s=75.89
[step 1130/5000] loss=2.0521 lr=2.688e-04 grad_norm=0.441 samples/s=75.88
[step 1140/5000] loss=2.1484 lr=2.683e-04 grad_norm=0.626 samples/s=75.73
[step 1150/5000] loss=2.1303 lr=2.677e-04 grad_norm=0.423 samples/s=75.67
[step 1160/5000] loss=1.7595 lr=2.671e-04 grad_norm=0.417 samples/s=75.56
[step 1170/5000] loss=2.6676 lr=2.665e-04 grad_norm=0.513 samples/s=75.67
[step 1180/5000] loss=2.3527 lr=2.659e-04 grad_norm=0.420 samples/s=75.63
[step 1190/5000] loss=1.9950 lr=2.653e-04 grad_norm=0.404 samples/s=75.89
[step 1200/5000] loss=2.9451 lr=2.646e-04 grad_norm=0.575 samples/s=75.98
[step 1210/5000] loss=2.2074 lr=2.640e-04 grad_norm=0.497 samples/s=76.14
[step 1220/5000] loss=2.0035 lr=2.634e-04 grad_norm=0.376 samples/s=76.07
[step 1230/5000] loss=1.8438 lr=2.628e-04 grad_norm=0.412 samples/s=76.10
[step 1240/5000] loss=2.5882 lr=2.621e-04 grad_norm=0.424 samples/s=76.02
[step 1250/5000] loss=2.5219 lr=2.615e-04 grad_norm=0.389 samples/s=76.16
[val step 1250] loss=2.4416829891204834 m01={'mean': 0.415569755997976, 'median': 0.4113132057408557, 'p95': 0.6995910149759323, 'tail_frac_gt4px': 0.00032932652725177014, 'n_matched': 12146} m02={'12-16': 0.9106113033448674, '16-32': 0.9490751861638241, '32-64': 0.9417675856737954, '64-128': 0.9358407079646017} m04={'accuracy': 0.27095340029639386, 'by_octave': {'12-16': 0.2868904369854338, '16-32': 0.2751202227284232, '32-64': 0.280437756497948, '64-128': 0.24518743667679838}} diag={'gate3_alpha_mean': 0.3568591773509979, 'gate3_alpha_min': 0.0062236785888671875, 'gate3_alpha_max': 0.975830078125, 'gate3_alpha_std': 0.2431713193655014, 'gate3_alpha_p10': 0.07748756557703018, 'gate3_alpha_p50': 0.31568336486816406, 'gate3_alpha_p90': 0.7540397644042969, 'block0_attn_entropy': 6.617703437805176, 'block1_attn_entropy': 7.301629543304443}
[step 1260/5000] loss=2.0344 lr=2.609e-04 grad_norm=0.433 samples/s=76.66
[step 1270/5000] loss=2.0106 lr=2.602e-04 grad_norm=0.489 samples/s=77.04
[step 1280/5000] loss=2.1278 lr=2.596e-04 grad_norm=0.321 samples/s=76.88
[step 1290/5000] loss=2.0987 lr=2.589e-04 grad_norm=0.771 samples/s=76.92
[step 1300/5000] loss=2.3673 lr=2.582e-04 grad_norm=0.640 samples/s=76.83
[step 1310/5000] loss=2.7829 lr=2.576e-04 grad_norm=0.584 samples/s=76.71
[step 1320/5000] loss=2.0563 lr=2.569e-04 grad_norm=0.550 samples/s=76.78
[step 1330/5000] loss=1.9061 lr=2.562e-04 grad_norm=0.353 samples/s=76.60
[step 1340/5000] loss=2.0956 lr=2.556e-04 grad_norm=0.529 samples/s=76.67
[step 1350/5000] loss=2.2473 lr=2.549e-04 grad_norm=0.489 samples/s=76.59
[step 1360/5000] loss=2.3330 lr=2.542e-04 grad_norm=0.518 samples/s=76.62
[step 1370/5000] loss=2.4424 lr=2.535e-04 grad_norm=0.436 samples/s=76.49
[step 1380/5000] loss=2.3932 lr=2.528e-04 grad_norm=0.437 samples/s=76.56
[step 1390/5000] loss=2.5286 lr=2.521e-04 grad_norm=0.452 samples/s=76.41
[step 1400/5000] loss=2.4404 lr=2.514e-04 grad_norm=0.514 samples/s=76.49
[step 1410/5000] loss=2.6942 lr=2.507e-04 grad_norm=0.519 samples/s=76.41
[step 1420/5000] loss=1.9322 lr=2.500e-04 grad_norm=0.612 samples/s=76.39
[step 1430/5000] loss=1.8426 lr=2.493e-04 grad_norm=0.418 samples/s=76.29
[step 1440/5000] loss=2.0789 lr=2.486e-04 grad_norm=0.720 samples/s=76.30
[step 1450/5000] loss=2.1078 lr=2.478e-04 grad_norm=0.382 samples/s=76.19
[step 1460/5000] loss=2.4914 lr=2.471e-04 grad_norm=0.595 samples/s=76.33
[step 1470/5000] loss=2.7148 lr=2.464e-04 grad_norm=0.494 samples/s=76.27
[step 1480/5000] loss=3.2491 lr=2.456e-04 grad_norm=0.608 samples/s=76.37
[step 1490/5000] loss=2.3599 lr=2.449e-04 grad_norm=0.442 samples/s=76.33
[step 1500/5000] loss=1.9280 lr=2.442e-04 grad_norm=0.421 samples/s=76.33
[val step 1500] loss=2.441232000350952 m01={'mean': 0.415569755997976, 'median': 0.4113132057408557, 'p95': 0.6995910149759323, 'tail_frac_gt4px': 0.00032932652725177014, 'n_matched': 12146} m02={'12-16': 0.9106113033448674, '16-32': 0.9490751861638241, '32-64': 0.9417675856737954, '64-128': 0.9358407079646017} m04={'accuracy': 0.2710357319282068, 'by_octave': {'12-16': 0.2818239392020266, '16-32': 0.27436092128575046, '32-64': 0.28098495212038305, '64-128': 0.248564674096589}} diag={'gate3_alpha_mean': 0.3568591773509979, 'gate3_alpha_min': 0.0062236785888671875, 'gate3_alpha_max': 0.975830078125, 'gate3_alpha_std': 0.2431713193655014, 'gate3_alpha_p10': 0.07748756557703018, 'gate3_alpha_p50': 0.31568336486816406, 'gate3_alpha_p90': 0.7540397644042969, 'block0_attn_entropy': 6.617703437805176, 'block1_attn_entropy': 7.301629543304443}
[step 1510/5000] loss=2.2375 lr=2.434e-04 grad_norm=0.586 samples/s=76.73
[step 1520/5000] loss=1.9981 lr=2.427e-04 grad_norm=0.600 samples/s=77.02
[step 1530/5000] loss=2.8523 lr=2.419e-04 grad_norm=0.673 samples/s=76.88
[step 1540/5000] loss=2.5269 lr=2.412e-04 grad_norm=0.390 samples/s=76.85
[step 1550/5000] loss=2.3772 lr=2.404e-04 grad_norm=0.452 samples/s=76.83
[step 1560/5000] loss=3.2082 lr=2.396e-04 grad_norm=0.528 samples/s=76.73
[step 1570/5000] loss=2.4143 lr=2.389e-04 grad_norm=0.519 samples/s=76.83
[step 1580/5000] loss=2.3012 lr=2.381e-04 grad_norm=0.463 samples/s=76.68
[step 1590/5000] loss=2.7471 lr=2.373e-04 grad_norm=0.382 samples/s=76.76
[step 1600/5000] loss=1.9786 lr=2.365e-04 grad_norm=0.476 samples/s=76.57
[step 1610/5000] loss=2.7947 lr=2.358e-04 grad_norm=0.590 samples/s=76.62
[step 1620/5000] loss=2.1330 lr=2.350e-04 grad_norm=0.455 samples/s=76.66
[step 1630/5000] loss=2.5462 lr=2.342e-04 grad_norm=0.428 samples/s=76.66
[step 1640/5000] loss=2.6026 lr=2.334e-04 grad_norm=0.585 samples/s=76.51
[step 1650/5000] loss=1.9236 lr=2.326e-04 grad_norm=0.556 samples/s=76.59
[step 1660/5000] loss=2.0724 lr=2.318e-04 grad_norm=0.481 samples/s=76.44
[step 1670/5000] loss=2.8452 lr=2.310e-04 grad_norm=0.653 samples/s=76.55
[step 1680/5000] loss=2.2380 lr=2.302e-04 grad_norm=0.672 samples/s=76.43
[step 1690/5000] loss=1.9095 lr=2.294e-04 grad_norm=0.545 samples/s=76.51
[step 1700/5000] loss=2.5174 lr=2.286e-04 grad_norm=0.600 samples/s=76.51
[step 1710/5000] loss=2.4358 lr=2.277e-04 grad_norm=0.504 samples/s=76.57
[step 1720/5000] loss=2.3204 lr=2.269e-04 grad_norm=0.790 samples/s=76.55
[step 1730/5000] loss=1.6998 lr=2.261e-04 grad_norm=0.624 samples/s=76.51
[step 1740/5000] loss=2.3068 lr=2.253e-04 grad_norm=0.468 samples/s=76.54
[step 1750/5000] loss=1.9736 lr=2.245e-04 grad_norm=0.413 samples/s=76.47
[val step 1750] loss=2.4411350841522217 m01={'mean': 0.415569755997976, 'median': 0.4113132057408557, 'p95': 0.6995910149759323, 'tail_frac_gt4px': 0.00032932652725177014, 'n_matched': 12146} m02={'12-16': 0.9106113033448674, '16-32': 0.9490751861638241, '32-64': 0.9417675856737954, '64-128': 0.9358407079646017} m04={'accuracy': 0.2749053186234151, 'by_octave': {'12-16': 0.27675744141861935, '16-32': 0.28524424196405973, '32-64': 0.2796169630642955, '64-128': 0.25430597771023306}} diag={'gate3_alpha_mean': 0.3568591773509979, 'gate3_alpha_min': 0.0062236785888671875, 'gate3_alpha_max': 0.975830078125, 'gate3_alpha_std': 0.2431713193655014, 'gate3_alpha_p10': 0.07748756557703018, 'gate3_alpha_p50': 0.31568336486816406, 'gate3_alpha_p90': 0.7540397644042969, 'block0_attn_entropy': 6.617703437805176, 'block1_attn_entropy': 7.301629543304443}
[step 1760/5000] loss=1.9638 lr=2.236e-04 grad_norm=0.354 samples/s=76.85
[step 1770/5000] loss=2.3653 lr=2.228e-04 grad_norm=0.506 samples/s=77.09
[step 1780/5000] loss=2.0570 lr=2.220e-04 grad_norm=0.415 samples/s=77.01
[step 1790/5000] loss=2.3189 lr=2.211e-04 grad_norm=0.520 samples/s=76.99
[step 1800/5000] loss=2.3076 lr=2.203e-04 grad_norm=0.516 samples/s=76.86
[step 1810/5000] loss=2.6799 lr=2.194e-04 grad_norm=0.430 samples/s=76.93
[step 1820/5000] loss=2.3309 lr=2.186e-04 grad_norm=0.529 samples/s=76.89
[step 1830/5000] loss=2.2770 lr=2.177e-04 grad_norm=0.391 samples/s=76.87
[step 1840/5000] loss=2.3334 lr=2.169e-04 grad_norm=0.461 samples/s=76.90
[step 1850/5000] loss=2.3719 lr=2.160e-04 grad_norm=0.485 samples/s=76.80
[step 1860/5000] loss=2.0628 lr=2.152e-04 grad_norm=0.486 samples/s=76.89
[step 1870/5000] loss=1.8523 lr=2.143e-04 grad_norm=0.429 samples/s=76.83
[step 1880/5000] loss=2.2643 lr=2.134e-04 grad_norm=0.429 samples/s=76.86
[step 1890/5000] loss=3.4444 lr=2.126e-04 grad_norm=0.670 samples/s=76.71
[step 1900/5000] loss=2.8978 lr=2.117e-04 grad_norm=0.478 samples/s=76.68
[step 1910/5000] loss=1.8896 lr=2.108e-04 grad_norm=0.357 samples/s=76.59
[step 1920/5000] loss=2.1851 lr=2.100e-04 grad_norm=0.484 samples/s=76.67
[step 1930/5000] loss=2.4061 lr=2.091e-04 grad_norm=0.489 samples/s=76.57
[step 1940/5000] loss=2.3202 lr=2.082e-04 grad_norm=0.453 samples/s=76.61
[step 1950/5000] loss=2.3910 lr=2.073e-04 grad_norm=0.520 samples/s=76.50
[step 1960/5000] loss=2.6440 lr=2.064e-04 grad_norm=0.526 samples/s=76.55
[step 1970/5000] loss=2.1992 lr=2.055e-04 grad_norm=0.435 samples/s=76.46
[step 1980/5000] loss=2.5114 lr=2.047e-04 grad_norm=0.594 samples/s=76.49
[step 1990/5000] loss=2.3923 lr=2.038e-04 grad_norm=0.359 samples/s=76.44
[step 2000/5000] loss=2.1773 lr=2.029e-04 grad_norm=0.433 samples/s=76.47
[val step 2000] loss=2.4405628833770754 m01={'mean': 0.415569755997976, 'median': 0.4113132057408557, 'p95': 0.6995910149759323, 'tail_frac_gt4px': 0.00032932652725177014, 'n_matched': 12146} m02={'12-16': 0.9106113033448674, '16-32': 0.9490751861638241, '32-64': 0.9417675856737954, '64-128': 0.9358407079646017} m04={'accuracy': 0.2729293594599045, 'by_octave': {'12-16': 0.27612412919569346, '16-32': 0.290306251581878, '32-64': 0.2763337893296854, '64-128': 0.24383654170888214}} diag={'gate3_alpha_mean': 0.3568591773509979, 'gate3_alpha_min': 0.0062236785888671875, 'gate3_alpha_max': 0.975830078125, 'gate3_alpha_std': 0.2431713193655014, 'gate3_alpha_p10': 0.07748756557703018, 'gate3_alpha_p50': 0.31568336486816406, 'gate3_alpha_p90': 0.7540397644042969, 'block0_attn_entropy': 6.617703437805176, 'block1_attn_entropy': 7.301629543304443}
[step 2010/5000] loss=2.5062 lr=2.020e-04 grad_norm=0.456 samples/s=76.79
[step 2020/5000] loss=1.8275 lr=2.011e-04 grad_norm=0.328 samples/s=77.01
[step 2030/5000] loss=2.3158 lr=2.002e-04 grad_norm=0.601 samples/s=76.85
[step 2040/5000] loss=1.8266 lr=1.993e-04 grad_norm=0.476 samples/s=76.85
[step 2050/5000] loss=2.8171 lr=1.984e-04 grad_norm=0.467 samples/s=76.76
[step 2060/5000] loss=2.4345 lr=1.975e-04 grad_norm=0.543 samples/s=76.81
[step 2070/5000] loss=1.9999 lr=1.966e-04 grad_norm=0.506 samples/s=76.73
[step 2080/5000] loss=2.6779 lr=1.957e-04 grad_norm=0.394 samples/s=76.81
[step 2090/5000] loss=2.5184 lr=1.948e-04 grad_norm=0.517 samples/s=76.69
[step 2100/5000] loss=2.4142 lr=1.938e-04 grad_norm=0.481 samples/s=76.71
[step 2110/5000] loss=3.2654 lr=1.929e-04 grad_norm=0.502 samples/s=76.62
[step 2120/5000] loss=2.3634 lr=1.920e-04 grad_norm=0.584 samples/s=76.68
[step 2130/5000] loss=2.3388 lr=1.911e-04 grad_norm=0.494 samples/s=76.66
[step 2140/5000] loss=2.9744 lr=1.902e-04 grad_norm=0.574 samples/s=76.72
[step 2150/5000] loss=2.4217 lr=1.893e-04 grad_norm=0.452 samples/s=76.66
[step 2160/5000] loss=2.0215 lr=1.883e-04 grad_norm=0.585 samples/s=76.68
[step 2170/5000] loss=1.9110 lr=1.874e-04 grad_norm=0.406 samples/s=76.62
[step 2180/5000] loss=2.7457 lr=1.865e-04 grad_norm=0.541 samples/s=76.66
[step 2190/5000] loss=2.1725 lr=1.856e-04 grad_norm=0.587 samples/s=76.59
[step 2200/5000] loss=3.2143 lr=1.846e-04 grad_norm=0.398 samples/s=76.67
[step 2210/5000] loss=3.0673 lr=1.837e-04 grad_norm=0.583 samples/s=76.53
[step 2220/5000] loss=2.0088 lr=1.828e-04 grad_norm=0.479 samples/s=76.60
[step 2230/5000] loss=2.5779 lr=1.818e-04 grad_norm=0.533 samples/s=76.51
[step 2240/5000] loss=2.5035 lr=1.809e-04 grad_norm=0.679 samples/s=76.59
[step 2250/5000] loss=2.6825 lr=1.800e-04 grad_norm=0.476 samples/s=76.53
[val step 2250] loss=2.4407888774871824 m01={'mean': 0.415569755997976, 'median': 0.4113132057408557, 'p95': 0.6995910149759323, 'tail_frac_gt4px': 0.00032932652725177014, 'n_matched': 12146} m02={'12-16': 0.9106113033448674, '16-32': 0.9490751861638241, '32-64': 0.9417675856737954, '64-128': 0.9358407079646017} m04={'accuracy': 0.27358801251440806, 'by_octave': {'12-16': 0.2716909436352122, '16-32': 0.28347253859782334, '32-64': 0.2779753761969904, '64-128': 0.25599459642012834}} diag={'gate3_alpha_mean': 0.3568591773509979, 'gate3_alpha_min': 0.0062236785888671875, 'gate3_alpha_max': 0.975830078125, 'gate3_alpha_std': 0.2431713193655014, 'gate3_alpha_p10': 0.07748756557703018, 'gate3_alpha_p50': 0.31568336486816406, 'gate3_alpha_p90': 0.7540397644042969, 'block0_attn_entropy': 6.617703437805176, 'block1_attn_entropy': 7.301629543304443}
[step 2260/5000] loss=2.1137 lr=1.790e-04 grad_norm=0.435 samples/s=76.82
[step 2270/5000] loss=2.0520 lr=1.781e-04 grad_norm=0.529 samples/s=77.02
[step 2280/5000] loss=2.1325 lr=1.772e-04 grad_norm=0.543 samples/s=76.92
[step 2290/5000] loss=2.8684 lr=1.762e-04 grad_norm=0.474 samples/s=76.92
[step 2300/5000] loss=2.4984 lr=1.753e-04 grad_norm=0.406 samples/s=76.95
[step 2310/5000] loss=2.3448 lr=1.744e-04 grad_norm=0.625 samples/s=76.76
[step 2320/5000] loss=2.0979 lr=1.734e-04 grad_norm=0.417 samples/s=76.76
[step 2330/5000] loss=2.1306 lr=1.725e-04 grad_norm=0.473 samples/s=76.67
[step 2340/5000] loss=2.2505 lr=1.715e-04 grad_norm=0.439 samples/s=76.70
[step 2350/5000] loss=2.4331 lr=1.706e-04 grad_norm=0.355 samples/s=76.70
[step 2360/5000] loss=2.4684 lr=1.696e-04 grad_norm=0.499 samples/s=76.73
[step 2370/5000] loss=2.2937 lr=1.687e-04 grad_norm=0.533 samples/s=76.69
[step 2380/5000] loss=2.4571 lr=1.677e-04 grad_norm=0.703 samples/s=76.75
[step 2390/5000] loss=2.8726 lr=1.668e-04 grad_norm=0.618 samples/s=76.65
[step 2400/5000] loss=2.7057 lr=1.659e-04 grad_norm=0.414 samples/s=76.64
[step 2410/5000] loss=2.3235 lr=1.649e-04 grad_norm=0.643 samples/s=76.63
[step 2420/5000] loss=2.8544 lr=1.640e-04 grad_norm=0.497 samples/s=76.71
[step 2430/5000] loss=2.2773 lr=1.630e-04 grad_norm=0.612 samples/s=76.67
[step 2440/5000] loss=2.0454 lr=1.621e-04 grad_norm=0.616 samples/s=76.72
[step 2450/5000] loss=2.6741 lr=1.611e-04 grad_norm=0.620 samples/s=76.65
[step 2460/5000] loss=2.0646 lr=1.602e-04 grad_norm=0.431 samples/s=76.69
[step 2470/5000] loss=2.2167 lr=1.592e-04 grad_norm=0.427 samples/s=76.64
[step 2480/5000] loss=2.2412 lr=1.583e-04 grad_norm=0.468 samples/s=76.70
[step 2490/5000] loss=2.6424 lr=1.573e-04 grad_norm=0.432 samples/s=76.68
[step 2500/5000] loss=2.2532 lr=1.564e-04 grad_norm=0.540 samples/s=76.61
[val step 2500] loss=2.440505744934082 m01={'mean': 0.415569755997976, 'median': 0.4113132057408557, 'p95': 0.6995910149759323, 'tail_frac_gt4px': 0.00032932652725177014, 'n_matched': 12146} m02={'12-16': 0.9106113033448674, '16-32': 0.9490751861638241, '32-64': 0.9417675856737954, '64-128': 0.9358407079646017} m04={'accuracy': 0.27885723695043635, 'by_octave': {'12-16': 0.27042431918936033, '16-32': 0.2976461655277145, '32-64': 0.2839945280437757, '64-128': 0.2519419115163796}} diag={'gate3_alpha_mean': 0.3568591773509979, 'gate3_alpha_min': 0.0062236785888671875, 'gate3_alpha_max': 0.975830078125, 'gate3_alpha_std': 0.2431713193655014, 'gate3_alpha_p10': 0.07748756557703018, 'gate3_alpha_p50': 0.31568336486816406, 'gate3_alpha_p90': 0.7540397644042969, 'block0_attn_entropy': 6.617703437805176, 'block1_attn_entropy': 7.301629543304443}
[step 2510/5000] loss=2.0417 lr=1.554e-04 grad_norm=0.420 samples/s=76.87
[step 2520/5000] loss=2.0132 lr=1.545e-04 grad_norm=0.460 samples/s=77.05
[step 2530/5000] loss=2.0624 lr=1.535e-04 grad_norm=0.380 samples/s=76.98
[step 2540/5000] loss=2.7668 lr=1.525e-04 grad_norm=0.506 samples/s=77.02
[step 2550/5000] loss=2.1090 lr=1.516e-04 grad_norm=0.512 samples/s=76.87
[step 2560/5000] loss=2.0077 lr=1.506e-04 grad_norm=0.625 samples/s=76.88
[step 2570/5000] loss=2.0000 lr=1.497e-04 grad_norm=0.586 samples/s=76.80
[step 2580/5000] loss=2.4569 lr=1.487e-04 grad_norm=0.391 samples/s=76.80
[step 2590/5000] loss=2.3549 lr=1.478e-04 grad_norm=0.454 samples/s=76.66
[step 2600/5000] loss=2.1940 lr=1.468e-04 grad_norm=0.449 samples/s=76.68
[step 2610/5000] loss=2.2121 lr=1.459e-04 grad_norm=0.611 samples/s=76.63
[step 2620/5000] loss=2.9034 lr=1.449e-04 grad_norm=0.479 samples/s=76.66
[step 2630/5000] loss=2.3825 lr=1.440e-04 grad_norm=0.596 samples/s=76.60
[step 2640/5000] loss=2.0064 lr=1.430e-04 grad_norm=0.476 samples/s=76.65
[step 2650/5000] loss=1.8984 lr=1.421e-04 grad_norm=0.347 samples/s=76.58
[step 2660/5000] loss=2.2495 lr=1.411e-04 grad_norm=0.503 samples/s=76.61
[step 2670/5000] loss=2.7648 lr=1.402e-04 grad_norm=0.464 samples/s=76.54
[step 2680/5000] loss=2.2471 lr=1.392e-04 grad_norm=0.511 samples/s=76.56
[step 2690/5000] loss=2.5977 lr=1.383e-04 grad_norm=0.517 samples/s=76.50
[step 2700/5000] loss=2.3924 lr=1.373e-04 grad_norm=0.563 samples/s=76.57
[step 2710/5000] loss=2.1844 lr=1.364e-04 grad_norm=0.594 samples/s=76.51
[step 2720/5000] loss=3.3436 lr=1.354e-04 grad_norm=0.571 samples/s=76.55
[step 2730/5000] loss=2.7189 lr=1.345e-04 grad_norm=0.520 samples/s=76.51
[step 2740/5000] loss=2.0177 lr=1.335e-04 grad_norm=0.424 samples/s=76.50
[step 2750/5000] loss=2.0805 lr=1.326e-04 grad_norm=0.485 samples/s=76.43
[val step 2750] loss=2.4403678131103517 m01={'mean': 0.415569755997976, 'median': 0.4113132057408557, 'p95': 0.6995910149759323, 'tail_frac_gt4px': 0.00032932652725177014, 'n_matched': 12146} m02={'12-16': 0.9106113033448674, '16-32': 0.9490751861638241, '32-64': 0.9417675856737954, '64-128': 0.9358407079646017} m04={'accuracy': 0.2781985838959328, 'by_octave': {'12-16': 0.27549081697276756, '16-32': 0.2943558592761326, '32-64': 0.27934336525307796, '64-128': 0.25667004390408643}} diag={'gate3_alpha_mean': 0.3568591773509979, 'gate3_alpha_min': 0.0062236785888671875, 'gate3_alpha_max': 0.975830078125, 'gate3_alpha_std': 0.2431713193655014, 'gate3_alpha_p10': 0.07748756557703018, 'gate3_alpha_p50': 0.31568336486816406, 'gate3_alpha_p90': 0.7540397644042969, 'block0_attn_entropy': 6.617703437805176, 'block1_attn_entropy': 7.301629543304443}
[step 2760/5000] loss=2.1555 lr=1.317e-04 grad_norm=0.544 samples/s=76.65
[step 2770/5000] loss=2.2343 lr=1.307e-04 grad_norm=0.544 samples/s=76.82
[step 2780/5000] loss=2.4673 lr=1.298e-04 grad_norm=0.394 samples/s=76.71
[step 2790/5000] loss=1.9416 lr=1.288e-04 grad_norm=0.518 samples/s=76.77
[step 2800/5000] loss=2.4298 lr=1.279e-04 grad_norm=0.463 samples/s=76.70
[step 2810/5000] loss=2.1664 lr=1.270e-04 grad_norm=0.404 samples/s=76.73
[step 2820/5000] loss=1.8750 lr=1.260e-04 grad_norm=0.399 samples/s=76.66
[step 2830/5000] loss=2.8237 lr=1.251e-04 grad_norm=0.638 samples/s=76.67
[step 2840/5000] loss=2.3957 lr=1.241e-04 grad_norm=0.552 samples/s=76.60
[step 2850/5000] loss=2.4099 lr=1.232e-04 grad_norm=0.567 samples/s=76.61
[step 2860/5000] loss=1.9175 lr=1.223e-04 grad_norm=0.335 samples/s=76.57
[step 2870/5000] loss=2.5025 lr=1.213e-04 grad_norm=0.619 samples/s=76.60
[step 2880/5000] loss=2.0417 lr=1.204e-04 grad_norm=0.664 samples/s=76.47
[step 2890/5000] loss=2.2204 lr=1.195e-04 grad_norm=0.510 samples/s=76.49
[step 2900/5000] loss=2.4615 lr=1.185e-04 grad_norm=0.532 samples/s=76.47
[step 2910/5000] loss=2.1281 lr=1.176e-04 grad_norm=0.456 samples/s=76.48
[step 2920/5000] loss=2.1782 lr=1.167e-04 grad_norm=0.406 samples/s=76.47
[step 2930/5000] loss=1.9582 lr=1.158e-04 grad_norm=0.417 samples/s=76.55
[step 2940/5000] loss=2.2156 lr=1.148e-04 grad_norm=0.416 samples/s=76.47
[step 2950/5000] loss=1.8635 lr=1.139e-04 grad_norm=0.348 samples/s=76.50
[step 2960/5000] loss=2.4638 lr=1.130e-04 grad_norm=0.476 samples/s=76.46
[step 2970/5000] loss=2.1456 lr=1.121e-04 grad_norm=0.638 samples/s=76.46
[step 2980/5000] loss=1.9557 lr=1.112e-04 grad_norm=0.338 samples/s=76.39
[step 2990/5000] loss=2.6440 lr=1.103e-04 grad_norm=0.458 samples/s=76.44
[step 3000/5000] loss=2.0234 lr=1.093e-04 grad_norm=0.446 samples/s=76.37
[val step 3000] loss=2.439955593109131 m01={'mean': 0.415569755997976, 'median': 0.4113132057408557, 'p95': 0.6995910149759323, 'tail_frac_gt4px': 0.00032932652725177014, 'n_matched': 12146} m02={'12-16': 0.9106113033448674, '16-32': 0.9490751861638241, '32-64': 0.9417675856737954, '64-128': 0.9358407079646017} m04={'accuracy': 0.28075086448213404, 'by_octave': {'12-16': 0.27549081697276756, '16-32': 0.3067577828397874, '32-64': 0.2771545827633379, '64-128': 0.25329280648429586}} diag={'gate3_alpha_mean': 0.3568591773509979, 'gate3_alpha_min': 0.0062236785888671875, 'gate3_alpha_max': 0.975830078125, 'gate3_alpha_std': 0.2431713193655014, 'gate3_alpha_p10': 0.07748756557703018, 'gate3_alpha_p50': 0.31568336486816406, 'gate3_alpha_p90': 0.7540397644042969, 'block0_attn_entropy': 6.617703437805176, 'block1_attn_entropy': 7.301629543304443}
[step 3010/5000] loss=2.4295 lr=1.084e-04 grad_norm=0.532 samples/s=76.58
[step 3020/5000] loss=2.0870 lr=1.075e-04 grad_norm=0.401 samples/s=76.72
[step 3030/5000] loss=2.5410 lr=1.066e-04 grad_norm=0.459 samples/s=76.64
[step 3040/5000] loss=1.9628 lr=1.057e-04 grad_norm=0.469 samples/s=76.67
[step 3050/5000] loss=2.1453 lr=1.048e-04 grad_norm=0.487 samples/s=76.62
[step 3060/5000] loss=2.5960 lr=1.039e-04 grad_norm=0.705 samples/s=76.59
[step 3070/5000] loss=2.1593 lr=1.030e-04 grad_norm=0.381 samples/s=76.60
[step 3080/5000] loss=2.3789 lr=1.021e-04 grad_norm=0.536 samples/s=76.53
[step 3090/5000] loss=2.3306 lr=1.012e-04 grad_norm=0.400 samples/s=76.54
[step 3100/5000] loss=1.7859 lr=1.003e-04 grad_norm=0.386 samples/s=76.46
[step 3110/5000] loss=2.3754 lr=9.941e-05 grad_norm=0.435 samples/s=76.51
[step 3120/5000] loss=2.4328 lr=9.852e-05 grad_norm=0.455 samples/s=76.47
[step 3130/5000] loss=2.5416 lr=9.763e-05 grad_norm=0.407 samples/s=76.50
[step 3140/5000] loss=2.6269 lr=9.674e-05 grad_norm=0.551 samples/s=76.51
[step 3150/5000] loss=1.9113 lr=9.586e-05 grad_norm=0.432 samples/s=76.47
[step 3160/5000] loss=2.4277 lr=9.498e-05 grad_norm=0.615 samples/s=76.48
[step 3170/5000] loss=2.3129 lr=9.410e-05 grad_norm=0.451 samples/s=76.49
[step 3180/5000] loss=2.6459 lr=9.322e-05 grad_norm=0.392 samples/s=76.40
[step 3190/5000] loss=2.1368 lr=9.235e-05 grad_norm=0.509 samples/s=76.44
[step 3200/5000] loss=2.1486 lr=9.148e-05 grad_norm=0.327 samples/s=76.41
[step 3210/5000] loss=2.2807 lr=9.061e-05 grad_norm=0.559 samples/s=76.43
[step 3220/5000] loss=2.2704 lr=8.974e-05 grad_norm=0.648 samples/s=76.40
[step 3230/5000] loss=2.3593 lr=8.888e-05 grad_norm=0.374 samples/s=76.44
[step 3240/5000] loss=3.1944 lr=8.801e-05 grad_norm=0.538 samples/s=76.42
[step 3250/5000] loss=2.8572 lr=8.715e-05 grad_norm=0.472 samples/s=76.37
[val step 3250] loss=2.4395974578857422 m01={'mean': 0.415569755997976, 'median': 0.4113132057408557, 'p95': 0.6995910149759323, 'tail_frac_gt4px': 0.00032932652725177014, 'n_matched': 12146} m02={'12-16': 0.9106113033448674, '16-32': 0.9490751861638241, '32-64': 0.9417675856737954, '64-128': 0.9358407079646017} m04={'accuracy': 0.28322081343652233, 'by_octave': {'12-16': 0.29132362254591515, '16-32': 0.30599848139711466, '32-64': 0.28125854993160054, '64-128': 0.25092874029044243}} diag={'gate3_alpha_mean': 0.3568591773509979, 'gate3_alpha_min': 0.0062236785888671875, 'gate3_alpha_max': 0.975830078125, 'gate3_alpha_std': 0.2431713193655014, 'gate3_alpha_p10': 0.07748756557703018, 'gate3_alpha_p50': 0.31568336486816406, 'gate3_alpha_p90': 0.7540397644042969, 'block0_attn_entropy': 6.617703437805176, 'block1_attn_entropy': 7.301629543304443}
[step 3260/5000] loss=2.1710 lr=8.630e-05 grad_norm=0.474 samples/s=76.54
[step 3270/5000] loss=2.2440 lr=8.544e-05 grad_norm=0.491 samples/s=76.69
[step 3280/5000] loss=2.9982 lr=8.459e-05 grad_norm=0.576 samples/s=76.60
[step 3290/5000] loss=2.4085 lr=8.374e-05 grad_norm=0.451 samples/s=76.65
[step 3300/5000] loss=2.3334 lr=8.290e-05 grad_norm=0.446 samples/s=76.60
[step 3310/5000] loss=1.8943 lr=8.205e-05 grad_norm=0.501 samples/s=76.60
[step 3320/5000] loss=2.2180 lr=8.121e-05 grad_norm=0.407 samples/s=76.55
[step 3330/5000] loss=2.7201 lr=8.038e-05 grad_norm=0.572 samples/s=76.58
[step 3340/5000] loss=2.2582 lr=7.954e-05 grad_norm=0.540 samples/s=76.55
[step 3350/5000] loss=2.6693 lr=7.871e-05 grad_norm=0.518 samples/s=76.52
[step 3360/5000] loss=2.6420 lr=7.788e-05 grad_norm=0.563 samples/s=76.52
[step 3370/5000] loss=2.2652 lr=7.706e-05 grad_norm=0.467 samples/s=76.52
[step 3380/5000] loss=2.5628 lr=7.624e-05 grad_norm=0.477 samples/s=76.49
[step 3390/5000] loss=2.0262 lr=7.542e-05 grad_norm=0.431 samples/s=76.51
[step 3400/5000] loss=3.1710 lr=7.460e-05 grad_norm=0.657 samples/s=76.52
[step 3410/5000] loss=1.9415 lr=7.379e-05 grad_norm=0.377 samples/s=76.47
[step 3420/5000] loss=2.4693 lr=7.298e-05 grad_norm=0.343 samples/s=76.49
[step 3430/5000] loss=2.2204 lr=7.217e-05 grad_norm=0.441 samples/s=76.45
[step 3440/5000] loss=2.1372 lr=7.137e-05 grad_norm=0.515 samples/s=76.49
[step 3450/5000] loss=2.1724 lr=7.057e-05 grad_norm=0.351 samples/s=76.47
[step 3460/5000] loss=2.0498 lr=6.977e-05 grad_norm=0.452 samples/s=76.50
[step 3470/5000] loss=3.2697 lr=6.898e-05 grad_norm=0.449 samples/s=76.46
[step 3480/5000] loss=1.9860 lr=6.819e-05 grad_norm=0.438 samples/s=76.51
[step 3490/5000] loss=2.1368 lr=6.740e-05 grad_norm=0.470 samples/s=76.45
[step 3500/5000] loss=2.6348 lr=6.662e-05 grad_norm=0.487 samples/s=76.45
[val step 3500] loss=2.43932421875 m01={'mean': 0.415569755997976, 'median': 0.4113132057408557, 'p95': 0.6995910149759323, 'tail_frac_gt4px': 0.00032932652725177014, 'n_matched': 12146} m02={'12-16': 0.9106113033448674, '16-32': 0.9490751861638241, '32-64': 0.9417675856737954, '64-128': 0.9358407079646017} m04={'accuracy': 0.2834678083319611, 'by_octave': {'12-16': 0.2894236858771374, '16-32': 0.3016957732219691, '32-64': 0.28290013679890563, '64-128': 0.25667004390408643}} diag={'gate3_alpha_mean': 0.3568591773509979, 'gate3_alpha_min': 0.0062236785888671875, 'gate3_alpha_max': 0.975830078125, 'gate3_alpha_std': 0.2431713193655014, 'gate3_alpha_p10': 0.07748756557703018, 'gate3_alpha_p50': 0.31568336486816406, 'gate3_alpha_p90': 0.7540397644042969, 'block0_attn_entropy': 6.617703437805176, 'block1_attn_entropy': 7.301629543304443}
[step 3510/5000] loss=2.1780 lr=6.584e-05 grad_norm=0.659 samples/s=76.64
[step 3520/5000] loss=1.7871 lr=6.506e-05 grad_norm=0.449 samples/s=76.76
[step 3530/5000] loss=2.6119 lr=6.429e-05 grad_norm=0.397 samples/s=76.68
[step 3540/5000] loss=2.2719 lr=6.352e-05 grad_norm=0.409 samples/s=76.70
[step 3550/5000] loss=2.1093 lr=6.276e-05 grad_norm=0.635 samples/s=76.67
[step 3560/5000] loss=3.3037 lr=6.200e-05 grad_norm=0.449 samples/s=76.72
[step 3570/5000] loss=1.9119 lr=6.124e-05 grad_norm=0.417 samples/s=76.72
[step 3580/5000] loss=2.0610 lr=6.048e-05 grad_norm=0.391 samples/s=76.72
[step 3590/5000] loss=2.1624 lr=5.973e-05 grad_norm=0.360 samples/s=76.69
[step 3600/5000] loss=2.1511 lr=5.899e-05 grad_norm=0.469 samples/s=76.70
[step 3610/5000] loss=2.7425 lr=5.824e-05 grad_norm=0.484 samples/s=76.60
[step 3620/5000] loss=1.9730 lr=5.750e-05 grad_norm=0.314 samples/s=76.66
[step 3630/5000] loss=2.1563 lr=5.677e-05 grad_norm=0.555 samples/s=76.61
[step 3640/5000] loss=1.9698 lr=5.604e-05 grad_norm=0.366 samples/s=76.62
[step 3650/5000] loss=2.2414 lr=5.531e-05 grad_norm=0.559 samples/s=76.58
[step 3660/5000] loss=2.8328 lr=5.459e-05 grad_norm=0.453 samples/s=76.61
[step 3670/5000] loss=1.7651 lr=5.387e-05 grad_norm=0.406 samples/s=76.52
[step 3680/5000] loss=2.3786 lr=5.315e-05 grad_norm=0.565 samples/s=76.57
[step 3690/5000] loss=2.0948 lr=5.244e-05 grad_norm=0.682 samples/s=76.55
[step 3700/5000] loss=2.3397 lr=5.173e-05 grad_norm=0.398 samples/s=76.59
[step 3710/5000] loss=2.2896 lr=5.103e-05 grad_norm=0.429 samples/s=76.52
[step 3720/5000] loss=2.3428 lr=5.033e-05 grad_norm=0.551 samples/s=76.52
[step 3730/5000] loss=2.5585 lr=4.964e-05 grad_norm=0.441 samples/s=76.46
[step 3740/5000] loss=2.2936 lr=4.895e-05 grad_norm=0.596 samples/s=76.48
[step 3750/5000] loss=2.3166 lr=4.826e-05 grad_norm=0.441 samples/s=76.41
[val step 3750] loss=2.4393777294158934 m01={'mean': 0.415569755997976, 'median': 0.4113132057408557, 'p95': 0.6995910149759323, 'tail_frac_gt4px': 0.00032932652725177014, 'n_matched': 12146} m02={'12-16': 0.9106113033448674, '16-32': 0.9490751861638241, '32-64': 0.9417675856737954, '64-128': 0.9358407079646017} m04={'accuracy': 0.28256216038201876, 'by_octave': {'12-16': 0.2862571247625079, '16-32': 0.30296127562642367, '32-64': 0.2774281805745554, '64-128': 0.259709557581898}} diag={'gate3_alpha_mean': 0.3568591773509979, 'gate3_alpha_min': 0.0062236785888671875, 'gate3_alpha_max': 0.975830078125, 'gate3_alpha_std': 0.2431713193655014, 'gate3_alpha_p10': 0.07748756557703018, 'gate3_alpha_p50': 0.31568336486816406, 'gate3_alpha_p90': 0.7540397644042969, 'block0_attn_entropy': 6.617703437805176, 'block1_attn_entropy': 7.301629543304443}
[step 3760/5000] loss=1.9602 lr=4.758e-05 grad_norm=0.445 samples/s=76.58
[step 3770/5000] loss=1.8108 lr=4.690e-05 grad_norm=0.422 samples/s=76.70
[step 3780/5000] loss=3.3140 lr=4.623e-05 grad_norm=0.385 samples/s=76.69
[step 3790/5000] loss=2.0518 lr=4.556e-05 grad_norm=0.441 samples/s=76.69
[step 3800/5000] loss=2.6816 lr=4.489e-05 grad_norm=0.459 samples/s=76.66
[step 3810/5000] loss=2.4985 lr=4.423e-05 grad_norm=0.482 samples/s=76.66
[step 3820/5000] loss=2.5714 lr=4.357e-05 grad_norm=0.617 samples/s=76.63
[step 3830/5000] loss=2.7039 lr=4.292e-05 grad_norm=0.477 samples/s=76.64
[step 3840/5000] loss=2.1837 lr=4.228e-05 grad_norm=0.373 samples/s=76.62
[step 3850/5000] loss=2.0162 lr=4.163e-05 grad_norm=0.408 samples/s=76.60
[step 3860/5000] loss=2.2962 lr=4.099e-05 grad_norm=0.367 samples/s=76.59
[step 3870/5000] loss=3.2392 lr=4.036e-05 grad_norm=0.547 samples/s=76.56
[step 3880/5000] loss=2.0023 lr=3.973e-05 grad_norm=0.608 samples/s=76.56
[step 3890/5000] loss=1.8294 lr=3.911e-05 grad_norm=0.490 samples/s=76.48
[step 3900/5000] loss=1.9764 lr=3.849e-05 grad_norm=0.407 samples/s=76.47
[step 3910/5000] loss=2.0457 lr=3.787e-05 grad_norm=0.283 samples/s=76.44
[step 3920/5000] loss=2.8358 lr=3.726e-05 grad_norm=0.398 samples/s=76.48
[step 3930/5000] loss=2.2972 lr=3.666e-05 grad_norm=0.437 samples/s=76.45
[step 3940/5000] loss=2.8283 lr=3.605e-05 grad_norm=0.546 samples/s=76.48
[step 3950/5000] loss=1.8824 lr=3.546e-05 grad_norm=0.399 samples/s=76.43
[step 3960/5000] loss=2.4823 lr=3.487e-05 grad_norm=0.390 samples/s=76.46
[step 3970/5000] loss=2.2970 lr=3.428e-05 grad_norm=0.372 samples/s=76.42
[step 3980/5000] loss=2.2492 lr=3.370e-05 grad_norm=0.474 samples/s=76.44
[step 3990/5000] loss=2.0024 lr=3.312e-05 grad_norm=0.428 samples/s=76.36
[step 4000/5000] loss=2.3162 lr=3.255e-05 grad_norm=0.464 samples/s=76.36
[val step 4000] loss=2.4391560153961183 m01={'mean': 0.415569755997976, 'median': 0.4113132057408557, 'p95': 0.6995910149759323, 'tail_frac_gt4px': 0.00032932652725177014, 'n_matched': 12146} m02={'12-16': 0.9106113033448674, '16-32': 0.9490751861638241, '32-64': 0.9417675856737954, '64-128': 0.9358407079646017} m04={'accuracy': 0.2842087930182776, 'by_octave': {'12-16': 0.2799240025332489, '16-32': 0.30549228043533283, '32-64': 0.28153214774281804, '64-128': 0.2613981762917933}} diag={'gate3_alpha_mean': 0.3568591773509979, 'gate3_alpha_min': 0.0062236785888671875, 'gate3_alpha_max': 0.975830078125, 'gate3_alpha_std': 0.2431713193655014, 'gate3_alpha_p10': 0.07748756557703018, 'gate3_alpha_p50': 0.31568336486816406, 'gate3_alpha_p90': 0.7540397644042969, 'block0_attn_entropy': 6.617703437805176, 'block1_attn_entropy': 7.301629543304443}
[step 4010/5000] loss=2.3635 lr=3.198e-05 grad_norm=0.724 samples/s=76.52
[step 4020/5000] loss=2.2034 lr=3.142e-05 grad_norm=0.315 samples/s=76.63
[step 4030/5000] loss=2.2878 lr=3.086e-05 grad_norm=0.432 samples/s=76.61
[step 4040/5000] loss=2.0785 lr=3.031e-05 grad_norm=0.574 samples/s=76.62
[step 4050/5000] loss=2.3304 lr=2.976e-05 grad_norm=0.518 samples/s=76.58
[step 4060/5000] loss=2.3940 lr=2.922e-05 grad_norm=0.569 samples/s=76.56
[step 4070/5000] loss=2.3856 lr=2.868e-05 grad_norm=0.381 samples/s=76.56
[step 4080/5000] loss=2.1059 lr=2.815e-05 grad_norm=0.438 samples/s=76.58
[step 4090/5000] loss=2.6713 lr=2.762e-05 grad_norm=0.381 samples/s=76.53
[step 4100/5000] loss=3.0789 lr=2.710e-05 grad_norm=0.526 samples/s=76.57
[step 4110/5000] loss=2.8321 lr=2.658e-05 grad_norm=0.462 samples/s=76.52
[step 4120/5000] loss=2.4090 lr=2.607e-05 grad_norm=0.398 samples/s=76.55
[step 4130/5000] loss=2.7367 lr=2.556e-05 grad_norm=0.494 samples/s=76.53
[step 4140/5000] loss=2.1553 lr=2.506e-05 grad_norm=0.503 samples/s=76.52
[step 4150/5000] loss=2.2311 lr=2.456e-05 grad_norm=0.504 samples/s=76.47
[step 4160/5000] loss=2.4409 lr=2.407e-05 grad_norm=0.426 samples/s=76.50
[step 4170/5000] loss=2.1591 lr=2.358e-05 grad_norm=0.454 samples/s=76.46
[step 4180/5000] loss=2.4575 lr=2.310e-05 grad_norm=0.433 samples/s=76.48
[step 4190/5000] loss=1.9778 lr=2.263e-05 grad_norm=0.359 samples/s=76.40
[step 4200/5000] loss=2.1765 lr=2.216e-05 grad_norm=0.398 samples/s=76.39
[step 4210/5000] loss=2.1955 lr=2.169e-05 grad_norm=0.370 samples/s=76.35
[step 4220/5000] loss=2.6631 lr=2.123e-05 grad_norm=0.558 samples/s=76.36
[step 4230/5000] loss=2.3146 lr=2.078e-05 grad_norm=0.533 samples/s=76.30
[step 4240/5000] loss=2.8806 lr=2.033e-05 grad_norm=0.435 samples/s=76.33
[step 4250/5000] loss=2.4818 lr=1.988e-05 grad_norm=0.465 samples/s=76.28
[val step 4250] loss=2.4389833488464356 m01={'mean': 0.415569755997976, 'median': 0.4113132057408557, 'p95': 0.6995910149759323, 'tail_frac_gt4px': 0.00032932652725177014, 'n_matched': 12146} m02={'12-16': 0.9106113033448674, '16-32': 0.9490751861638241, '32-64': 0.9417675856737954, '64-128': 0.9358407079646017} m04={'accuracy': 0.28132718590482464, 'by_octave': {'12-16': 0.2818239392020266, '16-32': 0.3009364717792964, '32-64': 0.2823529411764706, '64-128': 0.2536305302262749}} diag={'gate3_alpha_mean': 0.3568591773509979, 'gate3_alpha_min': 0.0062236785888671875, 'gate3_alpha_max': 0.975830078125, 'gate3_alpha_std': 0.2431713193655014, 'gate3_alpha_p10': 0.07748756557703018, 'gate3_alpha_p50': 0.31568336486816406, 'gate3_alpha_p90': 0.7540397644042969, 'block0_attn_entropy': 6.617703437805176, 'block1_attn_entropy': 7.301629543304443}
[step 4260/5000] loss=2.4825 lr=1.945e-05 grad_norm=0.475 samples/s=76.43
[step 4270/5000] loss=2.1171 lr=1.901e-05 grad_norm=0.562 samples/s=76.53
[step 4280/5000] loss=2.9070 lr=1.859e-05 grad_norm=0.428 samples/s=76.50
[step 4290/5000] loss=2.3888 lr=1.816e-05 grad_norm=0.531 samples/s=76.52
[step 4300/5000] loss=2.6391 lr=1.775e-05 grad_norm=0.507 samples/s=76.45
[step 4310/5000] loss=2.4782 lr=1.734e-05 grad_norm=0.401 samples/s=76.47
[step 4320/5000] loss=2.6303 lr=1.693e-05 grad_norm=0.400 samples/s=76.43
[step 4330/5000] loss=2.6927 lr=1.653e-05 grad_norm=0.671 samples/s=76.46
[step 4340/5000] loss=2.0548 lr=1.614e-05 grad_norm=0.411 samples/s=76.42
[step 4350/5000] loss=2.3478 lr=1.575e-05 grad_norm=0.388 samples/s=76.46
[step 4360/5000] loss=1.8786 lr=1.537e-05 grad_norm=0.570 samples/s=76.42
[step 4370/5000] loss=2.2930 lr=1.499e-05 grad_norm=0.545 samples/s=76.43
[step 4380/5000] loss=2.0644 lr=1.462e-05 grad_norm=0.500 samples/s=76.39
[step 4390/5000] loss=2.1998 lr=1.425e-05 grad_norm=0.468 samples/s=76.38
[step 4400/5000] loss=2.4722 lr=1.389e-05 grad_norm=0.604 samples/s=76.35
[step 4410/5000] loss=2.2425 lr=1.353e-05 grad_norm=0.398 samples/s=76.37
[step 4420/5000] loss=1.9564 lr=1.318e-05 grad_norm=0.603 samples/s=76.39
[step 4430/5000] loss=2.3932 lr=1.284e-05 grad_norm=0.342 samples/s=76.37
[step 4440/5000] loss=1.7321 lr=1.250e-05 grad_norm=0.408 samples/s=76.37
[step 4450/5000] loss=2.1843 lr=1.217e-05 grad_norm=0.525 samples/s=76.38
[step 4460/5000] loss=2.4359 lr=1.184e-05 grad_norm=0.508 samples/s=76.37
[step 4470/5000] loss=3.1144 lr=1.152e-05 grad_norm=0.502 samples/s=76.34
[step 4480/5000] loss=2.0072 lr=1.121e-05 grad_norm=0.359 samples/s=76.36
[step 4490/5000] loss=2.9282 lr=1.090e-05 grad_norm=0.418 samples/s=76.33
[step 4500/5000] loss=1.9920 lr=1.060e-05 grad_norm=0.330 samples/s=76.37
[val step 4500] loss=2.439054204940796 m01={'mean': 0.415569755997976, 'median': 0.4113132057408557, 'p95': 0.6995910149759323, 'tail_frac_gt4px': 0.00032932652725177014, 'n_matched': 12146} m02={'12-16': 0.9106113033448674, '16-32': 0.9490751861638241, '32-64': 0.9417675856737954, '64-128': 0.9358407079646017} m04={'accuracy': 0.2799275481640046, 'by_octave': {'12-16': 0.28372387587080433, '16-32': 0.3032143761073146, '32-64': 0.2741450068399453, '64-128': 0.25396825396825395}} diag={'gate3_alpha_mean': 0.3568591773509979, 'gate3_alpha_min': 0.0062236785888671875, 'gate3_alpha_max': 0.975830078125, 'gate3_alpha_std': 0.2431713193655014, 'gate3_alpha_p10': 0.07748756557703018, 'gate3_alpha_p50': 0.31568336486816406, 'gate3_alpha_p90': 0.7540397644042969, 'block0_attn_entropy': 6.617703437805176, 'block1_attn_entropy': 7.301629543304443}
[step 4510/5000] loss=2.3331 lr=1.030e-05 grad_norm=0.396 samples/s=76.51
[step 4520/5000] loss=2.0993 lr=1.001e-05 grad_norm=0.330 samples/s=76.61
[step 4530/5000] loss=2.1518 lr=9.720e-06 grad_norm=0.708 samples/s=76.57
[step 4540/5000] loss=2.5609 lr=9.439e-06 grad_norm=0.387 samples/s=76.58
[step 4550/5000] loss=3.0895 lr=9.165e-06 grad_norm=0.588 samples/s=76.56
[step 4560/5000] loss=1.7699 lr=8.896e-06 grad_norm=0.360 samples/s=76.57
[step 4570/5000] loss=2.0864 lr=8.634e-06 grad_norm=0.378 samples/s=76.54
[step 4580/5000] loss=2.5399 lr=8.377e-06 grad_norm=0.536 samples/s=76.54
[step 4590/5000] loss=2.2396 lr=8.126e-06 grad_norm=0.551 samples/s=76.48
[step 4600/5000] loss=3.4084 lr=7.881e-06 grad_norm=0.448 samples/s=76.51
[step 4610/5000] loss=2.3087 lr=7.642e-06 grad_norm=0.545 samples/s=76.45
[step 4620/5000] loss=2.6053 lr=7.409e-06 grad_norm=0.406 samples/s=76.48
[step 4630/5000] loss=2.3330 lr=7.181e-06 grad_norm=0.422 samples/s=76.43
[step 4640/5000] loss=2.4978 lr=6.960e-06 grad_norm=0.456 samples/s=76.48
[step 4650/5000] loss=2.0397 lr=6.744e-06 grad_norm=0.491 samples/s=76.43
[step 4660/5000] loss=1.8600 lr=6.535e-06 grad_norm=0.423 samples/s=76.43
[step 4670/5000] loss=2.8868 lr=6.331e-06 grad_norm=0.441 samples/s=76.39
[step 4680/5000] loss=1.9283 lr=6.134e-06 grad_norm=0.412 samples/s=76.41
[step 4690/5000] loss=2.3769 lr=5.942e-06 grad_norm=0.459 samples/s=76.36
[step 4700/5000] loss=1.9249 lr=5.757e-06 grad_norm=0.419 samples/s=76.40
[step 4710/5000] loss=2.1596 lr=5.577e-06 grad_norm=0.461 samples/s=76.36
[step 4720/5000] loss=2.6415 lr=5.403e-06 grad_norm=0.562 samples/s=76.38
[step 4730/5000] loss=2.1562 lr=5.236e-06 grad_norm=0.552 samples/s=76.36
[step 4740/5000] loss=2.1376 lr=5.074e-06 grad_norm=0.555 samples/s=76.36
[step 4750/5000] loss=2.9979 lr=4.919e-06 grad_norm=0.483 samples/s=76.31
[val step 4750] loss=2.439057456970215 m01={'mean': 0.415569755997976, 'median': 0.4113132057408557, 'p95': 0.6995910149759323, 'tail_frac_gt4px': 0.00032932652725177014, 'n_matched': 12146} m02={'12-16': 0.9106113033448674, '16-32': 0.9490751861638241, '32-64': 0.9417675856737954, '64-128': 0.9358407079646017} m04={'accuracy': 0.28058620121850814, 'by_octave': {'12-16': 0.2849905003166561, '16-32': 0.3034674765882055, '32-64': 0.27551299589603284, '64-128': 0.25396825396825395}} diag={'gate3_alpha_mean': 0.3568591773509979, 'gate3_alpha_min': 0.0062236785888671875, 'gate3_alpha_max': 0.975830078125, 'gate3_alpha_std': 0.2431713193655014, 'gate3_alpha_p10': 0.07748756557703018, 'gate3_alpha_p50': 0.31568336486816406, 'gate3_alpha_p90': 0.7540397644042969, 'block0_attn_entropy': 6.617703437805176, 'block1_attn_entropy': 7.301629543304443}
[step 4760/5000] loss=2.3792 lr=4.769e-06 grad_norm=0.437 samples/s=76.44
[step 4770/5000] loss=2.0897 lr=4.626e-06 grad_norm=0.459 samples/s=76.54
[step 4780/5000] loss=2.6797 lr=4.488e-06 grad_norm=0.586 samples/s=76.50
[step 4790/5000] loss=2.6842 lr=4.357e-06 grad_norm=0.505 samples/s=76.49
[step 4800/5000] loss=2.1775 lr=4.231e-06 grad_norm=0.597 samples/s=76.47
[step 4810/5000] loss=2.2788 lr=4.112e-06 grad_norm=0.551 samples/s=76.48
[step 4820/5000] loss=2.8003 lr=3.999e-06 grad_norm=0.484 samples/s=76.44
[step 4830/5000] loss=2.4935 lr=3.892e-06 grad_norm=0.448 samples/s=76.43
[step 4840/5000] loss=2.2569 lr=3.790e-06 grad_norm=0.506 samples/s=76.39
[step 4850/5000] loss=1.9755 lr=3.695e-06 grad_norm=0.480 samples/s=76.40
[step 4860/5000] loss=2.1789 lr=3.606e-06 grad_norm=0.436 samples/s=76.39
[step 4870/5000] loss=1.9669 lr=3.523e-06 grad_norm=0.451 samples/s=76.38
[step 4880/5000] loss=2.0226 lr=3.447e-06 grad_norm=0.394 samples/s=76.40
[step 4890/5000] loss=3.0635 lr=3.376e-06 grad_norm=0.543 samples/s=76.37
[step 4900/5000] loss=2.3282 lr=3.311e-06 grad_norm=0.425 samples/s=76.39
[step 4910/5000] loss=2.0846 lr=3.253e-06 grad_norm=0.577 samples/s=76.39
[step 4920/5000] loss=2.1213 lr=3.200e-06 grad_norm=0.536 samples/s=76.37
[step 4930/5000] loss=2.5564 lr=3.154e-06 grad_norm=0.425 samples/s=76.36
[step 4940/5000] loss=2.5539 lr=3.114e-06 grad_norm=0.652 samples/s=76.34
[step 4950/5000] loss=2.2571 lr=3.079e-06 grad_norm=0.465 samples/s=76.35
[step 4960/5000] loss=1.8743 lr=3.051e-06 grad_norm=0.399 samples/s=76.32
[step 4970/5000] loss=2.1638 lr=3.029e-06 grad_norm=0.331 samples/s=76.34
[step 4980/5000] loss=2.4949 lr=3.013e-06 grad_norm=0.379 samples/s=76.30
[step 4990/5000] loss=1.9942 lr=3.004e-06 grad_norm=0.446 samples/s=76.32
[step 5000/5000] loss=2.6819 lr=3.000e-06 grad_norm=0.374 samples/s=76.30
[val step 5000] loss=2.4390377674102783 m01={'mean': 0.415569755997976, 'median': 0.4113132057408557, 'p95': 0.6995910149759323, 'tail_frac_gt4px': 0.00032932652725177014, 'n_matched': 12146} m02={'12-16': 0.9106113033448674, '16-32': 0.9490751861638241, '32-64': 0.9417675856737954, '64-128': 0.9358407079646017} m04={'accuracy': 0.2809155277457599, 'by_octave': {'12-16': 0.2799240025332489, '16-32': 0.3057453809162237, '32-64': 0.27852257181942547, '64-128': 0.2512664640324215}} diag={'gate3_alpha_mean': 0.3568591773509979, 'gate3_alpha_min': 0.0062236785888671875, 'gate3_alpha_max': 0.975830078125, 'gate3_alpha_std': 0.2431713193655014, 'gate3_alpha_p10': 0.07748756557703018, 'gate3_alpha_p50': 0.31568336486816406, 'gate3_alpha_p90': 0.7540397644042969, 'block0_attn_entropy': 6.617703437805176, 'block1_attn_entropy': 7.301629543304443}
[FULL val step 5000] loss=2.354385538291931 m01={'mean': 0.4107616457429245, 'median': 0.40813744570092647, 'p95': 0.6926088522763024, 'tail_frac_gt4px': 8.108853245973954e-05, 'n_matched': 123322} m02={'12-16': 0.9114401531359081, '16-32': 0.9345163353787107, '32-64': 0.9505345217236738, '64-128': 0.9533337534660953} m04={'accuracy': 0.2836882308103988, 'by_octave': {'12-16': 0.28797331521403424, '16-32': 0.30148307770313093, '32-64': 0.28039430449069, '64-128': 0.26227069905800693}}
[train_detector] wrote checkpoint runs/mb15_ft01_head/ckpt_0005000.pt
[train_detector] done: step=5000 train_elapsed=2096.9s val_elapsed=486.0s samples/s=76.30
