[train_detector] finetune from runs/rel_w882_c2_100k_rev6/ckpt_0100000.pt (step 100000): 437,105 of 882,402 params trainable, lr_mult={'cls.*': 1.0, 'blocks.*': 3.0, 'norm.*': 3.0, 'hm.*': 0.1}, reinit=[]
[train_detector] stream_seed=2100000 resume_count=0 start_step=0
[step 1/5000] loss=5.9405 lr=0.000e+00 grad_norm=25.954 samples/s=9.95
[step 2/5000] loss=6.1353 lr=3.000e-06 grad_norm=23.750 samples/s=19.28
[step 3/5000] loss=6.4960 lr=6.000e-06 grad_norm=21.028 samples/s=28.05
[step 4/5000] loss=6.1381 lr=9.000e-06 grad_norm=27.560 samples/s=36.28
[step 5/5000] loss=5.5939 lr=1.200e-05 grad_norm=20.610 samples/s=42.46
[step 6/5000] loss=4.8712 lr=1.500e-05 grad_norm=23.781 samples/s=49.58
[step 7/5000] loss=6.1807 lr=1.800e-05 grad_norm=21.676 samples/s=56.32
[step 8/5000] loss=5.2035 lr=2.100e-05 grad_norm=21.564 samples/s=62.28
[step 9/5000] loss=6.2689 lr=2.400e-05 grad_norm=22.602 samples/s=55.60
[step 10/5000] loss=5.5580 lr=2.700e-05 grad_norm=18.490 samples/s=60.54
[step 20/5000] loss=2.6620 lr=5.700e-05 grad_norm=6.382 samples/s=77.55
[step 30/5000] loss=2.3501 lr=8.700e-05 grad_norm=2.609 samples/s=81.28
[step 40/5000] loss=2.2404 lr=1.170e-04 grad_norm=1.709 samples/s=85.52
[step 50/5000] loss=2.7077 lr=1.470e-04 grad_norm=2.013 samples/s=86.82
[step 60/5000] loss=2.7205 lr=1.770e-04 grad_norm=2.258 samples/s=90.25
[step 70/5000] loss=2.0829 lr=2.070e-04 grad_norm=1.584 samples/s=90.61
[step 80/5000] loss=2.0493 lr=2.370e-04 grad_norm=1.652 samples/s=93.23
[step 90/5000] loss=2.4641 lr=2.670e-04 grad_norm=1.399 samples/s=93.38
[step 100/5000] loss=2.2640 lr=2.970e-04 grad_norm=1.694 samples/s=96.04
[step 110/5000] loss=1.9857 lr=3.000e-04 grad_norm=1.544 samples/s=94.73
[step 120/5000] loss=2.1631 lr=3.000e-04 grad_norm=1.802 samples/s=96.63
[step 130/5000] loss=1.9666 lr=3.000e-04 grad_norm=1.885 samples/s=96.13
[step 140/5000] loss=2.4827 lr=3.000e-04 grad_norm=3.288 samples/s=97.23
[step 150/5000] loss=2.1124 lr=2.999e-04 grad_norm=4.427 samples/s=97.54
[step 160/5000] loss=2.0430 lr=2.999e-04 grad_norm=4.261 samples/s=98.39
[step 170/5000] loss=2.1157 lr=2.999e-04 grad_norm=3.421 samples/s=97.09
[step 180/5000] loss=1.9664 lr=2.998e-04 grad_norm=4.975 samples/s=97.47
[step 190/5000] loss=1.4731 lr=2.998e-04 grad_norm=3.940 samples/s=96.98
[step 200/5000] loss=2.4355 lr=2.997e-04 grad_norm=4.180 samples/s=98.14
[step 210/5000] loss=2.2640 lr=2.996e-04 grad_norm=3.219 samples/s=97.54
[step 220/5000] loss=1.2483 lr=2.996e-04 grad_norm=3.546 samples/s=98.04
[step 230/5000] loss=2.0417 lr=2.995e-04 grad_norm=3.364 samples/s=97.84
[step 240/5000] loss=0.9336 lr=2.994e-04 grad_norm=3.057 samples/s=98.77
[step 250/5000] loss=1.4251 lr=2.993e-04 grad_norm=2.851 samples/s=97.75
[val step 250] loss=1.8632688484191895 m01={'mean': 0.40832443075976227, 'median': 0.4088423745105526, 'p95': 0.6776424655918624, 'tail_frac_gt4px': 8.198065256599443e-05, 'n_matched': 12198} m02={'12-16': 0.9100346020761245, '16-32': 0.9533989911121787, '32-64': 0.9453749033754187, '64-128': 0.9424778761061947} m04={'accuracy': 0.7294638465322184, 'by_octave': {'12-16': 0.44106463878326996, '16-32': 0.7525825144872764, '32-64': 0.8364677023712184, '64-128': 0.7196512407780014}} diag={'gate3_alpha_mean': 0.2649986743927002, 'gate3_alpha_min': 0.017063140869140625, 'gate3_alpha_max': 0.924072265625, 'gate3_alpha_std': 0.141687273979187, 'gate3_alpha_p10': 0.095245361328125, 'gate3_alpha_p50': 0.2471923828125, 'gate3_alpha_p90': 0.4615478515625, 'block0_attn_entropy': 7.162448883056641, 'block1_attn_entropy': 7.5247039794921875}
[step 260/5000] loss=1.9669 lr=2.992e-04 grad_norm=4.970 samples/s=100.34
[step 270/5000] loss=1.7424 lr=2.991e-04 grad_norm=3.906 samples/s=102.86
[step 280/5000] loss=2.1265 lr=2.990e-04 grad_norm=2.955 samples/s=102.39
[step 290/5000] loss=1.2612 lr=2.989e-04 grad_norm=3.146 samples/s=102.54
[step 300/5000] loss=1.8579 lr=2.988e-04 grad_norm=3.719 samples/s=102.67
[step 310/5000] loss=1.4210 lr=2.987e-04 grad_norm=2.518 samples/s=102.18
[step 320/5000] loss=1.0495 lr=2.985e-04 grad_norm=4.029 samples/s=102.36
[step 330/5000] loss=1.5917 lr=2.984e-04 grad_norm=3.070 samples/s=102.15
[step 340/5000] loss=1.5239 lr=2.983e-04 grad_norm=3.230 samples/s=102.42
[step 350/5000] loss=1.9431 lr=2.981e-04 grad_norm=4.084 samples/s=101.91
[step 360/5000] loss=0.9213 lr=2.980e-04 grad_norm=2.549 samples/s=101.95
[step 370/5000] loss=1.0577 lr=2.978e-04 grad_norm=1.722 samples/s=101.95
[step 380/5000] loss=1.1217 lr=2.976e-04 grad_norm=2.923 samples/s=102.01
[step 390/5000] loss=1.3781 lr=2.975e-04 grad_norm=1.882 samples/s=102.21
[step 400/5000] loss=1.0199 lr=2.973e-04 grad_norm=2.793 samples/s=101.69
[step 410/5000] loss=1.5522 lr=2.971e-04 grad_norm=2.840 samples/s=102.00
[step 420/5000] loss=1.0375 lr=2.969e-04 grad_norm=2.105 samples/s=101.62
[step 430/5000] loss=1.2929 lr=2.967e-04 grad_norm=2.821 samples/s=101.78
[step 440/5000] loss=2.0730 lr=2.965e-04 grad_norm=5.009 samples/s=101.48
[step 450/5000] loss=1.8648 lr=2.963e-04 grad_norm=2.836 samples/s=101.76
[step 460/5000] loss=1.4265 lr=2.961e-04 grad_norm=2.083 samples/s=101.37
[step 470/5000] loss=2.1677 lr=2.959e-04 grad_norm=3.555 samples/s=101.54
[step 480/5000] loss=0.8431 lr=2.956e-04 grad_norm=2.383 samples/s=101.23
[step 490/5000] loss=1.0685 lr=2.954e-04 grad_norm=4.175 samples/s=101.36
[step 500/5000] loss=0.9668 lr=2.952e-04 grad_norm=1.764 samples/s=101.26
[val step 500] loss=1.3992442045211793 m01={'mean': 0.407835223600347, 'median': 0.40882578177069195, 'p95': 0.6765248999857827, 'tail_frac_gt4px': 0.0, 'n_matched': 12184} m02={'12-16': 0.9083044982698962, '16-32': 0.9529185683401393, '32-64': 0.943828910074723, '64-128': 0.9415297092288243} m04={'accuracy': 0.9266250820748523, 'by_octave': {'12-16': 0.7726984126984127, '16-32': 0.9523569447945551, '32-64': 0.9686049686049686, '64-128': 0.9221215172876804}} diag={'gate3_alpha_mean': 0.25861218571662903, 'gate3_alpha_min': 0.013769149780273438, 'gate3_alpha_max': 0.935546875, 'gate3_alpha_std': 0.14344963431358337, 'gate3_alpha_p10': 0.0853424072265625, 'gate3_alpha_p50': 0.239990234375, 'gate3_alpha_p90': 0.45117759704589844, 'block0_attn_entropy': 7.1151018142700195, 'block1_attn_entropy': 7.511793613433838}
[step 510/5000] loss=1.3807 lr=2.949e-04 grad_norm=2.798 samples/s=102.58
[step 520/5000] loss=1.0227 lr=2.947e-04 grad_norm=2.440 samples/s=103.89
[step 530/5000] loss=1.1771 lr=2.944e-04 grad_norm=2.466 samples/s=103.69
[step 540/5000] loss=1.8111 lr=2.942e-04 grad_norm=2.956 samples/s=103.67
[step 550/5000] loss=1.4863 lr=2.939e-04 grad_norm=2.669 samples/s=103.60
[step 560/5000] loss=0.9350 lr=2.936e-04 grad_norm=1.454 samples/s=103.29
[step 570/5000] loss=1.1295 lr=2.933e-04 grad_norm=1.026 samples/s=103.49
[step 580/5000] loss=0.9091 lr=2.931e-04 grad_norm=2.494 samples/s=103.32
[step 590/5000] loss=0.6665 lr=2.928e-04 grad_norm=1.331 samples/s=103.28
[step 600/5000] loss=1.0462 lr=2.925e-04 grad_norm=3.519 samples/s=102.93
[step 610/5000] loss=1.4186 lr=2.922e-04 grad_norm=2.397 samples/s=103.01
[step 620/5000] loss=1.8759 lr=2.919e-04 grad_norm=1.815 samples/s=102.73
[step 630/5000] loss=0.9058 lr=2.915e-04 grad_norm=1.623 samples/s=103.14
[step 640/5000] loss=1.3648 lr=2.912e-04 grad_norm=1.998 samples/s=103.13
[step 650/5000] loss=1.5422 lr=2.909e-04 grad_norm=3.489 samples/s=102.97
[step 660/5000] loss=1.2519 lr=2.906e-04 grad_norm=3.188 samples/s=102.77
[step 670/5000] loss=2.1875 lr=2.902e-04 grad_norm=2.763 samples/s=103.00
[step 680/5000] loss=1.3356 lr=2.899e-04 grad_norm=2.831 samples/s=102.84
[step 690/5000] loss=1.7685 lr=2.895e-04 grad_norm=1.918 samples/s=102.98
[step 700/5000] loss=1.1101 lr=2.892e-04 grad_norm=1.677 samples/s=102.82
[step 710/5000] loss=1.2018 lr=2.888e-04 grad_norm=1.806 samples/s=102.79
[step 720/5000] loss=1.2454 lr=2.885e-04 grad_norm=1.808 samples/s=102.72
[step 730/5000] loss=0.8929 lr=2.881e-04 grad_norm=2.644 samples/s=103.00
[step 740/5000] loss=0.7338 lr=2.877e-04 grad_norm=2.615 samples/s=102.73
[step 750/5000] loss=1.4135 lr=2.873e-04 grad_norm=2.465 samples/s=102.98
[val step 750] loss=1.3462831916809082 m01={'mean': 0.4078381427496519, 'median': 0.4088423745105526, 'p95': 0.676949342651254, 'tail_frac_gt4px': 0.0, 'n_matched': 12184} m02={'12-16': 0.9106113033448674, '16-32': 0.9526783569541196, '32-64': 0.9435712445246071, '64-128': 0.940897597977244} m04={'accuracy': 0.9473900196979645, 'by_octave': {'12-16': 0.8397720075997467, '16-32': 0.9626828038325769, '32-64': 0.9756963407973784, '64-128': 0.9492777964393685}} diag={'gate3_alpha_mean': 0.3021635115146637, 'gate3_alpha_min': 0.016265869140625, 'gate3_alpha_max': 0.9619140625, 'gate3_alpha_std': 0.15902751684188843, 'gate3_alpha_p10': 0.10400390625, 'gate3_alpha_p50': 0.285400390625, 'gate3_alpha_p90': 0.516357421875, 'block0_attn_entropy': 7.0755486488342285, 'block1_attn_entropy': 7.547377109527588}
[step 760/5000] loss=1.3487 lr=2.869e-04 grad_norm=3.965 samples/s=103.87
[step 770/5000] loss=1.0361 lr=2.865e-04 grad_norm=1.486 samples/s=104.76
[step 780/5000] loss=1.1924 lr=2.861e-04 grad_norm=1.176 samples/s=104.18
[step 790/5000] loss=2.1065 lr=2.857e-04 grad_norm=4.061 samples/s=103.88
[step 800/5000] loss=1.3617 lr=2.853e-04 grad_norm=2.801 samples/s=103.06
[step 810/5000] loss=2.2882 lr=2.849e-04 grad_norm=2.276 samples/s=102.84
[step 820/5000] loss=1.0974 lr=2.845e-04 grad_norm=3.868 samples/s=102.26
[step 830/5000] loss=0.8916 lr=2.841e-04 grad_norm=2.430 samples/s=101.52
[step 840/5000] loss=0.7481 lr=2.836e-04 grad_norm=1.675 samples/s=100.84
[step 850/5000] loss=1.8377 lr=2.832e-04 grad_norm=2.045 samples/s=100.43
[step 860/5000] loss=1.1641 lr=2.828e-04 grad_norm=1.527 samples/s=99.39
[step 870/5000] loss=1.7021 lr=2.823e-04 grad_norm=2.916 samples/s=99.32
[step 880/5000] loss=1.8439 lr=2.819e-04 grad_norm=3.502 samples/s=98.73
[step 890/5000] loss=0.8707 lr=2.814e-04 grad_norm=1.621 samples/s=98.62
[step 900/5000] loss=0.9012 lr=2.809e-04 grad_norm=1.403 samples/s=98.24
[step 910/5000] loss=0.8604 lr=2.805e-04 grad_norm=2.408 samples/s=98.21
[step 920/5000] loss=1.4955 lr=2.800e-04 grad_norm=1.719 samples/s=97.56
[step 930/5000] loss=1.1620 lr=2.795e-04 grad_norm=1.751 samples/s=97.35
[step 940/5000] loss=0.9547 lr=2.790e-04 grad_norm=1.932 samples/s=96.86
[step 950/5000] loss=0.5318 lr=2.785e-04 grad_norm=1.095 samples/s=96.72
[step 960/5000] loss=2.0772 lr=2.780e-04 grad_norm=2.216 samples/s=96.29
[step 970/5000] loss=1.5579 lr=2.775e-04 grad_norm=2.823 samples/s=96.17
[step 980/5000] loss=1.5315 lr=2.770e-04 grad_norm=2.206 samples/s=95.65
[step 990/5000] loss=0.8584 lr=2.765e-04 grad_norm=1.040 samples/s=95.61
[step 1000/5000] loss=0.8220 lr=2.760e-04 grad_norm=1.330 samples/s=95.13
[val step 1000] loss=1.3160739064216613 m01={'mean': 0.40940715695214347, 'median': 0.4091945606136885, 'p95': 0.6791578428163544, 'tail_frac_gt4px': 8.19336337566571e-05, 'n_matched': 12205} m02={'12-16': 0.9123414071510957, '16-32': 0.9548402594282969, '32-64': 0.9446019067250708, '64-128': 0.9424778761061947} m04={'accuracy': 0.9587054485866449, 'by_octave': {'12-16': 0.8710493046776233, '16-32': 0.9733333333333334, '32-64': 0.9795417348608838, '64-128': 0.960093896713615}} diag={'gate3_alpha_mean': 0.2957303822040558, 'gate3_alpha_min': 0.01566314697265625, 'gate3_alpha_max': 0.953857421875, 'gate3_alpha_std': 0.15891653299331665, 'gate3_alpha_p10': 0.100006103515625, 'gate3_alpha_p50': 0.2764892578125, 'gate3_alpha_p90': 0.511962890625, 'block0_attn_entropy': 7.056840896606445, 'block1_attn_entropy': 7.297557353973389}
[step 1010/5000] loss=1.3889 lr=2.755e-04 grad_norm=1.616 samples/s=95.78
[step 1020/5000] loss=1.6523 lr=2.750e-04 grad_norm=2.942 samples/s=96.42
[step 1030/5000] loss=1.9208 lr=2.744e-04 grad_norm=2.018 samples/s=96.27
[step 1040/5000] loss=1.3198 lr=2.739e-04 grad_norm=3.683 samples/s=95.92
[step 1050/5000] loss=1.4437 lr=2.734e-04 grad_norm=1.441 samples/s=95.67
[step 1060/5000] loss=1.0578 lr=2.728e-04 grad_norm=1.802 samples/s=95.44
[step 1070/5000] loss=1.0534 lr=2.723e-04 grad_norm=1.902 samples/s=95.27
[step 1080/5000] loss=0.8403 lr=2.717e-04 grad_norm=1.703 samples/s=95.05
[step 1090/5000] loss=1.0406 lr=2.711e-04 grad_norm=2.482 samples/s=94.83
[step 1100/5000] loss=1.2653 lr=2.706e-04 grad_norm=1.826 samples/s=94.62
[step 1110/5000] loss=2.3350 lr=2.700e-04 grad_norm=4.443 samples/s=94.33
[step 1120/5000] loss=0.6340 lr=2.694e-04 grad_norm=1.931 samples/s=94.20
[step 1130/5000] loss=0.8680 lr=2.688e-04 grad_norm=1.792 samples/s=93.89
[step 1140/5000] loss=0.9078 lr=2.683e-04 grad_norm=1.927 samples/s=93.61
[step 1150/5000] loss=1.0303 lr=2.677e-04 grad_norm=1.751 samples/s=93.38
[step 1160/5000] loss=0.5334 lr=2.671e-04 grad_norm=0.784 samples/s=92.90
[step 1170/5000] loss=1.7313 lr=2.665e-04 grad_norm=2.712 samples/s=92.79
[step 1180/5000] loss=1.2610 lr=2.659e-04 grad_norm=3.747 samples/s=92.45
[step 1190/5000] loss=0.8170 lr=2.653e-04 grad_norm=1.698 samples/s=92.32
[step 1200/5000] loss=1.8979 lr=2.646e-04 grad_norm=2.198 samples/s=91.86
[step 1210/5000] loss=1.1325 lr=2.640e-04 grad_norm=1.613 samples/s=91.90
[step 1220/5000] loss=0.8155 lr=2.634e-04 grad_norm=2.071 samples/s=91.60
[step 1230/5000] loss=0.7269 lr=2.628e-04 grad_norm=1.361 samples/s=91.57
[step 1240/5000] loss=1.6074 lr=2.621e-04 grad_norm=2.458 samples/s=91.31
[step 1250/5000] loss=1.4344 lr=2.615e-04 grad_norm=1.695 samples/s=91.28
[val step 1250] loss=1.285572340965271 m01={'mean': 0.40830032011148654, 'median': 0.40886697895715307, 'p95': 0.6758883221020299, 'tail_frac_gt4px': 0.0, 'n_matched': 12204} m02={'12-16': 0.9106113033448674, '16-32': 0.9548402594282969, '32-64': 0.9458902344756506, '64-128': 0.9415297092288243} m04={'accuracy': 0.9650114716486398, 'by_octave': {'12-16': 0.8872704243191893, '16-32': 0.9771069182389938, '32-64': 0.9858349223644783, '64-128': 0.9644175897952333}} diag={'gate3_alpha_mean': 0.28306564688682556, 'gate3_alpha_min': 0.0140380859375, 'gate3_alpha_max': 0.9638671875, 'gate3_alpha_std': 0.15970419347286224, 'gate3_alpha_p10': 0.0902099609375, 'gate3_alpha_p50': 0.26104736328125, 'gate3_alpha_p90': 0.499755859375, 'block0_attn_entropy': 7.074107646942139, 'block1_attn_entropy': 7.429388999938965}
[step 1260/5000] loss=0.7876 lr=2.609e-04 grad_norm=1.073 samples/s=91.77
[step 1270/5000] loss=0.8708 lr=2.602e-04 grad_norm=1.764 samples/s=92.19
[step 1280/5000] loss=1.1932 lr=2.596e-04 grad_norm=2.638 samples/s=91.93
[step 1290/5000] loss=0.9072 lr=2.589e-04 grad_norm=1.320 samples/s=91.54
[step 1300/5000] loss=1.3604 lr=2.582e-04 grad_norm=2.457 samples/s=91.14
[step 1310/5000] loss=1.6758 lr=2.576e-04 grad_norm=1.768 samples/s=90.96
[step 1320/5000] loss=0.9066 lr=2.569e-04 grad_norm=2.464 samples/s=90.85
[step 1330/5000] loss=0.7215 lr=2.562e-04 grad_norm=1.057 samples/s=90.67
[step 1340/5000] loss=0.9646 lr=2.556e-04 grad_norm=1.646 samples/s=90.40
[step 1350/5000] loss=1.1587 lr=2.549e-04 grad_norm=1.629 samples/s=90.47
[step 1360/5000] loss=1.1770 lr=2.542e-04 grad_norm=2.079 samples/s=90.20
[step 1370/5000] loss=1.2822 lr=2.535e-04 grad_norm=1.536 samples/s=90.19
[step 1380/5000] loss=1.3874 lr=2.528e-04 grad_norm=1.924 samples/s=89.93
[step 1390/5000] loss=1.3786 lr=2.521e-04 grad_norm=2.331 samples/s=89.76
[step 1400/5000] loss=1.4528 lr=2.514e-04 grad_norm=2.544 samples/s=89.59
[step 1410/5000] loss=1.7547 lr=2.507e-04 grad_norm=2.474 samples/s=89.55
[step 1420/5000] loss=0.7433 lr=2.500e-04 grad_norm=1.571 samples/s=89.36
[step 1430/5000] loss=0.6941 lr=2.493e-04 grad_norm=2.150 samples/s=89.32
[step 1440/5000] loss=0.8126 lr=2.486e-04 grad_norm=1.187 samples/s=89.15
[step 1450/5000] loss=0.9620 lr=2.478e-04 grad_norm=1.180 samples/s=89.20
[step 1460/5000] loss=1.2728 lr=2.471e-04 grad_norm=1.651 samples/s=88.89
[step 1470/5000] loss=1.9230 lr=2.464e-04 grad_norm=2.896 samples/s=88.73
[step 1480/5000] loss=2.3860 lr=2.456e-04 grad_norm=4.843 samples/s=88.41
[step 1490/5000] loss=1.1666 lr=2.449e-04 grad_norm=1.264 samples/s=88.35
[step 1500/5000] loss=0.7459 lr=2.442e-04 grad_norm=1.062 samples/s=88.25
[val step 1500] loss=1.2718237590789796 m01={'mean': 0.4082296218123887, 'median': 0.40882578177069195, 'p95': 0.6783043162412449, 'tail_frac_gt4px': 0.0, 'n_matched': 12198} m02={'12-16': 0.9111880046136102, '16-32': 0.953158779726159, '32-64': 0.9464055655758825, '64-128': 0.940897597977244} m04={'accuracy': 0.9692572552877521, 'by_octave': {'12-16': 0.8886075949367088, '16-32': 0.9800907258064516, '32-64': 0.988837462564661, '64-128': 0.9734632180047027}} diag={'gate3_alpha_mean': 0.28536391258239746, 'gate3_alpha_min': 0.01224517822265625, 'gate3_alpha_max': 0.9755859375, 'gate3_alpha_std': 0.16262991726398468, 'gate3_alpha_p10': 0.08688202500343323, 'gate3_alpha_p50': 0.26513671875, 'gate3_alpha_p90': 0.501708984375, 'block0_attn_entropy': 7.054543495178223, 'block1_attn_entropy': 7.45276403427124}
[step 1510/5000] loss=1.1793 lr=2.434e-04 grad_norm=2.253 samples/s=88.63
[step 1520/5000] loss=0.7822 lr=2.427e-04 grad_norm=2.139 samples/s=88.97
[step 1530/5000] loss=1.7441 lr=2.419e-04 grad_norm=2.203 samples/s=88.58
[step 1540/5000] loss=1.5015 lr=2.412e-04 grad_norm=2.805 samples/s=88.38
[step 1550/5000] loss=1.1005 lr=2.404e-04 grad_norm=0.944 samples/s=88.39
[step 1560/5000] loss=2.1695 lr=2.396e-04 grad_norm=2.548 samples/s=88.20
[step 1570/5000] loss=1.3993 lr=2.389e-04 grad_norm=2.128 samples/s=88.28
[step 1580/5000] loss=1.2003 lr=2.381e-04 grad_norm=1.509 samples/s=88.05
[step 1590/5000] loss=1.7033 lr=2.373e-04 grad_norm=1.803 samples/s=88.01
[step 1600/5000] loss=0.8269 lr=2.365e-04 grad_norm=1.708 samples/s=87.89
[step 1610/5000] loss=1.7837 lr=2.358e-04 grad_norm=2.161 samples/s=87.90
[step 1620/5000] loss=0.9953 lr=2.350e-04 grad_norm=1.838 samples/s=87.70
[step 1630/5000] loss=1.5153 lr=2.342e-04 grad_norm=2.445 samples/s=87.65
[step 1640/5000] loss=1.3926 lr=2.334e-04 grad_norm=1.525 samples/s=87.44
[step 1650/5000] loss=0.9557 lr=2.326e-04 grad_norm=2.660 samples/s=87.35
[step 1660/5000] loss=0.8834 lr=2.318e-04 grad_norm=1.425 samples/s=87.16
[step 1670/5000] loss=1.6260 lr=2.310e-04 grad_norm=1.990 samples/s=87.20
[step 1680/5000] loss=1.0801 lr=2.302e-04 grad_norm=1.478 samples/s=87.11
[step 1690/5000] loss=0.7621 lr=2.294e-04 grad_norm=2.297 samples/s=86.94
[step 1700/5000] loss=1.3064 lr=2.286e-04 grad_norm=1.557 samples/s=86.93
[step 1710/5000] loss=1.5502 lr=2.277e-04 grad_norm=4.252 samples/s=86.60
[step 1720/5000] loss=1.1913 lr=2.269e-04 grad_norm=1.714 samples/s=86.60
[step 1730/5000] loss=0.5182 lr=2.261e-04 grad_norm=1.343 samples/s=86.54
[step 1740/5000] loss=1.0656 lr=2.253e-04 grad_norm=1.293 samples/s=86.59
[step 1750/5000] loss=0.8657 lr=2.245e-04 grad_norm=2.346 samples/s=86.42
[val step 1750] loss=1.2664929790496826 m01={'mean': 0.4079769986801184, 'median': 0.4088558660896236, 'p95': 0.6771912259495476, 'tail_frac_gt4px': 0.0, 'n_matched': 12189} m02={'12-16': 0.908881199538639, '16-32': 0.9529185683401393, '32-64': 0.9451172378253028, '64-128': 0.9412136536030341} m04={'accuracy': 0.9719419148412503, 'by_octave': {'12-16': 0.9003807106598984, '16-32': 0.9798336274262667, '32-64': 0.9885496183206107, '64-128': 0.9788448623237072}} diag={'gate3_alpha_mean': 0.3070048987865448, 'gate3_alpha_min': 0.015977859497070312, 'gate3_alpha_max': 0.983642578125, 'gate3_alpha_std': 0.1700993776321411, 'gate3_alpha_p10': 0.099609375, 'gate3_alpha_p50': 0.28570556640625, 'gate3_alpha_p90': 0.531494140625, 'block0_attn_entropy': 7.060288906097412, 'block1_attn_entropy': 7.224380016326904}
[step 1760/5000] loss=0.8503 lr=2.236e-04 grad_norm=2.227 samples/s=86.74
[step 1770/5000] loss=1.2001 lr=2.228e-04 grad_norm=1.618 samples/s=87.05
[step 1780/5000] loss=1.0375 lr=2.220e-04 grad_norm=1.955 samples/s=86.89
[step 1790/5000] loss=1.2628 lr=2.211e-04 grad_norm=1.722 samples/s=86.46
[step 1800/5000] loss=1.2055 lr=2.203e-04 grad_norm=1.624 samples/s=86.37
[step 1810/5000] loss=1.6098 lr=2.194e-04 grad_norm=1.281 samples/s=86.21
[step 1820/5000] loss=1.2668 lr=2.186e-04 grad_norm=2.608 samples/s=86.26
[step 1830/5000] loss=1.0844 lr=2.177e-04 grad_norm=1.751 samples/s=86.18
[step 1840/5000] loss=1.1731 lr=2.169e-04 grad_norm=1.516 samples/s=86.19
[step 1850/5000] loss=1.3490 lr=2.160e-04 grad_norm=1.759 samples/s=86.06
[step 1860/5000] loss=0.9509 lr=2.152e-04 grad_norm=1.630 samples/s=86.09
[step 1870/5000] loss=0.6072 lr=2.143e-04 grad_norm=0.947 samples/s=85.94
[step 1880/5000] loss=1.0847 lr=2.134e-04 grad_norm=1.317 samples/s=85.98
[step 1890/5000] loss=2.6100 lr=2.126e-04 grad_norm=3.060 samples/s=85.87
[step 1900/5000] loss=1.8086 lr=2.117e-04 grad_norm=1.861 samples/s=85.86
[step 1910/5000] loss=0.7086 lr=2.108e-04 grad_norm=1.252 samples/s=85.77
[step 1920/5000] loss=1.1893 lr=2.100e-04 grad_norm=2.838 samples/s=85.76
[step 1930/5000] loss=1.2214 lr=2.091e-04 grad_norm=1.500 samples/s=85.61
[step 1940/5000] loss=1.0619 lr=2.082e-04 grad_norm=1.651 samples/s=85.64
[step 1950/5000] loss=1.2262 lr=2.073e-04 grad_norm=1.526 samples/s=85.46
[step 1960/5000] loss=1.3637 lr=2.064e-04 grad_norm=3.641 samples/s=85.45
[step 1970/5000] loss=1.0396 lr=2.055e-04 grad_norm=1.121 samples/s=85.35
[step 1980/5000] loss=1.3350 lr=2.047e-04 grad_norm=1.459 samples/s=85.34
[step 1990/5000] loss=1.1452 lr=2.038e-04 grad_norm=1.454 samples/s=85.13
[step 2000/5000] loss=1.0466 lr=2.029e-04 grad_norm=2.138 samples/s=85.14
[val step 2000] loss=1.2649577345848084 m01={'mean': 0.4078578959958807, 'median': 0.40869065728572457, 'p95': 0.6768625606664678, 'tail_frac_gt4px': 0.0, 'n_matched': 12194} m02={'12-16': 0.9100346020761245, '16-32': 0.9533989911121787, '32-64': 0.9443442411749549, '64-128': 0.9424778761061947} m04={'accuracy': 0.9753157290470723, 'by_octave': {'12-16': 0.9093789607097592, '16-32': 0.983371126228269, '32-64': 0.9901773533424284, '64-128': 0.9812206572769953}} diag={'gate3_alpha_mean': 0.30418962240219116, 'gate3_alpha_min': 0.015682220458984375, 'gate3_alpha_max': 0.9814453125, 'gate3_alpha_std': 0.1657579243183136, 'gate3_alpha_p10': 0.09828872978687286, 'gate3_alpha_p50': 0.28570556640625, 'gate3_alpha_p90': 0.5263671875, 'block0_attn_entropy': 7.034773826599121, 'block1_attn_entropy': 6.941391944885254}
[step 2010/5000] loss=1.2472 lr=2.020e-04 grad_norm=1.389 samples/s=85.42
[step 2020/5000] loss=0.6088 lr=2.011e-04 grad_norm=1.700 samples/s=85.69
[step 2030/5000] loss=1.0400 lr=2.002e-04 grad_norm=1.439 samples/s=85.57
[step 2040/5000] loss=0.6432 lr=1.993e-04 grad_norm=1.334 samples/s=85.18
[step 2050/5000] loss=1.7985 lr=1.984e-04 grad_norm=1.304 samples/s=85.00
[step 2060/5000] loss=1.3299 lr=1.975e-04 grad_norm=1.783 samples/s=84.87
[step 2070/5000] loss=0.8121 lr=1.966e-04 grad_norm=0.933 samples/s=84.93
[step 2080/5000] loss=1.6517 lr=1.957e-04 grad_norm=2.780 samples/s=84.83
[step 2090/5000] loss=1.3744 lr=1.948e-04 grad_norm=1.672 samples/s=84.85
[step 2100/5000] loss=1.2621 lr=1.938e-04 grad_norm=1.532 samples/s=84.77
[step 2110/5000] loss=2.1518 lr=1.929e-04 grad_norm=1.912 samples/s=84.79
[step 2120/5000] loss=1.1371 lr=1.920e-04 grad_norm=1.417 samples/s=84.69
[step 2130/5000] loss=1.1845 lr=1.911e-04 grad_norm=1.478 samples/s=84.70
[step 2140/5000] loss=1.9414 lr=1.902e-04 grad_norm=1.814 samples/s=84.64
[step 2150/5000] loss=1.2510 lr=1.893e-04 grad_norm=1.200 samples/s=84.61
[step 2160/5000] loss=0.8275 lr=1.883e-04 grad_norm=1.467 samples/s=84.62
[step 2170/5000] loss=0.6917 lr=1.874e-04 grad_norm=1.149 samples/s=84.53
[step 2180/5000] loss=1.6555 lr=1.865e-04 grad_norm=2.371 samples/s=84.49
[step 2190/5000] loss=1.0901 lr=1.856e-04 grad_norm=2.877 samples/s=84.37
[step 2200/5000] loss=2.2240 lr=1.846e-04 grad_norm=2.030 samples/s=84.38
[step 2210/5000] loss=1.8352 lr=1.837e-04 grad_norm=1.779 samples/s=84.25
[step 2220/5000] loss=0.8283 lr=1.828e-04 grad_norm=1.492 samples/s=84.25
[step 2230/5000] loss=1.3931 lr=1.818e-04 grad_norm=1.337 samples/s=84.11
[step 2240/5000] loss=1.3616 lr=1.809e-04 grad_norm=1.408 samples/s=84.13
[step 2250/5000] loss=1.6368 lr=1.800e-04 grad_norm=2.782 samples/s=84.08
[val step 2250] loss=1.2512216653823853 m01={'mean': 0.407554744678029, 'median': 0.40869065728572457, 'p95': 0.6748700684437048, 'tail_frac_gt4px': 0.0, 'n_matched': 12196} m02={'12-16': 0.908881199538639, '16-32': 0.953158779726159, '32-64': 0.9453749033754187, '64-128': 0.9427939317319848} m04={'accuracy': 0.975811741554608, 'by_octave': {'12-16': 0.9098984771573604, '16-32': 0.9813508064516129, '32-64': 0.9926410466067048, '64-128': 0.9825678846798525}} diag={'gate3_alpha_mean': 0.29310232400894165, 'gate3_alpha_min': 0.015789031982421875, 'gate3_alpha_max': 0.9775390625, 'gate3_alpha_std': 0.1630459725856781, 'gate3_alpha_p10': 0.09287185966968536, 'gate3_alpha_p50': 0.2735595703125, 'gate3_alpha_p90': 0.513916015625, 'block0_attn_entropy': 7.037331581115723, 'block1_attn_entropy': 7.0166521072387695}
[step 2260/5000] loss=0.9888 lr=1.790e-04 grad_norm=1.454 samples/s=84.34
[step 2270/5000] loss=0.8710 lr=1.781e-04 grad_norm=1.538 samples/s=84.58
[step 2280/5000] loss=1.0693 lr=1.772e-04 grad_norm=2.098 samples/s=84.48
[step 2290/5000] loss=1.7428 lr=1.762e-04 grad_norm=2.838 samples/s=84.45
[step 2300/5000] loss=1.5369 lr=1.753e-04 grad_norm=2.398 samples/s=84.28
[step 2310/5000] loss=1.1908 lr=1.744e-04 grad_norm=1.362 samples/s=84.17
[step 2320/5000] loss=0.9044 lr=1.734e-04 grad_norm=1.114 samples/s=84.13
[step 2330/5000] loss=0.8978 lr=1.725e-04 grad_norm=1.453 samples/s=84.13
[step 2340/5000] loss=1.1583 lr=1.715e-04 grad_norm=2.163 samples/s=84.07
[step 2350/5000] loss=1.3361 lr=1.706e-04 grad_norm=2.138 samples/s=84.02
[step 2360/5000] loss=1.3044 lr=1.696e-04 grad_norm=1.808 samples/s=83.88
[step 2370/5000] loss=1.1417 lr=1.687e-04 grad_norm=1.849 samples/s=83.88
[step 2380/5000] loss=1.2887 lr=1.677e-04 grad_norm=1.602 samples/s=83.81
[step 2390/5000] loss=1.8632 lr=1.668e-04 grad_norm=2.339 samples/s=83.81
[step 2400/5000] loss=1.5221 lr=1.659e-04 grad_norm=1.659 samples/s=83.70
[step 2410/5000] loss=1.1553 lr=1.649e-04 grad_norm=1.326 samples/s=83.72
[step 2420/5000] loss=1.7184 lr=1.640e-04 grad_norm=1.621 samples/s=83.63
[step 2430/5000] loss=0.9779 lr=1.630e-04 grad_norm=1.117 samples/s=83.60
[step 2440/5000] loss=0.8910 lr=1.621e-04 grad_norm=1.277 samples/s=83.56
[step 2450/5000] loss=1.6002 lr=1.611e-04 grad_norm=3.223 samples/s=83.61
[step 2460/5000] loss=0.8991 lr=1.602e-04 grad_norm=1.465 samples/s=83.52
[step 2470/5000] loss=0.9532 lr=1.592e-04 grad_norm=1.087 samples/s=83.48
[step 2480/5000] loss=1.1312 lr=1.583e-04 grad_norm=1.950 samples/s=83.39
[step 2490/5000] loss=1.5438 lr=1.573e-04 grad_norm=1.829 samples/s=83.42
[step 2500/5000] loss=0.8617 lr=1.564e-04 grad_norm=0.968 samples/s=83.38
[val step 2500] loss=1.2486228904724122 m01={'mean': 0.40825899181053155, 'median': 0.4088780918246826, 'p95': 0.6767616762841024, 'tail_frac_gt4px': 0.0, 'n_matched': 12187} m02={'12-16': 0.908881199538639, '16-32': 0.953158779726159, '32-64': 0.9443442411749549, '64-128': 0.9412136536030341} m04={'accuracy': 0.976122097316813, 'by_octave': {'12-16': 0.9213197969543148, '16-32': 0.9788306451612904, '32-64': 0.9901773533424284, '64-128': 0.9842175957018133}} diag={'gate3_alpha_mean': 0.2930501699447632, 'gate3_alpha_min': 0.014965057373046875, 'gate3_alpha_max': 0.9794921875, 'gate3_alpha_std': 0.1634606570005417, 'gate3_alpha_p10': 0.0933990478515625, 'gate3_alpha_p50': 0.27162933349609375, 'gate3_alpha_p90': 0.510498046875, 'block0_attn_entropy': 7.033456325531006, 'block1_attn_entropy': 7.202436923980713}
[step 2510/5000] loss=0.8093 lr=1.554e-04 grad_norm=0.980 samples/s=83.60
[step 2520/5000] loss=0.7858 lr=1.545e-04 grad_norm=1.584 samples/s=83.82
[step 2530/5000] loss=0.8797 lr=1.535e-04 grad_norm=1.347 samples/s=83.62
[step 2540/5000] loss=1.6512 lr=1.525e-04 grad_norm=1.460 samples/s=83.63
[step 2550/5000] loss=0.8832 lr=1.516e-04 grad_norm=1.334 samples/s=83.38
[step 2560/5000] loss=0.7459 lr=1.506e-04 grad_norm=1.602 samples/s=83.34
[step 2570/5000] loss=0.7646 lr=1.497e-04 grad_norm=1.497 samples/s=83.22
[step 2580/5000] loss=1.3431 lr=1.487e-04 grad_norm=1.411 samples/s=83.23
[step 2590/5000] loss=1.4358 lr=1.478e-04 grad_norm=2.769 samples/s=83.18
[step 2600/5000] loss=1.1339 lr=1.468e-04 grad_norm=2.614 samples/s=83.19
[step 2610/5000] loss=1.1401 lr=1.459e-04 grad_norm=2.189 samples/s=83.13
[step 2620/5000] loss=1.7105 lr=1.449e-04 grad_norm=1.792 samples/s=83.13
[step 2630/5000] loss=1.2616 lr=1.440e-04 grad_norm=1.692 samples/s=83.02
[step 2640/5000] loss=0.8347 lr=1.430e-04 grad_norm=1.959 samples/s=83.07
[step 2650/5000] loss=0.6962 lr=1.421e-04 grad_norm=1.161 samples/s=82.98
[step 2660/5000] loss=1.0279 lr=1.411e-04 grad_norm=1.029 samples/s=83.02
[step 2670/5000] loss=1.6451 lr=1.402e-04 grad_norm=1.891 samples/s=82.94
[step 2680/5000] loss=1.1749 lr=1.392e-04 grad_norm=1.793 samples/s=82.97
[step 2690/5000] loss=1.5152 lr=1.383e-04 grad_norm=1.580 samples/s=82.83
[step 2700/5000] loss=1.1571 lr=1.373e-04 grad_norm=0.950 samples/s=82.88
[step 2710/5000] loss=1.0012 lr=1.364e-04 grad_norm=1.396 samples/s=82.75
[step 2720/5000] loss=2.2342 lr=1.354e-04 grad_norm=1.849 samples/s=82.74
[step 2730/5000] loss=1.7375 lr=1.345e-04 grad_norm=1.922 samples/s=82.68
[step 2740/5000] loss=0.7599 lr=1.335e-04 grad_norm=1.600 samples/s=82.64
[step 2750/5000] loss=0.8693 lr=1.326e-04 grad_norm=1.355 samples/s=82.60
[val step 2750] loss=1.239849934577942 m01={'mean': 0.40878160159021476, 'median': 0.40873745312568077, 'p95': 0.6771721972912501, 'tail_frac_gt4px': 8.197393228953193e-05, 'n_matched': 12199} m02={'12-16': 0.9106113033448674, '16-32': 0.9541196252702379, '32-64': 0.9453749033754187, '64-128': 0.9415297092288243} m04={'accuracy': 0.9780309861464055, 'by_octave': {'12-16': 0.9233692210259657, '16-32': 0.9818731117824774, '32-64': 0.9915508312891796, '64-128': 0.9852299429338705}} diag={'gate3_alpha_mean': 0.28061243891716003, 'gate3_alpha_min': 0.013576507568359375, 'gate3_alpha_max': 0.98828125, 'gate3_alpha_std': 0.16192160546779633, 'gate3_alpha_p10': 0.08783721923828125, 'gate3_alpha_p50': 0.25638580322265625, 'gate3_alpha_p90': 0.4936537742614746, 'block0_attn_entropy': 7.059715270996094, 'block1_attn_entropy': 6.837207317352295}
[step 2760/5000] loss=0.9229 lr=1.317e-04 grad_norm=1.745 samples/s=82.82
[step 2770/5000] loss=1.0399 lr=1.307e-04 grad_norm=1.726 samples/s=82.98
[step 2780/5000] loss=1.2963 lr=1.298e-04 grad_norm=1.694 samples/s=82.88
[step 2790/5000] loss=0.7397 lr=1.288e-04 grad_norm=1.957 samples/s=82.85
[step 2800/5000] loss=1.1423 lr=1.279e-04 grad_norm=1.471 samples/s=82.66
[step 2810/5000] loss=0.8738 lr=1.270e-04 grad_norm=1.137 samples/s=82.54
[step 2820/5000] loss=0.6418 lr=1.260e-04 grad_norm=1.065 samples/s=82.55
[step 2830/5000] loss=1.7056 lr=1.251e-04 grad_norm=1.534 samples/s=82.57
[step 2840/5000] loss=1.2118 lr=1.241e-04 grad_norm=1.882 samples/s=82.59
[step 2850/5000] loss=1.1276 lr=1.232e-04 grad_norm=1.354 samples/s=82.55
[step 2860/5000] loss=0.7703 lr=1.223e-04 grad_norm=1.936 samples/s=82.57
[step 2870/5000] loss=1.4609 lr=1.213e-04 grad_norm=2.269 samples/s=82.48
[step 2880/5000] loss=0.8117 lr=1.204e-04 grad_norm=1.123 samples/s=82.43
[step 2890/5000] loss=0.9405 lr=1.195e-04 grad_norm=1.250 samples/s=82.30
[step 2900/5000] loss=1.2518 lr=1.185e-04 grad_norm=1.356 samples/s=82.32
[step 2910/5000] loss=0.9694 lr=1.176e-04 grad_norm=1.572 samples/s=82.25
[step 2920/5000] loss=1.0597 lr=1.167e-04 grad_norm=1.434 samples/s=82.27
[step 2930/5000] loss=0.8132 lr=1.158e-04 grad_norm=1.183 samples/s=82.21
[step 2940/5000] loss=1.0601 lr=1.148e-04 grad_norm=1.346 samples/s=82.21
[step 2950/5000] loss=0.6734 lr=1.139e-04 grad_norm=0.795 samples/s=82.10
[step 2960/5000] loss=1.2504 lr=1.130e-04 grad_norm=1.826 samples/s=82.06
[step 2970/5000] loss=0.8745 lr=1.121e-04 grad_norm=1.445 samples/s=82.04
[step 2980/5000] loss=0.8446 lr=1.112e-04 grad_norm=1.669 samples/s=82.07
[step 2990/5000] loss=1.5699 lr=1.103e-04 grad_norm=1.542 samples/s=81.98
[step 3000/5000] loss=0.7684 lr=1.093e-04 grad_norm=0.916 samples/s=82.03
[val step 3000] loss=1.2379199471473694 m01={'mean': 0.4080015273898845, 'median': 0.40873745312568077, 'p95': 0.6767884342794458, 'tail_frac_gt4px': 0.0, 'n_matched': 12183} m02={'12-16': 0.9100346020761245, '16-32': 0.9526783569541196, '32-64': 0.9446019067250708, '64-128': 0.9396333754740834} m04={'accuracy': 0.9786587868341131, 'by_octave': {'12-16': 0.9169835234474017, '16-32': 0.9846192637418053, '32-64': 0.9926350245499181, '64-128': 0.986209216279852}} diag={'gate3_alpha_mean': 0.2870614528656006, 'gate3_alpha_min': 0.013631820678710938, 'gate3_alpha_max': 0.978515625, 'gate3_alpha_std': 0.16230054199695587, 'gate3_alpha_p10': 0.09259033203125, 'gate3_alpha_p50': 0.26287841796875, 'gate3_alpha_p90': 0.50732421875, 'block0_attn_entropy': 7.024775505065918, 'block1_attn_entropy': 6.926759719848633}
[step 3010/5000] loss=1.0472 lr=1.084e-04 grad_norm=1.316 samples/s=82.21
[step 3020/5000] loss=0.8512 lr=1.075e-04 grad_norm=0.742 samples/s=82.39
[step 3030/5000] loss=1.4730 lr=1.066e-04 grad_norm=1.764 samples/s=82.32
[step 3040/5000] loss=0.7202 lr=1.057e-04 grad_norm=1.165 samples/s=82.34
[step 3050/5000] loss=0.9807 lr=1.048e-04 grad_norm=1.136 samples/s=82.04
[step 3060/5000] loss=1.3260 lr=1.039e-04 grad_norm=1.705 samples/s=82.07
[step 3070/5000] loss=1.0091 lr=1.030e-04 grad_norm=1.470 samples/s=82.01
[step 3080/5000] loss=1.2517 lr=1.021e-04 grad_norm=1.817 samples/s=82.06
[step 3090/5000] loss=1.0382 lr=1.012e-04 grad_norm=1.430 samples/s=81.95
[step 3100/5000] loss=0.6199 lr=1.003e-04 grad_norm=1.399 samples/s=81.95
[step 3110/5000] loss=1.1610 lr=9.941e-05 grad_norm=1.189 samples/s=81.86
[step 3120/5000] loss=1.2215 lr=9.852e-05 grad_norm=1.558 samples/s=81.87
[step 3130/5000] loss=1.4717 lr=9.763e-05 grad_norm=2.138 samples/s=81.82
[step 3140/5000] loss=1.4180 lr=9.674e-05 grad_norm=1.521 samples/s=81.84
[step 3150/5000] loss=0.7795 lr=9.586e-05 grad_norm=1.107 samples/s=81.82
[step 3160/5000] loss=1.2249 lr=9.498e-05 grad_norm=1.265 samples/s=81.84
[step 3170/5000] loss=0.9568 lr=9.410e-05 grad_norm=1.400 samples/s=81.78
[step 3180/5000] loss=1.5224 lr=9.322e-05 grad_norm=2.047 samples/s=81.76
[step 3190/5000] loss=1.0127 lr=9.235e-05 grad_norm=1.397 samples/s=81.74
[step 3200/5000] loss=0.9658 lr=9.148e-05 grad_norm=1.618 samples/s=81.68
[step 3210/5000] loss=1.1882 lr=9.061e-05 grad_norm=1.994 samples/s=81.66
[step 3220/5000] loss=1.0339 lr=8.974e-05 grad_norm=1.731 samples/s=81.62
[step 3230/5000] loss=1.1827 lr=8.888e-05 grad_norm=0.969 samples/s=81.63
[step 3240/5000] loss=2.1792 lr=8.801e-05 grad_norm=2.338 samples/s=81.56
[step 3250/5000] loss=1.7127 lr=8.715e-05 grad_norm=1.378 samples/s=81.56
[val step 3250] loss=1.2352162961959838 m01={'mean': 0.408733634108448, 'median': 0.40858137532990735, 'p95': 0.6767416077875951, 'tail_frac_gt4px': 8.203445447087777e-05, 'n_matched': 12190} m02={'12-16': 0.9123414071510957, '16-32': 0.953158779726159, '32-64': 0.9453749033754187, '64-128': 0.9390012642225032} m04={'accuracy': 0.9809680065627564, 'by_octave': {'12-16': 0.9266750948166877, '16-32': 0.9858870967741935, '32-64': 0.9929136004360861, '64-128': 0.988556041736789}} diag={'gate3_alpha_mean': 0.27638480067253113, 'gate3_alpha_min': 0.011968612670898438, 'gate3_alpha_max': 0.9912109375, 'gate3_alpha_std': 0.16281434893608093, 'gate3_alpha_p10': 0.0866546630859375, 'gate3_alpha_p50': 0.2490081787109375, 'gate3_alpha_p90': 0.4923095703125, 'block0_attn_entropy': 7.002604961395264, 'block1_attn_entropy': 6.8755340576171875}
[step 3260/5000] loss=0.8297 lr=8.630e-05 grad_norm=1.076 samples/s=81.73
[step 3270/5000] loss=0.9544 lr=8.544e-05 grad_norm=1.122 samples/s=81.89
[step 3280/5000] loss=1.7981 lr=8.459e-05 grad_norm=1.952 samples/s=81.80
[step 3290/5000] loss=1.3075 lr=8.374e-05 grad_norm=1.789 samples/s=81.74
[step 3300/5000] loss=1.1306 lr=8.290e-05 grad_norm=1.209 samples/s=81.60
[step 3310/5000] loss=0.6386 lr=8.205e-05 grad_norm=1.126 samples/s=81.53
[step 3320/5000] loss=1.1237 lr=8.121e-05 grad_norm=1.915 samples/s=81.52
[step 3330/5000] loss=1.4910 lr=8.038e-05 grad_norm=1.511 samples/s=81.51
[step 3340/5000] loss=1.0151 lr=7.954e-05 grad_norm=1.706 samples/s=81.54
[step 3350/5000] loss=1.4114 lr=7.871e-05 grad_norm=1.633 samples/s=81.45
[step 3360/5000] loss=1.4757 lr=7.788e-05 grad_norm=1.128 samples/s=81.47
[step 3370/5000] loss=0.9582 lr=7.706e-05 grad_norm=1.408 samples/s=81.37
[step 3380/5000] loss=1.3903 lr=7.624e-05 grad_norm=2.058 samples/s=81.35
[step 3390/5000] loss=0.8707 lr=7.542e-05 grad_norm=1.400 samples/s=81.27
[step 3400/5000] loss=2.1082 lr=7.460e-05 grad_norm=1.960 samples/s=81.29
[step 3410/5000] loss=0.7979 lr=7.379e-05 grad_norm=2.233 samples/s=81.23
[step 3420/5000] loss=1.1714 lr=7.298e-05 grad_norm=1.186 samples/s=81.26
[step 3430/5000] loss=1.0134 lr=7.217e-05 grad_norm=1.398 samples/s=81.13
[step 3440/5000] loss=0.9499 lr=7.137e-05 grad_norm=1.116 samples/s=81.17
[step 3450/5000] loss=0.8327 lr=7.057e-05 grad_norm=0.992 samples/s=81.09
[step 3460/5000] loss=0.8637 lr=6.977e-05 grad_norm=2.095 samples/s=81.11
[step 3470/5000] loss=2.1586 lr=6.898e-05 grad_norm=1.688 samples/s=81.08
[step 3480/5000] loss=0.8119 lr=6.819e-05 grad_norm=1.030 samples/s=81.13
[step 3490/5000] loss=0.8659 lr=6.740e-05 grad_norm=0.993 samples/s=81.09
[step 3500/5000] loss=1.5367 lr=6.662e-05 grad_norm=1.427 samples/s=81.11
[val step 3500] loss=1.2308333668708802 m01={'mean': 0.4079109159050748, 'median': 0.40858137532990735, 'p95': 0.6771855173520583, 'tail_frac_gt4px': 0.0, 'n_matched': 12192} m02={'12-16': 0.9117647058823529, '16-32': 0.9529185683401393, '32-64': 0.9458902344756506, '64-128': 0.9396333754740834} m04={'accuracy': 0.9808070866141733, 'by_octave': {'12-16': 0.9240986717267552, '16-32': 0.987143937484245, '32-64': 0.9926450558430945, '64-128': 0.987891019172553}} diag={'gate3_alpha_mean': 0.2617052495479584, 'gate3_alpha_min': 0.012376785278320312, 'gate3_alpha_max': 0.9892578125, 'gate3_alpha_std': 0.1570679396390915, 'gate3_alpha_p10': 0.081298828125, 'gate3_alpha_p50': 0.235107421875, 'gate3_alpha_p90': 0.46277713775634766, 'block0_attn_entropy': 7.008006572723389, 'block1_attn_entropy': 6.985960483551025}
[step 3510/5000] loss=0.9082 lr=6.584e-05 grad_norm=1.005 samples/s=81.27
[step 3520/5000] loss=0.5655 lr=6.506e-05 grad_norm=1.119 samples/s=81.43
[step 3530/5000] loss=1.3626 lr=6.429e-05 grad_norm=1.144 samples/s=81.32
[step 3540/5000] loss=1.0068 lr=6.352e-05 grad_norm=0.834 samples/s=81.32
[step 3550/5000] loss=0.9867 lr=6.276e-05 grad_norm=1.320 samples/s=81.26
[step 3560/5000] loss=2.2413 lr=6.200e-05 grad_norm=2.301 samples/s=81.18
[step 3570/5000] loss=0.9096 lr=6.124e-05 grad_norm=3.058 samples/s=81.20
[step 3580/5000] loss=0.8298 lr=6.048e-05 grad_norm=1.316 samples/s=81.21
[step 3590/5000] loss=0.8886 lr=5.973e-05 grad_norm=1.452 samples/s=81.20
[step 3600/5000] loss=0.8739 lr=5.899e-05 grad_norm=1.667 samples/s=81.14
[step 3610/5000] loss=1.6012 lr=5.824e-05 grad_norm=1.780 samples/s=81.04
[step 3620/5000] loss=0.7972 lr=5.750e-05 grad_norm=1.148 samples/s=81.07
[step 3630/5000] loss=0.9468 lr=5.677e-05 grad_norm=1.259 samples/s=81.03
[step 3640/5000] loss=0.7937 lr=5.604e-05 grad_norm=1.068 samples/s=81.06
[step 3650/5000] loss=1.1530 lr=5.531e-05 grad_norm=2.106 samples/s=81.01
[step 3660/5000] loss=1.5834 lr=5.459e-05 grad_norm=1.559 samples/s=81.00
[step 3670/5000] loss=0.6270 lr=5.387e-05 grad_norm=1.104 samples/s=80.99
[step 3680/5000] loss=1.2183 lr=5.315e-05 grad_norm=1.128 samples/s=80.91
[step 3690/5000] loss=0.8703 lr=5.244e-05 grad_norm=1.444 samples/s=80.91
[step 3700/5000] loss=1.1614 lr=5.173e-05 grad_norm=1.513 samples/s=80.88
[step 3710/5000] loss=1.1466 lr=5.103e-05 grad_norm=1.630 samples/s=80.89
[step 3720/5000] loss=1.0629 lr=5.033e-05 grad_norm=1.342 samples/s=80.83
[step 3730/5000] loss=1.3798 lr=4.964e-05 grad_norm=1.642 samples/s=80.87
[step 3740/5000] loss=1.0893 lr=4.895e-05 grad_norm=1.331 samples/s=80.81
[step 3750/5000] loss=1.0392 lr=4.826e-05 grad_norm=0.970 samples/s=80.79
[val step 3750] loss=1.2263738012313843 m01={'mean': 0.4083329364023344, 'median': 0.4087474996963729, 'p95': 0.6779322859830956, 'tail_frac_gt4px': 0.0, 'n_matched': 12191} m02={'12-16': 0.9140715109573241, '16-32': 0.9524381455680999, '32-64': 0.9453749033754187, '64-128': 0.9393173198482933} m04={'accuracy': 0.9811336231646296, 'by_octave': {'12-16': 0.9280757097791799, '16-32': 0.9848675914249685, '32-64': 0.99373126192423, '64-128': 0.9888963660834454}} diag={'gate3_alpha_mean': 0.2686423361301422, 'gate3_alpha_min': 0.012475967407226562, 'gate3_alpha_max': 0.98828125, 'gate3_alpha_std': 0.16056333482265472, 'gate3_alpha_p10': 0.0821075439453125, 'gate3_alpha_p50': 0.2418212890625, 'gate3_alpha_p90': 0.4793701171875, 'block0_attn_entropy': 7.018155097961426, 'block1_attn_entropy': 6.9169158935546875}
[step 3760/5000] loss=0.7050 lr=4.758e-05 grad_norm=1.106 samples/s=80.94
[step 3770/5000] loss=0.6528 lr=4.690e-05 grad_norm=0.974 samples/s=81.08
[step 3780/5000] loss=2.2478 lr=4.623e-05 grad_norm=1.622 samples/s=81.01
[step 3790/5000] loss=0.7891 lr=4.556e-05 grad_norm=1.004 samples/s=80.97
[step 3800/5000] loss=1.5162 lr=4.489e-05 grad_norm=1.671 samples/s=80.82
[step 3810/5000] loss=1.3053 lr=4.423e-05 grad_norm=1.123 samples/s=80.78
[step 3820/5000] loss=1.3619 lr=4.357e-05 grad_norm=1.693 samples/s=80.76
[step 3830/5000] loss=1.5199 lr=4.292e-05 grad_norm=1.507 samples/s=80.78
[step 3840/5000] loss=0.9670 lr=4.228e-05 grad_norm=1.511 samples/s=80.73
[step 3850/5000] loss=0.8661 lr=4.163e-05 grad_norm=1.216 samples/s=80.73
[step 3860/5000] loss=1.0128 lr=4.099e-05 grad_norm=1.741 samples/s=80.67
[step 3870/5000] loss=2.0601 lr=4.036e-05 grad_norm=2.497 samples/s=80.69
[step 3880/5000] loss=0.7415 lr=3.973e-05 grad_norm=1.121 samples/s=80.67
[step 3890/5000] loss=0.7465 lr=3.911e-05 grad_norm=2.348 samples/s=80.66
[step 3900/5000] loss=0.6363 lr=3.849e-05 grad_norm=0.647 samples/s=80.58
[step 3910/5000] loss=0.8324 lr=3.787e-05 grad_norm=1.082 samples/s=80.58
[step 3920/5000] loss=1.8509 lr=3.726e-05 grad_norm=3.102 samples/s=80.56
[step 3930/5000] loss=1.0277 lr=3.666e-05 grad_norm=1.057 samples/s=80.55
[step 3940/5000] loss=1.6767 lr=3.605e-05 grad_norm=1.846 samples/s=80.50
[step 3950/5000] loss=0.7267 lr=3.546e-05 grad_norm=1.192 samples/s=80.51
[step 3960/5000] loss=1.2415 lr=3.487e-05 grad_norm=1.547 samples/s=80.42
[step 3970/5000] loss=1.1258 lr=3.428e-05 grad_norm=1.579 samples/s=80.45
[step 3980/5000] loss=1.0730 lr=3.370e-05 grad_norm=1.769 samples/s=80.41
[step 3990/5000] loss=0.7556 lr=3.312e-05 grad_norm=1.412 samples/s=80.44
[step 4000/5000] loss=1.0766 lr=3.255e-05 grad_norm=1.401 samples/s=80.37
[val step 4000] loss=1.2213867826461793 m01={'mean': 0.4084753054838859, 'median': 0.4088288829314817, 'p95': 0.6777847635634153, 'tail_frac_gt4px': 0.0, 'n_matched': 12199} m02={'12-16': 0.9140715109573241, '16-32': 0.9533989911121787, '32-64': 0.9456325689255347, '64-128': 0.9402654867256637} m04={'accuracy': 0.9808180998442495, 'by_octave': {'12-16': 0.9236593059936908, '16-32': 0.9853867472915092, '32-64': 0.9942779291553133, '64-128': 0.9885714285714285}} diag={'gate3_alpha_mean': 0.2711467444896698, 'gate3_alpha_min': 0.011762619018554688, 'gate3_alpha_max': 0.9892578125, 'gate3_alpha_std': 0.16198377311229706, 'gate3_alpha_p10': 0.0825958251953125, 'gate3_alpha_p50': 0.243896484375, 'gate3_alpha_p90': 0.48486328125, 'block0_attn_entropy': 7.007540225982666, 'block1_attn_entropy': 7.123447418212891}
[step 4010/5000] loss=1.2098 lr=3.198e-05 grad_norm=1.298 samples/s=80.50
[step 4020/5000] loss=1.0240 lr=3.142e-05 grad_norm=1.708 samples/s=80.63
[step 4030/5000] loss=1.1686 lr=3.086e-05 grad_norm=3.178 samples/s=80.58
[step 4040/5000] loss=0.8841 lr=3.031e-05 grad_norm=1.515 samples/s=80.60
[step 4050/5000] loss=1.1270 lr=2.976e-05 grad_norm=1.237 samples/s=80.45
[step 4060/5000] loss=1.1973 lr=2.922e-05 grad_norm=1.773 samples/s=80.44
[step 4070/5000] loss=1.1347 lr=2.868e-05 grad_norm=1.048 samples/s=80.38
[step 4080/5000] loss=0.8947 lr=2.815e-05 grad_norm=1.396 samples/s=80.39
[step 4090/5000] loss=1.3941 lr=2.762e-05 grad_norm=1.234 samples/s=80.34
[step 4100/5000] loss=1.9477 lr=2.710e-05 grad_norm=1.520 samples/s=80.36
[step 4110/5000] loss=1.6378 lr=2.658e-05 grad_norm=2.500 samples/s=80.32
[step 4120/5000] loss=1.2529 lr=2.607e-05 grad_norm=1.411 samples/s=80.36
[step 4130/5000] loss=1.5207 lr=2.556e-05 grad_norm=1.113 samples/s=80.34
[step 4140/5000] loss=1.0219 lr=2.506e-05 grad_norm=1.661 samples/s=80.36
[step 4150/5000] loss=0.9460 lr=2.456e-05 grad_norm=1.956 samples/s=80.29
[step 4160/5000] loss=1.2243 lr=2.407e-05 grad_norm=1.404 samples/s=80.29
[step 4170/5000] loss=0.9030 lr=2.358e-05 grad_norm=1.166 samples/s=80.23
[step 4180/5000] loss=1.2111 lr=2.310e-05 grad_norm=1.500 samples/s=80.25
[step 4190/5000] loss=0.6987 lr=2.263e-05 grad_norm=0.902 samples/s=80.19
[step 4200/5000] loss=0.8768 lr=2.216e-05 grad_norm=1.155 samples/s=80.20
[step 4210/5000] loss=0.9157 lr=2.169e-05 grad_norm=0.945 samples/s=80.15
[step 4220/5000] loss=1.6541 lr=2.123e-05 grad_norm=2.360 samples/s=80.14
[step 4230/5000] loss=1.1532 lr=2.078e-05 grad_norm=1.402 samples/s=80.08
[step 4240/5000] loss=1.6972 lr=2.033e-05 grad_norm=1.517 samples/s=80.10
[step 4250/5000] loss=1.4164 lr=1.988e-05 grad_norm=3.630 samples/s=80.05
[val step 4250] loss=1.2173204765319825 m01={'mean': 0.40852319962185524, 'median': 0.4088207511441335, 'p95': 0.6777910059098377, 'tail_frac_gt4px': 0.0, 'n_matched': 12195} m02={'12-16': 0.9140715109573241, '16-32': 0.9526783569541196, '32-64': 0.9453749033754187, '64-128': 0.9402654867256637} m04={'accuracy': 0.9820418204182042, 'by_octave': {'12-16': 0.9305993690851735, '16-32': 0.9863842662632375, '32-64': 0.9940038157536113, '64-128': 0.9889075630252101}} diag={'gate3_alpha_mean': 0.2744418978691101, 'gate3_alpha_min': 0.011800765991210938, 'gate3_alpha_max': 0.988037109375, 'gate3_alpha_std': 0.16338059306144714, 'gate3_alpha_p10': 0.08350372314453125, 'gate3_alpha_p50': 0.24698638916015625, 'gate3_alpha_p90': 0.48981285095214844, 'block0_attn_entropy': 7.00924015045166, 'block1_attn_entropy': 7.079773902893066}
[step 4260/5000] loss=1.3336 lr=1.945e-05 grad_norm=1.789 samples/s=80.18
[step 4270/5000] loss=0.8368 lr=1.901e-05 grad_norm=1.514 samples/s=80.31
[step 4280/5000] loss=1.8199 lr=1.859e-05 grad_norm=1.342 samples/s=80.26
[step 4290/5000] loss=1.2271 lr=1.816e-05 grad_norm=2.510 samples/s=80.21
[step 4300/5000] loss=1.4185 lr=1.775e-05 grad_norm=1.858 samples/s=80.17
[step 4310/5000] loss=1.2610 lr=1.734e-05 grad_norm=1.644 samples/s=80.13
[step 4320/5000] loss=1.3718 lr=1.693e-05 grad_norm=1.667 samples/s=80.14
[step 4330/5000] loss=1.3641 lr=1.653e-05 grad_norm=2.288 samples/s=80.12
[step 4340/5000] loss=0.9055 lr=1.614e-05 grad_norm=1.061 samples/s=80.14
[step 4350/5000] loss=1.1004 lr=1.575e-05 grad_norm=1.393 samples/s=80.09
[step 4360/5000] loss=0.6771 lr=1.537e-05 grad_norm=1.366 samples/s=80.11
[step 4370/5000] loss=1.1881 lr=1.499e-05 grad_norm=1.724 samples/s=80.07
[step 4380/5000] loss=0.7185 lr=1.462e-05 grad_norm=1.416 samples/s=80.09
[step 4390/5000] loss=0.9675 lr=1.425e-05 grad_norm=1.523 samples/s=80.03
[step 4400/5000] loss=1.1110 lr=1.389e-05 grad_norm=1.777 samples/s=80.05
[step 4410/5000] loss=1.0066 lr=1.353e-05 grad_norm=1.638 samples/s=79.98
[step 4420/5000] loss=0.7319 lr=1.318e-05 grad_norm=1.167 samples/s=79.98
[step 4430/5000] loss=1.1916 lr=1.284e-05 grad_norm=1.560 samples/s=79.94
[step 4440/5000] loss=0.4690 lr=1.250e-05 grad_norm=0.942 samples/s=79.97
[step 4450/5000] loss=1.0199 lr=1.217e-05 grad_norm=1.427 samples/s=79.95
[step 4460/5000] loss=1.1933 lr=1.184e-05 grad_norm=1.644 samples/s=79.97
[step 4470/5000] loss=1.8595 lr=1.152e-05 grad_norm=2.107 samples/s=79.92
[step 4480/5000] loss=0.7375 lr=1.121e-05 grad_norm=0.864 samples/s=79.96
[step 4490/5000] loss=1.7750 lr=1.090e-05 grad_norm=1.814 samples/s=79.90
[step 4500/5000] loss=0.8149 lr=1.060e-05 grad_norm=1.226 samples/s=79.92
[val step 4500] loss=1.2181411237716675 m01={'mean': 0.40928202043137524, 'median': 0.4088226806099023, 'p95': 0.6783048651084473, 'tail_frac_gt4px': 8.198737394441256e-05, 'n_matched': 12197} m02={'12-16': 0.9146482122260668, '16-32': 0.9529185683401393, '32-64': 0.9451172378253028, '64-128': 0.9405815423514539} m04={'accuracy': 0.9814708534885628, 'by_octave': {'12-16': 0.9281210592686002, '16-32': 0.98638769851273, '32-64': 0.9940021810250818, '64-128': 0.9879032258064516}} diag={'gate3_alpha_mean': 0.27215689420700073, 'gate3_alpha_min': 0.011646270751953125, 'gate3_alpha_max': 0.9892578125, 'gate3_alpha_std': 0.16303913295269012, 'gate3_alpha_p10': 0.08248062431812286, 'gate3_alpha_p50': 0.2445526123046875, 'gate3_alpha_p90': 0.485595703125, 'block0_attn_entropy': 7.006325721740723, 'block1_attn_entropy': 7.08967399597168}
[step 4510/5000] loss=1.3415 lr=1.030e-05 grad_norm=1.836 samples/s=80.04
[step 4520/5000] loss=0.8725 lr=1.001e-05 grad_norm=1.170 samples/s=80.16
[step 4530/5000] loss=0.8273 lr=9.720e-06 grad_norm=1.073 samples/s=80.12
[step 4540/5000] loss=1.3530 lr=9.439e-06 grad_norm=1.860 samples/s=80.11
[step 4550/5000] loss=1.8793 lr=9.165e-06 grad_norm=2.219 samples/s=79.98
[step 4560/5000] loss=0.5695 lr=8.896e-06 grad_norm=1.601 samples/s=79.97
[step 4570/5000] loss=0.8722 lr=8.634e-06 grad_norm=1.213 samples/s=79.94
[step 4580/5000] loss=1.5290 lr=8.377e-06 grad_norm=3.904 samples/s=79.96
[step 4590/5000] loss=1.0321 lr=8.126e-06 grad_norm=1.642 samples/s=79.94
[step 4600/5000] loss=2.2353 lr=7.881e-06 grad_norm=2.601 samples/s=79.95
[step 4610/5000] loss=1.2922 lr=7.642e-06 grad_norm=2.397 samples/s=79.90
[step 4620/5000] loss=1.4191 lr=7.409e-06 grad_norm=1.809 samples/s=79.92
[step 4630/5000] loss=1.1385 lr=7.181e-06 grad_norm=1.403 samples/s=79.85
[step 4640/5000] loss=1.2668 lr=6.960e-06 grad_norm=1.275 samples/s=79.88
[step 4650/5000] loss=0.7972 lr=6.744e-06 grad_norm=0.918 samples/s=79.86
[step 4660/5000] loss=0.6151 lr=6.535e-06 grad_norm=1.240 samples/s=79.86
[step 4670/5000] loss=1.6363 lr=6.331e-06 grad_norm=1.535 samples/s=79.81
[step 4680/5000] loss=0.7147 lr=6.134e-06 grad_norm=1.084 samples/s=79.82
[step 4690/5000] loss=1.2175 lr=5.942e-06 grad_norm=2.640 samples/s=79.80
[step 4700/5000] loss=0.5374 lr=5.757e-06 grad_norm=0.967 samples/s=79.76
[step 4710/5000] loss=0.9178 lr=5.577e-06 grad_norm=0.986 samples/s=79.77
[step 4720/5000] loss=1.4344 lr=5.403e-06 grad_norm=1.500 samples/s=79.72
[step 4730/5000] loss=1.0171 lr=5.236e-06 grad_norm=1.891 samples/s=79.74
[step 4740/5000] loss=0.9449 lr=5.074e-06 grad_norm=1.639 samples/s=79.72
[step 4750/5000] loss=1.7116 lr=4.919e-06 grad_norm=1.350 samples/s=79.69
[val step 4750] loss=1.2171350388526916 m01={'mean': 0.40897350393625587, 'median': 0.40864386144576836, 'p95': 0.6779083996109397, 'tail_frac_gt4px': 8.201427048306405e-05, 'n_matched': 12193} m02={'12-16': 0.9129181084198386, '16-32': 0.9536392024981984, '32-64': 0.9448595722751868, '64-128': 0.9396333754740834} m04={'accuracy': 0.9816288034117937, 'by_octave': {'12-16': 0.9279848389134555, '16-32': 0.9861460957178841, '32-64': 0.9934551404417781, '64-128': 0.989572822065254}} diag={'gate3_alpha_mean': 0.267048716545105, 'gate3_alpha_min': 0.01143646240234375, 'gate3_alpha_max': 0.989990234375, 'gate3_alpha_std': 0.16193851828575134, 'gate3_alpha_p10': 0.080078125, 'gate3_alpha_p50': 0.23876953125, 'gate3_alpha_p90': 0.478271484375, 'block0_attn_entropy': 7.004632472991943, 'block1_attn_entropy': 7.121676445007324}
[step 4760/5000] loss=1.0694 lr=4.769e-06 grad_norm=1.686 samples/s=79.80
[step 4770/5000] loss=0.8239 lr=4.626e-06 grad_norm=1.155 samples/s=79.92
[step 4780/5000] loss=1.5745 lr=4.488e-06 grad_norm=1.840 samples/s=79.87
[step 4790/5000] loss=1.3727 lr=4.357e-06 grad_norm=1.612 samples/s=79.86
[step 4800/5000] loss=0.9213 lr=4.231e-06 grad_norm=1.364 samples/s=79.70
[step 4810/5000] loss=1.0877 lr=4.112e-06 grad_norm=1.218 samples/s=79.67
[step 4820/5000] loss=1.4745 lr=3.999e-06 grad_norm=1.402 samples/s=79.61
[step 4830/5000] loss=1.2836 lr=3.892e-06 grad_norm=1.744 samples/s=79.65
[step 4840/5000] loss=1.1283 lr=3.790e-06 grad_norm=2.648 samples/s=79.63
[step 4850/5000] loss=0.7489 lr=3.695e-06 grad_norm=1.100 samples/s=79.62
[step 4860/5000] loss=1.0061 lr=3.606e-06 grad_norm=1.284 samples/s=79.58
[step 4870/5000] loss=0.7924 lr=3.523e-06 grad_norm=2.144 samples/s=79.58
[step 4880/5000] loss=0.9089 lr=3.447e-06 grad_norm=1.779 samples/s=79.54
[step 4890/5000] loss=1.9069 lr=3.376e-06 grad_norm=1.862 samples/s=79.56
[step 4900/5000] loss=1.1261 lr=3.311e-06 grad_norm=2.635 samples/s=79.54
[step 4910/5000] loss=0.9753 lr=3.253e-06 grad_norm=1.239 samples/s=79.54
[step 4920/5000] loss=0.8564 lr=3.200e-06 grad_norm=1.860 samples/s=79.51
[step 4930/5000] loss=1.2885 lr=3.154e-06 grad_norm=1.624 samples/s=79.51
[step 4940/5000] loss=1.2942 lr=3.114e-06 grad_norm=2.060 samples/s=79.48
[step 4950/5000] loss=1.0821 lr=3.079e-06 grad_norm=2.320 samples/s=79.49
[step 4960/5000] loss=0.6528 lr=3.051e-06 grad_norm=1.581 samples/s=79.44
[step 4970/5000] loss=0.9913 lr=3.029e-06 grad_norm=1.331 samples/s=79.47
[step 4980/5000] loss=1.2320 lr=3.013e-06 grad_norm=1.287 samples/s=79.43
[step 4990/5000] loss=0.7900 lr=3.004e-06 grad_norm=1.345 samples/s=79.45
[step 5000/5000] loss=1.3011 lr=3.000e-06 grad_norm=1.504 samples/s=79.43
[val step 5000] loss=1.2154721326828002 m01={'mean': 0.40887335417603893, 'median': 0.40853668612566707, 'p95': 0.6770429322562052, 'tail_frac_gt4px': 8.200754469411185e-05, 'n_matched': 12194} m02={'12-16': 0.9134948096885813, '16-32': 0.9533989911121787, '32-64': 0.9451172378253028, '64-128': 0.9396333754740834} m04={'accuracy': 0.98245038543546, 'by_octave': {'12-16': 0.92739898989899, '16-32': 0.9876543209876543, '32-64': 0.9942748091603053, '64-128': 0.9902455432223344}} diag={'gate3_alpha_mean': 0.27019134163856506, 'gate3_alpha_min': 0.011646270751953125, 'gate3_alpha_max': 0.9892578125, 'gate3_alpha_std': 0.16244789958000183, 'gate3_alpha_p10': 0.0816497802734375, 'gate3_alpha_p50': 0.24261474609375, 'gate3_alpha_p90': 0.48193359375, 'block0_attn_entropy': 7.003813743591309, 'block1_attn_entropy': 7.107507705688477}
[FULL val step 5000] loss=1.1329317291736603 m01={'mean': 0.4063173458951667, 'median': 0.4060814787569115, 'p95': 0.6739051017058406, 'tail_frac_gt4px': 5.652089658290808e-05, 'n_matched': 123848} m02={'12-16': 0.9183087490147506, '16-32': 0.9390888199199223, '32-64': 0.9536578553109367, '64-128': 0.9561066296949836} m04={'accuracy': 0.9821636199211937, 'by_octave': {'12-16': 0.9329286984243762, '16-32': 0.9866794490135729, '32-64': 0.994062200447332, '64-128': 0.988003822957519}}
[train_detector] wrote checkpoint runs/ft18_head_bneck_lr3x_hm_lr0p1/ckpt_0005000.pt
[train_detector] done: step=5000 train_elapsed=2014.5s val_elapsed=468.4s samples/s=79.42
