[train_detector] finetune from runs/rel_w882_c2_100k_rev6/ckpt_0100000.pt (step 100000): 44,177 of 882,402 params trainable, lr_mult={'cls.*': 1.0, 'gate3.*': 1.0}, reinit=[]
[train_detector] stream_seed=2100000 resume_count=0 start_step=0
[step 1/5000] loss=5.9405 lr=0.000e+00 grad_norm=11.382 samples/s=8.98
[step 2/5000] loss=6.1353 lr=3.000e-06 grad_norm=12.136 samples/s=17.58
[step 3/5000] loss=6.5126 lr=6.000e-06 grad_norm=10.310 samples/s=25.82
[step 4/5000] loss=6.2610 lr=9.000e-06 grad_norm=11.919 samples/s=33.63
[step 5/5000] loss=5.7565 lr=1.200e-05 grad_norm=10.145 samples/s=35.73
[step 6/5000] loss=5.1840 lr=1.500e-05 grad_norm=9.490 samples/s=41.48
[step 7/5000] loss=6.6454 lr=1.800e-05 grad_norm=10.536 samples/s=47.07
[step 8/5000] loss=5.8733 lr=2.100e-05 grad_norm=10.044 samples/s=50.54
[step 9/5000] loss=7.2090 lr=2.400e-05 grad_norm=10.429 samples/s=47.38
[step 10/5000] loss=6.4960 lr=2.700e-05 grad_norm=9.113 samples/s=51.97
[step 20/5000] loss=5.7243 lr=5.700e-05 grad_norm=9.455 samples/s=59.98
[step 30/5000] loss=5.1336 lr=8.700e-05 grad_norm=6.530 samples/s=63.47
[step 40/5000] loss=4.7601 lr=1.170e-04 grad_norm=5.468 samples/s=63.32
[step 50/5000] loss=4.3509 lr=1.470e-04 grad_norm=4.384 samples/s=65.01
[step 60/5000] loss=4.6878 lr=1.770e-04 grad_norm=5.048 samples/s=64.54
[step 70/5000] loss=3.7472 lr=2.070e-04 grad_norm=4.507 samples/s=67.78
[step 80/5000] loss=3.1073 lr=2.370e-04 grad_norm=3.483 samples/s=67.41
[step 90/5000] loss=3.5073 lr=2.670e-04 grad_norm=3.071 samples/s=68.93
[step 100/5000] loss=2.7223 lr=2.970e-04 grad_norm=1.771 samples/s=69.29
[step 110/5000] loss=2.3360 lr=3.000e-04 grad_norm=1.553 samples/s=70.24
[step 120/5000] loss=2.4071 lr=3.000e-04 grad_norm=1.255 samples/s=70.51
[step 130/5000] loss=2.2538 lr=3.000e-04 grad_norm=1.336 samples/s=71.35
[step 140/5000] loss=2.6907 lr=3.000e-04 grad_norm=1.047 samples/s=71.81
[step 150/5000] loss=2.2825 lr=2.999e-04 grad_norm=1.082 samples/s=71.55
[step 160/5000] loss=2.4889 lr=2.999e-04 grad_norm=1.101 samples/s=72.05
[step 170/5000] loss=2.5145 lr=2.999e-04 grad_norm=0.874 samples/s=70.60
[step 180/5000] loss=2.2857 lr=2.998e-04 grad_norm=0.982 samples/s=71.16
[step 190/5000] loss=2.1378 lr=2.998e-04 grad_norm=0.757 samples/s=71.14
[step 200/5000] loss=2.9455 lr=2.997e-04 grad_norm=1.063 samples/s=71.89
[step 210/5000] loss=2.7157 lr=2.996e-04 grad_norm=0.687 samples/s=72.13
[step 220/5000] loss=2.0017 lr=2.996e-04 grad_norm=0.773 samples/s=72.68
[step 230/5000] loss=2.5449 lr=2.995e-04 grad_norm=0.782 samples/s=72.62
[step 240/5000] loss=1.8585 lr=2.994e-04 grad_norm=0.719 samples/s=72.98
[step 250/5000] loss=2.1810 lr=2.993e-04 grad_norm=0.592 samples/s=72.87
[val step 250] loss=2.5581479949951174 m01={'mean': 0.4092357937618605, 'median': 0.40852444041643865, 'p95': 0.6780707294874073, 'tail_frac_gt4px': 8.187996397281586e-05, 'n_matched': 12213} m02={'12-16': 0.9192618223760092, '16-32': 0.9543598366562575, '32-64': 0.9446019067250708, '64-128': 0.9418457648546145} m04={'accuracy': 0.1958568738229755, 'by_octave': {'12-16': 0.1618569636135508, '16-32': 0.22476717845456834, '32-64': 0.2048554282596836, '64-128': 0.1644295302013423}} diag={'gate3_alpha_mean': 0.294800341129303, 'gate3_alpha_min': 0.019344329833984375, 'gate3_alpha_max': 0.98779296875, 'gate3_alpha_std': 0.15713082253932953, 'gate3_alpha_p10': 0.1082305908203125, 'gate3_alpha_p50': 0.275146484375, 'gate3_alpha_p90': 0.505615234375, 'block0_attn_entropy': 7.1890082359313965, 'block1_attn_entropy': 7.4866156578063965}
[step 260/5000] loss=2.4343 lr=2.992e-04 grad_norm=0.681 samples/s=75.16
[step 270/5000] loss=2.4382 lr=2.991e-04 grad_norm=1.032 samples/s=76.76
[step 280/5000] loss=2.6795 lr=2.990e-04 grad_norm=0.726 samples/s=76.75
[step 290/5000] loss=1.9966 lr=2.989e-04 grad_norm=0.682 samples/s=76.80
[step 300/5000] loss=2.4315 lr=2.988e-04 grad_norm=0.751 samples/s=76.86
[step 310/5000] loss=2.2444 lr=2.987e-04 grad_norm=0.639 samples/s=76.22
[step 320/5000] loss=1.8151 lr=2.985e-04 grad_norm=0.749 samples/s=76.36
[step 330/5000] loss=2.4618 lr=2.984e-04 grad_norm=0.649 samples/s=75.97
[step 340/5000] loss=2.1823 lr=2.983e-04 grad_norm=0.801 samples/s=76.28
[step 350/5000] loss=2.4396 lr=2.981e-04 grad_norm=0.959 samples/s=75.78
[step 360/5000] loss=1.7439 lr=2.980e-04 grad_norm=0.724 samples/s=75.87
[step 370/5000] loss=1.8853 lr=2.978e-04 grad_norm=0.687 samples/s=75.68
[step 380/5000] loss=2.0023 lr=2.976e-04 grad_norm=0.536 samples/s=75.90
[step 390/5000] loss=2.1660 lr=2.975e-04 grad_norm=0.658 samples/s=75.52
[step 400/5000] loss=1.8465 lr=2.973e-04 grad_norm=0.586 samples/s=75.70
[step 410/5000] loss=2.3219 lr=2.971e-04 grad_norm=0.799 samples/s=75.03
[step 420/5000] loss=1.9394 lr=2.969e-04 grad_norm=0.718 samples/s=75.46
[step 430/5000] loss=2.0509 lr=2.967e-04 grad_norm=0.684 samples/s=75.13
[step 440/5000] loss=2.7124 lr=2.965e-04 grad_norm=0.699 samples/s=75.03
[step 450/5000] loss=2.5286 lr=2.963e-04 grad_norm=0.660 samples/s=75.13
[step 460/5000] loss=2.2641 lr=2.961e-04 grad_norm=0.722 samples/s=74.83
[step 470/5000] loss=2.7967 lr=2.959e-04 grad_norm=0.680 samples/s=74.79
[step 480/5000] loss=1.7032 lr=2.956e-04 grad_norm=0.674 samples/s=74.63
[step 490/5000] loss=1.8116 lr=2.954e-04 grad_norm=0.864 samples/s=74.94
[step 500/5000] loss=1.8892 lr=2.952e-04 grad_norm=0.688 samples/s=74.87
[val step 500] loss=2.2753477821350097 m01={'mean': 0.40912231395614046, 'median': 0.40853668612566707, 'p95': 0.6780581552355045, 'tail_frac_gt4px': 8.18732601932209e-05, 'n_matched': 12214} m02={'12-16': 0.9175317185697809, '16-32': 0.9550804708143166, '32-64': 0.9448595722751868, '64-128': 0.9418457648546145} m04={'accuracy': 0.45349598821025056, 'by_octave': {'12-16': 0.4450031426775613, '16-32': 0.5183601609657947, '32-64': 0.47613853286064906, '64-128': 0.3436241610738255}} diag={'gate3_alpha_mean': 0.2961265444755554, 'gate3_alpha_min': 0.0188751220703125, 'gate3_alpha_max': 0.98681640625, 'gate3_alpha_std': 0.15944895148277283, 'gate3_alpha_p10': 0.107391357421875, 'gate3_alpha_p50': 0.27487945556640625, 'gate3_alpha_p90': 0.513671875, 'block0_attn_entropy': 7.1890082359313965, 'block1_attn_entropy': 7.4866156578063965}
[step 510/5000] loss=2.1497 lr=2.949e-04 grad_norm=0.784 samples/s=76.02
[step 520/5000] loss=1.9185 lr=2.947e-04 grad_norm=0.584 samples/s=76.95
[step 530/5000] loss=2.0190 lr=2.944e-04 grad_norm=0.618 samples/s=76.76
[step 540/5000] loss=2.4580 lr=2.942e-04 grad_norm=0.482 samples/s=77.03
[step 550/5000] loss=2.3205 lr=2.939e-04 grad_norm=0.749 samples/s=76.42
[step 560/5000] loss=1.8010 lr=2.936e-04 grad_norm=0.826 samples/s=76.50
[step 570/5000] loss=1.9595 lr=2.933e-04 grad_norm=0.720 samples/s=76.11
[step 580/5000] loss=1.8146 lr=2.931e-04 grad_norm=0.678 samples/s=76.14
[step 590/5000] loss=1.6753 lr=2.928e-04 grad_norm=0.672 samples/s=76.00
[step 600/5000] loss=1.9025 lr=2.925e-04 grad_norm=0.886 samples/s=76.21
[step 610/5000] loss=2.1770 lr=2.922e-04 grad_norm=0.701 samples/s=75.96
[step 620/5000] loss=2.5650 lr=2.919e-04 grad_norm=0.716 samples/s=76.21
[step 630/5000] loss=1.8611 lr=2.915e-04 grad_norm=0.715 samples/s=76.01
[step 640/5000] loss=2.1778 lr=2.912e-04 grad_norm=0.541 samples/s=75.95
[step 650/5000] loss=2.1858 lr=2.909e-04 grad_norm=0.624 samples/s=75.79
[step 660/5000] loss=2.0501 lr=2.906e-04 grad_norm=0.616 samples/s=76.00
[step 670/5000] loss=3.0949 lr=2.902e-04 grad_norm=0.963 samples/s=75.88
[step 680/5000] loss=2.0778 lr=2.899e-04 grad_norm=0.675 samples/s=75.75
[step 690/5000] loss=2.5356 lr=2.895e-04 grad_norm=0.721 samples/s=75.87
[step 700/5000] loss=1.9480 lr=2.892e-04 grad_norm=0.879 samples/s=75.80
[step 710/5000] loss=2.1482 lr=2.888e-04 grad_norm=0.833 samples/s=75.66
[step 720/5000] loss=2.0830 lr=2.885e-04 grad_norm=0.653 samples/s=75.62
[step 730/5000] loss=1.6400 lr=2.881e-04 grad_norm=0.629 samples/s=75.60
[step 740/5000] loss=1.5940 lr=2.877e-04 grad_norm=0.871 samples/s=75.35
[step 750/5000] loss=2.2995 lr=2.873e-04 grad_norm=0.672 samples/s=75.41
[val step 750] loss=2.2083606338500976 m01={'mean': 0.40897506559550584, 'median': 0.40835430767447695, 'p95': 0.6780599944902558, 'tail_frac_gt4px': 8.188666885031116e-05, 'n_matched': 12212} m02={'12-16': 0.9186851211072664, '16-32': 0.9541196252702379, '32-64': 0.9446019067250708, '64-128': 0.9421618204804045} m04={'accuracy': 0.5079430068784802, 'by_octave': {'12-16': 0.5216572504708098, '16-32': 0.5712487411883183, '32-64': 0.5286415711947627, '64-128': 0.39080845353908084}} diag={'gate3_alpha_mean': 0.3040063679218292, 'gate3_alpha_min': 0.020259857177734375, 'gate3_alpha_max': 0.984619140625, 'gate3_alpha_std': 0.15954641997814178, 'gate3_alpha_p10': 0.112945556640625, 'gate3_alpha_p50': 0.283935546875, 'gate3_alpha_p90': 0.5234375, 'block0_attn_entropy': 7.1890082359313965, 'block1_attn_entropy': 7.4866156578063965}
[step 760/5000] loss=1.9965 lr=2.869e-04 grad_norm=0.790 samples/s=76.22
[step 770/5000] loss=1.8685 lr=2.865e-04 grad_norm=0.597 samples/s=76.82
[step 780/5000] loss=2.0444 lr=2.861e-04 grad_norm=0.759 samples/s=76.73
[step 790/5000] loss=2.6835 lr=2.857e-04 grad_norm=0.914 samples/s=76.77
[step 800/5000] loss=2.0553 lr=2.853e-04 grad_norm=0.868 samples/s=76.37
[step 810/5000] loss=2.9124 lr=2.849e-04 grad_norm=0.722 samples/s=76.52
[step 820/5000] loss=1.7830 lr=2.845e-04 grad_norm=0.649 samples/s=76.25
[step 830/5000] loss=1.7936 lr=2.841e-04 grad_norm=0.745 samples/s=76.52
[step 840/5000] loss=1.5670 lr=2.836e-04 grad_norm=0.601 samples/s=76.42
[step 850/5000] loss=2.4547 lr=2.832e-04 grad_norm=0.825 samples/s=76.57
[step 860/5000] loss=1.9917 lr=2.828e-04 grad_norm=0.560 samples/s=76.34
[step 870/5000] loss=2.3555 lr=2.823e-04 grad_norm=0.582 samples/s=76.49
[step 880/5000] loss=2.3483 lr=2.819e-04 grad_norm=0.739 samples/s=76.36
[step 890/5000] loss=1.7878 lr=2.814e-04 grad_norm=0.731 samples/s=76.45
[step 900/5000] loss=1.7860 lr=2.809e-04 grad_norm=0.686 samples/s=76.36
[step 910/5000] loss=1.8239 lr=2.805e-04 grad_norm=0.815 samples/s=76.48
[step 920/5000] loss=2.2614 lr=2.800e-04 grad_norm=0.718 samples/s=76.38
[step 930/5000] loss=1.9533 lr=2.795e-04 grad_norm=0.955 samples/s=76.38
[step 940/5000] loss=1.7680 lr=2.790e-04 grad_norm=0.690 samples/s=76.21
[step 950/5000] loss=1.4276 lr=2.785e-04 grad_norm=0.810 samples/s=76.27
[step 960/5000] loss=2.8902 lr=2.780e-04 grad_norm=0.777 samples/s=76.37
[step 970/5000] loss=2.2876 lr=2.775e-04 grad_norm=0.757 samples/s=76.20
[step 980/5000] loss=2.2438 lr=2.770e-04 grad_norm=0.706 samples/s=76.25
[step 990/5000] loss=1.6548 lr=2.765e-04 grad_norm=0.687 samples/s=76.20
[step 1000/5000] loss=1.8430 lr=2.760e-04 grad_norm=1.021 samples/s=76.01
[val step 1000] loss=2.1766159687042235 m01={'mean': 0.40884962939582287, 'median': 0.4082529933318253, 'p95': 0.6777062070020096, 'tail_frac_gt4px': 8.19000819000819e-05, 'n_matched': 12210} m02={'12-16': 0.9175317185697809, '16-32': 0.9538794138842182, '32-64': 0.9446019067250708, '64-128': 0.9424778761061947} m04={'accuracy': 0.5307125307125307, 'by_octave': {'12-16': 0.5468258956631049, '16-32': 0.5867539662553513, '32-64': 0.5518276050190943, '64-128': 0.4215291750503018}} diag={'gate3_alpha_mean': 0.2938496172428131, 'gate3_alpha_min': 0.018627166748046875, 'gate3_alpha_max': 0.984619140625, 'gate3_alpha_std': 0.15976707637310028, 'gate3_alpha_p10': 0.1055908203125, 'gate3_alpha_p50': 0.27056884765625, 'gate3_alpha_p90': 0.515380859375, 'block0_attn_entropy': 7.1890082359313965, 'block1_attn_entropy': 7.4866156578063965}
[step 1010/5000] loss=2.3086 lr=2.755e-04 grad_norm=0.795 samples/s=76.61
[step 1020/5000] loss=2.3937 lr=2.750e-04 grad_norm=0.871 samples/s=77.07
[step 1030/5000] loss=2.5614 lr=2.744e-04 grad_norm=0.603 samples/s=76.98
[step 1040/5000] loss=1.9701 lr=2.739e-04 grad_norm=0.755 samples/s=76.97
[step 1050/5000] loss=2.1834 lr=2.734e-04 grad_norm=0.837 samples/s=76.95
[step 1060/5000] loss=1.9270 lr=2.728e-04 grad_norm=0.602 samples/s=76.94
[step 1070/5000] loss=1.8768 lr=2.723e-04 grad_norm=0.593 samples/s=76.65
[step 1080/5000] loss=1.7060 lr=2.717e-04 grad_norm=0.701 samples/s=76.61
[step 1090/5000] loss=1.8721 lr=2.711e-04 grad_norm=0.638 samples/s=76.53
[step 1100/5000] loss=2.0892 lr=2.706e-04 grad_norm=0.659 samples/s=76.71
[step 1110/5000] loss=2.8095 lr=2.700e-04 grad_norm=0.738 samples/s=76.60
[step 1120/5000] loss=1.5442 lr=2.694e-04 grad_norm=0.797 samples/s=76.59
[step 1130/5000] loss=1.7977 lr=2.688e-04 grad_norm=0.724 samples/s=76.63
[step 1140/5000] loss=1.8287 lr=2.683e-04 grad_norm=0.812 samples/s=76.61
[step 1150/5000] loss=1.8906 lr=2.677e-04 grad_norm=0.754 samples/s=76.55
[step 1160/5000] loss=1.5477 lr=2.671e-04 grad_norm=0.744 samples/s=76.57
[step 1170/5000] loss=2.4442 lr=2.665e-04 grad_norm=0.817 samples/s=76.44
[step 1180/5000] loss=2.0590 lr=2.659e-04 grad_norm=0.867 samples/s=76.47
[step 1190/5000] loss=1.7228 lr=2.653e-04 grad_norm=0.607 samples/s=76.32
[step 1200/5000] loss=2.6416 lr=2.646e-04 grad_norm=0.887 samples/s=76.36
[step 1210/5000] loss=2.0205 lr=2.640e-04 grad_norm=0.659 samples/s=76.31
[step 1220/5000] loss=1.6895 lr=2.634e-04 grad_norm=1.058 samples/s=76.29
[step 1230/5000] loss=1.6117 lr=2.628e-04 grad_norm=0.886 samples/s=76.15
[step 1240/5000] loss=2.2152 lr=2.621e-04 grad_norm=0.770 samples/s=76.29
[step 1250/5000] loss=2.1869 lr=2.615e-04 grad_norm=0.609 samples/s=76.18
[val step 1250] loss=2.160069074630737 m01={'mean': 0.409080810303867, 'median': 0.4082628269414431, 'p95': 0.6780590748628801, 'tail_frac_gt4px': 8.187996397281586e-05, 'n_matched': 12213} m02={'12-16': 0.9175317185697809, '16-32': 0.9546000480422772, '32-64': 0.9451172378253028, '64-128': 0.9418457648546145} m04={'accuracy': 0.5408171620404487, 'by_octave': {'12-16': 0.5480829666876178, '16-32': 0.5958731756416709, '32-64': 0.5651581243184297, '64-128': 0.43355704697986575}} diag={'gate3_alpha_mean': 0.2795383930206299, 'gate3_alpha_min': 0.016313552856445312, 'gate3_alpha_max': 0.983154296875, 'gate3_alpha_std': 0.1590563803911209, 'gate3_alpha_p10': 0.095947265625, 'gate3_alpha_p50': 0.25274658203125, 'gate3_alpha_p90': 0.50146484375, 'block0_attn_entropy': 7.1890082359313965, 'block1_attn_entropy': 7.4866156578063965}
[step 1260/5000] loss=1.7207 lr=2.609e-04 grad_norm=0.627 samples/s=76.65
[step 1270/5000] loss=1.7129 lr=2.602e-04 grad_norm=0.696 samples/s=77.02
[step 1280/5000] loss=1.8204 lr=2.596e-04 grad_norm=0.654 samples/s=76.99
[step 1290/5000] loss=1.7865 lr=2.589e-04 grad_norm=0.927 samples/s=77.01
[step 1300/5000] loss=2.0642 lr=2.582e-04 grad_norm=1.038 samples/s=77.03
[step 1310/5000] loss=2.4248 lr=2.576e-04 grad_norm=0.938 samples/s=77.02
[step 1320/5000] loss=1.7664 lr=2.569e-04 grad_norm=0.905 samples/s=76.87
[step 1330/5000] loss=1.6884 lr=2.562e-04 grad_norm=0.596 samples/s=76.91
[step 1340/5000] loss=1.7380 lr=2.556e-04 grad_norm=0.767 samples/s=76.86
[step 1350/5000] loss=1.8393 lr=2.549e-04 grad_norm=0.721 samples/s=76.92
[step 1360/5000] loss=1.9985 lr=2.542e-04 grad_norm=0.820 samples/s=76.87
[step 1370/5000] loss=2.0836 lr=2.535e-04 grad_norm=0.732 samples/s=76.84
[step 1380/5000] loss=2.1589 lr=2.528e-04 grad_norm=0.770 samples/s=76.80
[step 1390/5000] loss=2.2214 lr=2.521e-04 grad_norm=0.889 samples/s=76.51
[step 1400/5000] loss=1.9109 lr=2.514e-04 grad_norm=0.700 samples/s=76.56
[step 1410/5000] loss=2.4635 lr=2.507e-04 grad_norm=0.886 samples/s=76.43
[step 1420/5000] loss=1.5959 lr=2.500e-04 grad_norm=0.834 samples/s=76.46
[step 1430/5000] loss=1.5860 lr=2.493e-04 grad_norm=0.855 samples/s=76.43
[step 1440/5000] loss=1.8250 lr=2.486e-04 grad_norm=0.937 samples/s=76.52
[step 1450/5000] loss=1.8471 lr=2.478e-04 grad_norm=0.713 samples/s=76.42
[step 1460/5000] loss=2.2112 lr=2.471e-04 grad_norm=0.877 samples/s=76.43
[step 1470/5000] loss=2.5129 lr=2.464e-04 grad_norm=0.698 samples/s=76.40
[step 1480/5000] loss=2.8430 lr=2.456e-04 grad_norm=0.708 samples/s=76.44
[step 1490/5000] loss=2.0602 lr=2.449e-04 grad_norm=0.874 samples/s=76.48
[step 1500/5000] loss=1.6177 lr=2.442e-04 grad_norm=0.905 samples/s=76.59
[val step 1500] loss=2.150087511062622 m01={'mean': 0.4091488291247125, 'median': 0.4083102032602793, 'p95': 0.6780708068744098, 'tail_frac_gt4px': 8.188666885031116e-05, 'n_matched': 12212} m02={'12-16': 0.9175317185697809, '16-32': 0.9543598366562575, '32-64': 0.9451172378253028, '64-128': 0.9418457648546145} m04={'accuracy': 0.5470848345889289, 'by_octave': {'12-16': 0.5455688246385921, '16-32': 0.6093632016108734, '32-64': 0.5697928026172301, '64-128': 0.4369127516778524}} diag={'gate3_alpha_mean': 0.26553207635879517, 'gate3_alpha_min': 0.015104293823242188, 'gate3_alpha_max': 0.98193359375, 'gate3_alpha_std': 0.15720601379871368, 'gate3_alpha_p10': 0.0875396728515625, 'gate3_alpha_p50': 0.23651123046875, 'gate3_alpha_p90': 0.485107421875, 'block0_attn_entropy': 7.1890082359313965, 'block1_attn_entropy': 7.4866156578063965}
[step 1510/5000] loss=2.0597 lr=2.434e-04 grad_norm=0.764 samples/s=76.98
[step 1520/5000] loss=1.6885 lr=2.427e-04 grad_norm=0.781 samples/s=77.29
[step 1530/5000] loss=2.5097 lr=2.419e-04 grad_norm=0.909 samples/s=77.28
[step 1540/5000] loss=2.2351 lr=2.412e-04 grad_norm=0.794 samples/s=77.32
[step 1550/5000] loss=2.0071 lr=2.404e-04 grad_norm=0.744 samples/s=77.24
[step 1560/5000] loss=2.7754 lr=2.396e-04 grad_norm=0.648 samples/s=77.25
[step 1570/5000] loss=2.1906 lr=2.389e-04 grad_norm=0.762 samples/s=77.19
[step 1580/5000] loss=1.9909 lr=2.381e-04 grad_norm=0.685 samples/s=77.15
[step 1590/5000] loss=2.3645 lr=2.373e-04 grad_norm=0.617 samples/s=77.18
[step 1600/5000] loss=1.6729 lr=2.365e-04 grad_norm=0.855 samples/s=77.16
[step 1610/5000] loss=2.5402 lr=2.358e-04 grad_norm=0.796 samples/s=77.12
[step 1620/5000] loss=1.7072 lr=2.350e-04 grad_norm=0.657 samples/s=77.11
[step 1630/5000] loss=2.2652 lr=2.342e-04 grad_norm=0.949 samples/s=77.09
[step 1640/5000] loss=2.1872 lr=2.334e-04 grad_norm=0.698 samples/s=77.05
[step 1650/5000] loss=1.7029 lr=2.326e-04 grad_norm=0.688 samples/s=77.08
[step 1660/5000] loss=1.8069 lr=2.318e-04 grad_norm=0.841 samples/s=77.06
[step 1670/5000] loss=2.4034 lr=2.310e-04 grad_norm=0.893 samples/s=77.07
[step 1680/5000] loss=1.9330 lr=2.302e-04 grad_norm=0.750 samples/s=77.10
[step 1690/5000] loss=1.5657 lr=2.294e-04 grad_norm=0.897 samples/s=77.03
[step 1700/5000] loss=2.1087 lr=2.286e-04 grad_norm=0.739 samples/s=77.09
[step 1710/5000] loss=2.2272 lr=2.277e-04 grad_norm=0.830 samples/s=77.02
[step 1720/5000] loss=1.9759 lr=2.269e-04 grad_norm=0.956 samples/s=77.04
[step 1730/5000] loss=1.4517 lr=2.261e-04 grad_norm=0.981 samples/s=76.99
[step 1740/5000] loss=1.9285 lr=2.253e-04 grad_norm=0.810 samples/s=76.93
[step 1750/5000] loss=1.7028 lr=2.245e-04 grad_norm=0.872 samples/s=76.95
[val step 1750] loss=2.14297891998291 m01={'mean': 0.40911611692641936, 'median': 0.40852444041643865, 'p95': 0.6781118182858259, 'tail_frac_gt4px': 8.187996397281586e-05, 'n_matched': 12213} m02={'12-16': 0.9175317185697809, '16-32': 0.9543598366562575, '32-64': 0.9451172378253028, '64-128': 0.9421618204804045} m04={'accuracy': 0.5536723163841808, 'by_octave': {'12-16': 0.5518541797611565, '16-32': 0.611125094387113, '32-64': 0.5771537622682661, '64-128': 0.4491781281449178}} diag={'gate3_alpha_mean': 0.2761790454387665, 'gate3_alpha_min': 0.016199111938476562, 'gate3_alpha_max': 0.98291015625, 'gate3_alpha_std': 0.15918952226638794, 'gate3_alpha_p10': 0.09332123398780823, 'gate3_alpha_p50': 0.24859619140625, 'gate3_alpha_p90': 0.4991455078125, 'block0_attn_entropy': 7.1890082359313965, 'block1_attn_entropy': 7.4866156578063965}
[step 1760/5000] loss=1.6608 lr=2.236e-04 grad_norm=0.709 samples/s=77.31
[step 1770/5000] loss=1.9607 lr=2.228e-04 grad_norm=0.705 samples/s=77.58
[step 1780/5000] loss=1.7447 lr=2.220e-04 grad_norm=0.718 samples/s=77.52
[step 1790/5000] loss=2.0177 lr=2.211e-04 grad_norm=0.761 samples/s=77.57
[step 1800/5000] loss=2.0209 lr=2.203e-04 grad_norm=0.635 samples/s=77.50
[step 1810/5000] loss=2.4753 lr=2.194e-04 grad_norm=0.582 samples/s=77.42
[step 1820/5000] loss=2.0773 lr=2.186e-04 grad_norm=0.809 samples/s=77.51
[step 1830/5000] loss=1.8828 lr=2.177e-04 grad_norm=0.653 samples/s=77.48
[step 1840/5000] loss=1.9773 lr=2.169e-04 grad_norm=0.838 samples/s=77.43
[step 1850/5000] loss=2.1134 lr=2.160e-04 grad_norm=0.668 samples/s=77.49
[step 1860/5000] loss=1.8958 lr=2.152e-04 grad_norm=0.680 samples/s=77.42
[step 1870/5000] loss=1.5697 lr=2.143e-04 grad_norm=0.649 samples/s=77.45
[step 1880/5000] loss=1.9092 lr=2.134e-04 grad_norm=0.586 samples/s=77.39
[step 1890/5000] loss=3.0956 lr=2.126e-04 grad_norm=0.642 samples/s=77.46
[step 1900/5000] loss=2.5568 lr=2.117e-04 grad_norm=0.696 samples/s=77.31
[step 1910/5000] loss=1.5216 lr=2.108e-04 grad_norm=0.728 samples/s=77.36
[step 1920/5000] loss=1.9303 lr=2.100e-04 grad_norm=0.705 samples/s=77.27
[step 1930/5000] loss=2.0403 lr=2.091e-04 grad_norm=0.817 samples/s=77.30
[step 1940/5000] loss=2.1000 lr=2.082e-04 grad_norm=0.781 samples/s=77.15
[step 1950/5000] loss=2.0822 lr=2.073e-04 grad_norm=0.657 samples/s=77.21
[step 1960/5000] loss=2.0747 lr=2.064e-04 grad_norm=0.630 samples/s=77.16
[step 1970/5000] loss=1.9798 lr=2.055e-04 grad_norm=0.688 samples/s=77.16
[step 1980/5000] loss=2.1441 lr=2.047e-04 grad_norm=0.872 samples/s=77.08
[step 1990/5000] loss=1.9780 lr=2.038e-04 grad_norm=0.604 samples/s=77.12
[step 2000/5000] loss=2.0184 lr=2.029e-04 grad_norm=0.762 samples/s=77.04
[val step 2000] loss=2.137804340362549 m01={'mean': 0.4089557104101749, 'median': 0.4083102032602793, 'p95': 0.678061833745007, 'tail_frac_gt4px': 8.19000819000819e-05, 'n_matched': 12210} m02={'12-16': 0.9175317185697809, '16-32': 0.9543598366562575, '32-64': 0.9448595722751868, '64-128': 0.9415297092288243} m04={'accuracy': 0.557002457002457, 'by_octave': {'12-16': 0.5549968573224388, '16-32': 0.6151522778756607, '32-64': 0.5822197982001637, '64-128': 0.4494796911715341}} diag={'gate3_alpha_mean': 0.2752627730369568, 'gate3_alpha_min': 0.016305923461914062, 'gate3_alpha_max': 0.981689453125, 'gate3_alpha_std': 0.15791545808315277, 'gate3_alpha_p10': 0.09359589219093323, 'gate3_alpha_p50': 0.2479248046875, 'gate3_alpha_p90': 0.49658203125, 'block0_attn_entropy': 7.1890082359313965, 'block1_attn_entropy': 7.4866156578063965}
[step 2010/5000] loss=2.1607 lr=2.020e-04 grad_norm=0.790 samples/s=77.35
[step 2020/5000] loss=1.5482 lr=2.011e-04 grad_norm=0.719 samples/s=77.59
[step 2030/5000] loss=1.9321 lr=2.002e-04 grad_norm=0.736 samples/s=77.56
[step 2040/5000] loss=1.6434 lr=1.993e-04 grad_norm=0.762 samples/s=77.56
[step 2050/5000] loss=2.4111 lr=1.984e-04 grad_norm=0.654 samples/s=77.40
[step 2060/5000] loss=2.0353 lr=1.975e-04 grad_norm=0.773 samples/s=77.47
[step 2070/5000] loss=1.7475 lr=1.966e-04 grad_norm=0.889 samples/s=77.35
[step 2080/5000] loss=2.3181 lr=1.957e-04 grad_norm=0.670 samples/s=77.42
[step 2090/5000] loss=2.1396 lr=1.948e-04 grad_norm=0.722 samples/s=77.34
[step 2100/5000] loss=2.1122 lr=1.938e-04 grad_norm=0.923 samples/s=77.31
[step 2110/5000] loss=3.1372 lr=1.929e-04 grad_norm=0.866 samples/s=77.25
[step 2120/5000] loss=2.0183 lr=1.920e-04 grad_norm=0.782 samples/s=77.33
[step 2130/5000] loss=1.9427 lr=1.911e-04 grad_norm=0.740 samples/s=77.26
[step 2140/5000] loss=2.4839 lr=1.902e-04 grad_norm=0.747 samples/s=77.32
[step 2150/5000] loss=2.0077 lr=1.893e-04 grad_norm=0.702 samples/s=77.27
[step 2160/5000] loss=1.7383 lr=1.883e-04 grad_norm=0.654 samples/s=77.32
[step 2170/5000] loss=1.6014 lr=1.874e-04 grad_norm=0.631 samples/s=77.27
[step 2180/5000] loss=2.4382 lr=1.865e-04 grad_norm=0.655 samples/s=77.31
[step 2190/5000] loss=1.9016 lr=1.856e-04 grad_norm=0.715 samples/s=77.26
[step 2200/5000] loss=2.8718 lr=1.846e-04 grad_norm=0.650 samples/s=77.28
[step 2210/5000] loss=2.7190 lr=1.837e-04 grad_norm=0.926 samples/s=77.17
[step 2220/5000] loss=1.7574 lr=1.828e-04 grad_norm=0.785 samples/s=77.22
[step 2230/5000] loss=2.2231 lr=1.818e-04 grad_norm=0.811 samples/s=77.17
[step 2240/5000] loss=2.2345 lr=1.809e-04 grad_norm=0.805 samples/s=77.22
[step 2250/5000] loss=2.2611 lr=1.800e-04 grad_norm=0.793 samples/s=77.13
[val step 2250] loss=2.1340735378265383 m01={'mean': 0.40931781732939937, 'median': 0.40845083704110524, 'p95': 0.6782321104079525, 'tail_frac_gt4px': 8.188666885031116e-05, 'n_matched': 12212} m02={'12-16': 0.9186851211072664, '16-32': 0.9543598366562575, '32-64': 0.9451172378253028, '64-128': 0.9412136536030341} m04={'accuracy': 0.5607599082869309, 'by_octave': {'12-16': 0.5530445699937225, '16-32': 0.617669267556003, '32-64': 0.5866957470010905, '64-128': 0.4570181329751511}} diag={'gate3_alpha_mean': 0.26069480180740356, 'gate3_alpha_min': 0.014339447021484375, 'gate3_alpha_max': 0.981689453125, 'gate3_alpha_std': 0.1582116186618805, 'gate3_alpha_p10': 0.08349609375, 'gate3_alpha_p50': 0.229248046875, 'gate3_alpha_p90': 0.4847412109375, 'block0_attn_entropy': 7.1890082359313965, 'block1_attn_entropy': 7.4866156578063965}
[step 2260/5000] loss=1.8931 lr=1.790e-04 grad_norm=0.696 samples/s=77.39
[step 2270/5000] loss=1.7799 lr=1.781e-04 grad_norm=0.715 samples/s=77.62
[step 2280/5000] loss=1.8316 lr=1.772e-04 grad_norm=0.614 samples/s=77.53
[step 2290/5000] loss=2.4103 lr=1.762e-04 grad_norm=0.616 samples/s=77.57
[step 2300/5000] loss=2.2061 lr=1.753e-04 grad_norm=0.642 samples/s=77.58
[step 2310/5000] loss=2.0793 lr=1.744e-04 grad_norm=0.662 samples/s=77.45
[step 2320/5000] loss=1.7975 lr=1.734e-04 grad_norm=0.690 samples/s=77.45
[step 2330/5000] loss=1.8630 lr=1.725e-04 grad_norm=0.799 samples/s=77.39
[step 2340/5000] loss=1.9285 lr=1.715e-04 grad_norm=0.674 samples/s=77.45
[step 2350/5000] loss=2.1809 lr=1.706e-04 grad_norm=0.728 samples/s=77.36
[step 2360/5000] loss=2.1219 lr=1.696e-04 grad_norm=0.654 samples/s=77.35
[step 2370/5000] loss=1.9458 lr=1.687e-04 grad_norm=0.666 samples/s=77.27
[step 2380/5000] loss=2.2502 lr=1.677e-04 grad_norm=1.061 samples/s=77.26
[step 2390/5000] loss=2.5376 lr=1.668e-04 grad_norm=0.931 samples/s=77.20
[step 2400/5000] loss=2.3918 lr=1.659e-04 grad_norm=0.759 samples/s=77.26
[step 2410/5000] loss=2.0468 lr=1.649e-04 grad_norm=0.815 samples/s=77.21
[step 2420/5000] loss=2.5214 lr=1.640e-04 grad_norm=0.838 samples/s=77.24
[step 2430/5000] loss=1.9815 lr=1.630e-04 grad_norm=0.746 samples/s=77.20
[step 2440/5000] loss=1.7762 lr=1.621e-04 grad_norm=1.029 samples/s=77.25
[step 2450/5000] loss=2.3041 lr=1.611e-04 grad_norm=0.910 samples/s=77.20
[step 2460/5000] loss=1.8684 lr=1.602e-04 grad_norm=0.855 samples/s=77.27
[step 2470/5000] loss=1.8210 lr=1.592e-04 grad_norm=0.710 samples/s=77.22
[step 2480/5000] loss=2.1004 lr=1.583e-04 grad_norm=0.843 samples/s=77.25
[step 2490/5000] loss=2.2559 lr=1.573e-04 grad_norm=0.683 samples/s=77.21
[step 2500/5000] loss=1.8070 lr=1.564e-04 grad_norm=0.739 samples/s=77.21
[val step 2500] loss=2.129796468734741 m01={'mean': 0.4097648779554639, 'median': 0.40873745312568077, 'p95': 0.6782128669811295, 'tail_frac_gt4px': 0.0001637331150225133, 'n_matched': 12215} m02={'12-16': 0.9192618223760092, '16-32': 0.9543598366562575, '32-64': 0.9448595722751868, '64-128': 0.9421618204804045} m04={'accuracy': 0.5634056487924682, 'by_octave': {'12-16': 0.5520702634880803, '16-32': 0.6206896551724138, '32-64': 0.5925824925006817, '64-128': 0.4572291177457229}} diag={'gate3_alpha_mean': 0.2684677839279175, 'gate3_alpha_min': 0.014562606811523438, 'gate3_alpha_max': 0.982421875, 'gate3_alpha_std': 0.16210463643074036, 'gate3_alpha_p10': 0.08630219101905823, 'gate3_alpha_p50': 0.23590850830078125, 'gate3_alpha_p90': 0.500732421875, 'block0_attn_entropy': 7.1890082359313965, 'block1_attn_entropy': 7.4866156578063965}
[step 2510/5000] loss=1.6946 lr=1.554e-04 grad_norm=0.638 samples/s=77.45
[step 2520/5000] loss=1.6879 lr=1.545e-04 grad_norm=0.642 samples/s=77.65
[step 2530/5000] loss=1.6938 lr=1.535e-04 grad_norm=0.623 samples/s=77.62
[step 2540/5000] loss=2.4227 lr=1.525e-04 grad_norm=0.769 samples/s=77.66
[step 2550/5000] loss=1.7716 lr=1.516e-04 grad_norm=0.841 samples/s=77.63
[step 2560/5000] loss=1.7141 lr=1.506e-04 grad_norm=0.896 samples/s=77.62
[step 2570/5000] loss=1.7135 lr=1.497e-04 grad_norm=0.859 samples/s=77.58
[step 2580/5000] loss=2.1846 lr=1.487e-04 grad_norm=0.652 samples/s=77.56
[step 2590/5000] loss=2.0879 lr=1.478e-04 grad_norm=0.730 samples/s=77.51
[step 2600/5000] loss=1.9093 lr=1.468e-04 grad_norm=0.849 samples/s=77.51
[step 2610/5000] loss=1.9374 lr=1.459e-04 grad_norm=0.929 samples/s=77.43
[step 2620/5000] loss=2.5061 lr=1.449e-04 grad_norm=0.823 samples/s=77.43
[step 2630/5000] loss=1.9757 lr=1.440e-04 grad_norm=0.841 samples/s=77.36
[step 2640/5000] loss=1.7335 lr=1.430e-04 grad_norm=0.633 samples/s=77.43
[step 2650/5000] loss=1.5722 lr=1.421e-04 grad_norm=0.608 samples/s=77.39
[step 2660/5000] loss=1.9692 lr=1.411e-04 grad_norm=0.693 samples/s=77.40
[step 2670/5000] loss=2.5746 lr=1.402e-04 grad_norm=0.656 samples/s=77.32
[step 2680/5000] loss=1.9885 lr=1.392e-04 grad_norm=0.864 samples/s=77.38
[step 2690/5000] loss=2.2439 lr=1.383e-04 grad_norm=0.790 samples/s=77.33
[step 2700/5000] loss=1.9979 lr=1.373e-04 grad_norm=0.931 samples/s=77.35
[step 2710/5000] loss=1.7842 lr=1.364e-04 grad_norm=0.759 samples/s=77.30
[step 2720/5000] loss=2.9496 lr=1.354e-04 grad_norm=0.711 samples/s=77.31
[step 2730/5000] loss=2.4876 lr=1.345e-04 grad_norm=0.724 samples/s=77.24
[step 2740/5000] loss=1.6956 lr=1.335e-04 grad_norm=0.793 samples/s=77.26
[step 2750/5000] loss=1.6282 lr=1.326e-04 grad_norm=0.762 samples/s=77.23
[val step 2750] loss=2.1266413440704346 m01={'mean': 0.4095831199719155, 'median': 0.40855638516584547, 'p95': 0.677872570052706, 'tail_frac_gt4px': 0.00016371971185330714, 'n_matched': 12216} m02={'12-16': 0.9186851211072664, '16-32': 0.9543598366562575, '32-64': 0.9451172378253028, '64-128': 0.9424778761061947} m04={'accuracy': 0.5643418467583498, 'by_octave': {'12-16': 0.5499058380414312, '16-32': 0.6234583438207904, '32-64': 0.5926935659760088, '64-128': 0.4584171696847753}} diag={'gate3_alpha_mean': 0.2721227705478668, 'gate3_alpha_min': 0.015596389770507812, 'gate3_alpha_max': 0.98046875, 'gate3_alpha_std': 0.16020864248275757, 'gate3_alpha_p10': 0.09033203125, 'gate3_alpha_p50': 0.24139404296875, 'gate3_alpha_p90': 0.5003662109375, 'block0_attn_entropy': 7.1890082359313965, 'block1_attn_entropy': 7.4866156578063965}
[step 2760/5000] loss=1.8189 lr=1.317e-04 grad_norm=0.905 samples/s=77.46
[step 2770/5000] loss=1.8333 lr=1.307e-04 grad_norm=0.849 samples/s=77.61
[step 2780/5000] loss=2.0622 lr=1.298e-04 grad_norm=0.664 samples/s=77.57
[step 2790/5000] loss=1.6437 lr=1.288e-04 grad_norm=0.976 samples/s=77.61
[step 2800/5000] loss=2.1126 lr=1.279e-04 grad_norm=0.828 samples/s=77.52
[step 2810/5000] loss=1.7042 lr=1.270e-04 grad_norm=0.633 samples/s=77.58
[step 2820/5000] loss=1.5963 lr=1.260e-04 grad_norm=0.734 samples/s=77.51
[step 2830/5000] loss=2.4243 lr=1.251e-04 grad_norm=0.741 samples/s=77.54
[step 2840/5000] loss=2.0242 lr=1.241e-04 grad_norm=0.621 samples/s=77.50
[step 2850/5000] loss=1.9293 lr=1.232e-04 grad_norm=0.718 samples/s=77.50
[step 2860/5000] loss=1.7536 lr=1.223e-04 grad_norm=0.678 samples/s=77.47
[step 2870/5000] loss=2.1713 lr=1.213e-04 grad_norm=0.844 samples/s=77.44
[step 2880/5000] loss=1.7795 lr=1.204e-04 grad_norm=0.718 samples/s=77.42
[step 2890/5000] loss=1.8602 lr=1.195e-04 grad_norm=0.953 samples/s=77.38
[step 2900/5000] loss=2.0330 lr=1.185e-04 grad_norm=0.637 samples/s=77.44
[step 2910/5000] loss=1.7215 lr=1.176e-04 grad_norm=0.717 samples/s=77.41
[step 2920/5000] loss=1.8340 lr=1.167e-04 grad_norm=0.860 samples/s=77.31
[step 2930/5000] loss=1.7231 lr=1.158e-04 grad_norm=0.592 samples/s=77.35
[step 2940/5000] loss=1.8323 lr=1.148e-04 grad_norm=0.594 samples/s=77.25
[step 2950/5000] loss=1.6791 lr=1.139e-04 grad_norm=0.800 samples/s=77.28
[step 2960/5000] loss=2.1974 lr=1.130e-04 grad_norm=0.866 samples/s=77.16
[step 2970/5000] loss=1.8266 lr=1.121e-04 grad_norm=0.785 samples/s=77.20
[step 2980/5000] loss=1.6763 lr=1.112e-04 grad_norm=0.576 samples/s=77.15
[step 2990/5000] loss=2.3434 lr=1.103e-04 grad_norm=0.640 samples/s=77.22
[step 3000/5000] loss=1.7433 lr=1.093e-04 grad_norm=0.900 samples/s=77.22
[val step 3000] loss=2.124725419998169 m01={'mean': 0.4097835629490196, 'median': 0.40856383849679545, 'p95': 0.6783507336297125, 'tail_frac_gt4px': 0.0001637331150225133, 'n_matched': 12215} m02={'12-16': 0.9186851211072664, '16-32': 0.9543598366562575, '32-64': 0.9451172378253028, '64-128': 0.9421618204804045} m04={'accuracy': 0.5673352435530086, 'by_octave': {'12-16': 0.551789077212806, '16-32': 0.6262270324691669, '32-64': 0.5951472191930207, '64-128': 0.4629319020462932}} diag={'gate3_alpha_mean': 0.2814915180206299, 'gate3_alpha_min': 0.01670074462890625, 'gate3_alpha_max': 0.9765625, 'gate3_alpha_std': 0.16176234185695648, 'gate3_alpha_p10': 0.0955810546875, 'gate3_alpha_p50': 0.2520751953125, 'gate3_alpha_p90': 0.513427734375, 'block0_attn_entropy': 7.1890082359313965, 'block1_attn_entropy': 7.4866156578063965}
[step 3010/5000] loss=1.9157 lr=1.084e-04 grad_norm=0.795 samples/s=77.42
[step 3020/5000] loss=1.7422 lr=1.075e-04 grad_norm=0.641 samples/s=77.55
[step 3030/5000] loss=2.2500 lr=1.066e-04 grad_norm=0.724 samples/s=77.46
[step 3040/5000] loss=1.5396 lr=1.057e-04 grad_norm=0.690 samples/s=77.50
[step 3050/5000] loss=1.7723 lr=1.048e-04 grad_norm=0.796 samples/s=77.46
[step 3060/5000] loss=2.1281 lr=1.039e-04 grad_norm=0.751 samples/s=77.48
[step 3070/5000] loss=1.8932 lr=1.030e-04 grad_norm=0.802 samples/s=77.43
[step 3080/5000] loss=2.1710 lr=1.021e-04 grad_norm=0.879 samples/s=77.48
[step 3090/5000] loss=1.8748 lr=1.012e-04 grad_norm=0.737 samples/s=77.40
[step 3100/5000] loss=1.5769 lr=1.003e-04 grad_norm=0.583 samples/s=77.42
[step 3110/5000] loss=2.1298 lr=9.941e-05 grad_norm=0.881 samples/s=77.36
[step 3120/5000] loss=2.0631 lr=9.852e-05 grad_norm=0.650 samples/s=77.39
[step 3130/5000] loss=2.3290 lr=9.763e-05 grad_norm=0.794 samples/s=77.34
[step 3140/5000] loss=2.3033 lr=9.674e-05 grad_norm=0.894 samples/s=77.38
[step 3150/5000] loss=1.6579 lr=9.586e-05 grad_norm=0.668 samples/s=77.33
[step 3160/5000] loss=2.1063 lr=9.498e-05 grad_norm=0.922 samples/s=77.35
[step 3170/5000] loss=1.8922 lr=9.410e-05 grad_norm=0.837 samples/s=77.34
[step 3180/5000] loss=2.2555 lr=9.322e-05 grad_norm=0.695 samples/s=77.34
[step 3190/5000] loss=1.8514 lr=9.235e-05 grad_norm=0.864 samples/s=77.28
[step 3200/5000] loss=1.7324 lr=9.148e-05 grad_norm=0.649 samples/s=77.32
[step 3210/5000] loss=1.9532 lr=9.061e-05 grad_norm=0.660 samples/s=77.30
[step 3220/5000] loss=1.8920 lr=8.974e-05 grad_norm=0.910 samples/s=77.30
[step 3230/5000] loss=2.0119 lr=8.888e-05 grad_norm=0.583 samples/s=77.30
[step 3240/5000] loss=2.9911 lr=8.801e-05 grad_norm=0.865 samples/s=77.33
[step 3250/5000] loss=2.5798 lr=8.715e-05 grad_norm=0.963 samples/s=77.29
[val step 3250] loss=2.12249880027771 m01={'mean': 0.40937482331145447, 'median': 0.40862138680439386, 'p95': 0.6781066047990212, 'tail_frac_gt4px': 8.18732601932209e-05, 'n_matched': 12214} m02={'12-16': 0.9181084198385236, '16-32': 0.9543598366562575, '32-64': 0.9451172378253028, '64-128': 0.9421618204804045} m04={'accuracy': 0.5671360733584412, 'by_octave': {'12-16': 0.5540201005025126, '16-32': 0.6272338283413038, '32-64': 0.5935114503816794, '64-128': 0.461590070446159}} diag={'gate3_alpha_mean': 0.28162774443626404, 'gate3_alpha_min': 0.01631927490234375, 'gate3_alpha_max': 0.9775390625, 'gate3_alpha_std': 0.16279661655426025, 'gate3_alpha_p10': 0.09491653740406036, 'gate3_alpha_p50': 0.25141143798828125, 'gate3_alpha_p90': 0.5152587890625, 'block0_attn_entropy': 7.1890082359313965, 'block1_attn_entropy': 7.4866156578063965}
[step 3260/5000] loss=1.7051 lr=8.630e-05 grad_norm=0.667 samples/s=77.48
[step 3270/5000] loss=1.8891 lr=8.544e-05 grad_norm=0.637 samples/s=77.55
[step 3280/5000] loss=2.5415 lr=8.459e-05 grad_norm=0.698 samples/s=77.40
[step 3290/5000] loss=2.0330 lr=8.374e-05 grad_norm=0.621 samples/s=77.41
[step 3300/5000] loss=2.0656 lr=8.290e-05 grad_norm=0.729 samples/s=77.41
[step 3310/5000] loss=1.5081 lr=8.205e-05 grad_norm=0.783 samples/s=77.40
[step 3320/5000] loss=1.9605 lr=8.121e-05 grad_norm=0.757 samples/s=77.32
[step 3330/5000] loss=2.4846 lr=8.038e-05 grad_norm=0.919 samples/s=77.30
[step 3340/5000] loss=1.9291 lr=7.954e-05 grad_norm=0.784 samples/s=77.30
[step 3350/5000] loss=2.3649 lr=7.871e-05 grad_norm=0.871 samples/s=77.21
[step 3360/5000] loss=2.3394 lr=7.788e-05 grad_norm=0.812 samples/s=77.24
[step 3370/5000] loss=1.9324 lr=7.706e-05 grad_norm=0.778 samples/s=77.18
[step 3380/5000] loss=2.2069 lr=7.624e-05 grad_norm=0.895 samples/s=77.16
[step 3390/5000] loss=1.7149 lr=7.542e-05 grad_norm=0.752 samples/s=77.12
[step 3400/5000] loss=2.7883 lr=7.460e-05 grad_norm=0.736 samples/s=77.11
[step 3410/5000] loss=1.5748 lr=7.379e-05 grad_norm=0.670 samples/s=77.07
[step 3420/5000] loss=2.0394 lr=7.298e-05 grad_norm=0.696 samples/s=77.09
[step 3430/5000] loss=1.9227 lr=7.217e-05 grad_norm=0.732 samples/s=77.02
[step 3440/5000] loss=1.8177 lr=7.137e-05 grad_norm=0.731 samples/s=76.98
[step 3450/5000] loss=1.7621 lr=7.057e-05 grad_norm=0.625 samples/s=76.95
[step 3460/5000] loss=1.6639 lr=6.977e-05 grad_norm=0.785 samples/s=76.92
[step 3470/5000] loss=2.8508 lr=6.898e-05 grad_norm=0.640 samples/s=76.91
[step 3480/5000] loss=1.7173 lr=6.819e-05 grad_norm=0.607 samples/s=76.88
[step 3490/5000] loss=1.7927 lr=6.740e-05 grad_norm=0.792 samples/s=76.76
[step 3500/5000] loss=2.3011 lr=6.662e-05 grad_norm=0.612 samples/s=76.75
[val step 3500] loss=2.121177490234375 m01={'mean': 0.4097656799709471, 'median': 0.40862138680439386, 'p95': 0.6783065117100551, 'tail_frac_gt4px': 0.0001637465203864418, 'n_matched': 12214} m02={'12-16': 0.9192618223760092, '16-32': 0.9543598366562575, '32-64': 0.9448595722751868, '64-128': 0.9418457648546145} m04={'accuracy': 0.5691829048632716, 'by_octave': {'12-16': 0.5570890840652447, '16-32': 0.6300025169896804, '32-64': 0.5961276247613854, '64-128': 0.46140939597315433}} diag={'gate3_alpha_mean': 0.27330026030540466, 'gate3_alpha_min': 0.015459060668945312, 'gate3_alpha_max': 0.978271484375, 'gate3_alpha_std': 0.16123487055301666, 'gate3_alpha_p10': 0.090423583984375, 'gate3_alpha_p50': 0.241943359375, 'gate3_alpha_p90': 0.503662109375, 'block0_attn_entropy': 7.1890082359313965, 'block1_attn_entropy': 7.4866156578063965}
[step 3510/5000] loss=1.8050 lr=6.584e-05 grad_norm=0.764 samples/s=76.93
[step 3520/5000] loss=1.5169 lr=6.506e-05 grad_norm=0.660 samples/s=77.02
[step 3530/5000] loss=2.1892 lr=6.429e-05 grad_norm=0.716 samples/s=76.91
[step 3540/5000] loss=1.9560 lr=6.352e-05 grad_norm=0.683 samples/s=76.97
[step 3550/5000] loss=1.7909 lr=6.276e-05 grad_norm=0.794 samples/s=76.92
[step 3560/5000] loss=3.0973 lr=6.200e-05 grad_norm=0.781 samples/s=76.88
[step 3570/5000] loss=1.4788 lr=6.124e-05 grad_norm=0.696 samples/s=76.81
[step 3580/5000] loss=1.7852 lr=6.048e-05 grad_norm=0.794 samples/s=76.83
[step 3590/5000] loss=1.8656 lr=5.973e-05 grad_norm=0.650 samples/s=76.70
[step 3600/5000] loss=1.8845 lr=5.899e-05 grad_norm=0.774 samples/s=76.69
[step 3610/5000] loss=2.5070 lr=5.824e-05 grad_norm=0.620 samples/s=76.62
[step 3620/5000] loss=1.6309 lr=5.750e-05 grad_norm=0.658 samples/s=76.64
[step 3630/5000] loss=1.8218 lr=5.677e-05 grad_norm=0.784 samples/s=76.62
[step 3640/5000] loss=1.7069 lr=5.604e-05 grad_norm=0.671 samples/s=76.63
[step 3650/5000] loss=2.0002 lr=5.531e-05 grad_norm=0.877 samples/s=76.58
[step 3660/5000] loss=2.5487 lr=5.459e-05 grad_norm=0.686 samples/s=76.59
[step 3670/5000] loss=1.5310 lr=5.387e-05 grad_norm=0.713 samples/s=76.48
[step 3680/5000] loss=2.0626 lr=5.315e-05 grad_norm=0.648 samples/s=76.53
[step 3690/5000] loss=1.8211 lr=5.244e-05 grad_norm=0.846 samples/s=76.48
[step 3700/5000] loss=2.0952 lr=5.173e-05 grad_norm=0.632 samples/s=76.50
[step 3710/5000] loss=2.0080 lr=5.103e-05 grad_norm=0.690 samples/s=76.45
[step 3720/5000] loss=1.9346 lr=5.033e-05 grad_norm=0.738 samples/s=76.46
[step 3730/5000] loss=2.1466 lr=4.964e-05 grad_norm=0.609 samples/s=76.43
[step 3740/5000] loss=1.9655 lr=4.895e-05 grad_norm=0.771 samples/s=76.45
[step 3750/5000] loss=2.0376 lr=4.826e-05 grad_norm=0.706 samples/s=76.36
[val step 3750] loss=2.1201169185638427 m01={'mean': 0.40937169604925167, 'median': 0.40858137532990735, 'p95': 0.6780581552355045, 'tail_frac_gt4px': 8.18732601932209e-05, 'n_matched': 12214} m02={'12-16': 0.9181084198385236, '16-32': 0.9543598366562575, '32-64': 0.9451172378253028, '64-128': 0.9421618204804045} m04={'accuracy': 0.5699197642050107, 'by_octave': {'12-16': 0.553391959798995, '16-32': 0.6305059149257488, '32-64': 0.5986913849509269, '64-128': 0.46259644414625967}} diag={'gate3_alpha_mean': 0.2621241807937622, 'gate3_alpha_min': 0.014654159545898438, 'gate3_alpha_max': 0.977294921875, 'gate3_alpha_std': 0.15797969698905945, 'gate3_alpha_p10': 0.085174560546875, 'gate3_alpha_p50': 0.23028564453125, 'gate3_alpha_p90': 0.487060546875, 'block0_attn_entropy': 7.1890082359313965, 'block1_attn_entropy': 7.4866156578063965}
[step 3760/5000] loss=1.6023 lr=4.758e-05 grad_norm=0.709 samples/s=76.52
[step 3770/5000] loss=1.5120 lr=4.690e-05 grad_norm=0.749 samples/s=76.61
[step 3780/5000] loss=3.0090 lr=4.623e-05 grad_norm=0.689 samples/s=76.54
[step 3790/5000] loss=1.7781 lr=4.556e-05 grad_norm=0.695 samples/s=76.58
[step 3800/5000] loss=2.4596 lr=4.489e-05 grad_norm=0.889 samples/s=76.53
[step 3810/5000] loss=2.2134 lr=4.423e-05 grad_norm=0.777 samples/s=76.48
[step 3820/5000] loss=2.1694 lr=4.357e-05 grad_norm=0.683 samples/s=76.44
[step 3830/5000] loss=2.3536 lr=4.292e-05 grad_norm=0.751 samples/s=76.41
[step 3840/5000] loss=1.7988 lr=4.228e-05 grad_norm=0.775 samples/s=76.33
[step 3850/5000] loss=1.7806 lr=4.163e-05 grad_norm=0.821 samples/s=76.31
[step 3860/5000] loss=1.9816 lr=4.099e-05 grad_norm=0.747 samples/s=76.24
[step 3870/5000] loss=2.8167 lr=4.036e-05 grad_norm=0.608 samples/s=76.28
[step 3880/5000] loss=1.7289 lr=3.973e-05 grad_norm=0.790 samples/s=76.18
[step 3890/5000] loss=1.6534 lr=3.911e-05 grad_norm=0.732 samples/s=76.21
[step 3900/5000] loss=1.5385 lr=3.849e-05 grad_norm=0.587 samples/s=76.18
[step 3910/5000] loss=1.7052 lr=3.787e-05 grad_norm=0.635 samples/s=76.22
[step 3920/5000] loss=2.5795 lr=3.726e-05 grad_norm=0.672 samples/s=76.19
[step 3930/5000] loss=1.8708 lr=3.666e-05 grad_norm=0.654 samples/s=76.21
[step 3940/5000] loss=2.4628 lr=3.605e-05 grad_norm=0.760 samples/s=76.18
[step 3950/5000] loss=1.6075 lr=3.546e-05 grad_norm=0.689 samples/s=76.22
[step 3960/5000] loss=2.1537 lr=3.487e-05 grad_norm=0.591 samples/s=76.14
[step 3970/5000] loss=1.9839 lr=3.428e-05 grad_norm=0.653 samples/s=76.17
[step 3980/5000] loss=1.9743 lr=3.370e-05 grad_norm=0.735 samples/s=76.10
[step 3990/5000] loss=1.6419 lr=3.312e-05 grad_norm=0.852 samples/s=76.13
[step 4000/5000] loss=2.0487 lr=3.255e-05 grad_norm=0.714 samples/s=76.06
[val step 4000] loss=2.119032621383667 m01={'mean': 0.40977582093045806, 'median': 0.40864386144576836, 'p95': 0.6783507336297125, 'tail_frac_gt4px': 0.0001637331150225133, 'n_matched': 12215} m02={'12-16': 0.9192618223760092, '16-32': 0.9543598366562575, '32-64': 0.9448595722751868, '64-128': 0.9421618204804045} m04={'accuracy': 0.5685632419156774, 'by_octave': {'12-16': 0.5545796737766625, '16-32': 0.630757613893783, '32-64': 0.5955822197982001, '64-128': 0.45991278094599125}} diag={'gate3_alpha_mean': 0.27519404888153076, 'gate3_alpha_min': 0.015687942504882812, 'gate3_alpha_max': 0.9814453125, 'gate3_alpha_std': 0.1622401475906372, 'gate3_alpha_p10': 0.091278076171875, 'gate3_alpha_p50': 0.24346923828125, 'gate3_alpha_p90': 0.50732421875, 'block0_attn_entropy': 7.1890082359313965, 'block1_attn_entropy': 7.4866156578063965}
[step 4010/5000] loss=2.0291 lr=3.198e-05 grad_norm=0.906 samples/s=76.20
[step 4020/5000] loss=1.8635 lr=3.142e-05 grad_norm=0.585 samples/s=76.25
[step 4030/5000] loss=2.0311 lr=3.086e-05 grad_norm=0.849 samples/s=76.13
[step 4040/5000] loss=1.8424 lr=3.031e-05 grad_norm=0.833 samples/s=76.13
[step 4050/5000] loss=1.8972 lr=2.976e-05 grad_norm=0.667 samples/s=76.11
[step 4060/5000] loss=2.0184 lr=2.922e-05 grad_norm=0.937 samples/s=76.11
[step 4070/5000] loss=2.1008 lr=2.868e-05 grad_norm=0.740 samples/s=76.09
[step 4080/5000] loss=1.8006 lr=2.815e-05 grad_norm=0.686 samples/s=76.09
[step 4090/5000] loss=2.1961 lr=2.762e-05 grad_norm=0.622 samples/s=76.06
[step 4100/5000] loss=2.6880 lr=2.710e-05 grad_norm=0.817 samples/s=76.02
[step 4110/5000] loss=2.4917 lr=2.658e-05 grad_norm=0.753 samples/s=76.03
[step 4120/5000] loss=2.1709 lr=2.607e-05 grad_norm=0.708 samples/s=76.02
[step 4130/5000] loss=2.4156 lr=2.556e-05 grad_norm=0.904 samples/s=75.98
[step 4140/5000] loss=1.9306 lr=2.506e-05 grad_norm=0.684 samples/s=75.97
[step 4150/5000] loss=1.9023 lr=2.456e-05 grad_norm=0.798 samples/s=75.94
[step 4160/5000] loss=2.2061 lr=2.407e-05 grad_norm=0.719 samples/s=75.93
[step 4170/5000] loss=1.7466 lr=2.358e-05 grad_norm=0.830 samples/s=75.86
[step 4180/5000] loss=2.0128 lr=2.310e-05 grad_norm=0.742 samples/s=75.86
[step 4190/5000] loss=1.5940 lr=2.263e-05 grad_norm=0.643 samples/s=75.80
[step 4200/5000] loss=1.8109 lr=2.216e-05 grad_norm=0.798 samples/s=75.81
[step 4210/5000] loss=1.8650 lr=2.169e-05 grad_norm=0.785 samples/s=75.74
[step 4220/5000] loss=2.4743 lr=2.123e-05 grad_norm=0.796 samples/s=75.73
[step 4230/5000] loss=2.1426 lr=2.078e-05 grad_norm=0.889 samples/s=75.71
[step 4240/5000] loss=2.6385 lr=2.033e-05 grad_norm=0.723 samples/s=75.72
[step 4250/5000] loss=2.2311 lr=1.988e-05 grad_norm=0.711 samples/s=75.69
[val step 4250] loss=2.118485019683838 m01={'mean': 0.4097272293843209, 'median': 0.40862138680439386, 'p95': 0.6781066047990212, 'tail_frac_gt4px': 0.0001637465203864418, 'n_matched': 12214} m02={'12-16': 0.9186851211072664, '16-32': 0.9543598366562575, '32-64': 0.9448595722751868, '64-128': 0.9421618204804045} m04={'accuracy': 0.569674144424431, 'by_octave': {'12-16': 0.5549278091650973, '16-32': 0.6315127107978857, '32-64': 0.5977638396509408, '64-128': 0.46058369674605837}} diag={'gate3_alpha_mean': 0.27803677320480347, 'gate3_alpha_min': 0.01618194580078125, 'gate3_alpha_max': 0.978515625, 'gate3_alpha_std': 0.16255871951580048, 'gate3_alpha_p10': 0.0928802490234375, 'gate3_alpha_p50': 0.246856689453125, 'gate3_alpha_p90': 0.5108642578125, 'block0_attn_entropy': 7.1890082359313965, 'block1_attn_entropy': 7.4866156578063965}
[step 4260/5000] loss=2.1509 lr=1.945e-05 grad_norm=0.719 samples/s=75.83
[step 4270/5000] loss=1.7909 lr=1.901e-05 grad_norm=0.893 samples/s=75.87
[step 4280/5000] loss=2.6851 lr=1.859e-05 grad_norm=0.585 samples/s=75.82
[step 4290/5000] loss=2.0142 lr=1.816e-05 grad_norm=0.778 samples/s=75.75
[step 4300/5000] loss=2.3170 lr=1.775e-05 grad_norm=0.872 samples/s=75.79
[step 4310/5000] loss=2.1676 lr=1.734e-05 grad_norm=0.712 samples/s=75.76
[step 4320/5000] loss=2.2887 lr=1.693e-05 grad_norm=0.586 samples/s=75.78
[step 4330/5000] loss=2.2029 lr=1.653e-05 grad_norm=0.753 samples/s=75.78
[step 4340/5000] loss=1.8199 lr=1.614e-05 grad_norm=0.629 samples/s=75.70
[step 4350/5000] loss=1.9774 lr=1.575e-05 grad_norm=0.654 samples/s=75.74
[step 4360/5000] loss=1.6616 lr=1.537e-05 grad_norm=0.957 samples/s=75.72
[step 4370/5000] loss=1.9634 lr=1.499e-05 grad_norm=0.808 samples/s=75.65
[step 4380/5000] loss=1.7437 lr=1.462e-05 grad_norm=0.743 samples/s=75.62
[step 4390/5000] loss=1.9089 lr=1.425e-05 grad_norm=0.699 samples/s=75.56
[step 4400/5000] loss=1.9515 lr=1.389e-05 grad_norm=0.737 samples/s=75.59
[step 4410/5000] loss=1.9398 lr=1.353e-05 grad_norm=0.781 samples/s=75.56
[step 4420/5000] loss=1.6246 lr=1.318e-05 grad_norm=0.866 samples/s=75.55
[step 4430/5000] loss=2.0558 lr=1.284e-05 grad_norm=0.630 samples/s=75.48
[step 4440/5000] loss=1.4357 lr=1.250e-05 grad_norm=0.684 samples/s=75.49
[step 4450/5000] loss=1.7748 lr=1.217e-05 grad_norm=0.709 samples/s=75.45
[step 4460/5000] loss=2.2059 lr=1.184e-05 grad_norm=0.773 samples/s=75.48
[step 4470/5000] loss=2.6881 lr=1.152e-05 grad_norm=0.899 samples/s=75.45
[step 4480/5000] loss=1.6892 lr=1.121e-05 grad_norm=0.681 samples/s=75.46
[step 4490/5000] loss=2.6101 lr=1.090e-05 grad_norm=0.762 samples/s=75.44
[step 4500/5000] loss=1.7257 lr=1.060e-05 grad_norm=0.735 samples/s=75.47
[val step 4500] loss=2.117965509414673 m01={'mean': 0.4097107190726206, 'median': 0.40862138680439386, 'p95': 0.6781066047990212, 'tail_frac_gt4px': 0.0001637465203864418, 'n_matched': 12214} m02={'12-16': 0.9186851211072664, '16-32': 0.9543598366562575, '32-64': 0.9448595722751868, '64-128': 0.9421618204804045} m04={'accuracy': 0.5695103979040446, 'by_octave': {'12-16': 0.5536723163841808, '16-32': 0.6289957211175434, '32-64': 0.5988546495773112, '64-128': 0.46259644414625967}} diag={'gate3_alpha_mean': 0.2764999270439148, 'gate3_alpha_min': 0.01618194580078125, 'gate3_alpha_max': 0.978271484375, 'gate3_alpha_std': 0.16189336776733398, 'gate3_alpha_p10': 0.092193603515625, 'gate3_alpha_p50': 0.24542236328125, 'gate3_alpha_p90': 0.508056640625, 'block0_attn_entropy': 7.1890082359313965, 'block1_attn_entropy': 7.4866156578063965}
[step 4510/5000] loss=2.1462 lr=1.030e-05 grad_norm=0.834 samples/s=75.60
[step 4520/5000] loss=1.7823 lr=1.001e-05 grad_norm=0.730 samples/s=75.70
[step 4530/5000] loss=1.8130 lr=9.720e-06 grad_norm=0.884 samples/s=75.62
[step 4540/5000] loss=2.1415 lr=9.439e-06 grad_norm=0.673 samples/s=75.58
[step 4550/5000] loss=2.7996 lr=9.165e-06 grad_norm=0.796 samples/s=75.57
[step 4560/5000] loss=1.4398 lr=8.896e-06 grad_norm=0.621 samples/s=75.59
[step 4570/5000] loss=1.6967 lr=8.634e-06 grad_norm=0.720 samples/s=75.59
[step 4580/5000] loss=2.4945 lr=8.377e-06 grad_norm=0.843 samples/s=75.57
[step 4590/5000] loss=1.9357 lr=8.126e-06 grad_norm=0.734 samples/s=75.56
[step 4600/5000] loss=3.0461 lr=7.881e-06 grad_norm=0.722 samples/s=75.55
[step 4610/5000] loss=2.1032 lr=7.642e-06 grad_norm=0.789 samples/s=75.55
[step 4620/5000] loss=2.2343 lr=7.409e-06 grad_norm=0.661 samples/s=75.48
[step 4630/5000] loss=1.9835 lr=7.181e-06 grad_norm=0.616 samples/s=75.45
[step 4640/5000] loss=2.1358 lr=6.960e-06 grad_norm=0.651 samples/s=75.39
[step 4650/5000] loss=1.6573 lr=6.744e-06 grad_norm=0.698 samples/s=75.38
[step 4660/5000] loss=1.4890 lr=6.535e-06 grad_norm=0.603 samples/s=75.29
[step 4670/5000] loss=2.5157 lr=6.331e-06 grad_norm=0.590 samples/s=75.29
[step 4680/5000] loss=1.5582 lr=6.134e-06 grad_norm=0.735 samples/s=75.22
[step 4690/5000] loss=2.0074 lr=5.942e-06 grad_norm=0.728 samples/s=75.19
[step 4700/5000] loss=1.5403 lr=5.757e-06 grad_norm=0.873 samples/s=75.16
[step 4710/5000] loss=1.9201 lr=5.577e-06 grad_norm=0.857 samples/s=75.15
[step 4720/5000] loss=2.3155 lr=5.403e-06 grad_norm=0.797 samples/s=75.12
[step 4730/5000] loss=1.8704 lr=5.236e-06 grad_norm=1.015 samples/s=75.14
[step 4740/5000] loss=1.8614 lr=5.074e-06 grad_norm=0.731 samples/s=75.06
[step 4750/5000] loss=2.5556 lr=4.919e-06 grad_norm=0.777 samples/s=75.07
[val step 4750] loss=2.117729543685913 m01={'mean': 0.40961740875109115, 'median': 0.40855638516584547, 'p95': 0.6779203427970175, 'tail_frac_gt4px': 0.00016377333770062233, 'n_matched': 12212} m02={'12-16': 0.9186851211072664, '16-32': 0.9541196252702379, '32-64': 0.9448595722751868, '64-128': 0.9418457648546145} m04={'accuracy': 0.5698493285293155, 'by_octave': {'12-16': 0.5561833019460138, '16-32': 0.6294058408862034, '32-64': 0.5983092446141259, '64-128': 0.462751677852349}} diag={'gate3_alpha_mean': 0.27164191007614136, 'gate3_alpha_min': 0.015687942504882812, 'gate3_alpha_max': 0.977294921875, 'gate3_alpha_std': 0.16007372736930847, 'gate3_alpha_p10': 0.090179443359375, 'gate3_alpha_p50': 0.24072265625, 'gate3_alpha_p90': 0.5, 'block0_attn_entropy': 7.1890082359313965, 'block1_attn_entropy': 7.4866156578063965}
[step 4760/5000] loss=1.9856 lr=4.769e-06 grad_norm=0.672 samples/s=75.20
[step 4770/5000] loss=1.6927 lr=4.626e-06 grad_norm=0.738 samples/s=75.23
[step 4780/5000] loss=2.3177 lr=4.488e-06 grad_norm=0.753 samples/s=75.13
[step 4790/5000] loss=2.2890 lr=4.357e-06 grad_norm=0.811 samples/s=75.11
[step 4800/5000] loss=1.8135 lr=4.231e-06 grad_norm=0.784 samples/s=75.05
[step 4810/5000] loss=1.9525 lr=4.112e-06 grad_norm=0.828 samples/s=75.07
[step 4820/5000] loss=2.3933 lr=3.999e-06 grad_norm=0.618 samples/s=75.05
[step 4830/5000] loss=2.1023 lr=3.892e-06 grad_norm=0.603 samples/s=75.01
[step 4840/5000] loss=1.9066 lr=3.790e-06 grad_norm=0.691 samples/s=74.96
[step 4850/5000] loss=1.6203 lr=3.695e-06 grad_norm=0.616 samples/s=74.88
[step 4860/5000] loss=1.8617 lr=3.606e-06 grad_norm=0.692 samples/s=74.90
[step 4870/5000] loss=1.5164 lr=3.523e-06 grad_norm=0.557 samples/s=74.87
[step 4880/5000] loss=1.7141 lr=3.447e-06 grad_norm=0.623 samples/s=74.89
[step 4890/5000] loss=2.7343 lr=3.376e-06 grad_norm=0.981 samples/s=74.86
[step 4900/5000] loss=1.9274 lr=3.311e-06 grad_norm=0.720 samples/s=74.87
[step 4910/5000] loss=1.8974 lr=3.253e-06 grad_norm=0.915 samples/s=74.85
[step 4920/5000] loss=1.8020 lr=3.200e-06 grad_norm=0.985 samples/s=74.84
[step 4930/5000] loss=2.2693 lr=3.154e-06 grad_norm=0.634 samples/s=74.79
[step 4940/5000] loss=2.1653 lr=3.114e-06 grad_norm=0.915 samples/s=74.80
[step 4950/5000] loss=1.9195 lr=3.079e-06 grad_norm=0.782 samples/s=74.75
[step 4960/5000] loss=1.5577 lr=3.051e-06 grad_norm=0.748 samples/s=74.73
[step 4970/5000] loss=1.9146 lr=3.029e-06 grad_norm=0.724 samples/s=74.72
[step 4980/5000] loss=2.0866 lr=3.013e-06 grad_norm=0.648 samples/s=74.69
[step 4990/5000] loss=1.6140 lr=3.004e-06 grad_norm=0.682 samples/s=74.66
[step 5000/5000] loss=2.3619 lr=3.000e-06 grad_norm=0.783 samples/s=74.67
[val step 5000] loss=2.1177206058502196 m01={'mean': 0.40967967605689287, 'median': 0.40853668612566707, 'p95': 0.6781170317726306, 'tail_frac_gt4px': 0.00016377333770062233, 'n_matched': 12212} m02={'12-16': 0.9186851211072664, '16-32': 0.9541196252702379, '32-64': 0.9448595722751868, '64-128': 0.9418457648546145} m04={'accuracy': 0.5695217818539142, 'by_octave': {'12-16': 0.5568110483364721, '16-32': 0.6294058408862034, '32-64': 0.5980365421325334, '64-128': 0.46140939597315433}} diag={'gate3_alpha_mean': 0.2732136845588684, 'gate3_alpha_min': 0.015687942504882812, 'gate3_alpha_max': 0.9775390625, 'gate3_alpha_std': 0.16049954295158386, 'gate3_alpha_p10': 0.0909271240234375, 'gate3_alpha_p50': 0.2423095703125, 'gate3_alpha_p90': 0.50244140625, 'block0_attn_entropy': 7.1890082359313965, 'block1_attn_entropy': 7.4866156578063965}
[FULL val step 5000] loss=2.0282409938812256 m01={'mean': 0.4067891824263577, 'median': 0.4063379219346064, 'p95': 0.6751427882745409, 'tail_frac_gt4px': 6.452081199441895e-05, 'n_matched': 123991} m02={'12-16': 0.9196599482040311, '16-32': 0.9400364851098107, '32-64': 0.9547243594626851, '64-128': 0.9572724981094026} m04={'accuracy': 0.5737593857618698, 'by_octave': {'12-16': 0.6151209060299969, '16-32': 0.6117999899188468, '32-64': 0.5910952710250545, '64-128': 0.4803818301514154}}
[train_detector] wrote checkpoint runs/ft05_head_gate3/ckpt_0005000.pt
[train_detector] done: step=5000 train_elapsed=2142.9s val_elapsed=516.9s samples/s=74.67
