[train_detector] finetune from runs/rel_w882_c2_100k_rev6/ckpt_0100000.pt (step 100000): 882,402 of 882,402 params trainable, lr_mult={'e1.*': 1.0, 'e2.*': 1.0, 'e3.*': 1.0, 'e4.*': 1.0, 'blocks.*': 1.0, 'norm.*': 1.0, 'gate3.*': 1.0, 'd3.*': 1.0, 'd2.*': 1.0, 'd1.*': 1.0, 'hm.*': 1.0, 'cls.*': 1.0}, reinit=[]
[train_detector] stream_seed=2100000 resume_count=0 start_step=0
[step 1/5000] loss=6.0655 lr=0.000e+00 grad_norm=120.887 samples/s=9.74
[step 2/5000] loss=6.3384 lr=3.000e-06 grad_norm=61.731 samples/s=18.66
[step 3/5000] loss=6.7556 lr=6.000e-06 grad_norm=56.686 samples/s=26.88
[step 4/5000] loss=6.5430 lr=9.000e-06 grad_norm=61.166 samples/s=34.47
[step 5/5000] loss=6.0171 lr=1.200e-05 grad_norm=48.696 samples/s=40.61
[step 6/5000] loss=5.4632 lr=1.500e-05 grad_norm=67.634 samples/s=47.02
[step 7/5000] loss=6.6454 lr=1.800e-05 grad_norm=65.269 samples/s=53.01
[step 8/5000] loss=5.6585 lr=2.100e-05 grad_norm=53.378 samples/s=58.60
[step 9/5000] loss=7.0722 lr=2.400e-05 grad_norm=79.059 samples/s=49.41
[step 10/5000] loss=6.1461 lr=2.700e-05 grad_norm=47.450 samples/s=53.48
[step 20/5000] loss=3.8473 lr=5.700e-05 grad_norm=31.275 samples/s=61.40
[step 30/5000] loss=2.5045 lr=8.700e-05 grad_norm=12.279 samples/s=63.60
[step 40/5000] loss=2.3022 lr=1.170e-04 grad_norm=9.167 samples/s=65.35
[step 50/5000] loss=2.7734 lr=1.470e-04 grad_norm=35.227 samples/s=64.74
[step 60/5000] loss=2.7889 lr=1.770e-04 grad_norm=19.447 samples/s=64.30
[step 70/5000] loss=2.0609 lr=2.070e-04 grad_norm=6.235 samples/s=66.25
[step 80/5000] loss=2.0802 lr=2.370e-04 grad_norm=13.164 samples/s=65.69
[step 90/5000] loss=2.5311 lr=2.670e-04 grad_norm=27.272 samples/s=66.75
[step 100/5000] loss=2.2083 lr=2.970e-04 grad_norm=19.246 samples/s=66.91
[step 110/5000] loss=1.9763 lr=3.000e-04 grad_norm=23.982 samples/s=68.27
[step 120/5000] loss=1.9028 lr=3.000e-04 grad_norm=16.350 samples/s=67.77
[step 130/5000] loss=1.7613 lr=3.000e-04 grad_norm=24.755 samples/s=68.46
[step 140/5000] loss=2.4084 lr=3.000e-04 grad_norm=13.411 samples/s=68.06
[step 150/5000] loss=1.9662 lr=2.999e-04 grad_norm=22.120 samples/s=69.19
[step 160/5000] loss=1.9010 lr=2.999e-04 grad_norm=11.473 samples/s=69.64
[step 170/5000] loss=2.0028 lr=2.999e-04 grad_norm=14.048 samples/s=69.63
[step 180/5000] loss=1.7140 lr=2.998e-04 grad_norm=26.183 samples/s=70.20
[step 190/5000] loss=1.5552 lr=2.998e-04 grad_norm=12.596 samples/s=70.72
[step 200/5000] loss=2.4212 lr=2.997e-04 grad_norm=42.060 samples/s=70.70
[step 210/5000] loss=2.2952 lr=2.996e-04 grad_norm=35.842 samples/s=70.70
[step 220/5000] loss=1.2592 lr=2.996e-04 grad_norm=17.656 samples/s=70.59
[step 230/5000] loss=1.9896 lr=2.995e-04 grad_norm=17.883 samples/s=70.86
[step 240/5000] loss=1.0811 lr=2.994e-04 grad_norm=12.999 samples/s=70.95
[step 250/5000] loss=1.7417 lr=2.993e-04 grad_norm=20.413 samples/s=70.22
[val step 250] loss=1.8400527763366699 m01={'mean': 0.4081398184656428, 'median': 0.4091253788082303, 'p95': 0.6764268109325152, 'tail_frac_gt4px': 0.0, 'n_matched': 12184} m02={'12-16': 0.9106113033448674, '16-32': 0.9533989911121787, '32-64': 0.944086575624839, '64-128': 0.9393173198482933} m04={'accuracy': 0.7141332895600788, 'by_octave': {'12-16': 0.3578214059531349, '16-32': 0.6397077349458302, '32-64': 0.8692685589519651, '64-128': 0.8115746971736204}} diag={'gate3_alpha_mean': 0.2836820185184479, 'gate3_alpha_min': 0.016345977783203125, 'gate3_alpha_max': 0.9638671875, 'gate3_alpha_std': 0.15723200142383575, 'gate3_alpha_p10': 0.10235595703125, 'gate3_alpha_p50': 0.2557373046875, 'gate3_alpha_p90': 0.5087890625, 'block0_attn_entropy': 7.199041366577148, 'block1_attn_entropy': 7.333499431610107}
[step 260/5000] loss=2.2004 lr=2.992e-04 grad_norm=83.898 samples/s=71.20
[step 270/5000] loss=1.7203 lr=2.991e-04 grad_norm=11.859 samples/s=72.10
[step 280/5000] loss=2.0622 lr=2.990e-04 grad_norm=26.506 samples/s=72.97
[step 290/5000] loss=1.1757 lr=2.989e-04 grad_norm=10.176 samples/s=72.85
[step 300/5000] loss=1.9978 lr=2.988e-04 grad_norm=23.816 samples/s=72.66
[step 310/5000] loss=1.3689 lr=2.987e-04 grad_norm=13.300 samples/s=72.09
[step 320/5000] loss=1.1039 lr=2.985e-04 grad_norm=19.615 samples/s=72.16
[step 330/5000] loss=1.7173 lr=2.984e-04 grad_norm=46.224 samples/s=71.99
[step 340/5000] loss=1.4406 lr=2.983e-04 grad_norm=53.874 samples/s=72.28
[step 350/5000] loss=1.9343 lr=2.981e-04 grad_norm=27.921 samples/s=71.94
[step 360/5000] loss=0.9790 lr=2.980e-04 grad_norm=9.468 samples/s=71.98
[step 370/5000] loss=1.1021 lr=2.978e-04 grad_norm=12.979 samples/s=72.01
[step 380/5000] loss=1.1515 lr=2.976e-04 grad_norm=17.236 samples/s=72.52
[step 390/5000] loss=1.3981 lr=2.975e-04 grad_norm=28.045 samples/s=72.41
[step 400/5000] loss=1.3108 lr=2.973e-04 grad_norm=40.357 samples/s=72.61
[step 410/5000] loss=1.7471 lr=2.971e-04 grad_norm=24.596 samples/s=72.44
[step 420/5000] loss=1.1156 lr=2.969e-04 grad_norm=18.699 samples/s=72.69
[step 430/5000] loss=1.6464 lr=2.967e-04 grad_norm=17.976 samples/s=72.45
[step 440/5000] loss=1.9864 lr=2.965e-04 grad_norm=8.795 samples/s=72.53
[step 450/5000] loss=1.9887 lr=2.963e-04 grad_norm=22.056 samples/s=72.61
[step 460/5000] loss=1.8565 lr=2.961e-04 grad_norm=15.689 samples/s=72.93
[step 470/5000] loss=2.2194 lr=2.959e-04 grad_norm=20.470 samples/s=72.88
[step 480/5000] loss=1.2496 lr=2.956e-04 grad_norm=15.975 samples/s=73.08
[step 490/5000] loss=1.0009 lr=2.954e-04 grad_norm=8.781 samples/s=72.80
[step 500/5000] loss=1.0838 lr=2.952e-04 grad_norm=13.504 samples/s=72.62
[val step 500] loss=1.4458347244262695 m01={'mean': 0.4088990943241592, 'median': 0.4092696213514515, 'p95': 0.6790978995616265, 'tail_frac_gt4px': 0.0, 'n_matched': 12179} m02={'12-16': 0.9065743944636678, '16-32': 0.9519577227960605, '32-64': 0.9453749033754187, '64-128': 0.9402654867256637} m04={'accuracy': 0.9158387388127104, 'by_octave': {'12-16': 0.7608142493638677, '16-32': 0.9295987887963664, '32-64': 0.9547560643227038, '64-128': 0.9314285714285714}} diag={'gate3_alpha_mean': 0.33469218015670776, 'gate3_alpha_min': 0.0244903564453125, 'gate3_alpha_max': 0.982177734375, 'gate3_alpha_std': 0.1648789942264557, 'gate3_alpha_p10': 0.13142243027687073, 'gate3_alpha_p50': 0.318115234375, 'gate3_alpha_p90': 0.563720703125, 'block0_attn_entropy': 7.2226338386535645, 'block1_attn_entropy': 7.290232181549072}
[step 510/5000] loss=1.7147 lr=2.949e-04 grad_norm=39.683 samples/s=73.10
[step 520/5000] loss=0.9034 lr=2.947e-04 grad_norm=3.912 samples/s=73.56
[step 530/5000] loss=1.2399 lr=2.944e-04 grad_norm=88.049 samples/s=74.17
[step 540/5000] loss=1.9353 lr=2.942e-04 grad_norm=16.103 samples/s=73.85
[step 550/5000] loss=1.4712 lr=2.939e-04 grad_norm=37.588 samples/s=73.85
[step 560/5000] loss=0.9774 lr=2.936e-04 grad_norm=13.023 samples/s=73.58
[step 570/5000] loss=1.1922 lr=2.933e-04 grad_norm=12.531 samples/s=73.59
[step 580/5000] loss=1.2234 lr=2.931e-04 grad_norm=15.876 samples/s=73.20
[step 590/5000] loss=0.9317 lr=2.928e-04 grad_norm=20.772 samples/s=73.16
[step 600/5000] loss=0.9235 lr=2.925e-04 grad_norm=10.629 samples/s=73.17
[step 610/5000] loss=1.4196 lr=2.922e-04 grad_norm=48.451 samples/s=73.21
[step 620/5000] loss=1.9803 lr=2.919e-04 grad_norm=15.152 samples/s=72.98
[step 630/5000] loss=1.0143 lr=2.915e-04 grad_norm=40.270 samples/s=73.24
[step 640/5000] loss=1.3910 lr=2.912e-04 grad_norm=18.478 samples/s=73.13
[step 650/5000] loss=1.4644 lr=2.909e-04 grad_norm=9.721 samples/s=73.21
[step 660/5000] loss=1.2675 lr=2.906e-04 grad_norm=29.892 samples/s=73.12
[step 670/5000] loss=2.3416 lr=2.902e-04 grad_norm=31.076 samples/s=73.22
[step 680/5000] loss=1.3590 lr=2.899e-04 grad_norm=15.107 samples/s=73.18
[step 690/5000] loss=1.7426 lr=2.895e-04 grad_norm=11.471 samples/s=73.31
[step 700/5000] loss=1.0751 lr=2.892e-04 grad_norm=10.331 samples/s=73.10
[step 710/5000] loss=1.2560 lr=2.888e-04 grad_norm=18.674 samples/s=73.13
[step 720/5000] loss=1.3594 lr=2.885e-04 grad_norm=7.050 samples/s=73.08
[step 730/5000] loss=0.7814 lr=2.881e-04 grad_norm=9.745 samples/s=73.33
[step 740/5000] loss=0.7720 lr=2.877e-04 grad_norm=11.774 samples/s=73.27
[step 750/5000] loss=1.5121 lr=2.873e-04 grad_norm=25.929 samples/s=73.26
[val step 750] loss=1.3809997463226318 m01={'mean': 0.41067962354427967, 'median': 0.40975742030351336, 'p95': 0.684090544421022, 'tail_frac_gt4px': 8.214901831923109e-05, 'n_matched': 12173} m02={'12-16': 0.9077277970011534, '16-32': 0.9509968772519818, '32-64': 0.943828910074723, '64-128': 0.940897597977244} m04={'accuracy': 0.9443029655795613, 'by_octave': {'12-16': 0.8278271918678526, '16-32': 0.9560495074513766, '32-64': 0.9724269724269724, '64-128': 0.9556600604635539}} diag={'gate3_alpha_mean': 0.3629050552845001, 'gate3_alpha_min': 0.02523040771484375, 'gate3_alpha_max': 0.98876953125, 'gate3_alpha_std': 0.18291296064853668, 'gate3_alpha_p10': 0.1332550048828125, 'gate3_alpha_p50': 0.3466796875, 'gate3_alpha_p90': 0.619384765625, 'block0_attn_entropy': 7.2319207191467285, 'block1_attn_entropy': 7.286046028137207}
[step 760/5000] loss=1.5486 lr=2.869e-04 grad_norm=27.094 samples/s=73.70
[step 770/5000] loss=1.3782 lr=2.865e-04 grad_norm=25.084 samples/s=74.19
[step 780/5000] loss=1.2847 lr=2.861e-04 grad_norm=12.506 samples/s=74.30
[step 790/5000] loss=2.1454 lr=2.857e-04 grad_norm=26.545 samples/s=74.27
[step 800/5000] loss=1.3670 lr=2.853e-04 grad_norm=13.732 samples/s=74.21
[step 810/5000] loss=2.2684 lr=2.849e-04 grad_norm=13.740 samples/s=74.05
[step 820/5000] loss=0.9547 lr=2.845e-04 grad_norm=6.369 samples/s=74.16
[step 830/5000] loss=0.8878 lr=2.841e-04 grad_norm=16.259 samples/s=74.11
[step 840/5000] loss=0.7830 lr=2.836e-04 grad_norm=7.204 samples/s=74.14
[step 850/5000] loss=1.8577 lr=2.832e-04 grad_norm=17.626 samples/s=74.05
[step 860/5000] loss=1.3233 lr=2.828e-04 grad_norm=32.713 samples/s=74.13
[step 870/5000] loss=1.6607 lr=2.823e-04 grad_norm=10.936 samples/s=74.11
[step 880/5000] loss=1.8256 lr=2.819e-04 grad_norm=17.480 samples/s=74.23
[step 890/5000] loss=0.8873 lr=2.814e-04 grad_norm=8.626 samples/s=74.25
[step 900/5000] loss=0.9460 lr=2.809e-04 grad_norm=17.895 samples/s=74.27
[step 910/5000] loss=0.9229 lr=2.805e-04 grad_norm=28.537 samples/s=74.20
[step 920/5000] loss=1.5798 lr=2.800e-04 grad_norm=20.671 samples/s=74.28
[step 930/5000] loss=1.2002 lr=2.795e-04 grad_norm=11.511 samples/s=74.25
[step 940/5000] loss=1.1199 lr=2.790e-04 grad_norm=14.495 samples/s=74.40
[step 950/5000] loss=0.6147 lr=2.785e-04 grad_norm=8.265 samples/s=74.28
[step 960/5000] loss=2.0705 lr=2.780e-04 grad_norm=15.688 samples/s=74.38
[step 970/5000] loss=1.6299 lr=2.775e-04 grad_norm=35.218 samples/s=74.24
[step 980/5000] loss=1.5809 lr=2.770e-04 grad_norm=11.966 samples/s=74.28
[step 990/5000] loss=0.9153 lr=2.765e-04 grad_norm=7.501 samples/s=74.29
[step 1000/5000] loss=0.9221 lr=2.760e-04 grad_norm=10.481 samples/s=74.34
[val step 1000] loss=1.3471884088516235 m01={'mean': 0.41127050399962056, 'median': 0.4097422281891333, 'p95': 0.684933368101101, 'tail_frac_gt4px': 8.201427048306405e-05, 'n_matched': 12193} m02={'12-16': 0.9111880046136102, '16-32': 0.9529185683401393, '32-64': 0.9446019067250708, '64-128': 0.9418457648546145} m04={'accuracy': 0.9558763224801116, 'by_octave': {'12-16': 0.8740506329113924, '16-32': 0.9669775649105117, '32-64': 0.9746317512274959, '64-128': 0.9614093959731543}} diag={'gate3_alpha_mean': 0.34525954723358154, 'gate3_alpha_min': 0.019695281982421875, 'gate3_alpha_max': 0.99267578125, 'gate3_alpha_std': 0.18927285075187683, 'gate3_alpha_p10': 0.112152099609375, 'gate3_alpha_p50': 0.3232421875, 'gate3_alpha_p90': 0.61669921875, 'block0_attn_entropy': 7.169078826904297, 'block1_attn_entropy': 7.383440971374512}
[step 1010/5000] loss=1.5074 lr=2.755e-04 grad_norm=10.573 samples/s=74.73
[step 1020/5000] loss=1.6316 lr=2.750e-04 grad_norm=9.082 samples/s=74.95
[step 1030/5000] loss=2.1313 lr=2.744e-04 grad_norm=15.637 samples/s=75.18
[step 1040/5000] loss=1.1871 lr=2.739e-04 grad_norm=17.497 samples/s=75.36
[step 1050/5000] loss=1.6054 lr=2.734e-04 grad_norm=30.326 samples/s=75.35
[step 1060/5000] loss=1.1782 lr=2.728e-04 grad_norm=14.094 samples/s=75.35
[step 1070/5000] loss=1.0412 lr=2.723e-04 grad_norm=10.691 samples/s=75.21
[step 1080/5000] loss=0.8670 lr=2.717e-04 grad_norm=9.387 samples/s=75.25
[step 1090/5000] loss=1.0275 lr=2.711e-04 grad_norm=10.230 samples/s=75.29
[step 1100/5000] loss=1.6260 lr=2.706e-04 grad_norm=27.614 samples/s=75.20
[step 1110/5000] loss=2.4366 lr=2.700e-04 grad_norm=79.250 samples/s=75.25
[step 1120/5000] loss=0.6983 lr=2.694e-04 grad_norm=9.981 samples/s=74.92
[step 1130/5000] loss=0.8791 lr=2.688e-04 grad_norm=7.397 samples/s=74.99
[step 1140/5000] loss=1.0367 lr=2.683e-04 grad_norm=17.314 samples/s=74.89
[step 1150/5000] loss=0.9507 lr=2.677e-04 grad_norm=19.083 samples/s=74.98
[step 1160/5000] loss=0.6031 lr=2.671e-04 grad_norm=6.858 samples/s=74.91
[step 1170/5000] loss=1.7020 lr=2.665e-04 grad_norm=18.958 samples/s=74.95
[step 1180/5000] loss=1.2672 lr=2.659e-04 grad_norm=57.044 samples/s=74.94
[step 1190/5000] loss=1.0442 lr=2.653e-04 grad_norm=16.731 samples/s=75.02
[step 1200/5000] loss=1.9237 lr=2.646e-04 grad_norm=14.693 samples/s=74.85
[step 1210/5000] loss=1.1879 lr=2.640e-04 grad_norm=8.467 samples/s=74.91
[step 1220/5000] loss=0.9315 lr=2.634e-04 grad_norm=7.964 samples/s=74.80
[step 1230/5000] loss=0.7236 lr=2.628e-04 grad_norm=4.598 samples/s=74.79
[step 1240/5000] loss=1.6524 lr=2.621e-04 grad_norm=29.198 samples/s=74.66
[step 1250/5000] loss=1.4817 lr=2.615e-04 grad_norm=13.141 samples/s=74.74
[val step 1250] loss=1.3136509218215942 m01={'mean': 0.41090483370790953, 'median': 0.40962666753191096, 'p95': 0.6816320866262879, 'tail_frac_gt4px': 8.204791598293403e-05, 'n_matched': 12188} m02={'12-16': 0.9094579008073818, '16-32': 0.953158779726159, '32-64': 0.944086575624839, '64-128': 0.9415297092288243} m04={'accuracy': 0.9670167377748605, 'by_octave': {'12-16': 0.9042485732403297, '16-32': 0.9765625, '32-64': 0.9830786026200873, '64-128': 0.9677744209466264}} diag={'gate3_alpha_mean': 0.3300560712814331, 'gate3_alpha_min': 0.018863677978515625, 'gate3_alpha_max': 0.98779296875, 'gate3_alpha_std': 0.18907026946544647, 'gate3_alpha_p10': 0.10127945244312286, 'gate3_alpha_p50': 0.303375244140625, 'gate3_alpha_p90': 0.6047477722167969, 'block0_attn_entropy': 7.214280605316162, 'block1_attn_entropy': 7.317402362823486}
[step 1260/5000] loss=0.9137 lr=2.609e-04 grad_norm=8.118 samples/s=75.09
[step 1270/5000] loss=0.8473 lr=2.602e-04 grad_norm=8.215 samples/s=75.31
[step 1280/5000] loss=1.4507 lr=2.596e-04 grad_norm=17.072 samples/s=75.49
[step 1290/5000] loss=0.9270 lr=2.589e-04 grad_norm=9.762 samples/s=75.52
[step 1300/5000] loss=1.3349 lr=2.582e-04 grad_norm=11.708 samples/s=75.55
[step 1310/5000] loss=1.9289 lr=2.576e-04 grad_norm=36.062 samples/s=75.42
[step 1320/5000] loss=0.9921 lr=2.569e-04 grad_norm=18.760 samples/s=75.37
[step 1330/5000] loss=0.7642 lr=2.562e-04 grad_norm=8.318 samples/s=75.15
[step 1340/5000] loss=0.9975 lr=2.556e-04 grad_norm=9.723 samples/s=75.10
[step 1350/5000] loss=1.1661 lr=2.549e-04 grad_norm=6.173 samples/s=75.08
[step 1360/5000] loss=1.2489 lr=2.542e-04 grad_norm=21.052 samples/s=75.20
[step 1370/5000] loss=1.3958 lr=2.535e-04 grad_norm=15.429 samples/s=75.22
[step 1380/5000] loss=1.4393 lr=2.528e-04 grad_norm=32.121 samples/s=75.30
[step 1390/5000] loss=1.5401 lr=2.521e-04 grad_norm=12.414 samples/s=75.31
[step 1400/5000] loss=1.5792 lr=2.514e-04 grad_norm=11.181 samples/s=75.31
[step 1410/5000] loss=1.8727 lr=2.507e-04 grad_norm=18.134 samples/s=75.23
[step 1420/5000] loss=0.7046 lr=2.500e-04 grad_norm=12.712 samples/s=75.21
[step 1430/5000] loss=0.6450 lr=2.493e-04 grad_norm=5.564 samples/s=75.20
[step 1440/5000] loss=0.9352 lr=2.486e-04 grad_norm=7.714 samples/s=75.14
[step 1450/5000] loss=1.0738 lr=2.478e-04 grad_norm=17.279 samples/s=75.20
[step 1460/5000] loss=1.3998 lr=2.471e-04 grad_norm=12.662 samples/s=75.17
[step 1470/5000] loss=1.8558 lr=2.464e-04 grad_norm=17.408 samples/s=75.26
[step 1480/5000] loss=2.3966 lr=2.456e-04 grad_norm=99.721 samples/s=75.18
[step 1490/5000] loss=1.2033 lr=2.449e-04 grad_norm=22.404 samples/s=75.25
[step 1500/5000] loss=0.9224 lr=2.442e-04 grad_norm=17.329 samples/s=75.01
[val step 1500] loss=1.2976026725769043 m01={'mean': 0.4093030280301682, 'median': 0.40939808789820914, 'p95': 0.678264182785991, 'tail_frac_gt4px': 8.218952905399852e-05, 'n_matched': 12167} m02={'12-16': 0.9042675893886967, '16-32': 0.9519577227960605, '32-64': 0.9435712445246071, '64-128': 0.9399494310998736} m04={'accuracy': 0.9707405276567765, 'by_octave': {'12-16': 0.9049744897959183, '16-32': 0.9828412818571789, '32-64': 0.9822501365374112, '64-128': 0.9751176866173503}} diag={'gate3_alpha_mean': 0.3574778437614441, 'gate3_alpha_min': 0.01987457275390625, 'gate3_alpha_max': 0.98486328125, 'gate3_alpha_std': 0.1926122009754181, 'gate3_alpha_p10': 0.1123199462890625, 'gate3_alpha_p50': 0.343994140625, 'gate3_alpha_p90': 0.626220703125, 'block0_attn_entropy': 7.168265342712402, 'block1_attn_entropy': 7.359129428863525}
[step 1510/5000] loss=1.1768 lr=2.434e-04 grad_norm=10.009 samples/s=75.28
[step 1520/5000] loss=0.8613 lr=2.427e-04 grad_norm=9.748 samples/s=75.43
[step 1530/5000] loss=1.7480 lr=2.419e-04 grad_norm=28.087 samples/s=75.58
[step 1540/5000] loss=1.4526 lr=2.412e-04 grad_norm=42.825 samples/s=75.73
[step 1550/5000] loss=1.1134 lr=2.404e-04 grad_norm=6.247 samples/s=75.65
[step 1560/5000] loss=2.0209 lr=2.396e-04 grad_norm=8.917 samples/s=75.67
[step 1570/5000] loss=1.3754 lr=2.389e-04 grad_norm=8.956 samples/s=75.59
[step 1580/5000] loss=1.1365 lr=2.381e-04 grad_norm=10.553 samples/s=75.62
[step 1590/5000] loss=1.7342 lr=2.373e-04 grad_norm=29.699 samples/s=75.51
[step 1600/5000] loss=0.8219 lr=2.365e-04 grad_norm=5.338 samples/s=75.44
[step 1610/5000] loss=1.8493 lr=2.358e-04 grad_norm=27.864 samples/s=75.26
[step 1620/5000] loss=1.0014 lr=2.350e-04 grad_norm=6.271 samples/s=75.36
[step 1630/5000] loss=1.6733 lr=2.342e-04 grad_norm=11.662 samples/s=75.34
[step 1640/5000] loss=1.4881 lr=2.334e-04 grad_norm=26.864 samples/s=75.33
[step 1650/5000] loss=1.0171 lr=2.326e-04 grad_norm=14.413 samples/s=75.25
[step 1660/5000] loss=0.9344 lr=2.318e-04 grad_norm=15.189 samples/s=75.28
[step 1670/5000] loss=1.6836 lr=2.310e-04 grad_norm=14.032 samples/s=75.18
[step 1680/5000] loss=1.1434 lr=2.302e-04 grad_norm=8.693 samples/s=75.31
[step 1690/5000] loss=0.7111 lr=2.294e-04 grad_norm=7.678 samples/s=75.20
[step 1700/5000] loss=1.4383 lr=2.286e-04 grad_norm=25.285 samples/s=75.19
[step 1710/5000] loss=1.5399 lr=2.277e-04 grad_norm=11.744 samples/s=75.08
[step 1720/5000] loss=1.3455 lr=2.269e-04 grad_norm=31.479 samples/s=75.12
[step 1730/5000] loss=0.4931 lr=2.261e-04 grad_norm=7.534 samples/s=75.10
[step 1740/5000] loss=1.2291 lr=2.253e-04 grad_norm=10.464 samples/s=75.12
[step 1750/5000] loss=0.8280 lr=2.245e-04 grad_norm=8.726 samples/s=75.07
[val step 1750] loss=1.2867473683357238 m01={'mean': 0.41074389088375235, 'median': 0.4096779355015887, 'p95': 0.6819922931329458, 'tail_frac_gt4px': 8.208158909956496e-05, 'n_matched': 12183} m02={'12-16': 0.9106113033448674, '16-32': 0.9512370886380015, '32-64': 0.943828910074723, '64-128': 0.9421618204804045} m04={'accuracy': 0.9725847492407453, 'by_octave': {'12-16': 0.9202026599113363, '16-32': 0.9820707070707071, '32-64': 0.9808899808899809, '64-128': 0.9775243206977524}} diag={'gate3_alpha_mean': 0.40594619512557983, 'gate3_alpha_min': 0.022594451904296875, 'gate3_alpha_max': 0.990234375, 'gate3_alpha_std': 0.2073369175195694, 'gate3_alpha_p10': 0.13523712754249573, 'gate3_alpha_p50': 0.397705078125, 'gate3_alpha_p90': 0.6991081237792969, 'block0_attn_entropy': 7.236762046813965, 'block1_attn_entropy': 7.2661638259887695}
[step 1760/5000] loss=0.9342 lr=2.236e-04 grad_norm=6.612 samples/s=75.20
[step 1770/5000] loss=1.3343 lr=2.228e-04 grad_norm=13.597 samples/s=75.33
[step 1780/5000] loss=1.0367 lr=2.220e-04 grad_norm=17.992 samples/s=75.46
[step 1790/5000] loss=1.3843 lr=2.211e-04 grad_norm=11.079 samples/s=75.38
[step 1800/5000] loss=1.2745 lr=2.203e-04 grad_norm=7.148 samples/s=75.44
[step 1810/5000] loss=1.6165 lr=2.194e-04 grad_norm=20.708 samples/s=75.39
[step 1820/5000] loss=1.2221 lr=2.186e-04 grad_norm=12.669 samples/s=75.34
[step 1830/5000] loss=1.1306 lr=2.177e-04 grad_norm=11.972 samples/s=75.33
[step 1840/5000] loss=1.1462 lr=2.169e-04 grad_norm=6.647 samples/s=75.27
[step 1850/5000] loss=1.4303 lr=2.160e-04 grad_norm=28.003 samples/s=75.30
[step 1860/5000] loss=0.9996 lr=2.152e-04 grad_norm=8.639 samples/s=75.26
[step 1870/5000] loss=0.6788 lr=2.143e-04 grad_norm=6.625 samples/s=75.30
[step 1880/5000] loss=1.0792 lr=2.134e-04 grad_norm=9.298 samples/s=75.25
[step 1890/5000] loss=2.6899 lr=2.126e-04 grad_norm=27.699 samples/s=75.24
[step 1900/5000] loss=1.8411 lr=2.117e-04 grad_norm=19.325 samples/s=75.18
[step 1910/5000] loss=0.7327 lr=2.108e-04 grad_norm=9.036 samples/s=75.23
[step 1920/5000] loss=1.0648 lr=2.100e-04 grad_norm=5.809 samples/s=75.21
[step 1930/5000] loss=1.2288 lr=2.091e-04 grad_norm=24.773 samples/s=75.24
[step 1940/5000] loss=1.1308 lr=2.082e-04 grad_norm=12.337 samples/s=75.17
[step 1950/5000] loss=1.3185 lr=2.073e-04 grad_norm=9.623 samples/s=75.20
[step 1960/5000] loss=1.3169 lr=2.064e-04 grad_norm=18.234 samples/s=75.14
[step 1970/5000] loss=1.1067 lr=2.055e-04 grad_norm=5.683 samples/s=75.17
[step 1980/5000] loss=1.3853 lr=2.047e-04 grad_norm=26.526 samples/s=75.11
[step 1990/5000] loss=1.2609 lr=2.038e-04 grad_norm=19.010 samples/s=75.14
[step 2000/5000] loss=1.0752 lr=2.029e-04 grad_norm=15.277 samples/s=74.97
[val step 2000] loss=1.2929382834434509 m01={'mean': 0.410510802937358, 'median': 0.4094437846805472, 'p95': 0.6803303855037333, 'tail_frac_gt4px': 8.211528986697323e-05, 'n_matched': 12178} m02={'12-16': 0.908881199538639, '16-32': 0.9517175114100408, '32-64': 0.9430559134243751, '64-128': 0.9418457648546145} m04={'accuracy': 0.9709311873870915, 'by_octave': {'12-16': 0.9168781725888325, '16-32': 0.9790509843513377, '32-64': 0.9795081967213115, '64-128': 0.9781879194630873}} diag={'gate3_alpha_mean': 0.37450918555259705, 'gate3_alpha_min': 0.022220611572265625, 'gate3_alpha_max': 0.98779296875, 'gate3_alpha_std': 0.19775237143039703, 'gate3_alpha_p10': 0.12078857421875, 'gate3_alpha_p50': 0.3621673583984375, 'gate3_alpha_p90': 0.6513671875, 'block0_attn_entropy': 7.106834411621094, 'block1_attn_entropy': 7.199418067932129}
[step 2010/5000] loss=1.3259 lr=2.020e-04 grad_norm=7.450 samples/s=75.08
[step 2020/5000] loss=0.6162 lr=2.011e-04 grad_norm=6.613 samples/s=75.21
[step 2030/5000] loss=1.1393 lr=2.002e-04 grad_norm=10.509 samples/s=75.34
[step 2040/5000] loss=0.7131 lr=1.993e-04 grad_norm=5.815 samples/s=75.33
[step 2050/5000] loss=1.9067 lr=1.984e-04 grad_norm=13.442 samples/s=75.27
[step 2060/5000] loss=1.4093 lr=1.975e-04 grad_norm=11.676 samples/s=75.29
[step 2070/5000] loss=0.8087 lr=1.966e-04 grad_norm=5.647 samples/s=75.27
[step 2080/5000] loss=1.7795 lr=1.957e-04 grad_norm=13.192 samples/s=75.30
[step 2090/5000] loss=1.4137 lr=1.948e-04 grad_norm=13.199 samples/s=75.26
[step 2100/5000] loss=1.4215 lr=1.938e-04 grad_norm=25.846 samples/s=75.30
[step 2110/5000] loss=2.2913 lr=1.929e-04 grad_norm=21.674 samples/s=75.25
[step 2120/5000] loss=1.1659 lr=1.920e-04 grad_norm=8.965 samples/s=75.28
[step 2130/5000] loss=1.2432 lr=1.911e-04 grad_norm=12.688 samples/s=75.24
[step 2140/5000] loss=1.9596 lr=1.902e-04 grad_norm=22.669 samples/s=75.28
[step 2150/5000] loss=1.3113 lr=1.893e-04 grad_norm=13.217 samples/s=75.26
[step 2160/5000] loss=0.8746 lr=1.883e-04 grad_norm=11.503 samples/s=75.32
[step 2170/5000] loss=0.7939 lr=1.874e-04 grad_norm=10.434 samples/s=75.22
[step 2180/5000] loss=1.6530 lr=1.865e-04 grad_norm=9.976 samples/s=75.25
[step 2190/5000] loss=1.0247 lr=1.856e-04 grad_norm=7.431 samples/s=75.26
[step 2200/5000] loss=2.6327 lr=1.846e-04 grad_norm=49.291 samples/s=75.28
[step 2210/5000] loss=1.8764 lr=1.837e-04 grad_norm=13.769 samples/s=75.25
[step 2220/5000] loss=0.8758 lr=1.828e-04 grad_norm=6.983 samples/s=75.27
[step 2230/5000] loss=1.4294 lr=1.818e-04 grad_norm=19.771 samples/s=75.26
[step 2240/5000] loss=1.4200 lr=1.809e-04 grad_norm=42.158 samples/s=75.28
[step 2250/5000] loss=1.6699 lr=1.800e-04 grad_norm=20.898 samples/s=75.27
[val step 2250] loss=1.2763385543823242 m01={'mean': 0.4097538920058232, 'median': 0.409366577320194, 'p95': 0.6787466343377921, 'tail_frac_gt4px': 8.207485226526592e-05, 'n_matched': 12184} m02={'12-16': 0.9111880046136102, '16-32': 0.9526783569541196, '32-64': 0.9430559134243751, '64-128': 0.9412136536030341} m04={'accuracy': 0.9754596191726855, 'by_octave': {'12-16': 0.9335443037974683, '16-32': 0.9813414019162885, '32-64': 0.985792349726776, '64-128': 0.977165883143049}} diag={'gate3_alpha_mean': 0.3591943085193634, 'gate3_alpha_min': 0.02187347412109375, 'gate3_alpha_max': 0.991943359375, 'gate3_alpha_std': 0.19952040910720825, 'gate3_alpha_p10': 0.108154296875, 'gate3_alpha_p50': 0.341552734375, 'gate3_alpha_p90': 0.6451530456542969, 'block0_attn_entropy': 7.181900978088379, 'block1_attn_entropy': 7.337088584899902}
[step 2260/5000] loss=1.0908 lr=1.790e-04 grad_norm=15.157 samples/s=75.45
[step 2270/5000] loss=0.9181 lr=1.781e-04 grad_norm=5.592 samples/s=75.55
[step 2280/5000] loss=1.0757 lr=1.772e-04 grad_norm=11.840 samples/s=75.65
[step 2290/5000] loss=1.8392 lr=1.762e-04 grad_norm=14.808 samples/s=75.74
[step 2300/5000] loss=1.4199 lr=1.753e-04 grad_norm=11.741 samples/s=75.72
[step 2310/5000] loss=1.1915 lr=1.744e-04 grad_norm=7.012 samples/s=75.69
[step 2320/5000] loss=0.9237 lr=1.734e-04 grad_norm=13.486 samples/s=75.68
[step 2330/5000] loss=0.9623 lr=1.725e-04 grad_norm=14.786 samples/s=75.67
[step 2340/5000] loss=1.2869 lr=1.715e-04 grad_norm=18.353 samples/s=75.61
[step 2350/5000] loss=1.4421 lr=1.706e-04 grad_norm=11.381 samples/s=75.62
[step 2360/5000] loss=1.3474 lr=1.696e-04 grad_norm=10.948 samples/s=75.61
[step 2370/5000] loss=1.1406 lr=1.687e-04 grad_norm=8.933 samples/s=75.63
[step 2380/5000] loss=1.2959 lr=1.677e-04 grad_norm=9.311 samples/s=75.61
[step 2390/5000] loss=1.8656 lr=1.668e-04 grad_norm=11.640 samples/s=75.62
[step 2400/5000] loss=1.5675 lr=1.659e-04 grad_norm=9.186 samples/s=75.55
[step 2410/5000] loss=1.1594 lr=1.649e-04 grad_norm=12.353 samples/s=75.56
[step 2420/5000] loss=1.9746 lr=1.640e-04 grad_norm=72.012 samples/s=75.52
[step 2430/5000] loss=1.0195 lr=1.630e-04 grad_norm=9.611 samples/s=75.51
[step 2440/5000] loss=0.8852 lr=1.621e-04 grad_norm=7.469 samples/s=75.45
[step 2450/5000] loss=1.5190 lr=1.611e-04 grad_norm=17.601 samples/s=75.45
[step 2460/5000] loss=0.9454 lr=1.602e-04 grad_norm=25.620 samples/s=75.40
[step 2470/5000] loss=1.1128 lr=1.592e-04 grad_norm=6.740 samples/s=75.37
[step 2480/5000] loss=1.0697 lr=1.583e-04 grad_norm=8.819 samples/s=75.32
[step 2490/5000] loss=1.5860 lr=1.573e-04 grad_norm=28.217 samples/s=75.37
[step 2500/5000] loss=0.9735 lr=1.564e-04 grad_norm=27.836 samples/s=75.33
[val step 2500] loss=1.2684945964813232 m01={'mean': 0.4092413030017709, 'median': 0.4088558660896236, 'p95': 0.6781743801274834, 'tail_frac_gt4px': 8.20950660865282e-05, 'n_matched': 12181} m02={'12-16': 0.9100346020761245, '16-32': 0.9517175114100408, '32-64': 0.9427982478742593, '64-128': 0.9424778761061947} m04={'accuracy': 0.9771775716279452, 'by_octave': {'12-16': 0.9397972116603295, '16-32': 0.9793033821302373, '32-64': 0.9849685706477179, '64-128': 0.9845741113346748}} diag={'gate3_alpha_mean': 0.37917545437812805, 'gate3_alpha_min': 0.023563385009765625, 'gate3_alpha_max': 0.990478515625, 'gate3_alpha_std': 0.20474733412265778, 'gate3_alpha_p10': 0.115570068359375, 'gate3_alpha_p50': 0.3665771484375, 'gate3_alpha_p90': 0.66748046875, 'block0_attn_entropy': 7.178866386413574, 'block1_attn_entropy': 7.308643341064453}
[step 2510/5000] loss=0.9089 lr=1.554e-04 grad_norm=19.547 samples/s=75.42
[step 2520/5000] loss=0.8489 lr=1.545e-04 grad_norm=6.997 samples/s=75.51
[step 2530/5000] loss=0.9130 lr=1.535e-04 grad_norm=9.744 samples/s=75.60
[step 2540/5000] loss=1.7446 lr=1.525e-04 grad_norm=15.005 samples/s=75.61
[step 2550/5000] loss=0.9673 lr=1.516e-04 grad_norm=10.032 samples/s=75.59
[step 2560/5000] loss=0.8176 lr=1.506e-04 grad_norm=8.671 samples/s=75.61
[step 2570/5000] loss=0.7781 lr=1.497e-04 grad_norm=12.973 samples/s=75.55
[step 2580/5000] loss=1.4134 lr=1.487e-04 grad_norm=8.875 samples/s=75.57
[step 2590/5000] loss=1.2660 lr=1.478e-04 grad_norm=12.136 samples/s=75.46
[step 2600/5000] loss=1.0735 lr=1.468e-04 grad_norm=11.992 samples/s=75.49
[step 2610/5000] loss=1.1295 lr=1.459e-04 grad_norm=12.161 samples/s=75.52
[step 2620/5000] loss=1.6976 lr=1.449e-04 grad_norm=15.012 samples/s=75.56
[step 2630/5000] loss=1.3075 lr=1.440e-04 grad_norm=13.500 samples/s=75.53
[step 2640/5000] loss=0.9227 lr=1.430e-04 grad_norm=13.076 samples/s=75.53
[step 2650/5000] loss=0.7366 lr=1.421e-04 grad_norm=6.696 samples/s=75.53
[step 2660/5000] loss=1.0782 lr=1.411e-04 grad_norm=8.445 samples/s=75.50
[step 2670/5000] loss=1.6296 lr=1.402e-04 grad_norm=17.351 samples/s=75.46
[step 2680/5000] loss=1.2572 lr=1.392e-04 grad_norm=16.620 samples/s=75.51
[step 2690/5000] loss=1.6760 lr=1.383e-04 grad_norm=13.380 samples/s=75.52
[step 2700/5000] loss=1.2485 lr=1.373e-04 grad_norm=13.320 samples/s=75.55
[step 2710/5000] loss=0.9951 lr=1.364e-04 grad_norm=12.179 samples/s=75.51
[step 2720/5000] loss=2.1906 lr=1.354e-04 grad_norm=10.684 samples/s=75.56
[step 2730/5000] loss=1.7434 lr=1.345e-04 grad_norm=10.907 samples/s=75.50
[step 2740/5000] loss=0.7372 lr=1.335e-04 grad_norm=12.603 samples/s=75.52
[step 2750/5000] loss=0.9451 lr=1.326e-04 grad_norm=8.215 samples/s=75.48
[val step 2750] loss=1.2544018082618713 m01={'mean': 0.40921049180671876, 'median': 0.40910644898186665, 'p95': 0.6777229704216083, 'tail_frac_gt4px': 8.204791598293403e-05, 'n_matched': 12188} m02={'12-16': 0.908881199538639, '16-32': 0.9529185683401393, '32-64': 0.9430559134243751, '64-128': 0.9434260429835651} m04={'accuracy': 0.9794059730882836, 'by_octave': {'12-16': 0.9416243654822335, '16-32': 0.9836148222838417, '32-64': 0.9896174863387979, '64-128': 0.9812395309882747}} diag={'gate3_alpha_mean': 0.3586191236972809, 'gate3_alpha_min': 0.022045135498046875, 'gate3_alpha_max': 0.989501953125, 'gate3_alpha_std': 0.19930650293827057, 'gate3_alpha_p10': 0.10905380547046661, 'gate3_alpha_p50': 0.338134765625, 'gate3_alpha_p90': 0.645263671875, 'block0_attn_entropy': 7.015834331512451, 'block1_attn_entropy': 7.193841457366943}
[step 2760/5000] loss=0.9767 lr=1.317e-04 grad_norm=8.325 samples/s=75.58
[step 2770/5000] loss=1.0284 lr=1.307e-04 grad_norm=10.562 samples/s=75.66
[step 2780/5000] loss=1.2391 lr=1.298e-04 grad_norm=10.200 samples/s=75.74
[step 2790/5000] loss=0.7735 lr=1.288e-04 grad_norm=10.134 samples/s=75.74
[step 2800/5000] loss=1.1588 lr=1.279e-04 grad_norm=4.725 samples/s=75.74
[step 2810/5000] loss=0.9710 lr=1.270e-04 grad_norm=9.439 samples/s=75.70
[step 2820/5000] loss=0.6850 lr=1.260e-04 grad_norm=5.854 samples/s=75.72
[step 2830/5000] loss=1.7873 lr=1.251e-04 grad_norm=21.548 samples/s=75.67
[step 2840/5000] loss=1.2602 lr=1.241e-04 grad_norm=19.453 samples/s=75.71
[step 2850/5000] loss=1.1862 lr=1.232e-04 grad_norm=16.315 samples/s=75.65
[step 2860/5000] loss=0.7706 lr=1.223e-04 grad_norm=7.239 samples/s=75.71
[step 2870/5000] loss=1.3768 lr=1.213e-04 grad_norm=7.761 samples/s=75.68
[step 2880/5000] loss=0.8485 lr=1.204e-04 grad_norm=14.775 samples/s=75.72
[step 2890/5000] loss=1.0013 lr=1.195e-04 grad_norm=10.465 samples/s=75.66
[step 2900/5000] loss=1.2616 lr=1.185e-04 grad_norm=6.551 samples/s=75.71
[step 2910/5000] loss=0.9336 lr=1.176e-04 grad_norm=10.337 samples/s=75.66
[step 2920/5000] loss=1.0762 lr=1.167e-04 grad_norm=5.950 samples/s=75.67
[step 2930/5000] loss=0.8921 lr=1.158e-04 grad_norm=13.880 samples/s=75.64
[step 2940/5000] loss=1.0547 lr=1.148e-04 grad_norm=14.021 samples/s=75.59
[step 2950/5000] loss=0.7461 lr=1.139e-04 grad_norm=4.716 samples/s=75.62
[step 2960/5000] loss=1.2234 lr=1.130e-04 grad_norm=11.258 samples/s=75.60
[step 2970/5000] loss=1.0065 lr=1.121e-04 grad_norm=8.074 samples/s=75.64
[step 2980/5000] loss=0.9107 lr=1.112e-04 grad_norm=11.166 samples/s=75.62
[step 2990/5000] loss=1.5510 lr=1.103e-04 grad_norm=11.088 samples/s=75.62
[step 3000/5000] loss=0.8165 lr=1.093e-04 grad_norm=8.927 samples/s=75.63
[val step 3000] loss=1.2558585543632508 m01={'mean': 0.4099577202395374, 'median': 0.40916962326968787, 'p95': 0.6791107445447824, 'tail_frac_gt4px': 8.199409642505739e-05, 'n_matched': 12196} m02={'12-16': 0.9106113033448674, '16-32': 0.9533989911121787, '32-64': 0.9446019067250708, '64-128': 0.9424778761061947} m04={'accuracy': 0.9796654640865857, 'by_octave': {'12-16': 0.9290690310322989, '16-32': 0.9868984630889392, '32-64': 0.9879978177850518, '64-128': 0.9865861837692823}} diag={'gate3_alpha_mean': 0.35534802079200745, 'gate3_alpha_min': 0.020679473876953125, 'gate3_alpha_max': 0.98828125, 'gate3_alpha_std': 0.19949191808700562, 'gate3_alpha_p10': 0.107086181640625, 'gate3_alpha_p50': 0.3319091796875, 'gate3_alpha_p90': 0.642578125, 'block0_attn_entropy': 7.177451133728027, 'block1_attn_entropy': 7.361499786376953}
[step 3010/5000] loss=1.3267 lr=1.084e-04 grad_norm=38.326 samples/s=75.78
[step 3020/5000] loss=0.9671 lr=1.075e-04 grad_norm=18.902 samples/s=75.93
[step 3030/5000] loss=1.4389 lr=1.066e-04 grad_norm=20.542 samples/s=75.98
[step 3040/5000] loss=0.7180 lr=1.057e-04 grad_norm=9.170 samples/s=75.99
[step 3050/5000] loss=0.9864 lr=1.048e-04 grad_norm=6.991 samples/s=75.99
[step 3060/5000] loss=1.2963 lr=1.039e-04 grad_norm=12.810 samples/s=76.00
[step 3070/5000] loss=1.0413 lr=1.030e-04 grad_norm=23.589 samples/s=76.00
[step 3080/5000] loss=1.2622 lr=1.021e-04 grad_norm=7.663 samples/s=75.99
[step 3090/5000] loss=1.0629 lr=1.012e-04 grad_norm=10.224 samples/s=75.99
[step 3100/5000] loss=0.6223 lr=1.003e-04 grad_norm=5.897 samples/s=75.94
[step 3110/5000] loss=1.1281 lr=9.941e-05 grad_norm=8.721 samples/s=75.96
[step 3120/5000] loss=1.3069 lr=9.852e-05 grad_norm=15.321 samples/s=75.93
[step 3130/5000] loss=1.6887 lr=9.763e-05 grad_norm=18.995 samples/s=75.94
[step 3140/5000] loss=1.4542 lr=9.674e-05 grad_norm=11.202 samples/s=75.94
[step 3150/5000] loss=0.7986 lr=9.586e-05 grad_norm=7.392 samples/s=75.95
[step 3160/5000] loss=1.2856 lr=9.498e-05 grad_norm=15.830 samples/s=75.98
[step 3170/5000] loss=0.9770 lr=9.410e-05 grad_norm=9.737 samples/s=75.94
[step 3180/5000] loss=1.5600 lr=9.322e-05 grad_norm=19.591 samples/s=75.97
[step 3190/5000] loss=1.0265 lr=9.235e-05 grad_norm=19.588 samples/s=75.94
[step 3200/5000] loss=0.9444 lr=9.148e-05 grad_norm=15.906 samples/s=75.91
[step 3210/5000] loss=1.0897 lr=9.061e-05 grad_norm=16.372 samples/s=75.94
[step 3220/5000] loss=1.1088 lr=8.974e-05 grad_norm=11.457 samples/s=75.89
[step 3230/5000] loss=1.1954 lr=8.888e-05 grad_norm=10.007 samples/s=75.89
[step 3240/5000] loss=2.4406 lr=8.801e-05 grad_norm=59.590 samples/s=75.89
[step 3250/5000] loss=1.7246 lr=8.715e-05 grad_norm=12.500 samples/s=75.90
[val step 3250] loss=1.2544869818687439 m01={'mean': 0.40979986056389844, 'median': 0.40882578177069195, 'p95': 0.6793074818033328, 'tail_frac_gt4px': 8.207485226526592e-05, 'n_matched': 12184} m02={'12-16': 0.9094579008073818, '16-32': 0.9521979341820802, '32-64': 0.9443442411749549, '64-128': 0.9412136536030341} m04={'accuracy': 0.9779218647406435, 'by_octave': {'12-16': 0.9258084971464806, '16-32': 0.9853683148335015, '32-64': 0.9885402455661665, '64-128': 0.9825386165211552}} diag={'gate3_alpha_mean': 0.33736035227775574, 'gate3_alpha_min': 0.020183563232421875, 'gate3_alpha_max': 0.9853515625, 'gate3_alpha_std': 0.19199158251285553, 'gate3_alpha_p10': 0.0994873046875, 'gate3_alpha_p50': 0.316162109375, 'gate3_alpha_p90': 0.611572265625, 'block0_attn_entropy': 7.144964218139648, 'block1_attn_entropy': 7.479751110076904}
[step 3260/5000] loss=0.8785 lr=8.630e-05 grad_norm=8.288 samples/s=76.04
[step 3270/5000] loss=0.9812 lr=8.544e-05 grad_norm=12.430 samples/s=76.17
[step 3280/5000] loss=1.7938 lr=8.459e-05 grad_norm=19.407 samples/s=76.18
[step 3290/5000] loss=1.3443 lr=8.374e-05 grad_norm=32.659 samples/s=76.20
[step 3300/5000] loss=1.1505 lr=8.290e-05 grad_norm=7.033 samples/s=76.16
[step 3310/5000] loss=0.6295 lr=8.205e-05 grad_norm=4.524 samples/s=76.18
[step 3320/5000] loss=1.0825 lr=8.121e-05 grad_norm=26.512 samples/s=76.17
[step 3330/5000] loss=1.4917 lr=8.038e-05 grad_norm=13.907 samples/s=76.17
[step 3340/5000] loss=1.0213 lr=7.954e-05 grad_norm=26.150 samples/s=76.13
[step 3350/5000] loss=1.4808 lr=7.871e-05 grad_norm=20.338 samples/s=76.14
[step 3360/5000] loss=1.5239 lr=7.788e-05 grad_norm=13.150 samples/s=76.07
[step 3370/5000] loss=1.1079 lr=7.706e-05 grad_norm=34.634 samples/s=76.10
[step 3380/5000] loss=1.6704 lr=7.624e-05 grad_norm=14.932 samples/s=76.05
[step 3390/5000] loss=0.9679 lr=7.542e-05 grad_norm=15.281 samples/s=76.06
[step 3400/5000] loss=2.0757 lr=7.460e-05 grad_norm=6.884 samples/s=76.01
[step 3410/5000] loss=0.7330 lr=7.379e-05 grad_norm=7.660 samples/s=76.04
[step 3420/5000] loss=1.2331 lr=7.298e-05 grad_norm=23.045 samples/s=76.01
[step 3430/5000] loss=1.0208 lr=7.217e-05 grad_norm=9.568 samples/s=76.05
[step 3440/5000] loss=0.9689 lr=7.137e-05 grad_norm=16.622 samples/s=76.00
[step 3450/5000] loss=0.8708 lr=7.057e-05 grad_norm=7.110 samples/s=76.01
[step 3460/5000] loss=0.8087 lr=6.977e-05 grad_norm=15.372 samples/s=75.96
[step 3470/5000] loss=2.0701 lr=6.898e-05 grad_norm=22.477 samples/s=75.98
[step 3480/5000] loss=0.8276 lr=6.819e-05 grad_norm=7.062 samples/s=75.99
[step 3490/5000] loss=0.8016 lr=6.740e-05 grad_norm=12.556 samples/s=76.01
[step 3500/5000] loss=1.6162 lr=6.662e-05 grad_norm=13.832 samples/s=75.99
[val step 3500] loss=1.244945984363556 m01={'mean': 0.4096663022439467, 'median': 0.40916962326968787, 'p95': 0.6794022372055389, 'tail_frac_gt4px': 8.198065256599443e-05, 'n_matched': 12198} m02={'12-16': 0.9123414071510957, '16-32': 0.9529185683401393, '32-64': 0.9446019067250708, '64-128': 0.9427939317319848} m04={'accuracy': 0.9807345466469913, 'by_octave': {'12-16': 0.9329962073324906, '16-32': 0.9858835391983867, '32-64': 0.989088925259138, '64-128': 0.9889373114314448}} diag={'gate3_alpha_mean': 0.32389357686042786, 'gate3_alpha_min': 0.017902374267578125, 'gate3_alpha_max': 0.988037109375, 'gate3_alpha_std': 0.1887519210577011, 'gate3_alpha_p10': 0.09246826171875, 'gate3_alpha_p50': 0.30157470703125, 'gate3_alpha_p90': 0.5907096862792969, 'block0_attn_entropy': 7.206751346588135, 'block1_attn_entropy': 7.464113235473633}
[step 3510/5000] loss=0.9007 lr=6.584e-05 grad_norm=9.140 samples/s=76.11
[step 3520/5000] loss=0.5448 lr=6.506e-05 grad_norm=5.262 samples/s=76.24
[step 3530/5000] loss=1.4419 lr=6.429e-05 grad_norm=14.210 samples/s=76.24
[step 3540/5000] loss=1.0710 lr=6.352e-05 grad_norm=18.756 samples/s=76.23
[step 3550/5000] loss=1.0158 lr=6.276e-05 grad_norm=9.323 samples/s=76.25
[step 3560/5000] loss=2.2610 lr=6.200e-05 grad_norm=11.542 samples/s=76.23
[step 3570/5000] loss=0.7514 lr=6.124e-05 grad_norm=14.137 samples/s=76.27
[step 3580/5000] loss=0.8520 lr=6.048e-05 grad_norm=7.416 samples/s=76.24
[step 3590/5000] loss=0.8866 lr=5.973e-05 grad_norm=12.783 samples/s=76.22
[step 3600/5000] loss=0.8890 lr=5.899e-05 grad_norm=7.426 samples/s=76.19
[step 3610/5000] loss=1.6190 lr=5.824e-05 grad_norm=13.771 samples/s=76.20
[step 3620/5000] loss=0.7988 lr=5.750e-05 grad_norm=9.211 samples/s=76.18
[step 3630/5000] loss=0.9671 lr=5.677e-05 grad_norm=7.926 samples/s=76.18
[step 3640/5000] loss=0.7704 lr=5.604e-05 grad_norm=7.391 samples/s=76.16
[step 3650/5000] loss=1.0046 lr=5.531e-05 grad_norm=5.067 samples/s=76.11
[step 3660/5000] loss=1.5502 lr=5.459e-05 grad_norm=11.225 samples/s=76.09
[step 3670/5000] loss=0.6572 lr=5.387e-05 grad_norm=10.350 samples/s=76.02
[step 3680/5000] loss=1.2907 lr=5.315e-05 grad_norm=7.500 samples/s=76.03
[step 3690/5000] loss=0.8733 lr=5.244e-05 grad_norm=11.207 samples/s=76.04
[step 3700/5000] loss=1.1599 lr=5.173e-05 grad_norm=10.495 samples/s=76.08
[step 3710/5000] loss=1.1982 lr=5.103e-05 grad_norm=11.181 samples/s=76.06
[step 3720/5000] loss=1.1462 lr=5.033e-05 grad_norm=9.453 samples/s=76.07
[step 3730/5000] loss=1.3231 lr=4.964e-05 grad_norm=10.881 samples/s=76.04
[step 3740/5000] loss=1.0702 lr=4.895e-05 grad_norm=6.813 samples/s=76.02
[step 3750/5000] loss=1.0896 lr=4.826e-05 grad_norm=8.076 samples/s=75.98
[val step 3750] loss=1.2406247477531434 m01={'mean': 0.4107240323416802, 'median': 0.40962666753191096, 'p95': 0.6811558654042924, 'tail_frac_gt4px': 8.192692118630181e-05, 'n_matched': 12206} m02={'12-16': 0.9123414071510957, '16-32': 0.9538794138842182, '32-64': 0.9446019067250708, '64-128': 0.9440581542351454} m04={'accuracy': 0.9819760773390136, 'by_octave': {'12-16': 0.9348925410872313, '16-32': 0.9866532359607152, '32-64': 0.9907255864702673, '64-128': 0.9899564780716438}} diag={'gate3_alpha_mean': 0.32360750436782837, 'gate3_alpha_min': 0.018402099609375, 'gate3_alpha_max': 0.990966796875, 'gate3_alpha_std': 0.18757203221321106, 'gate3_alpha_p10': 0.093658447265625, 'gate3_alpha_p50': 0.30158233642578125, 'gate3_alpha_p90': 0.587890625, 'block0_attn_entropy': 7.1960859298706055, 'block1_attn_entropy': 7.391035556793213}
[step 3760/5000] loss=0.6852 lr=4.758e-05 grad_norm=6.962 samples/s=76.09
[step 3770/5000] loss=0.6836 lr=4.690e-05 grad_norm=6.178 samples/s=76.21
[step 3780/5000] loss=2.2462 lr=4.623e-05 grad_norm=18.668 samples/s=76.24
[step 3790/5000] loss=0.7943 lr=4.556e-05 grad_norm=8.547 samples/s=76.23
[step 3800/5000] loss=1.5356 lr=4.489e-05 grad_norm=19.628 samples/s=76.20
[step 3810/5000] loss=1.3771 lr=4.423e-05 grad_norm=9.621 samples/s=76.21
[step 3820/5000] loss=1.3444 lr=4.357e-05 grad_norm=13.863 samples/s=76.19
[step 3830/5000] loss=1.6191 lr=4.292e-05 grad_norm=19.555 samples/s=76.19
[step 3840/5000] loss=1.0053 lr=4.228e-05 grad_norm=11.642 samples/s=76.19
[step 3850/5000] loss=0.9052 lr=4.163e-05 grad_norm=6.875 samples/s=76.18
[step 3860/5000] loss=1.0731 lr=4.099e-05 grad_norm=20.395 samples/s=76.17
[step 3870/5000] loss=2.0931 lr=4.036e-05 grad_norm=24.782 samples/s=76.16
[step 3880/5000] loss=0.7685 lr=3.973e-05 grad_norm=9.166 samples/s=76.19
[step 3890/5000] loss=0.7005 lr=3.911e-05 grad_norm=6.478 samples/s=76.16
[step 3900/5000] loss=0.6465 lr=3.849e-05 grad_norm=6.511 samples/s=76.13
[step 3910/5000] loss=0.8794 lr=3.787e-05 grad_norm=5.499 samples/s=76.12
[step 3920/5000] loss=1.6518 lr=3.726e-05 grad_norm=5.529 samples/s=76.10
[step 3930/5000] loss=1.0241 lr=3.666e-05 grad_norm=6.035 samples/s=76.11
[step 3940/5000] loss=1.6558 lr=3.605e-05 grad_norm=26.741 samples/s=76.07
[step 3950/5000] loss=0.7960 lr=3.546e-05 grad_norm=11.004 samples/s=76.05
[step 3960/5000] loss=1.2345 lr=3.487e-05 grad_norm=19.861 samples/s=76.05
[step 3970/5000] loss=1.0955 lr=3.428e-05 grad_norm=5.057 samples/s=76.07
[step 3980/5000] loss=1.1749 lr=3.370e-05 grad_norm=8.228 samples/s=76.03
[step 3990/5000] loss=0.8700 lr=3.312e-05 grad_norm=7.223 samples/s=76.00
[step 4000/5000] loss=1.0959 lr=3.255e-05 grad_norm=11.487 samples/s=76.04
[val step 4000] loss=1.2337936897277832 m01={'mean': 0.409635997017126, 'median': 0.40910609570700807, 'p95': 0.6788097732374619, 'tail_frac_gt4px': 8.198737394441256e-05, 'n_matched': 12197} m02={'12-16': 0.9106113033448674, '16-32': 0.9526783569541196, '32-64': 0.944086575624839, '64-128': 0.9443742098609356} m04={'accuracy': 0.9823727146019513, 'by_octave': {'12-16': 0.935402153261558, '16-32': 0.9863842662632375, '32-64': 0.99235807860262, '64-128': 0.9896251673360107}} diag={'gate3_alpha_mean': 0.3214648962020874, 'gate3_alpha_min': 0.018321990966796875, 'gate3_alpha_max': 0.9873046875, 'gate3_alpha_std': 0.1855107694864273, 'gate3_alpha_p10': 0.09425202012062073, 'gate3_alpha_p50': 0.29931640625, 'gate3_alpha_p90': 0.583984375, 'block0_attn_entropy': 7.194147109985352, 'block1_attn_entropy': 7.49532413482666}
[step 4010/5000] loss=1.3319 lr=3.198e-05 grad_norm=18.719 samples/s=76.15
[step 4020/5000] loss=1.0589 lr=3.142e-05 grad_norm=15.453 samples/s=76.26
[step 4030/5000] loss=1.1189 lr=3.086e-05 grad_norm=13.160 samples/s=76.29
[step 4040/5000] loss=1.0122 lr=3.031e-05 grad_norm=12.686 samples/s=76.31
[step 4050/5000] loss=1.0989 lr=2.976e-05 grad_norm=10.274 samples/s=76.30
[step 4060/5000] loss=1.2326 lr=2.922e-05 grad_norm=25.483 samples/s=76.30
[step 4070/5000] loss=1.1737 lr=2.868e-05 grad_norm=6.832 samples/s=76.29
[step 4080/5000] loss=0.8970 lr=2.815e-05 grad_norm=7.077 samples/s=76.27
[step 4090/5000] loss=1.4788 lr=2.762e-05 grad_norm=6.786 samples/s=76.28
[step 4100/5000] loss=1.9407 lr=2.710e-05 grad_norm=21.491 samples/s=76.24
[step 4110/5000] loss=1.5138 lr=2.658e-05 grad_norm=11.870 samples/s=76.25
[step 4120/5000] loss=1.2952 lr=2.607e-05 grad_norm=6.764 samples/s=76.24
[step 4130/5000] loss=1.5430 lr=2.556e-05 grad_norm=4.121 samples/s=76.24
[step 4140/5000] loss=1.0486 lr=2.506e-05 grad_norm=8.869 samples/s=76.22
[step 4150/5000] loss=1.1014 lr=2.456e-05 grad_norm=30.377 samples/s=76.22
[step 4160/5000] loss=1.1797 lr=2.407e-05 grad_norm=11.455 samples/s=76.18
[step 4170/5000] loss=0.9522 lr=2.358e-05 grad_norm=6.088 samples/s=76.19
[step 4180/5000] loss=1.2483 lr=2.310e-05 grad_norm=9.318 samples/s=76.19
[step 4190/5000] loss=0.7262 lr=2.263e-05 grad_norm=5.914 samples/s=76.18
[step 4200/5000] loss=0.8950 lr=2.216e-05 grad_norm=10.238 samples/s=76.16
[step 4210/5000] loss=0.9372 lr=2.169e-05 grad_norm=5.313 samples/s=76.16
[step 4220/5000] loss=1.6138 lr=2.123e-05 grad_norm=7.570 samples/s=76.14
[step 4230/5000] loss=1.2116 lr=2.078e-05 grad_norm=18.963 samples/s=76.10
[step 4240/5000] loss=1.7805 lr=2.033e-05 grad_norm=34.069 samples/s=76.12
[step 4250/5000] loss=1.2654 lr=1.988e-05 grad_norm=8.767 samples/s=76.12
[val step 4250] loss=1.2340093913078307 m01={'mean': 0.41013478710116513, 'median': 0.40910644898186665, 'p95': 0.6803132724228841, 'tail_frac_gt4px': 8.194034742707309e-05, 'n_matched': 12204} m02={'12-16': 0.9111880046136102, '16-32': 0.9529185683401393, '32-64': 0.9458902344756506, '64-128': 0.9437420986093552} m04={'accuracy': 0.9821370042608981, 'by_octave': {'12-16': 0.9348101265822785, '16-32': 0.985631459541215, '32-64': 0.9910106238082267, '64-128': 0.9916275954454119}} diag={'gate3_alpha_mean': 0.32705414295196533, 'gate3_alpha_min': 0.01910400390625, 'gate3_alpha_max': 0.9873046875, 'gate3_alpha_std': 0.1860543042421341, 'gate3_alpha_p10': 0.09759521484375, 'gate3_alpha_p50': 0.30632781982421875, 'gate3_alpha_p90': 0.5888671875, 'block0_attn_entropy': 7.192676544189453, 'block1_attn_entropy': 7.486039638519287}
[step 4260/5000] loss=1.3121 lr=1.945e-05 grad_norm=6.180 samples/s=76.22
[step 4270/5000] loss=0.9151 lr=1.901e-05 grad_norm=7.257 samples/s=76.32
[step 4280/5000] loss=1.8383 lr=1.859e-05 grad_norm=6.207 samples/s=76.34
[step 4290/5000] loss=1.1934 lr=1.816e-05 grad_norm=11.027 samples/s=76.34
[step 4300/5000] loss=1.3602 lr=1.775e-05 grad_norm=7.611 samples/s=76.27
[step 4310/5000] loss=1.3821 lr=1.734e-05 grad_norm=10.277 samples/s=76.26
[step 4320/5000] loss=1.4261 lr=1.693e-05 grad_norm=14.442 samples/s=76.22
[step 4330/5000] loss=1.5447 lr=1.653e-05 grad_norm=77.257 samples/s=76.21
[step 4340/5000] loss=0.9534 lr=1.614e-05 grad_norm=16.906 samples/s=76.16
[step 4350/5000] loss=1.1006 lr=1.575e-05 grad_norm=8.495 samples/s=76.18
[step 4360/5000] loss=0.7504 lr=1.537e-05 grad_norm=5.881 samples/s=76.14
[step 4370/5000] loss=1.1700 lr=1.499e-05 grad_norm=7.673 samples/s=76.14
[step 4380/5000] loss=0.8405 lr=1.462e-05 grad_norm=10.137 samples/s=76.12
[step 4390/5000] loss=0.9682 lr=1.425e-05 grad_norm=17.847 samples/s=76.14
[step 4400/5000] loss=1.1673 lr=1.389e-05 grad_norm=8.554 samples/s=76.11
[step 4410/5000] loss=1.0629 lr=1.353e-05 grad_norm=10.392 samples/s=76.12
[step 4420/5000] loss=0.7660 lr=1.318e-05 grad_norm=7.945 samples/s=76.07
[step 4430/5000] loss=1.1857 lr=1.284e-05 grad_norm=8.100 samples/s=76.09
[step 4440/5000] loss=0.5596 lr=1.250e-05 grad_norm=26.432 samples/s=76.06
[step 4450/5000] loss=1.0210 lr=1.217e-05 grad_norm=6.393 samples/s=76.04
[step 4460/5000] loss=1.2176 lr=1.184e-05 grad_norm=11.703 samples/s=76.05
[step 4470/5000] loss=1.8617 lr=1.152e-05 grad_norm=13.050 samples/s=76.07
[step 4480/5000] loss=0.7556 lr=1.121e-05 grad_norm=3.485 samples/s=76.04
[step 4490/5000] loss=1.8880 lr=1.090e-05 grad_norm=30.853 samples/s=76.04
[step 4500/5000] loss=0.7883 lr=1.060e-05 grad_norm=8.870 samples/s=76.04
[val step 4500] loss=1.2310819125175476 m01={'mean': 0.41022214406698604, 'median': 0.4090742831425255, 'p95': 0.6803736996509367, 'tail_frac_gt4px': 8.19336337566571e-05, 'n_matched': 12205} m02={'12-16': 0.9129181084198386, '16-32': 0.9526783569541196, '32-64': 0.9458902344756506, '64-128': 0.9434260429835651} m04={'accuracy': 0.9824662023760754, 'by_octave': {'12-16': 0.9355653821857233, '16-32': 0.9858799798285426, '32-64': 0.9918278398256606, '64-128': 0.9912897822445561}} diag={'gate3_alpha_mean': 0.33066031336784363, 'gate3_alpha_min': 0.019603729248046875, 'gate3_alpha_max': 0.991455078125, 'gate3_alpha_std': 0.187268927693367, 'gate3_alpha_p10': 0.0997772216796875, 'gate3_alpha_p50': 0.309326171875, 'gate3_alpha_p90': 0.59423828125, 'block0_attn_entropy': 7.189554214477539, 'block1_attn_entropy': 7.460407257080078}
[step 4510/5000] loss=1.2706 lr=1.030e-05 grad_norm=9.643 samples/s=76.13
[step 4520/5000] loss=0.9054 lr=1.001e-05 grad_norm=16.336 samples/s=76.23
[step 4530/5000] loss=0.8441 lr=9.720e-06 grad_norm=8.189 samples/s=76.28
[step 4540/5000] loss=1.3489 lr=9.439e-06 grad_norm=8.647 samples/s=76.26
[step 4550/5000] loss=2.0989 lr=9.165e-06 grad_norm=21.390 samples/s=76.27
[step 4560/5000] loss=0.5800 lr=8.896e-06 grad_norm=7.287 samples/s=76.24
[step 4570/5000] loss=0.9608 lr=8.634e-06 grad_norm=14.091 samples/s=76.26
[step 4580/5000] loss=1.5540 lr=8.377e-06 grad_norm=27.347 samples/s=76.21
[step 4590/5000] loss=1.0272 lr=8.126e-06 grad_norm=8.544 samples/s=76.23
[step 4600/5000] loss=2.1735 lr=7.881e-06 grad_norm=14.079 samples/s=76.19
[step 4610/5000] loss=1.2323 lr=7.642e-06 grad_norm=13.228 samples/s=76.17
[step 4620/5000] loss=1.6521 lr=7.409e-06 grad_norm=15.355 samples/s=76.17
[step 4630/5000] loss=1.1362 lr=7.181e-06 grad_norm=8.767 samples/s=76.20
[step 4640/5000] loss=1.2951 lr=6.960e-06 grad_norm=6.335 samples/s=76.21
[step 4650/5000] loss=0.7233 lr=6.744e-06 grad_norm=8.165 samples/s=76.17
[step 4660/5000] loss=0.6708 lr=6.535e-06 grad_norm=6.468 samples/s=76.18
[step 4670/5000] loss=1.6401 lr=6.331e-06 grad_norm=10.971 samples/s=76.17
[step 4680/5000] loss=0.7318 lr=6.134e-06 grad_norm=6.686 samples/s=76.17
[step 4690/5000] loss=1.1666 lr=5.942e-06 grad_norm=14.510 samples/s=76.16
[step 4700/5000] loss=0.6023 lr=5.757e-06 grad_norm=7.930 samples/s=76.13
[step 4710/5000] loss=1.0109 lr=5.577e-06 grad_norm=8.818 samples/s=76.14
[step 4720/5000] loss=1.4068 lr=5.403e-06 grad_norm=7.891 samples/s=76.13
[step 4730/5000] loss=0.9900 lr=5.236e-06 grad_norm=12.303 samples/s=76.13
[step 4740/5000] loss=0.9977 lr=5.074e-06 grad_norm=9.016 samples/s=76.12
[step 4750/5000] loss=1.7281 lr=4.919e-06 grad_norm=6.908 samples/s=76.12
[val step 4750] loss=1.23052494430542 m01={'mean': 0.40980134682525504, 'median': 0.40886697895715307, 'p95': 0.6798080465323227, 'tail_frac_gt4px': 8.198065256599443e-05, 'n_matched': 12198} m02={'12-16': 0.9129181084198386, '16-32': 0.9519577227960605, '32-64': 0.9461479000257665, '64-128': 0.9418457648546145} m04={'accuracy': 0.9824561403508771, 'by_octave': {'12-16': 0.9368288060644346, '16-32': 0.9863739591218774, '32-64': 0.9904684095860566, '64-128': 0.9916107382550335}} diag={'gate3_alpha_mean': 0.3278333842754364, 'gate3_alpha_min': 0.019775390625, 'gate3_alpha_max': 0.989013671875, 'gate3_alpha_std': 0.18674054741859436, 'gate3_alpha_p10': 0.098114013671875, 'gate3_alpha_p50': 0.3065185546875, 'gate3_alpha_p90': 0.591064453125, 'block0_attn_entropy': 7.18063497543335, 'block1_attn_entropy': 7.466979503631592}
[step 4760/5000] loss=1.2013 lr=4.769e-06 grad_norm=13.467 samples/s=76.22
[step 4770/5000] loss=0.8382 lr=4.626e-06 grad_norm=7.568 samples/s=76.31
[step 4780/5000] loss=1.6016 lr=4.488e-06 grad_norm=18.356 samples/s=76.31
[step 4790/5000] loss=1.3467 lr=4.357e-06 grad_norm=13.872 samples/s=76.32
[step 4800/5000] loss=0.9737 lr=4.231e-06 grad_norm=8.916 samples/s=76.32
[step 4810/5000] loss=1.1039 lr=4.112e-06 grad_norm=8.100 samples/s=76.33
[step 4820/5000] loss=1.5069 lr=3.999e-06 grad_norm=53.508 samples/s=76.28
[step 4830/5000] loss=1.3209 lr=3.892e-06 grad_norm=16.212 samples/s=76.25
[step 4840/5000] loss=1.0723 lr=3.790e-06 grad_norm=6.317 samples/s=76.27
[step 4850/5000] loss=0.7805 lr=3.695e-06 grad_norm=7.293 samples/s=76.28
[step 4860/5000] loss=1.0422 lr=3.606e-06 grad_norm=18.263 samples/s=76.24
[step 4870/5000] loss=0.9195 lr=3.523e-06 grad_norm=6.659 samples/s=76.26
[step 4880/5000] loss=0.8782 lr=3.447e-06 grad_norm=10.652 samples/s=76.24
[step 4890/5000] loss=1.9000 lr=3.376e-06 grad_norm=18.396 samples/s=76.25
[step 4900/5000] loss=1.0885 lr=3.311e-06 grad_norm=23.174 samples/s=76.23
[step 4910/5000] loss=0.9822 lr=3.253e-06 grad_norm=10.636 samples/s=76.23
[step 4920/5000] loss=0.9406 lr=3.200e-06 grad_norm=21.538 samples/s=76.22
[step 4930/5000] loss=1.3070 lr=3.154e-06 grad_norm=9.361 samples/s=76.18
[step 4940/5000] loss=1.3587 lr=3.114e-06 grad_norm=14.706 samples/s=76.17
[step 4950/5000] loss=1.0119 lr=3.079e-06 grad_norm=8.621 samples/s=76.16
[step 4960/5000] loss=0.5993 lr=3.051e-06 grad_norm=6.426 samples/s=76.17
[step 4970/5000] loss=0.9747 lr=3.029e-06 grad_norm=7.776 samples/s=76.16
[step 4980/5000] loss=1.2164 lr=3.013e-06 grad_norm=9.864 samples/s=76.16
[step 4990/5000] loss=0.7639 lr=3.004e-06 grad_norm=6.704 samples/s=76.15
[step 5000/5000] loss=1.4508 lr=3.000e-06 grad_norm=9.575 samples/s=76.13
[val step 5000] loss=1.2285190134048463 m01={'mean': 0.40971958786781293, 'median': 0.4090303018819573, 'p95': 0.6785137679089823, 'tail_frac_gt4px': 8.194706219782021e-05, 'n_matched': 12203} m02={'12-16': 0.9134948096885813, '16-32': 0.9529185683401393, '32-64': 0.9456325689255347, '64-128': 0.9424778761061947} m04={'accuracy': 0.9823813816274687, 'by_octave': {'12-16': 0.9381313131313131, '16-32': 0.9866397781699017, '32-64': 0.9901907356948229, '64-128': 0.9906103286384976}} diag={'gate3_alpha_mean': 0.3311239778995514, 'gate3_alpha_min': 0.020442962646484375, 'gate3_alpha_max': 0.989501953125, 'gate3_alpha_std': 0.1878313273191452, 'gate3_alpha_p10': 0.099609375, 'gate3_alpha_p50': 0.30999755859375, 'gate3_alpha_p90': 0.595947265625, 'block0_attn_entropy': 7.180501461029053, 'block1_attn_entropy': 7.463982105255127}
[FULL val step 5000] loss=1.1388610079288484 m01={'mean': 0.407680868061925, 'median': 0.4066143277718337, 'p95': 0.6771057352547472, 'tail_frac_gt4px': 0.00010492840654107543, 'n_matched': 123894} m02={'12-16': 0.9188154487107307, '16-32': 0.9386623705844725, '32-64': 0.954495822858739, '64-128': 0.9567998487522057} m04={'accuracy': 0.9835988829160411, 'by_octave': {'12-16': 0.949203431372549, '16-32': 0.9842756183745583, '32-64': 0.9923115805155763, '64-128': 0.9904165980569735}}
[train_detector] wrote checkpoint runs/ft10_full_lr1/ckpt_0005000.pt
[train_detector] done: step=5000 train_elapsed=2101.8s val_elapsed=504.4s samples/s=76.13
