[train_detector] finetune from runs/rel_w882_c2_100k_rev6/ckpt_0100000.pt (step 100000): 437,105 of 882,402 params trainable, lr_mult={'cls.*': 1.0, 'blocks.*': 0.3, 'norm.*': 0.3, 'hm.*': 0.1}, reinit=[]
[train_detector] stream_seed=2100000 resume_count=0 start_step=0
[step 1/5000] loss=5.9405 lr=0.000e+00 grad_norm=25.954 samples/s=7.73
[step 2/5000] loss=6.1353 lr=3.000e-06 grad_norm=23.749 samples/s=14.87
[step 3/5000] loss=6.5145 lr=6.000e-06 grad_norm=21.116 samples/s=21.24
[step 4/5000] loss=6.2445 lr=9.000e-06 grad_norm=28.017 samples/s=26.94
[step 5/5000] loss=5.7413 lr=1.200e-05 grad_norm=21.125 samples/s=32.45
[step 6/5000] loss=5.1445 lr=1.500e-05 grad_norm=25.327 samples/s=36.78
[step 7/5000] loss=6.5967 lr=1.800e-05 grad_norm=23.228 samples/s=41.71
[step 8/5000] loss=5.8009 lr=2.100e-05 grad_norm=24.038 samples/s=45.79
[step 9/5000] loss=7.1108 lr=2.400e-05 grad_norm=25.622 samples/s=43.48
[step 10/5000] loss=6.3872 lr=2.700e-05 grad_norm=21.139 samples/s=44.01
[step 20/5000] loss=5.2546 lr=5.700e-05 grad_norm=18.189 samples/s=54.43
[step 30/5000] loss=4.1640 lr=8.700e-05 grad_norm=14.432 samples/s=56.96
[step 40/5000] loss=3.3671 lr=1.170e-04 grad_norm=9.765 samples/s=63.02
[step 50/5000] loss=3.1285 lr=1.470e-04 grad_norm=4.748 samples/s=60.20
[step 60/5000] loss=2.9846 lr=1.770e-04 grad_norm=3.508 samples/s=64.20
[step 70/5000] loss=2.2260 lr=2.070e-04 grad_norm=1.917 samples/s=65.07
[step 80/5000] loss=2.1720 lr=2.370e-04 grad_norm=1.984 samples/s=67.11
[step 90/5000] loss=2.5374 lr=2.670e-04 grad_norm=1.434 samples/s=66.66
[step 100/5000] loss=2.2980 lr=2.970e-04 grad_norm=1.362 samples/s=68.14
[step 110/5000] loss=2.0704 lr=3.000e-04 grad_norm=1.366 samples/s=67.87
[step 120/5000] loss=2.2099 lr=3.000e-04 grad_norm=1.466 samples/s=68.53
[step 130/5000] loss=2.0585 lr=3.000e-04 grad_norm=1.327 samples/s=68.36
[step 140/5000] loss=2.5876 lr=3.000e-04 grad_norm=1.994 samples/s=69.08
[step 150/5000] loss=2.2331 lr=2.999e-04 grad_norm=2.068 samples/s=69.19
[step 160/5000] loss=2.3418 lr=2.999e-04 grad_norm=1.790 samples/s=69.98
[step 170/5000] loss=2.4318 lr=2.999e-04 grad_norm=1.212 samples/s=70.04
[step 180/5000] loss=2.2764 lr=2.998e-04 grad_norm=1.224 samples/s=71.04
[step 190/5000] loss=2.1076 lr=2.998e-04 grad_norm=1.353 samples/s=71.58
[step 200/5000] loss=2.9365 lr=2.997e-04 grad_norm=1.494 samples/s=71.75
[step 210/5000] loss=2.6865 lr=2.996e-04 grad_norm=1.351 samples/s=71.97
[step 220/5000] loss=1.9362 lr=2.996e-04 grad_norm=1.185 samples/s=71.35
[step 230/5000] loss=2.5277 lr=2.995e-04 grad_norm=2.105 samples/s=71.94
[step 240/5000] loss=1.8484 lr=2.994e-04 grad_norm=1.336 samples/s=71.93
[step 250/5000] loss=2.2043 lr=2.993e-04 grad_norm=2.226 samples/s=72.45
[val step 250] loss=2.3999941787719727 m01={'mean': 0.4079486432294068, 'median': 0.4082529933318253, 'p95': 0.6748007134048494, 'tail_frac_gt4px': 8.207485226526592e-05, 'n_matched': 12184} m02={'12-16': 0.9111880046136102, '16-32': 0.9526783569541196, '32-64': 0.9435712445246071, '64-128': 0.9405815423514539} m04={'accuracy': 0.24597833223900198, 'by_octave': {'12-16': 0.2120253164556962, '16-32': 0.25542107917297024, '32-64': 0.2654287274713271, '64-128': 0.22748655913978494}} diag={'gate3_alpha_mean': 0.2721432149410248, 'gate3_alpha_min': 0.018463134765625, 'gate3_alpha_max': 0.95361328125, 'gate3_alpha_std': 0.1437692940235138, 'gate3_alpha_p10': 0.10153046250343323, 'gate3_alpha_p50': 0.2530517578125, 'gate3_alpha_p90': 0.47216796875, 'block0_attn_entropy': 7.187049388885498, 'block1_attn_entropy': 7.518881797790527}
[step 260/5000] loss=2.3958 lr=2.992e-04 grad_norm=1.790 samples/s=74.45
[step 270/5000] loss=2.4890 lr=2.991e-04 grad_norm=2.097 samples/s=76.12
[step 280/5000] loss=2.6812 lr=2.990e-04 grad_norm=1.686 samples/s=75.44
[step 290/5000] loss=2.0162 lr=2.989e-04 grad_norm=1.619 samples/s=75.52
[step 300/5000] loss=2.4556 lr=2.988e-04 grad_norm=1.729 samples/s=75.71
[step 310/5000] loss=2.2468 lr=2.987e-04 grad_norm=1.596 samples/s=75.51
[step 320/5000] loss=1.8216 lr=2.985e-04 grad_norm=1.467 samples/s=75.39
[step 330/5000] loss=2.4416 lr=2.984e-04 grad_norm=2.334 samples/s=75.04
[step 340/5000] loss=2.1650 lr=2.983e-04 grad_norm=1.721 samples/s=75.31
[step 350/5000] loss=2.4429 lr=2.981e-04 grad_norm=1.767 samples/s=74.99
[step 360/5000] loss=1.7008 lr=2.980e-04 grad_norm=1.423 samples/s=74.74
[step 370/5000] loss=1.8735 lr=2.978e-04 grad_norm=1.268 samples/s=74.49
[step 380/5000] loss=1.9631 lr=2.976e-04 grad_norm=1.286 samples/s=74.16
[step 390/5000] loss=2.1499 lr=2.975e-04 grad_norm=1.838 samples/s=73.87
[step 400/5000] loss=1.8225 lr=2.973e-04 grad_norm=1.630 samples/s=73.60
[step 410/5000] loss=2.3209 lr=2.971e-04 grad_norm=1.946 samples/s=73.96
[step 420/5000] loss=1.8576 lr=2.969e-04 grad_norm=1.908 samples/s=73.71
[step 430/5000] loss=1.9523 lr=2.967e-04 grad_norm=2.308 samples/s=73.88
[step 440/5000] loss=2.6224 lr=2.965e-04 grad_norm=2.139 samples/s=73.67
[step 450/5000] loss=2.4077 lr=2.963e-04 grad_norm=1.998 samples/s=73.83
[step 460/5000] loss=2.2045 lr=2.961e-04 grad_norm=2.217 samples/s=73.72
[step 470/5000] loss=2.7782 lr=2.959e-04 grad_norm=2.257 samples/s=73.99
[step 480/5000] loss=1.5587 lr=2.956e-04 grad_norm=1.722 samples/s=74.03
[step 490/5000] loss=1.7465 lr=2.954e-04 grad_norm=2.238 samples/s=74.18
[step 500/5000] loss=1.8222 lr=2.952e-04 grad_norm=1.926 samples/s=74.00
[val step 500] loss=2.217301164627075 m01={'mean': 0.40893463737951913, 'median': 0.40862138680439386, 'p95': 0.6776894435824107, 'tail_frac_gt4px': 8.188666885031116e-05, 'n_matched': 12212} m02={'12-16': 0.9158016147635525, '16-32': 0.9536392024981984, '32-64': 0.9453749033754187, '64-128': 0.9434260429835651} m04={'accuracy': 0.4771536193907632, 'by_octave': {'12-16': 0.3797229219143577, '16-32': 0.5246851385390429, '32-64': 0.544562551103843, '64-128': 0.3829145728643216}} diag={'gate3_alpha_mean': 0.26999157667160034, 'gate3_alpha_min': 0.017368316650390625, 'gate3_alpha_max': 0.9677734375, 'gate3_alpha_std': 0.14965808391571045, 'gate3_alpha_p10': 0.094879150390625, 'gate3_alpha_p50': 0.2484130859375, 'gate3_alpha_p90': 0.478515625, 'block0_attn_entropy': 7.171031951904297, 'block1_attn_entropy': 7.529685974121094}
[step 510/5000] loss=2.0292 lr=2.949e-04 grad_norm=2.111 samples/s=74.90
[step 520/5000] loss=1.7048 lr=2.947e-04 grad_norm=2.036 samples/s=75.79
[step 530/5000] loss=1.8987 lr=2.944e-04 grad_norm=2.096 samples/s=75.91
[step 540/5000] loss=2.2931 lr=2.942e-04 grad_norm=2.334 samples/s=75.56
[step 550/5000] loss=2.1106 lr=2.939e-04 grad_norm=3.042 samples/s=75.59
[step 560/5000] loss=1.6279 lr=2.936e-04 grad_norm=2.200 samples/s=75.22
[step 570/5000] loss=1.8054 lr=2.933e-04 grad_norm=2.200 samples/s=75.51
[step 580/5000] loss=1.5555 lr=2.931e-04 grad_norm=2.843 samples/s=75.38
[step 590/5000] loss=1.4342 lr=2.928e-04 grad_norm=2.721 samples/s=75.18
[step 600/5000] loss=1.6662 lr=2.925e-04 grad_norm=3.663 samples/s=74.94
[step 610/5000] loss=1.9079 lr=2.922e-04 grad_norm=3.205 samples/s=75.07
[step 620/5000] loss=2.3498 lr=2.919e-04 grad_norm=2.544 samples/s=74.79
[step 630/5000] loss=1.5727 lr=2.915e-04 grad_norm=3.049 samples/s=75.01
[step 640/5000] loss=1.8673 lr=2.912e-04 grad_norm=3.394 samples/s=74.85
[step 650/5000] loss=1.9030 lr=2.909e-04 grad_norm=2.346 samples/s=74.99
[step 660/5000] loss=1.6899 lr=2.906e-04 grad_norm=4.993 samples/s=74.96
[step 670/5000] loss=2.8175 lr=2.902e-04 grad_norm=6.921 samples/s=75.03
[step 680/5000] loss=1.8356 lr=2.899e-04 grad_norm=4.599 samples/s=75.04
[step 690/5000] loss=2.1988 lr=2.895e-04 grad_norm=3.965 samples/s=74.97
[step 700/5000] loss=1.6111 lr=2.892e-04 grad_norm=2.540 samples/s=75.11
[step 710/5000] loss=1.7370 lr=2.888e-04 grad_norm=4.233 samples/s=74.95
[step 720/5000] loss=1.8440 lr=2.885e-04 grad_norm=3.184 samples/s=75.13
[step 730/5000] loss=1.2453 lr=2.881e-04 grad_norm=3.808 samples/s=75.03
[step 740/5000] loss=1.1610 lr=2.877e-04 grad_norm=2.663 samples/s=74.83
[step 750/5000] loss=1.8255 lr=2.873e-04 grad_norm=4.645 samples/s=74.87
[val step 750] loss=1.8796484060287475 m01={'mean': 0.40860083454763024, 'median': 0.4088558660896236, 'p95': 0.6784125447064203, 'tail_frac_gt4px': 0.0, 'n_matched': 12205} m02={'12-16': 0.9152249134948097, '16-32': 0.9533989911121787, '32-64': 0.9453749033754187, '64-128': 0.9418457648546145} m04={'accuracy': 0.71421548545678, 'by_octave': {'12-16': 0.5040957781978576, '16-32': 0.7538422776518015, '32-64': 0.8212046879258653, '64-128': 0.6416107382550336}} diag={'gate3_alpha_mean': 0.2625000476837158, 'gate3_alpha_min': 0.016681671142578125, 'gate3_alpha_max': 0.97314453125, 'gate3_alpha_std': 0.15136250853538513, 'gate3_alpha_p10': 0.0883941650390625, 'gate3_alpha_p50': 0.23797607421875, 'gate3_alpha_p90': 0.47265625, 'block0_attn_entropy': 7.119566440582275, 'block1_attn_entropy': 7.507272243499756}
[step 760/5000] loss=1.6398 lr=2.869e-04 grad_norm=2.789 samples/s=75.48
[step 770/5000] loss=1.3839 lr=2.865e-04 grad_norm=2.549 samples/s=76.08
[step 780/5000] loss=1.5497 lr=2.861e-04 grad_norm=3.131 samples/s=76.10
[step 790/5000] loss=2.3314 lr=2.857e-04 grad_norm=4.788 samples/s=76.05
[step 800/5000] loss=1.6098 lr=2.853e-04 grad_norm=2.997 samples/s=75.86
[step 810/5000] loss=2.4162 lr=2.849e-04 grad_norm=2.722 samples/s=75.86
[step 820/5000] loss=1.3014 lr=2.845e-04 grad_norm=3.766 samples/s=75.82
[step 830/5000] loss=1.2301 lr=2.841e-04 grad_norm=2.993 samples/s=75.67
[step 840/5000] loss=1.1470 lr=2.836e-04 grad_norm=3.223 samples/s=75.86
[step 850/5000] loss=1.9455 lr=2.832e-04 grad_norm=2.308 samples/s=75.80
[step 860/5000] loss=1.4491 lr=2.828e-04 grad_norm=2.743 samples/s=75.82
[step 870/5000] loss=1.9098 lr=2.823e-04 grad_norm=3.682 samples/s=75.82
[step 880/5000] loss=2.0371 lr=2.819e-04 grad_norm=4.650 samples/s=75.94
[step 890/5000] loss=1.1178 lr=2.814e-04 grad_norm=3.389 samples/s=75.87
[step 900/5000] loss=1.3061 lr=2.809e-04 grad_norm=2.781 samples/s=75.89
[step 910/5000] loss=1.3165 lr=2.805e-04 grad_norm=3.259 samples/s=75.72
[step 920/5000] loss=1.9484 lr=2.800e-04 grad_norm=5.217 samples/s=75.81
[step 930/5000] loss=1.4435 lr=2.795e-04 grad_norm=3.133 samples/s=75.63
[step 940/5000] loss=1.2968 lr=2.790e-04 grad_norm=5.412 samples/s=75.58
[step 950/5000] loss=0.7733 lr=2.785e-04 grad_norm=2.417 samples/s=75.54
[step 960/5000] loss=2.4953 lr=2.780e-04 grad_norm=3.677 samples/s=75.62
[step 970/5000] loss=1.6622 lr=2.775e-04 grad_norm=3.538 samples/s=75.38
[step 980/5000] loss=1.7820 lr=2.770e-04 grad_norm=3.235 samples/s=75.43
[step 990/5000] loss=1.0512 lr=2.765e-04 grad_norm=2.675 samples/s=75.31
[step 1000/5000] loss=1.1347 lr=2.760e-04 grad_norm=2.941 samples/s=75.31
[val step 1000] loss=1.6668883476257323 m01={'mean': 0.40886118150503675, 'median': 0.4088558660896236, 'p95': 0.6789094306935295, 'tail_frac_gt4px': 0.0, 'n_matched': 12207} m02={'12-16': 0.9146482122260668, '16-32': 0.9536392024981984, '32-64': 0.9456325689255347, '64-128': 0.9421618204804045} m04={'accuracy': 0.8137134431064144, 'by_octave': {'12-16': 0.5825977301387137, '16-32': 0.8566750629722922, '32-64': 0.9032697547683923, '64-128': 0.7692049647769205}} diag={'gate3_alpha_mean': 0.2602958381175995, 'gate3_alpha_min': 0.0156097412109375, 'gate3_alpha_max': 0.973388671875, 'gate3_alpha_std': 0.14976586401462555, 'gate3_alpha_p10': 0.087615966796875, 'gate3_alpha_p50': 0.23687744140625, 'gate3_alpha_p90': 0.463623046875, 'block0_attn_entropy': 7.091936111450195, 'block1_attn_entropy': 7.4730119705200195}
[step 1010/5000] loss=1.6872 lr=2.755e-04 grad_norm=3.426 samples/s=75.74
[step 1020/5000] loss=1.9488 lr=2.750e-04 grad_norm=4.597 samples/s=76.20
[step 1030/5000] loss=2.2024 lr=2.744e-04 grad_norm=4.030 samples/s=76.07
[step 1040/5000] loss=1.4226 lr=2.739e-04 grad_norm=3.242 samples/s=76.02
[step 1050/5000] loss=1.6187 lr=2.734e-04 grad_norm=3.579 samples/s=76.02
[step 1060/5000] loss=1.2805 lr=2.728e-04 grad_norm=2.481 samples/s=76.12
[step 1070/5000] loss=1.3676 lr=2.723e-04 grad_norm=2.852 samples/s=76.03
[step 1080/5000] loss=1.1202 lr=2.717e-04 grad_norm=3.354 samples/s=76.11
[step 1090/5000] loss=1.2293 lr=2.711e-04 grad_norm=3.518 samples/s=75.88
[step 1100/5000] loss=1.7285 lr=2.706e-04 grad_norm=5.141 samples/s=75.94
[step 1110/5000] loss=2.2653 lr=2.700e-04 grad_norm=3.902 samples/s=75.87
[step 1120/5000] loss=0.8516 lr=2.694e-04 grad_norm=2.649 samples/s=76.00
[step 1130/5000] loss=1.0734 lr=2.688e-04 grad_norm=2.881 samples/s=75.89
[step 1140/5000] loss=1.2543 lr=2.683e-04 grad_norm=7.357 samples/s=75.86
[step 1150/5000] loss=1.2697 lr=2.677e-04 grad_norm=2.919 samples/s=75.63
[step 1160/5000] loss=0.7398 lr=2.671e-04 grad_norm=2.655 samples/s=75.71
[step 1170/5000] loss=1.8435 lr=2.665e-04 grad_norm=3.237 samples/s=75.53
[step 1180/5000] loss=1.5710 lr=2.659e-04 grad_norm=4.732 samples/s=75.55
[step 1190/5000] loss=1.0489 lr=2.653e-04 grad_norm=2.393 samples/s=75.57
[step 1200/5000] loss=2.0771 lr=2.646e-04 grad_norm=3.668 samples/s=75.65
[step 1210/5000] loss=1.3406 lr=2.640e-04 grad_norm=2.039 samples/s=75.61
[step 1220/5000] loss=0.9777 lr=2.634e-04 grad_norm=4.235 samples/s=75.69
[step 1230/5000] loss=0.9257 lr=2.628e-04 grad_norm=3.024 samples/s=75.52
[step 1240/5000] loss=1.6821 lr=2.621e-04 grad_norm=3.753 samples/s=75.62
[step 1250/5000] loss=1.5369 lr=2.615e-04 grad_norm=3.579 samples/s=75.41
[val step 1250] loss=1.569247615814209 m01={'mean': 0.4084627686870055, 'median': 0.40882578177069195, 'p95': 0.67784868368055, 'tail_frac_gt4px': 0.0, 'n_matched': 12198} m02={'12-16': 0.9117647058823529, '16-32': 0.9529185683401393, '32-64': 0.9453749033754187, '64-128': 0.9421618204804045} m04={'accuracy': 0.8561239547466798, 'by_octave': {'12-16': 0.6419987349778621, '16-32': 0.8908495084446685, '32-64': 0.9326792041428182, '64-128': 0.8292519288829252}} diag={'gate3_alpha_mean': 0.2546992599964142, 'gate3_alpha_min': 0.01465606689453125, 'gate3_alpha_max': 0.975830078125, 'gate3_alpha_std': 0.14977003633975983, 'gate3_alpha_p10': 0.0836029052734375, 'gate3_alpha_p50': 0.2301025390625, 'gate3_alpha_p90': 0.4580078125, 'block0_attn_entropy': 7.0814619064331055, 'block1_attn_entropy': 7.434441089630127}
[step 1260/5000] loss=0.9858 lr=2.609e-04 grad_norm=2.198 samples/s=75.81
[step 1270/5000] loss=0.9055 lr=2.602e-04 grad_norm=1.767 samples/s=76.21
[step 1280/5000] loss=1.2926 lr=2.596e-04 grad_norm=4.038 samples/s=76.12
[step 1290/5000] loss=1.2186 lr=2.589e-04 grad_norm=3.941 samples/s=76.11
[step 1300/5000] loss=1.5584 lr=2.582e-04 grad_norm=3.450 samples/s=75.91
[step 1310/5000] loss=1.7191 lr=2.576e-04 grad_norm=2.010 samples/s=76.02
[step 1320/5000] loss=1.1767 lr=2.569e-04 grad_norm=5.944 samples/s=75.97
[step 1330/5000] loss=0.9459 lr=2.562e-04 grad_norm=2.822 samples/s=76.01
[step 1340/5000] loss=1.0587 lr=2.556e-04 grad_norm=3.496 samples/s=75.94
[step 1350/5000] loss=1.2192 lr=2.549e-04 grad_norm=1.792 samples/s=76.06
[step 1360/5000] loss=1.4114 lr=2.542e-04 grad_norm=3.350 samples/s=75.99
[step 1370/5000] loss=1.3900 lr=2.535e-04 grad_norm=2.968 samples/s=76.09
[step 1380/5000] loss=1.4683 lr=2.528e-04 grad_norm=2.339 samples/s=75.93
[step 1390/5000] loss=1.5676 lr=2.521e-04 grad_norm=3.811 samples/s=75.93
[step 1400/5000] loss=1.6145 lr=2.514e-04 grad_norm=3.848 samples/s=75.84
[step 1410/5000] loss=1.8184 lr=2.507e-04 grad_norm=3.491 samples/s=75.92
[step 1420/5000] loss=0.8936 lr=2.500e-04 grad_norm=2.857 samples/s=75.91
[step 1430/5000] loss=0.8599 lr=2.493e-04 grad_norm=4.166 samples/s=76.04
[step 1440/5000] loss=1.0169 lr=2.486e-04 grad_norm=2.616 samples/s=75.99
[step 1450/5000] loss=1.1113 lr=2.478e-04 grad_norm=2.972 samples/s=76.00
[step 1460/5000] loss=1.4638 lr=2.471e-04 grad_norm=3.386 samples/s=75.96
[step 1470/5000] loss=1.9929 lr=2.464e-04 grad_norm=2.514 samples/s=75.86
[step 1480/5000] loss=2.3040 lr=2.456e-04 grad_norm=3.714 samples/s=75.74
[step 1490/5000] loss=1.3164 lr=2.449e-04 grad_norm=2.103 samples/s=75.77
[step 1500/5000] loss=0.9346 lr=2.442e-04 grad_norm=1.898 samples/s=75.81
[val step 1500] loss=1.5186276984214784 m01={'mean': 0.40884236715596606, 'median': 0.4090522925122414, 'p95': 0.6791706877995104, 'tail_frac_gt4px': 0.0, 'n_matched': 12202} m02={'12-16': 0.9117647058823529, '16-32': 0.953158779726159, '32-64': 0.9456325689255347, '64-128': 0.9427939317319848} m04={'accuracy': 0.8791181773479757, 'by_octave': {'12-16': 0.6907020872865275, '16-32': 0.9087701612903226, '32-64': 0.9403269754768392, '64-128': 0.8642306402950051}} diag={'gate3_alpha_mean': 0.25261950492858887, 'gate3_alpha_min': 0.013814926147460938, 'gate3_alpha_max': 0.980224609375, 'gate3_alpha_std': 0.15061233937740326, 'gate3_alpha_p10': 0.08135986328125, 'gate3_alpha_p50': 0.2274169921875, 'gate3_alpha_p90': 0.45703125, 'block0_attn_entropy': 7.070730209350586, 'block1_attn_entropy': 7.428086757659912}
[step 1510/5000] loss=1.2979 lr=2.434e-04 grad_norm=3.721 samples/s=76.11
[step 1520/5000] loss=1.0918 lr=2.427e-04 grad_norm=5.153 samples/s=76.41
[step 1530/5000] loss=1.8260 lr=2.419e-04 grad_norm=3.185 samples/s=76.37
[step 1540/5000] loss=1.6079 lr=2.412e-04 grad_norm=2.634 samples/s=76.40
[step 1550/5000] loss=1.2288 lr=2.404e-04 grad_norm=2.252 samples/s=76.33
[step 1560/5000] loss=2.2914 lr=2.396e-04 grad_norm=3.693 samples/s=76.38
[step 1570/5000] loss=1.5601 lr=2.389e-04 grad_norm=3.159 samples/s=76.21
[step 1580/5000] loss=1.2427 lr=2.381e-04 grad_norm=2.718 samples/s=76.24
[step 1590/5000] loss=1.8688 lr=2.373e-04 grad_norm=2.354 samples/s=76.17
[step 1600/5000] loss=0.9505 lr=2.365e-04 grad_norm=2.247 samples/s=76.20
[step 1610/5000] loss=1.8317 lr=2.358e-04 grad_norm=3.279 samples/s=76.13
[step 1620/5000] loss=1.0996 lr=2.350e-04 grad_norm=2.861 samples/s=76.17
[step 1630/5000] loss=1.7690 lr=2.342e-04 grad_norm=4.954 samples/s=76.11
[step 1640/5000] loss=1.5729 lr=2.334e-04 grad_norm=3.151 samples/s=76.10
[step 1650/5000] loss=1.1076 lr=2.326e-04 grad_norm=2.502 samples/s=76.09
[step 1660/5000] loss=1.0780 lr=2.318e-04 grad_norm=2.834 samples/s=76.18
[step 1670/5000] loss=1.8648 lr=2.310e-04 grad_norm=4.283 samples/s=76.18
[step 1680/5000] loss=1.1843 lr=2.302e-04 grad_norm=3.158 samples/s=76.15
[step 1690/5000] loss=0.8396 lr=2.294e-04 grad_norm=3.602 samples/s=76.06
[step 1700/5000] loss=1.5414 lr=2.286e-04 grad_norm=3.629 samples/s=76.15
[step 1710/5000] loss=1.5891 lr=2.277e-04 grad_norm=4.497 samples/s=76.02
[step 1720/5000] loss=1.4329 lr=2.269e-04 grad_norm=3.596 samples/s=76.11
[step 1730/5000] loss=0.7817 lr=2.261e-04 grad_norm=3.283 samples/s=76.00
[step 1740/5000] loss=1.2884 lr=2.253e-04 grad_norm=3.850 samples/s=76.04
[step 1750/5000] loss=1.0815 lr=2.245e-04 grad_norm=4.936 samples/s=75.95
[val step 1750] loss=1.4847857441902161 m01={'mean': 0.40850561410714553, 'median': 0.4088226806099023, 'p95': 0.6771683915595906, 'tail_frac_gt4px': 0.0, 'n_matched': 12201} m02={'12-16': 0.9111880046136102, '16-32': 0.9529185683401393, '32-64': 0.9458902344756506, '64-128': 0.9427939317319848} m04={'accuracy': 0.8905007786247029, 'by_octave': {'12-16': 0.7069620253164557, '16-32': 0.9195865893622385, '32-64': 0.9476981748842277, '64-128': 0.8786456587328193}} diag={'gate3_alpha_mean': 0.2593647539615631, 'gate3_alpha_min': 0.014490127563476562, 'gate3_alpha_max': 0.982421875, 'gate3_alpha_std': 0.15067172050476074, 'gate3_alpha_p10': 0.08638687431812286, 'gate3_alpha_p50': 0.23551177978515625, 'gate3_alpha_p90': 0.46271324157714844, 'block0_attn_entropy': 7.068713665008545, 'block1_attn_entropy': 7.368590831756592}
[step 1760/5000] loss=0.9556 lr=2.236e-04 grad_norm=2.947 samples/s=76.20
[step 1770/5000] loss=1.3593 lr=2.228e-04 grad_norm=3.477 samples/s=76.45
[step 1780/5000] loss=1.0727 lr=2.220e-04 grad_norm=2.667 samples/s=76.54
[step 1790/5000] loss=1.3756 lr=2.211e-04 grad_norm=3.043 samples/s=76.48
[step 1800/5000] loss=1.4074 lr=2.203e-04 grad_norm=3.046 samples/s=76.45
[step 1810/5000] loss=1.7336 lr=2.194e-04 grad_norm=2.807 samples/s=76.46
[step 1820/5000] loss=1.4023 lr=2.186e-04 grad_norm=2.685 samples/s=76.41
[step 1830/5000] loss=1.2307 lr=2.177e-04 grad_norm=2.578 samples/s=76.45
[step 1840/5000] loss=1.3364 lr=2.169e-04 grad_norm=5.018 samples/s=76.47
[step 1850/5000] loss=1.5467 lr=2.160e-04 grad_norm=5.781 samples/s=76.46
[step 1860/5000] loss=1.1684 lr=2.152e-04 grad_norm=2.961 samples/s=76.44
[step 1870/5000] loss=0.7285 lr=2.143e-04 grad_norm=1.847 samples/s=76.43
[step 1880/5000] loss=1.2206 lr=2.134e-04 grad_norm=2.815 samples/s=76.41
[step 1890/5000] loss=2.3452 lr=2.126e-04 grad_norm=4.164 samples/s=76.42
[step 1900/5000] loss=1.9524 lr=2.117e-04 grad_norm=3.591 samples/s=76.37
[step 1910/5000] loss=0.7638 lr=2.108e-04 grad_norm=1.911 samples/s=76.38
[step 1920/5000] loss=1.2060 lr=2.100e-04 grad_norm=3.178 samples/s=76.40
[step 1930/5000] loss=1.3450 lr=2.091e-04 grad_norm=2.250 samples/s=76.31
[step 1940/5000] loss=1.4026 lr=2.082e-04 grad_norm=5.037 samples/s=76.33
[step 1950/5000] loss=1.3298 lr=2.073e-04 grad_norm=2.902 samples/s=76.25
[step 1960/5000] loss=1.3339 lr=2.064e-04 grad_norm=2.929 samples/s=76.30
[step 1970/5000] loss=1.1417 lr=2.055e-04 grad_norm=2.190 samples/s=76.14
[step 1980/5000] loss=1.3578 lr=2.047e-04 grad_norm=2.485 samples/s=76.15
[step 1990/5000] loss=1.4472 lr=2.038e-04 grad_norm=4.231 samples/s=76.17
[step 2000/5000] loss=1.2484 lr=2.029e-04 grad_norm=2.767 samples/s=76.23
[val step 2000] loss=1.459860773563385 m01={'mean': 0.40853998416158077, 'median': 0.4088226806099023, 'p95': 0.6770984569295677, 'tail_frac_gt4px': 0.0, 'n_matched': 12197} m02={'12-16': 0.9106113033448674, '16-32': 0.953158779726159, '32-64': 0.9456325689255347, '64-128': 0.9418457648546145} m04={'accuracy': 0.9004673280314831, 'by_octave': {'12-16': 0.7251424952501583, '16-32': 0.9254032258064516, '32-64': 0.9580381471389646, '64-128': 0.889261744966443}} diag={'gate3_alpha_mean': 0.26198911666870117, 'gate3_alpha_min': 0.014862060546875, 'gate3_alpha_max': 0.980224609375, 'gate3_alpha_std': 0.15306439995765686, 'gate3_alpha_p10': 0.08656159043312073, 'gate3_alpha_p50': 0.2366943359375, 'gate3_alpha_p90': 0.47119140625, 'block0_attn_entropy': 7.062163352966309, 'block1_attn_entropy': 7.3284993171691895}
[step 2010/5000] loss=1.4461 lr=2.020e-04 grad_norm=2.962 samples/s=76.46
[step 2020/5000] loss=0.6723 lr=2.011e-04 grad_norm=2.410 samples/s=76.68
[step 2030/5000] loss=1.1202 lr=2.002e-04 grad_norm=2.175 samples/s=76.64
[step 2040/5000] loss=0.7549 lr=1.993e-04 grad_norm=2.404 samples/s=76.63
[step 2050/5000] loss=1.8441 lr=1.984e-04 grad_norm=3.219 samples/s=76.58
[step 2060/5000] loss=1.5520 lr=1.975e-04 grad_norm=3.222 samples/s=76.60
[step 2070/5000] loss=0.9711 lr=1.966e-04 grad_norm=2.701 samples/s=76.55
[step 2080/5000] loss=1.5804 lr=1.957e-04 grad_norm=2.519 samples/s=76.59
[step 2090/5000] loss=1.4298 lr=1.948e-04 grad_norm=2.202 samples/s=76.52
[step 2100/5000] loss=1.4325 lr=1.938e-04 grad_norm=3.654 samples/s=76.53
[step 2110/5000] loss=2.3441 lr=1.929e-04 grad_norm=4.042 samples/s=76.51
[step 2120/5000] loss=1.4560 lr=1.920e-04 grad_norm=4.548 samples/s=76.55
[step 2130/5000] loss=1.3718 lr=1.911e-04 grad_norm=2.423 samples/s=76.48
[step 2140/5000] loss=1.9103 lr=1.902e-04 grad_norm=2.446 samples/s=76.56
[step 2150/5000] loss=1.3472 lr=1.893e-04 grad_norm=2.554 samples/s=76.47
[step 2160/5000] loss=0.9120 lr=1.883e-04 grad_norm=2.260 samples/s=76.52
[step 2170/5000] loss=0.8200 lr=1.874e-04 grad_norm=2.591 samples/s=76.40
[step 2180/5000] loss=1.8670 lr=1.865e-04 grad_norm=5.561 samples/s=76.44
[step 2190/5000] loss=1.2436 lr=1.856e-04 grad_norm=2.974 samples/s=76.43
[step 2200/5000] loss=2.2622 lr=1.846e-04 grad_norm=2.751 samples/s=76.46
[step 2210/5000] loss=2.2745 lr=1.837e-04 grad_norm=4.650 samples/s=76.38
[step 2220/5000] loss=0.8789 lr=1.828e-04 grad_norm=1.739 samples/s=76.40
[step 2230/5000] loss=1.5092 lr=1.818e-04 grad_norm=2.405 samples/s=76.33
[step 2240/5000] loss=1.4600 lr=1.809e-04 grad_norm=2.558 samples/s=76.39
[step 2250/5000] loss=1.9835 lr=1.800e-04 grad_norm=3.990 samples/s=76.36
[val step 2250] loss=1.4443270854949952 m01={'mean': 0.4092428074194996, 'median': 0.4088558660896236, 'p95': 0.6778367404944722, 'tail_frac_gt4px': 8.197393228953193e-05, 'n_matched': 12199} m02={'12-16': 0.9123414071510957, '16-32': 0.953158779726159, '32-64': 0.9451172378253028, '64-128': 0.9421618204804045} m04={'accuracy': 0.9067956389868022, 'by_octave': {'12-16': 0.7357774968394437, '16-32': 0.930695564516129, '32-64': 0.9623773173391494, '64-128': 0.897349882589735}} diag={'gate3_alpha_mean': 0.25791212916374207, 'gate3_alpha_min': 0.01474761962890625, 'gate3_alpha_max': 0.980224609375, 'gate3_alpha_std': 0.1508854627609253, 'gate3_alpha_p10': 0.0845947265625, 'gate3_alpha_p50': 0.233642578125, 'gate3_alpha_p90': 0.46240234375, 'block0_attn_entropy': 7.060164451599121, 'block1_attn_entropy': 7.380133628845215}
[step 2260/5000] loss=1.1558 lr=1.790e-04 grad_norm=2.693 samples/s=76.57
[step 2270/5000] loss=1.0153 lr=1.781e-04 grad_norm=2.257 samples/s=76.79
[step 2280/5000] loss=1.2059 lr=1.772e-04 grad_norm=2.947 samples/s=76.68
[step 2290/5000] loss=1.7647 lr=1.762e-04 grad_norm=2.790 samples/s=76.69
[step 2300/5000] loss=1.5793 lr=1.753e-04 grad_norm=2.487 samples/s=76.62
[step 2310/5000] loss=1.2337 lr=1.744e-04 grad_norm=2.512 samples/s=76.65
[step 2320/5000] loss=1.2256 lr=1.734e-04 grad_norm=3.994 samples/s=76.61
[step 2330/5000] loss=1.1783 lr=1.725e-04 grad_norm=3.158 samples/s=76.64
[step 2340/5000] loss=1.2374 lr=1.715e-04 grad_norm=2.934 samples/s=76.62
[step 2350/5000] loss=1.5329 lr=1.706e-04 grad_norm=3.362 samples/s=76.58
[step 2360/5000] loss=1.4596 lr=1.696e-04 grad_norm=2.247 samples/s=76.60
[step 2370/5000] loss=1.2517 lr=1.687e-04 grad_norm=1.970 samples/s=76.48
[step 2380/5000] loss=1.3940 lr=1.677e-04 grad_norm=3.229 samples/s=76.54
[step 2390/5000] loss=2.0562 lr=1.668e-04 grad_norm=6.293 samples/s=76.51
[step 2400/5000] loss=1.8197 lr=1.659e-04 grad_norm=4.833 samples/s=76.45
[step 2410/5000] loss=1.2793 lr=1.649e-04 grad_norm=2.977 samples/s=76.45
[step 2420/5000] loss=1.7975 lr=1.640e-04 grad_norm=3.638 samples/s=76.39
[step 2430/5000] loss=1.0918 lr=1.630e-04 grad_norm=2.327 samples/s=76.41
[step 2440/5000] loss=1.0172 lr=1.621e-04 grad_norm=1.994 samples/s=76.30
[step 2450/5000] loss=1.6545 lr=1.611e-04 grad_norm=3.170 samples/s=76.34
[step 2460/5000] loss=1.0105 lr=1.602e-04 grad_norm=2.214 samples/s=76.34
[step 2470/5000] loss=1.0960 lr=1.592e-04 grad_norm=2.022 samples/s=76.37
[step 2480/5000] loss=1.3020 lr=1.583e-04 grad_norm=3.238 samples/s=76.31
[step 2490/5000] loss=1.6010 lr=1.573e-04 grad_norm=3.919 samples/s=76.39
[step 2500/5000] loss=0.9639 lr=1.564e-04 grad_norm=2.175 samples/s=76.33
[val step 2500] loss=1.4297600526809693 m01={'mean': 0.4095092969598124, 'median': 0.40916962326968787, 'p95': 0.6782834262128142, 'tail_frac_gt4px': 8.194034742707309e-05, 'n_matched': 12204} m02={'12-16': 0.9117647058823529, '16-32': 0.9533989911121787, '32-64': 0.9456325689255347, '64-128': 0.943109987357775} m04={'accuracy': 0.9116683054736152, 'by_octave': {'12-16': 0.7476280834914611, '16-32': 0.9367598891408415, '32-64': 0.964850136239782, '64-128': 0.899798927613941}} diag={'gate3_alpha_mean': 0.25513455271720886, 'gate3_alpha_min': 0.014490127563476562, 'gate3_alpha_max': 0.978515625, 'gate3_alpha_std': 0.14913254976272583, 'gate3_alpha_p10': 0.083892822265625, 'gate3_alpha_p50': 0.231201171875, 'gate3_alpha_p90': 0.45703125, 'block0_attn_entropy': 7.0542497634887695, 'block1_attn_entropy': 7.344995498657227}
[step 2510/5000] loss=0.9759 lr=1.554e-04 grad_norm=2.109 samples/s=76.51
[step 2520/5000] loss=0.8967 lr=1.545e-04 grad_norm=2.104 samples/s=76.70
[step 2530/5000] loss=1.0974 lr=1.535e-04 grad_norm=4.574 samples/s=76.63
[step 2540/5000] loss=1.8067 lr=1.525e-04 grad_norm=4.597 samples/s=76.69
[step 2550/5000] loss=1.0113 lr=1.516e-04 grad_norm=2.667 samples/s=76.62
[step 2560/5000] loss=0.8569 lr=1.506e-04 grad_norm=3.338 samples/s=76.65
[step 2570/5000] loss=0.8942 lr=1.497e-04 grad_norm=2.681 samples/s=76.61
[step 2580/5000] loss=1.3558 lr=1.487e-04 grad_norm=1.586 samples/s=76.61
[step 2590/5000] loss=1.3443 lr=1.478e-04 grad_norm=2.308 samples/s=76.54
[step 2600/5000] loss=1.4756 lr=1.468e-04 grad_norm=4.883 samples/s=76.60
[step 2610/5000] loss=1.3508 lr=1.459e-04 grad_norm=4.885 samples/s=76.62
[step 2620/5000] loss=1.8144 lr=1.449e-04 grad_norm=3.790 samples/s=76.67
[step 2630/5000] loss=1.4043 lr=1.440e-04 grad_norm=3.338 samples/s=76.58
[step 2640/5000] loss=0.8855 lr=1.430e-04 grad_norm=2.807 samples/s=76.60
[step 2650/5000] loss=0.7796 lr=1.421e-04 grad_norm=2.262 samples/s=76.56
[step 2660/5000] loss=1.2718 lr=1.411e-04 grad_norm=3.132 samples/s=76.58
[step 2670/5000] loss=1.6762 lr=1.402e-04 grad_norm=2.303 samples/s=76.53
[step 2680/5000] loss=1.2742 lr=1.392e-04 grad_norm=3.554 samples/s=76.56
[step 2690/5000] loss=1.6227 lr=1.383e-04 grad_norm=3.450 samples/s=76.47
[step 2700/5000] loss=1.2351 lr=1.373e-04 grad_norm=1.963 samples/s=76.57
[step 2710/5000] loss=1.0424 lr=1.364e-04 grad_norm=1.950 samples/s=76.54
[step 2720/5000] loss=2.4122 lr=1.354e-04 grad_norm=3.441 samples/s=76.59
[step 2730/5000] loss=1.6581 lr=1.345e-04 grad_norm=2.084 samples/s=76.56
[step 2740/5000] loss=0.8478 lr=1.335e-04 grad_norm=2.761 samples/s=76.55
[step 2750/5000] loss=0.9181 lr=1.326e-04 grad_norm=1.934 samples/s=76.52
[val step 2750] loss=1.4212167077064515 m01={'mean': 0.40906815457372336, 'median': 0.40886697895715307, 'p95': 0.6771079447803605, 'tail_frac_gt4px': 8.194034742707309e-05, 'n_matched': 12204} m02={'12-16': 0.9129181084198386, '16-32': 0.9533989911121787, '32-64': 0.9456325689255347, '64-128': 0.9424778761061947} m04={'accuracy': 0.9151098000655523, 'by_octave': {'12-16': 0.7561591914087177, '16-32': 0.9360040312421265, '32-64': 0.9656675749318802, '64-128': 0.9094567404426559}} diag={'gate3_alpha_mean': 0.2561455965042114, 'gate3_alpha_min': 0.014261245727539062, 'gate3_alpha_max': 0.980224609375, 'gate3_alpha_std': 0.1509520560503006, 'gate3_alpha_p10': 0.083221435546875, 'gate3_alpha_p50': 0.23145294189453125, 'gate3_alpha_p90': 0.460205078125, 'block0_attn_entropy': 7.055455684661865, 'block1_attn_entropy': 7.307006359100342}
[step 2760/5000] loss=1.1144 lr=1.317e-04 grad_norm=3.254 samples/s=76.68
[step 2770/5000] loss=1.0877 lr=1.307e-04 grad_norm=1.882 samples/s=76.84
[step 2780/5000] loss=1.4064 lr=1.298e-04 grad_norm=3.289 samples/s=76.81
[step 2790/5000] loss=0.8185 lr=1.288e-04 grad_norm=2.640 samples/s=76.78
[step 2800/5000] loss=1.3349 lr=1.279e-04 grad_norm=3.114 samples/s=76.78
[step 2810/5000] loss=1.0606 lr=1.270e-04 grad_norm=2.593 samples/s=76.74
[step 2820/5000] loss=0.7144 lr=1.260e-04 grad_norm=1.517 samples/s=76.78
[step 2830/5000] loss=1.7428 lr=1.251e-04 grad_norm=3.646 samples/s=76.76
[step 2840/5000] loss=1.3266 lr=1.241e-04 grad_norm=2.856 samples/s=76.73
[step 2850/5000] loss=1.3558 lr=1.232e-04 grad_norm=4.183 samples/s=76.75
[step 2860/5000] loss=0.9172 lr=1.223e-04 grad_norm=4.165 samples/s=76.71
[step 2870/5000] loss=1.4751 lr=1.213e-04 grad_norm=3.670 samples/s=76.74
[step 2880/5000] loss=0.9914 lr=1.204e-04 grad_norm=3.482 samples/s=76.66
[step 2890/5000] loss=1.1094 lr=1.195e-04 grad_norm=2.489 samples/s=76.66
[step 2900/5000] loss=1.3763 lr=1.185e-04 grad_norm=2.053 samples/s=76.54
[step 2910/5000] loss=1.0038 lr=1.176e-04 grad_norm=1.992 samples/s=76.58
[step 2920/5000] loss=1.1218 lr=1.167e-04 grad_norm=3.006 samples/s=76.55
[step 2930/5000] loss=0.9389 lr=1.158e-04 grad_norm=1.885 samples/s=76.60
[step 2940/5000] loss=1.0917 lr=1.148e-04 grad_norm=2.262 samples/s=76.53
[step 2950/5000] loss=0.8176 lr=1.139e-04 grad_norm=2.210 samples/s=76.52
[step 2960/5000] loss=1.4394 lr=1.130e-04 grad_norm=3.164 samples/s=76.47
[step 2970/5000] loss=0.9523 lr=1.121e-04 grad_norm=1.913 samples/s=76.52
[step 2980/5000] loss=0.9157 lr=1.112e-04 grad_norm=2.646 samples/s=76.47
[step 2990/5000] loss=1.7031 lr=1.103e-04 grad_norm=3.943 samples/s=76.51
[step 3000/5000] loss=0.8573 lr=1.093e-04 grad_norm=2.270 samples/s=76.47
[val step 3000] loss=1.4113091831207276 m01={'mean': 0.40907960988232317, 'median': 0.40886697895715307, 'p95': 0.6780753238781922, 'tail_frac_gt4px': 8.19672131147541e-05, 'n_matched': 12200} m02={'12-16': 0.9117647058823529, '16-32': 0.9536392024981984, '32-64': 0.9453749033754187, '64-128': 0.9418457648546145} m04={'accuracy': 0.9185245901639344, 'by_octave': {'12-16': 0.7628083491461101, '16-32': 0.9397984886649874, '32-64': 0.9667484328154811, '64-128': 0.9134228187919463}} diag={'gate3_alpha_mean': 0.25990989804267883, 'gate3_alpha_min': 0.01493072509765625, 'gate3_alpha_max': 0.978759765625, 'gate3_alpha_std': 0.15025140345096588, 'gate3_alpha_p10': 0.08636474609375, 'gate3_alpha_p50': 0.2364501953125, 'gate3_alpha_p90': 0.4630126953125, 'block0_attn_entropy': 7.052760601043701, 'block1_attn_entropy': 7.286020755767822}
[step 3010/5000] loss=1.2171 lr=1.084e-04 grad_norm=2.921 samples/s=76.63
[step 3020/5000] loss=1.0207 lr=1.075e-04 grad_norm=1.871 samples/s=76.78
[step 3030/5000] loss=1.5454 lr=1.066e-04 grad_norm=2.674 samples/s=76.79
[step 3040/5000] loss=0.8640 lr=1.057e-04 grad_norm=2.265 samples/s=76.76
[step 3050/5000] loss=1.0591 lr=1.048e-04 grad_norm=1.958 samples/s=76.72
[step 3060/5000] loss=1.3990 lr=1.039e-04 grad_norm=3.448 samples/s=76.72
[step 3070/5000] loss=1.1185 lr=1.030e-04 grad_norm=2.584 samples/s=76.71
[step 3080/5000] loss=1.3821 lr=1.021e-04 grad_norm=3.901 samples/s=76.73
[step 3090/5000] loss=1.1645 lr=1.012e-04 grad_norm=2.559 samples/s=76.68
[step 3100/5000] loss=0.6634 lr=1.003e-04 grad_norm=2.679 samples/s=76.74
[step 3110/5000] loss=1.3069 lr=9.941e-05 grad_norm=2.189 samples/s=76.67
[step 3120/5000] loss=1.2841 lr=9.852e-05 grad_norm=2.400 samples/s=76.69
[step 3130/5000] loss=1.5957 lr=9.763e-05 grad_norm=4.112 samples/s=76.66
[step 3140/5000] loss=1.5660 lr=9.674e-05 grad_norm=2.514 samples/s=76.66
[step 3150/5000] loss=0.8816 lr=9.586e-05 grad_norm=2.034 samples/s=76.61
[step 3160/5000] loss=1.2573 lr=9.498e-05 grad_norm=2.163 samples/s=76.65
[step 3170/5000] loss=1.1073 lr=9.410e-05 grad_norm=4.093 samples/s=76.62
[step 3180/5000] loss=1.5907 lr=9.322e-05 grad_norm=2.648 samples/s=76.65
[step 3190/5000] loss=1.0700 lr=9.235e-05 grad_norm=3.038 samples/s=76.62
[step 3200/5000] loss=1.0720 lr=9.148e-05 grad_norm=3.102 samples/s=76.66
[step 3210/5000] loss=1.2104 lr=9.061e-05 grad_norm=2.075 samples/s=76.65
[step 3220/5000] loss=1.1633 lr=8.974e-05 grad_norm=3.395 samples/s=76.65
[step 3230/5000] loss=1.1877 lr=8.888e-05 grad_norm=1.666 samples/s=76.66
[step 3240/5000] loss=2.3290 lr=8.801e-05 grad_norm=5.057 samples/s=76.65
[step 3250/5000] loss=1.8076 lr=8.715e-05 grad_norm=2.579 samples/s=76.62
[val step 3250] loss=1.4040879802703858 m01={'mean': 0.4095746245424217, 'median': 0.4089598097228616, 'p95': 0.6787327638826587, 'tail_frac_gt4px': 8.194034742707309e-05, 'n_matched': 12204} m02={'12-16': 0.9123414071510957, '16-32': 0.9536392024981984, '32-64': 0.9453749033754187, '64-128': 0.9427939317319848} m04={'accuracy': 0.9208456243854474, 'by_octave': {'12-16': 0.7673830594184576, '16-32': 0.9418136020151133, '32-64': 0.9681112019623875, '64-128': 0.9161917532685216}} diag={'gate3_alpha_mean': 0.26000040769577026, 'gate3_alpha_min': 0.0149993896484375, 'gate3_alpha_max': 0.97802734375, 'gate3_alpha_std': 0.1502051204442978, 'gate3_alpha_p10': 0.08656273037195206, 'gate3_alpha_p50': 0.23626708984375, 'gate3_alpha_p90': 0.46337890625, 'block0_attn_entropy': 7.04833984375, 'block1_attn_entropy': 7.32059907913208}
[step 3260/5000] loss=0.9918 lr=8.630e-05 grad_norm=2.535 samples/s=76.76
[step 3270/5000] loss=1.0278 lr=8.544e-05 grad_norm=1.871 samples/s=76.90
[step 3280/5000] loss=1.9098 lr=8.459e-05 grad_norm=3.437 samples/s=76.89
[step 3290/5000] loss=1.4512 lr=8.374e-05 grad_norm=3.156 samples/s=76.82
[step 3300/5000] loss=1.1933 lr=8.290e-05 grad_norm=1.585 samples/s=76.79
[step 3310/5000] loss=0.8166 lr=8.205e-05 grad_norm=4.039 samples/s=76.80
[step 3320/5000] loss=1.1407 lr=8.121e-05 grad_norm=1.597 samples/s=76.82
[step 3330/5000] loss=1.7256 lr=8.038e-05 grad_norm=4.372 samples/s=76.78
[step 3340/5000] loss=1.1221 lr=7.954e-05 grad_norm=2.295 samples/s=76.78
[step 3350/5000] loss=1.7171 lr=7.871e-05 grad_norm=5.174 samples/s=76.73
[step 3360/5000] loss=1.5363 lr=7.788e-05 grad_norm=2.344 samples/s=76.76
[step 3370/5000] loss=1.0959 lr=7.706e-05 grad_norm=2.749 samples/s=76.73
[step 3380/5000] loss=1.6246 lr=7.624e-05 grad_norm=4.902 samples/s=76.74
[step 3390/5000] loss=1.0042 lr=7.542e-05 grad_norm=2.647 samples/s=76.69
[step 3400/5000] loss=2.1981 lr=7.460e-05 grad_norm=2.802 samples/s=76.71
[step 3410/5000] loss=0.8531 lr=7.379e-05 grad_norm=2.570 samples/s=76.66
[step 3420/5000] loss=1.3749 lr=7.298e-05 grad_norm=5.120 samples/s=76.67
[step 3430/5000] loss=1.1230 lr=7.217e-05 grad_norm=2.047 samples/s=76.61
[step 3440/5000] loss=1.0688 lr=7.137e-05 grad_norm=2.141 samples/s=76.63
[step 3450/5000] loss=0.9989 lr=7.057e-05 grad_norm=2.436 samples/s=76.56
[step 3460/5000] loss=1.0373 lr=6.977e-05 grad_norm=3.772 samples/s=76.60
[step 3470/5000] loss=2.1872 lr=6.898e-05 grad_norm=2.169 samples/s=76.59
[step 3480/5000] loss=0.9147 lr=6.819e-05 grad_norm=2.969 samples/s=76.62
[step 3490/5000] loss=0.9486 lr=6.740e-05 grad_norm=2.404 samples/s=76.60
[step 3500/5000] loss=1.6310 lr=6.662e-05 grad_norm=2.327 samples/s=76.62
[val step 3500] loss=1.3996402502059937 m01={'mean': 0.4095582989570979, 'median': 0.4090894759188529, 'p95': 0.6789492936759566, 'tail_frac_gt4px': 8.194706219782021e-05, 'n_matched': 12203} m02={'12-16': 0.9129181084198386, '16-32': 0.9533989911121787, '32-64': 0.9451172378253028, '64-128': 0.9427939317319848} m04={'accuracy': 0.9237892321560272, 'by_octave': {'12-16': 0.7757422615287429, '16-32': 0.9425547996976569, '32-64': 0.9702835332606325, '64-128': 0.9202145491116326}} diag={'gate3_alpha_mean': 0.26009348034858704, 'gate3_alpha_min': 0.0149993896484375, 'gate3_alpha_max': 0.978759765625, 'gate3_alpha_std': 0.15093070268630981, 'gate3_alpha_p10': 0.086151123046875, 'gate3_alpha_p50': 0.23614501953125, 'gate3_alpha_p90': 0.4638671875, 'block0_attn_entropy': 7.050864219665527, 'block1_attn_entropy': 7.306347846984863}
[step 3510/5000] loss=0.9917 lr=6.584e-05 grad_norm=2.150 samples/s=76.74
[step 3520/5000] loss=0.5896 lr=6.506e-05 grad_norm=1.318 samples/s=76.88
[step 3530/5000] loss=1.4552 lr=6.429e-05 grad_norm=1.780 samples/s=76.88
[step 3540/5000] loss=1.0820 lr=6.352e-05 grad_norm=1.580 samples/s=76.80
[step 3550/5000] loss=1.1283 lr=6.276e-05 grad_norm=2.548 samples/s=76.82
[step 3560/5000] loss=2.4141 lr=6.200e-05 grad_norm=3.044 samples/s=76.77
[step 3570/5000] loss=0.8031 lr=6.124e-05 grad_norm=3.430 samples/s=76.72
[step 3580/5000] loss=0.9058 lr=6.048e-05 grad_norm=1.738 samples/s=76.73
[step 3590/5000] loss=1.0013 lr=5.973e-05 grad_norm=3.161 samples/s=76.71
[step 3600/5000] loss=1.0910 lr=5.899e-05 grad_norm=3.579 samples/s=76.70
[step 3610/5000] loss=1.7474 lr=5.824e-05 grad_norm=2.984 samples/s=76.67
[step 3620/5000] loss=0.8529 lr=5.750e-05 grad_norm=1.797 samples/s=76.70
[step 3630/5000] loss=1.0751 lr=5.677e-05 grad_norm=1.913 samples/s=76.70
[step 3640/5000] loss=0.9620 lr=5.604e-05 grad_norm=2.317 samples/s=76.72
[step 3650/5000] loss=1.3337 lr=5.531e-05 grad_norm=3.570 samples/s=76.70
[step 3660/5000] loss=1.7777 lr=5.459e-05 grad_norm=4.720 samples/s=76.74
[step 3670/5000] loss=0.8826 lr=5.387e-05 grad_norm=4.740 samples/s=76.73
[step 3680/5000] loss=1.4363 lr=5.315e-05 grad_norm=4.975 samples/s=76.77
[step 3690/5000] loss=0.9533 lr=5.244e-05 grad_norm=2.633 samples/s=76.72
[step 3700/5000] loss=1.2622 lr=5.173e-05 grad_norm=3.535 samples/s=76.75
[step 3710/5000] loss=1.2080 lr=5.103e-05 grad_norm=1.844 samples/s=76.72
[step 3720/5000] loss=1.1350 lr=5.033e-05 grad_norm=2.624 samples/s=76.73
[step 3730/5000] loss=1.4496 lr=4.964e-05 grad_norm=2.149 samples/s=76.68
[step 3740/5000] loss=1.1574 lr=4.895e-05 grad_norm=2.271 samples/s=76.71
[step 3750/5000] loss=1.1492 lr=4.826e-05 grad_norm=2.175 samples/s=76.64
[val step 3750] loss=1.3975921921730041 m01={'mean': 0.4094341295853078, 'median': 0.40910609570700807, 'p95': 0.6791664061384584, 'tail_frac_gt4px': 8.194706219782021e-05, 'n_matched': 12203} m02={'12-16': 0.9134948096885813, '16-32': 0.953158779726159, '32-64': 0.9451172378253028, '64-128': 0.9427939317319848} m04={'accuracy': 0.923461443907236, 'by_octave': {'12-16': 0.7796717171717171, '16-32': 0.9425403225806451, '32-64': 0.9691930207197382, '64-128': 0.9182031511900771}} diag={'gate3_alpha_mean': 0.2604430317878723, 'gate3_alpha_min': 0.01493072509765625, 'gate3_alpha_max': 0.98046875, 'gate3_alpha_std': 0.15138229727745056, 'gate3_alpha_p10': 0.085968017578125, 'gate3_alpha_p50': 0.2366943359375, 'gate3_alpha_p90': 0.4647216796875, 'block0_attn_entropy': 7.053012847900391, 'block1_attn_entropy': 7.301530361175537}
[step 3760/5000] loss=0.7825 lr=4.758e-05 grad_norm=1.922 samples/s=76.76
[step 3770/5000] loss=0.7860 lr=4.690e-05 grad_norm=1.860 samples/s=76.90
[step 3780/5000] loss=2.3956 lr=4.623e-05 grad_norm=3.185 samples/s=76.84
[step 3790/5000] loss=0.8945 lr=4.556e-05 grad_norm=1.720 samples/s=76.84
[step 3800/5000] loss=1.6634 lr=4.489e-05 grad_norm=3.436 samples/s=76.79
[step 3810/5000] loss=1.6722 lr=4.423e-05 grad_norm=3.768 samples/s=76.80
[step 3820/5000] loss=1.5004 lr=4.357e-05 grad_norm=3.417 samples/s=76.78
[step 3830/5000] loss=1.5820 lr=4.292e-05 grad_norm=2.588 samples/s=76.74
[step 3840/5000] loss=1.0960 lr=4.228e-05 grad_norm=2.763 samples/s=76.74
[step 3850/5000] loss=0.9986 lr=4.163e-05 grad_norm=2.171 samples/s=76.69
[step 3860/5000] loss=1.1962 lr=4.099e-05 grad_norm=2.703 samples/s=76.74
[step 3870/5000] loss=2.2941 lr=4.036e-05 grad_norm=5.476 samples/s=76.74
[step 3880/5000] loss=0.9551 lr=3.973e-05 grad_norm=4.816 samples/s=76.73
[step 3890/5000] loss=0.8081 lr=3.911e-05 grad_norm=3.258 samples/s=76.70
[step 3900/5000] loss=0.7599 lr=3.849e-05 grad_norm=1.668 samples/s=76.69
[step 3910/5000] loss=1.0206 lr=3.787e-05 grad_norm=3.442 samples/s=76.70
[step 3920/5000] loss=1.8956 lr=3.726e-05 grad_norm=3.133 samples/s=76.64
[step 3930/5000] loss=1.1300 lr=3.666e-05 grad_norm=2.198 samples/s=76.66
[step 3940/5000] loss=1.7566 lr=3.605e-05 grad_norm=2.676 samples/s=76.62
[step 3950/5000] loss=0.8918 lr=3.546e-05 grad_norm=3.033 samples/s=76.66
[step 3960/5000] loss=1.4101 lr=3.487e-05 grad_norm=2.309 samples/s=76.61
[step 3970/5000] loss=1.2993 lr=3.428e-05 grad_norm=2.972 samples/s=76.62
[step 3980/5000] loss=1.2178 lr=3.370e-05 grad_norm=2.891 samples/s=76.59
[step 3990/5000] loss=0.9450 lr=3.312e-05 grad_norm=2.915 samples/s=76.64
[step 4000/5000] loss=1.2643 lr=3.255e-05 grad_norm=2.937 samples/s=76.56
[val step 4000] loss=1.3925041422843933 m01={'mean': 0.409263746696437, 'median': 0.4090818795306892, 'p95': 0.6787327638826587, 'tail_frac_gt4px': 8.194034742707309e-05, 'n_matched': 12204} m02={'12-16': 0.9123414071510957, '16-32': 0.9533989911121787, '32-64': 0.9451172378253028, '64-128': 0.9434260429835651} m04={'accuracy': 0.9241232382825303, 'by_octave': {'12-16': 0.781921618204804, '16-32': 0.9415469891660367, '32-64': 0.9694656488549618, '64-128': 0.9206030150753769}} diag={'gate3_alpha_mean': 0.2587156295776367, 'gate3_alpha_min': 0.01493072509765625, 'gate3_alpha_max': 0.9794921875, 'gate3_alpha_std': 0.15128172934055328, 'gate3_alpha_p10': 0.0847625732421875, 'gate3_alpha_p50': 0.234375, 'gate3_alpha_p90': 0.4632568359375, 'block0_attn_entropy': 7.051971912384033, 'block1_attn_entropy': 7.306459903717041}
[step 4010/5000] loss=1.3690 lr=3.198e-05 grad_norm=2.520 samples/s=76.68
[step 4020/5000] loss=1.1027 lr=3.142e-05 grad_norm=2.104 samples/s=76.80
[step 4030/5000] loss=1.2757 lr=3.086e-05 grad_norm=3.795 samples/s=76.77
[step 4040/5000] loss=1.2071 lr=3.031e-05 grad_norm=5.815 samples/s=76.78
[step 4050/5000] loss=1.2543 lr=2.976e-05 grad_norm=3.050 samples/s=76.74
[step 4060/5000] loss=1.4106 lr=2.922e-05 grad_norm=3.732 samples/s=76.73
[step 4070/5000] loss=1.2444 lr=2.868e-05 grad_norm=1.477 samples/s=76.64
[step 4080/5000] loss=0.9764 lr=2.815e-05 grad_norm=1.731 samples/s=76.64
[step 4090/5000] loss=1.4228 lr=2.762e-05 grad_norm=1.747 samples/s=76.60
[step 4100/5000] loss=2.0101 lr=2.710e-05 grad_norm=2.139 samples/s=76.62
[step 4110/5000] loss=1.7208 lr=2.658e-05 grad_norm=2.631 samples/s=76.59
[step 4120/5000] loss=1.3555 lr=2.607e-05 grad_norm=2.321 samples/s=76.61
[step 4130/5000] loss=1.6375 lr=2.556e-05 grad_norm=2.458 samples/s=76.58
[step 4140/5000] loss=1.1305 lr=2.506e-05 grad_norm=2.804 samples/s=76.60
[step 4150/5000] loss=1.2744 lr=2.456e-05 grad_norm=3.902 samples/s=76.56
[step 4160/5000] loss=1.2935 lr=2.407e-05 grad_norm=2.236 samples/s=76.59
[step 4170/5000] loss=1.0371 lr=2.358e-05 grad_norm=2.130 samples/s=76.52
[step 4180/5000] loss=1.3945 lr=2.310e-05 grad_norm=3.009 samples/s=76.54
[step 4190/5000] loss=0.8474 lr=2.263e-05 grad_norm=2.150 samples/s=76.55
[step 4200/5000] loss=1.0753 lr=2.216e-05 grad_norm=2.499 samples/s=76.58
[step 4210/5000] loss=1.1216 lr=2.169e-05 grad_norm=2.600 samples/s=76.56
[step 4220/5000] loss=1.8037 lr=2.123e-05 grad_norm=2.695 samples/s=76.57
[step 4230/5000] loss=1.3055 lr=2.078e-05 grad_norm=2.810 samples/s=76.54
[step 4240/5000] loss=1.8952 lr=2.033e-05 grad_norm=3.714 samples/s=76.57
[step 4250/5000] loss=1.3974 lr=1.988e-05 grad_norm=3.135 samples/s=76.54
[val step 4250] loss=1.3921199736595153 m01={'mean': 0.40948271401565767, 'median': 0.4090894759188529, 'p95': 0.6782898406884218, 'tail_frac_gt4px': 8.194706219782021e-05, 'n_matched': 12203} m02={'12-16': 0.9129181084198386, '16-32': 0.9533989911121787, '32-64': 0.9453749033754187, '64-128': 0.9424778761061947} m04={'accuracy': 0.9239531262804228, 'by_octave': {'12-16': 0.7776373973468098, '16-32': 0.9423028470647519, '32-64': 0.9694739711092941, '64-128': 0.9211938296445339}} diag={'gate3_alpha_mean': 0.25863879919052124, 'gate3_alpha_min': 0.01493072509765625, 'gate3_alpha_max': 0.9794921875, 'gate3_alpha_std': 0.15124720335006714, 'gate3_alpha_p10': 0.084716796875, 'gate3_alpha_p50': 0.23427963256835938, 'gate3_alpha_p90': 0.4632568359375, 'block0_attn_entropy': 7.050965309143066, 'block1_attn_entropy': 7.3182148933410645}
[step 4260/5000] loss=1.4174 lr=1.945e-05 grad_norm=1.865 samples/s=76.65
[step 4270/5000] loss=0.9871 lr=1.901e-05 grad_norm=2.981 samples/s=76.76
[step 4280/5000] loss=1.9270 lr=1.859e-05 grad_norm=2.752 samples/s=76.76
[step 4290/5000] loss=1.3108 lr=1.816e-05 grad_norm=2.733 samples/s=76.77
[step 4300/5000] loss=1.4936 lr=1.775e-05 grad_norm=2.567 samples/s=76.75
[step 4310/5000] loss=1.3956 lr=1.734e-05 grad_norm=2.275 samples/s=76.73
[step 4320/5000] loss=1.4812 lr=1.693e-05 grad_norm=2.417 samples/s=76.71
[step 4330/5000] loss=1.5138 lr=1.653e-05 grad_norm=4.502 samples/s=76.67
[step 4340/5000] loss=1.0434 lr=1.614e-05 grad_norm=2.311 samples/s=76.68
[step 4350/5000] loss=1.2844 lr=1.575e-05 grad_norm=2.854 samples/s=76.60
[step 4360/5000] loss=0.7637 lr=1.537e-05 grad_norm=1.927 samples/s=76.58
[step 4370/5000] loss=1.2399 lr=1.499e-05 grad_norm=1.967 samples/s=76.52
[step 4380/5000] loss=0.9990 lr=1.462e-05 grad_norm=7.298 samples/s=76.52
[step 4390/5000] loss=1.1451 lr=1.425e-05 grad_norm=3.179 samples/s=76.51
[step 4400/5000] loss=1.1425 lr=1.389e-05 grad_norm=2.237 samples/s=76.53
[step 4410/5000] loss=1.2970 lr=1.353e-05 grad_norm=4.377 samples/s=76.49
[step 4420/5000] loss=0.8749 lr=1.318e-05 grad_norm=2.422 samples/s=76.51
[step 4430/5000] loss=1.2469 lr=1.284e-05 grad_norm=2.475 samples/s=76.48
[step 4440/5000] loss=0.5565 lr=1.250e-05 grad_norm=1.804 samples/s=76.52
[step 4450/5000] loss=1.0247 lr=1.217e-05 grad_norm=1.571 samples/s=76.50
[step 4460/5000] loss=1.3616 lr=1.184e-05 grad_norm=2.628 samples/s=76.51
[step 4470/5000] loss=2.0501 lr=1.152e-05 grad_norm=3.393 samples/s=76.48
[step 4480/5000] loss=0.8750 lr=1.121e-05 grad_norm=2.429 samples/s=76.51
[step 4490/5000] loss=2.0857 lr=1.090e-05 grad_norm=5.868 samples/s=76.47
[step 4500/5000] loss=0.9499 lr=1.060e-05 grad_norm=3.739 samples/s=76.50
[val step 4500] loss=1.3909414448738098 m01={'mean': 0.40972389173152013, 'median': 0.40910680225672524, 'p95': 0.6790653140250519, 'tail_frac_gt4px': 8.19336337566571e-05, 'n_matched': 12205} m02={'12-16': 0.9140715109573241, '16-32': 0.9529185683401393, '32-64': 0.9456325689255347, '64-128': 0.9427939317319848} m04={'accuracy': 0.9242113887750921, 'by_octave': {'12-16': 0.7779179810725552, '16-32': 0.9425258381648601, '32-64': 0.9692098092643052, '64-128': 0.922225947033188}} diag={'gate3_alpha_mean': 0.2586044669151306, 'gate3_alpha_min': 0.01493072509765625, 'gate3_alpha_max': 0.982421875, 'gate3_alpha_std': 0.15130627155303955, 'gate3_alpha_p10': 0.08461761474609375, 'gate3_alpha_p50': 0.23431396484375, 'gate3_alpha_p90': 0.463134765625, 'block0_attn_entropy': 7.05059814453125, 'block1_attn_entropy': 7.3206095695495605}
[step 4510/5000] loss=1.4227 lr=1.030e-05 grad_norm=2.294 samples/s=76.60
[step 4520/5000] loss=0.9416 lr=1.001e-05 grad_norm=1.407 samples/s=76.70
[step 4530/5000] loss=0.9424 lr=9.720e-06 grad_norm=2.047 samples/s=76.68
[step 4540/5000] loss=1.5365 lr=9.439e-06 grad_norm=2.579 samples/s=76.70
[step 4550/5000] loss=2.0729 lr=9.165e-06 grad_norm=3.665 samples/s=76.65
[step 4560/5000] loss=0.7199 lr=8.896e-06 grad_norm=3.182 samples/s=76.67
[step 4570/5000] loss=1.0920 lr=8.634e-06 grad_norm=5.066 samples/s=76.65
[step 4580/5000] loss=1.6608 lr=8.377e-06 grad_norm=5.085 samples/s=76.68
[step 4590/5000] loss=1.2054 lr=8.126e-06 grad_norm=2.705 samples/s=76.62
[step 4600/5000] loss=2.3339 lr=7.881e-06 grad_norm=3.188 samples/s=76.64
[step 4610/5000] loss=1.4315 lr=7.642e-06 grad_norm=3.958 samples/s=76.61
[step 4620/5000] loss=1.5474 lr=7.409e-06 grad_norm=2.353 samples/s=76.63
[step 4630/5000] loss=1.2761 lr=7.181e-06 grad_norm=2.705 samples/s=76.59
[step 4640/5000] loss=1.3710 lr=6.960e-06 grad_norm=2.779 samples/s=76.60
[step 4650/5000] loss=0.9095 lr=6.744e-06 grad_norm=1.947 samples/s=76.58
[step 4660/5000] loss=0.7572 lr=6.535e-06 grad_norm=2.312 samples/s=76.59
[step 4670/5000] loss=1.8905 lr=6.331e-06 grad_norm=5.614 samples/s=76.54
[step 4680/5000] loss=0.8138 lr=6.134e-06 grad_norm=1.931 samples/s=76.57
[step 4690/5000] loss=1.3021 lr=5.942e-06 grad_norm=2.560 samples/s=76.54
[step 4700/5000] loss=0.6301 lr=5.757e-06 grad_norm=2.438 samples/s=76.55
[step 4710/5000] loss=1.1040 lr=5.577e-06 grad_norm=2.656 samples/s=76.53
[step 4720/5000] loss=1.5641 lr=5.403e-06 grad_norm=3.254 samples/s=76.55
[step 4730/5000] loss=1.0749 lr=5.236e-06 grad_norm=2.042 samples/s=76.53
[step 4740/5000] loss=1.1245 lr=5.074e-06 grad_norm=2.315 samples/s=76.53
[step 4750/5000] loss=1.7881 lr=4.919e-06 grad_norm=1.966 samples/s=76.51
[val step 4750] loss=1.3906048979759216 m01={'mean': 0.4095861224174108, 'median': 0.4091446859256872, 'p95': 0.6791578428163544, 'tail_frac_gt4px': 8.19336337566571e-05, 'n_matched': 12205} m02={'12-16': 0.9129181084198386, '16-32': 0.953158779726159, '32-64': 0.9456325689255347, '64-128': 0.943109987357775} m04={'accuracy': 0.9249487914789021, 'by_octave': {'12-16': 0.7795325331648768, '16-32': 0.9425403225806451, '32-64': 0.9686648501362398, '64-128': 0.9249329758713136}} diag={'gate3_alpha_mean': 0.2582000195980072, 'gate3_alpha_min': 0.01493072509765625, 'gate3_alpha_max': 0.982421875, 'gate3_alpha_std': 0.1512216180562973, 'gate3_alpha_p10': 0.0844268798828125, 'gate3_alpha_p50': 0.23382568359375, 'gate3_alpha_p90': 0.46271324157714844, 'block0_attn_entropy': 7.050818920135498, 'block1_attn_entropy': 7.321829795837402}
[step 4760/5000] loss=1.2538 lr=4.769e-06 grad_norm=3.222 samples/s=76.60
[step 4770/5000] loss=0.9001 lr=4.626e-06 grad_norm=2.503 samples/s=76.70
[step 4780/5000] loss=1.6936 lr=4.488e-06 grad_norm=2.917 samples/s=76.70
[step 4790/5000] loss=1.5943 lr=4.357e-06 grad_norm=4.008 samples/s=76.68
[step 4800/5000] loss=0.9966 lr=4.231e-06 grad_norm=2.233 samples/s=76.68
[step 4810/5000] loss=1.2130 lr=4.112e-06 grad_norm=4.015 samples/s=76.66
[step 4820/5000] loss=1.5433 lr=3.999e-06 grad_norm=2.656 samples/s=76.65
[step 4830/5000] loss=1.3581 lr=3.892e-06 grad_norm=3.050 samples/s=76.64
[step 4840/5000] loss=1.1989 lr=3.790e-06 grad_norm=3.357 samples/s=76.65
[step 4850/5000] loss=0.8250 lr=3.695e-06 grad_norm=2.788 samples/s=76.62
[step 4860/5000] loss=1.1548 lr=3.606e-06 grad_norm=2.839 samples/s=76.62
[step 4870/5000] loss=0.7969 lr=3.523e-06 grad_norm=2.255 samples/s=76.57
[step 4880/5000] loss=1.0787 lr=3.447e-06 grad_norm=3.692 samples/s=76.58
[step 4890/5000] loss=2.0518 lr=3.376e-06 grad_norm=3.481 samples/s=76.55
[step 4900/5000] loss=1.2275 lr=3.311e-06 grad_norm=2.952 samples/s=76.57
[step 4910/5000] loss=1.0915 lr=3.253e-06 grad_norm=2.230 samples/s=76.54
[step 4920/5000] loss=0.9234 lr=3.200e-06 grad_norm=2.340 samples/s=76.58
[step 4930/5000] loss=1.4981 lr=3.154e-06 grad_norm=2.647 samples/s=76.54
[step 4940/5000] loss=1.4276 lr=3.114e-06 grad_norm=2.797 samples/s=76.54
[step 4950/5000] loss=1.1697 lr=3.079e-06 grad_norm=2.710 samples/s=76.52
[step 4960/5000] loss=0.6562 lr=3.051e-06 grad_norm=2.099 samples/s=76.53
[step 4970/5000] loss=1.1905 lr=3.029e-06 grad_norm=3.499 samples/s=76.48
[step 4980/5000] loss=1.4089 lr=3.013e-06 grad_norm=2.776 samples/s=76.50
[step 4990/5000] loss=0.9249 lr=3.004e-06 grad_norm=2.428 samples/s=76.49
[step 5000/5000] loss=1.6403 lr=3.000e-06 grad_norm=4.244 samples/s=76.50
[val step 5000] loss=1.3897144680023192 m01={'mean': 0.40921271824215943, 'median': 0.4090742831425255, 'p95': 0.6780701103913875, 'tail_frac_gt4px': 8.196049504139005e-05, 'n_matched': 12201} m02={'12-16': 0.9129181084198386, '16-32': 0.9529185683401393, '32-64': 0.9453749033754187, '64-128': 0.9424778761061947} m04={'accuracy': 0.9248422260470454, 'by_octave': {'12-16': 0.7789008212255212, '16-32': 0.9427779178220318, '32-64': 0.9683837557917688, '64-128': 0.9248826291079812}} diag={'gate3_alpha_mean': 0.25816264748573303, 'gate3_alpha_min': 0.014673233032226562, 'gate3_alpha_max': 0.982666015625, 'gate3_alpha_std': 0.15122510492801666, 'gate3_alpha_p10': 0.08442611992359161, 'gate3_alpha_p50': 0.2337646484375, 'gate3_alpha_p90': 0.462646484375, 'block0_attn_entropy': 7.050731182098389, 'block1_attn_entropy': 7.321590423583984}
[FULL val step 5000] loss=1.2756761962413787 m01={'mean': 0.40646864267002397, 'median': 0.4062636506853348, 'p95': 0.6747816540210047, 'tail_frac_gt4px': 7.267031094818607e-05, 'n_matched': 123847} m02={'12-16': 0.9184776489134107, '16-32': 0.9384017626572532, '32-64': 0.9539371778268708, '64-128': 0.956547769095034} m04={'accuracy': 0.9345563477516613, 'by_octave': {'12-16': 0.824874341056761, '16-32': 0.9471332272968265, '32-64': 0.9702398381558283, '64-128': 0.9329314490891721}}
[train_detector] wrote checkpoint runs/ft15_head_bneck_lr0p3_hm_lr0p1/ckpt_0005000.pt
[train_detector] done: step=5000 train_elapsed=2091.6s val_elapsed=492.0s samples/s=76.50
