[train_detector] finetune from runs/rel_w882_c2_100k_rev6/ckpt_0100000.pt (step 100000): 437,105 of 882,402 params trainable, lr_mult={'cls.*': 1.0, 'blocks.*': 0.01, 'norm.*': 0.01, 'hm.*': 0.1}, reinit=[]
[train_detector] stream_seed=2100000 resume_count=0 start_step=0
[step 1/5000] loss=5.9405 lr=0.000e+00 grad_norm=25.954 samples/s=7.56
[step 2/5000] loss=6.1353 lr=3.000e-06 grad_norm=23.750 samples/s=14.57
[step 3/5000] loss=6.5144 lr=6.000e-06 grad_norm=21.138 samples/s=20.82
[step 4/5000] loss=6.2586 lr=9.000e-06 grad_norm=28.065 samples/s=26.47
[step 5/5000] loss=5.7575 lr=1.200e-05 grad_norm=21.211 samples/s=30.85
[step 6/5000] loss=5.1818 lr=1.500e-05 grad_norm=25.451 samples/s=35.51
[step 7/5000] loss=6.6466 lr=1.800e-05 grad_norm=23.355 samples/s=39.75
[step 8/5000] loss=5.8683 lr=2.100e-05 grad_norm=24.330 samples/s=43.71
[step 9/5000] loss=7.2073 lr=2.400e-05 grad_norm=25.965 samples/s=40.16
[step 10/5000] loss=6.4935 lr=2.700e-05 grad_norm=21.439 samples/s=43.48
[step 20/5000] loss=5.7164 lr=5.700e-05 grad_norm=19.804 samples/s=57.15
[step 30/5000] loss=5.1155 lr=8.700e-05 grad_norm=19.451 samples/s=61.13
[step 40/5000] loss=4.7472 lr=1.170e-04 grad_norm=16.908 samples/s=64.65
[step 50/5000] loss=4.3470 lr=1.470e-04 grad_norm=12.693 samples/s=65.04
[step 60/5000] loss=4.6732 lr=1.770e-04 grad_norm=14.876 samples/s=65.95
[step 70/5000] loss=3.7386 lr=2.070e-04 grad_norm=11.460 samples/s=65.45
[step 80/5000] loss=3.0684 lr=2.370e-04 grad_norm=8.827 samples/s=67.56
[step 90/5000] loss=3.3860 lr=2.670e-04 grad_norm=6.770 samples/s=67.89
[step 100/5000] loss=2.5858 lr=2.970e-04 grad_norm=3.065 samples/s=69.24
[step 110/5000] loss=2.2237 lr=3.000e-04 grad_norm=2.267 samples/s=68.30
[step 120/5000] loss=2.3162 lr=3.000e-04 grad_norm=2.108 samples/s=69.71
[step 130/5000] loss=2.1435 lr=3.000e-04 grad_norm=1.607 samples/s=69.65
[step 140/5000] loss=2.6169 lr=3.000e-04 grad_norm=2.044 samples/s=70.61
[step 150/5000] loss=2.2136 lr=2.999e-04 grad_norm=2.003 samples/s=70.26
[step 160/5000] loss=2.3994 lr=2.999e-04 grad_norm=2.230 samples/s=71.17
[step 170/5000] loss=2.4514 lr=2.999e-04 grad_norm=1.383 samples/s=70.20
[step 180/5000] loss=2.2700 lr=2.998e-04 grad_norm=1.281 samples/s=71.21
[step 190/5000] loss=2.1006 lr=2.998e-04 grad_norm=1.597 samples/s=70.71
[step 200/5000] loss=2.9145 lr=2.997e-04 grad_norm=1.536 samples/s=71.63
[step 210/5000] loss=2.6782 lr=2.996e-04 grad_norm=1.470 samples/s=71.71
[step 220/5000] loss=1.9646 lr=2.996e-04 grad_norm=1.413 samples/s=70.63
[step 230/5000] loss=2.5061 lr=2.995e-04 grad_norm=1.981 samples/s=70.99
[step 240/5000] loss=1.8182 lr=2.994e-04 grad_norm=1.274 samples/s=71.29
[step 250/5000] loss=2.1610 lr=2.993e-04 grad_norm=1.862 samples/s=71.89
[val step 250] loss=2.4733153610229492 m01={'mean': 0.4081239231789278, 'median': 0.4081299124150894, 'p95': 0.6768018132771174, 'tail_frac_gt4px': 0.0, 'n_matched': 12201} m02={'12-16': 0.9158016147635525, '16-32': 0.9533989911121787, '32-64': 0.9443442411749549, '64-128': 0.9415297092288243} m04={'accuracy': 0.2197360872059667, 'by_octave': {'12-16': 0.18513853904282115, '16-32': 0.2476694381456286, '32-64': 0.23219645293315144, '64-128': 0.1856327626720376}} diag={'gate3_alpha_mean': 0.2810540199279785, 'gate3_alpha_min': 0.01668548583984375, 'gate3_alpha_max': 0.983642578125, 'gate3_alpha_std': 0.15323638916015625, 'gate3_alpha_p10': 0.1002197265625, 'gate3_alpha_p50': 0.2608642578125, 'gate3_alpha_p90': 0.48681640625, 'block0_attn_entropy': 7.189144134521484, 'block1_attn_entropy': 7.480353355407715}
[step 260/5000] loss=2.4057 lr=2.992e-04 grad_norm=1.792 samples/s=73.94
[step 270/5000] loss=2.4032 lr=2.991e-04 grad_norm=2.045 samples/s=75.56
[step 280/5000] loss=2.6454 lr=2.990e-04 grad_norm=1.613 samples/s=75.82
[step 290/5000] loss=1.9766 lr=2.989e-04 grad_norm=1.648 samples/s=75.52
[step 300/5000] loss=2.4093 lr=2.988e-04 grad_norm=1.746 samples/s=75.52
[step 310/5000] loss=2.2191 lr=2.987e-04 grad_norm=1.484 samples/s=74.83
[step 320/5000] loss=1.7958 lr=2.985e-04 grad_norm=1.428 samples/s=74.77
[step 330/5000] loss=2.4436 lr=2.984e-04 grad_norm=2.183 samples/s=74.40
[step 340/5000] loss=2.1589 lr=2.983e-04 grad_norm=1.602 samples/s=74.82
[step 350/5000] loss=2.4169 lr=2.981e-04 grad_norm=1.686 samples/s=74.42
[step 360/5000] loss=1.7197 lr=2.980e-04 grad_norm=1.242 samples/s=74.74
[step 370/5000] loss=1.8542 lr=2.978e-04 grad_norm=1.219 samples/s=74.38
[step 380/5000] loss=1.9852 lr=2.976e-04 grad_norm=1.188 samples/s=74.71
[step 390/5000] loss=2.1314 lr=2.975e-04 grad_norm=1.574 samples/s=74.23
[step 400/5000] loss=1.8130 lr=2.973e-04 grad_norm=1.430 samples/s=74.55
[step 410/5000] loss=2.3046 lr=2.971e-04 grad_norm=1.735 samples/s=74.51
[step 420/5000] loss=1.9179 lr=2.969e-04 grad_norm=1.581 samples/s=74.63
[step 430/5000] loss=2.0330 lr=2.967e-04 grad_norm=1.664 samples/s=74.61
[step 440/5000] loss=2.6880 lr=2.965e-04 grad_norm=2.065 samples/s=74.34
[step 450/5000] loss=2.5054 lr=2.963e-04 grad_norm=1.966 samples/s=74.46
[step 460/5000] loss=2.2372 lr=2.961e-04 grad_norm=1.623 samples/s=74.46
[step 470/5000] loss=2.7739 lr=2.959e-04 grad_norm=1.751 samples/s=74.30
[step 480/5000] loss=1.6834 lr=2.956e-04 grad_norm=1.380 samples/s=74.33
[step 490/5000] loss=1.8027 lr=2.954e-04 grad_norm=1.690 samples/s=74.42
[step 500/5000] loss=1.8713 lr=2.952e-04 grad_norm=1.380 samples/s=74.50
[val step 500] loss=2.249277229309082 m01={'mean': 0.40798429744820663, 'median': 0.40819326125584876, 'p95': 0.6766480314563914, 'tail_frac_gt4px': 0.0, 'n_matched': 12204} m02={'12-16': 0.9158016147635525, '16-32': 0.9533989911121787, '32-64': 0.9446019067250708, '64-128': 0.9421618204804045} m04={'accuracy': 0.47648312028843004, 'by_octave': {'12-16': 0.47418136020151136, '16-32': 0.54724111866969, '32-64': 0.49345335515548283, '64-128': 0.362629989936263}} diag={'gate3_alpha_mean': 0.2809312641620636, 'gate3_alpha_min': 0.01677703857421875, 'gate3_alpha_max': 0.983642578125, 'gate3_alpha_std': 0.15355882048606873, 'gate3_alpha_p10': 0.10003510117530823, 'gate3_alpha_p50': 0.26031494140625, 'gate3_alpha_p90': 0.488037109375, 'block0_attn_entropy': 7.190210819244385, 'block1_attn_entropy': 7.470843315124512}
[step 510/5000] loss=2.1269 lr=2.949e-04 grad_norm=1.781 samples/s=75.51
[step 520/5000] loss=1.8742 lr=2.947e-04 grad_norm=1.362 samples/s=76.51
[step 530/5000] loss=1.9946 lr=2.944e-04 grad_norm=1.581 samples/s=76.35
[step 540/5000] loss=2.4437 lr=2.942e-04 grad_norm=1.613 samples/s=76.39
[step 550/5000] loss=2.2964 lr=2.939e-04 grad_norm=1.623 samples/s=76.33
[step 560/5000] loss=1.7654 lr=2.936e-04 grad_norm=1.703 samples/s=75.86
[step 570/5000] loss=1.9198 lr=2.933e-04 grad_norm=1.532 samples/s=76.03
[step 580/5000] loss=1.7909 lr=2.931e-04 grad_norm=1.622 samples/s=76.07
[step 590/5000] loss=1.6558 lr=2.928e-04 grad_norm=1.705 samples/s=76.09
[step 600/5000] loss=1.8784 lr=2.925e-04 grad_norm=1.663 samples/s=76.12
[step 610/5000] loss=2.1391 lr=2.922e-04 grad_norm=1.794 samples/s=76.14
[step 620/5000] loss=2.5310 lr=2.919e-04 grad_norm=1.932 samples/s=75.83
[step 630/5000] loss=1.8230 lr=2.915e-04 grad_norm=1.728 samples/s=75.99
[step 640/5000] loss=2.1475 lr=2.912e-04 grad_norm=2.012 samples/s=76.01
[step 650/5000] loss=2.1584 lr=2.909e-04 grad_norm=1.484 samples/s=76.05
[step 660/5000] loss=2.0134 lr=2.906e-04 grad_norm=3.880 samples/s=75.71
[step 670/5000] loss=3.0848 lr=2.902e-04 grad_norm=6.684 samples/s=76.00
[step 680/5000] loss=2.0568 lr=2.899e-04 grad_norm=1.743 samples/s=75.68
[step 690/5000] loss=2.5156 lr=2.895e-04 grad_norm=2.051 samples/s=75.83
[step 700/5000] loss=1.9248 lr=2.892e-04 grad_norm=1.812 samples/s=75.73
[step 710/5000] loss=2.1189 lr=2.888e-04 grad_norm=2.512 samples/s=75.75
[step 720/5000] loss=2.0471 lr=2.885e-04 grad_norm=1.644 samples/s=75.77
[step 730/5000] loss=1.6013 lr=2.881e-04 grad_norm=1.620 samples/s=75.54
[step 740/5000] loss=1.5542 lr=2.877e-04 grad_norm=1.773 samples/s=75.48
[step 750/5000] loss=2.2719 lr=2.873e-04 grad_norm=1.960 samples/s=75.43
[val step 750] loss=2.175455438613892 m01={'mean': 0.4084009801712861, 'median': 0.4081391867364662, 'p95': 0.6761826573578413, 'tail_frac_gt4px': 8.192692118630181e-05, 'n_matched': 12206} m02={'12-16': 0.9152249134948097, '16-32': 0.9541196252702379, '32-64': 0.944086575624839, '64-128': 0.9427939317319848} m04={'accuracy': 0.5335900376863838, 'by_octave': {'12-16': 0.5431632010081916, '16-32': 0.5934038267875126, '32-64': 0.5570414847161572, '64-128': 0.4200469326181696}} diag={'gate3_alpha_mean': 0.2801195979118347, 'gate3_alpha_min': 0.016994476318359375, 'gate3_alpha_max': 0.984375, 'gate3_alpha_std': 0.15390560030937195, 'gate3_alpha_p10': 0.09930419921875, 'gate3_alpha_p50': 0.2589263916015625, 'gate3_alpha_p90': 0.48816490173339844, 'block0_attn_entropy': 7.1919403076171875, 'block1_attn_entropy': 7.46180534362793}
[step 760/5000] loss=1.9488 lr=2.869e-04 grad_norm=1.621 samples/s=76.10
[step 770/5000] loss=1.8266 lr=2.865e-04 grad_norm=1.652 samples/s=76.78
[step 780/5000] loss=2.0076 lr=2.861e-04 grad_norm=1.572 samples/s=76.69
[step 790/5000] loss=2.6300 lr=2.857e-04 grad_norm=3.857 samples/s=76.68
[step 800/5000] loss=1.9997 lr=2.853e-04 grad_norm=1.970 samples/s=76.54
[step 810/5000] loss=2.8695 lr=2.849e-04 grad_norm=2.090 samples/s=76.42
[step 820/5000] loss=1.7452 lr=2.845e-04 grad_norm=1.644 samples/s=76.53
[step 830/5000] loss=1.7479 lr=2.841e-04 grad_norm=2.295 samples/s=76.30
[step 840/5000] loss=1.5209 lr=2.836e-04 grad_norm=1.533 samples/s=76.42
[step 850/5000] loss=2.4039 lr=2.832e-04 grad_norm=2.052 samples/s=76.19
[step 860/5000] loss=1.9606 lr=2.828e-04 grad_norm=1.813 samples/s=76.31
[step 870/5000] loss=2.3076 lr=2.823e-04 grad_norm=2.103 samples/s=76.14
[step 880/5000] loss=2.2944 lr=2.819e-04 grad_norm=1.945 samples/s=76.08
[step 890/5000] loss=1.7241 lr=2.814e-04 grad_norm=1.864 samples/s=76.01
[step 900/5000] loss=1.7474 lr=2.809e-04 grad_norm=1.671 samples/s=76.09
[step 910/5000] loss=1.7943 lr=2.805e-04 grad_norm=2.374 samples/s=76.00
[step 920/5000] loss=2.2003 lr=2.800e-04 grad_norm=1.993 samples/s=76.00
[step 930/5000] loss=1.9062 lr=2.795e-04 grad_norm=2.116 samples/s=75.89
[step 940/5000] loss=1.7127 lr=2.790e-04 grad_norm=2.156 samples/s=75.93
[step 950/5000] loss=1.3647 lr=2.785e-04 grad_norm=1.684 samples/s=75.85
[step 960/5000] loss=2.8657 lr=2.780e-04 grad_norm=2.433 samples/s=75.99
[step 970/5000] loss=2.2380 lr=2.775e-04 grad_norm=2.631 samples/s=75.84
[step 980/5000] loss=2.1948 lr=2.770e-04 grad_norm=1.665 samples/s=75.86
[step 990/5000] loss=1.6066 lr=2.765e-04 grad_norm=1.768 samples/s=75.86
[step 1000/5000] loss=1.8036 lr=2.760e-04 grad_norm=2.277 samples/s=75.95
[val step 1000] loss=2.1306361713409423 m01={'mean': 0.40852103533780315, 'median': 0.40815492001003423, 'p95': 0.6766347035603848, 'tail_frac_gt4px': 8.192692118630181e-05, 'n_matched': 12206} m02={'12-16': 0.9175317185697809, '16-32': 0.9536392024981984, '32-64': 0.944086575624839, '64-128': 0.9421618204804045} m04={'accuracy': 0.5672620022939538, 'by_octave': {'12-16': 0.556882463859208, '16-32': 0.6173803526448363, '32-64': 0.5960698689956332, '64-128': 0.47064743374706475}} diag={'gate3_alpha_mean': 0.2797892987728119, 'gate3_alpha_min': 0.017086029052734375, 'gate3_alpha_max': 0.984375, 'gate3_alpha_std': 0.15438641607761383, 'gate3_alpha_p10': 0.09884605556726456, 'gate3_alpha_p50': 0.2580413818359375, 'gate3_alpha_p90': 0.48876953125, 'block0_attn_entropy': 7.193655967712402, 'block1_attn_entropy': 7.4574432373046875}
[step 1010/5000] loss=2.2639 lr=2.755e-04 grad_norm=2.183 samples/s=76.50
[step 1020/5000] loss=2.3478 lr=2.750e-04 grad_norm=3.097 samples/s=76.96
[step 1030/5000] loss=2.4971 lr=2.744e-04 grad_norm=2.032 samples/s=76.86
[step 1040/5000] loss=1.9382 lr=2.739e-04 grad_norm=1.749 samples/s=77.00
[step 1050/5000] loss=2.1291 lr=2.734e-04 grad_norm=2.440 samples/s=76.94
[step 1060/5000] loss=1.8602 lr=2.728e-04 grad_norm=1.987 samples/s=76.93
[step 1070/5000] loss=1.8338 lr=2.723e-04 grad_norm=1.871 samples/s=76.94
[step 1080/5000] loss=1.6324 lr=2.717e-04 grad_norm=2.069 samples/s=76.97
[step 1090/5000] loss=1.8190 lr=2.711e-04 grad_norm=2.178 samples/s=76.81
[step 1100/5000] loss=2.0291 lr=2.706e-04 grad_norm=1.847 samples/s=76.80
[step 1110/5000] loss=2.7441 lr=2.700e-04 grad_norm=2.308 samples/s=76.73
[step 1120/5000] loss=1.4688 lr=2.694e-04 grad_norm=2.235 samples/s=76.67
[step 1130/5000] loss=1.7296 lr=2.688e-04 grad_norm=1.994 samples/s=76.62
[step 1140/5000] loss=1.7608 lr=2.683e-04 grad_norm=2.777 samples/s=76.58
[step 1150/5000] loss=1.8274 lr=2.677e-04 grad_norm=1.965 samples/s=76.41
[step 1160/5000] loss=1.4677 lr=2.671e-04 grad_norm=1.929 samples/s=76.49
[step 1170/5000] loss=2.4012 lr=2.665e-04 grad_norm=2.554 samples/s=76.44
[step 1180/5000] loss=1.9948 lr=2.659e-04 grad_norm=2.250 samples/s=76.40
[step 1190/5000] loss=1.6389 lr=2.653e-04 grad_norm=1.859 samples/s=76.43
[step 1200/5000] loss=2.5972 lr=2.646e-04 grad_norm=2.254 samples/s=76.30
[step 1210/5000] loss=1.9556 lr=2.640e-04 grad_norm=1.841 samples/s=76.40
[step 1220/5000] loss=1.6253 lr=2.634e-04 grad_norm=2.330 samples/s=76.30
[step 1230/5000] loss=1.5260 lr=2.628e-04 grad_norm=2.014 samples/s=76.29
[step 1240/5000] loss=2.1525 lr=2.621e-04 grad_norm=3.436 samples/s=76.01
[step 1250/5000] loss=2.1056 lr=2.615e-04 grad_norm=1.719 samples/s=75.97
[val step 1250] loss=2.0952079544067383 m01={'mean': 0.4086856964774481, 'median': 0.40816137896222543, 'p95': 0.6768885952619036, 'tail_frac_gt4px': 8.189337482597658e-05, 'n_matched': 12211} m02={'12-16': 0.9175317185697809, '16-32': 0.9543598366562575, '32-64': 0.9446019067250708, '64-128': 0.9421618204804045} m04={'accuracy': 0.5879125378756859, 'by_octave': {'12-16': 0.5612822124450031, '16-32': 0.6357915932544677, '32-64': 0.6224768139661757, '64-128': 0.4958067762495807}} diag={'gate3_alpha_mean': 0.27850618958473206, 'gate3_alpha_min': 0.01677703857421875, 'gate3_alpha_max': 0.983642578125, 'gate3_alpha_std': 0.15433278679847717, 'gate3_alpha_p10': 0.097991943359375, 'gate3_alpha_p50': 0.25653076171875, 'gate3_alpha_p90': 0.4876708984375, 'block0_attn_entropy': 7.195404052734375, 'block1_attn_entropy': 7.451260089874268}
[step 1260/5000] loss=1.6367 lr=2.609e-04 grad_norm=1.792 samples/s=76.40
[step 1270/5000] loss=1.6348 lr=2.602e-04 grad_norm=1.710 samples/s=76.81
[step 1280/5000] loss=1.7522 lr=2.596e-04 grad_norm=1.932 samples/s=76.70
[step 1290/5000] loss=1.7039 lr=2.589e-04 grad_norm=2.221 samples/s=76.85
[step 1300/5000] loss=1.9900 lr=2.582e-04 grad_norm=2.144 samples/s=76.74
[step 1310/5000] loss=2.3919 lr=2.576e-04 grad_norm=2.634 samples/s=76.79
[step 1320/5000] loss=1.6879 lr=2.569e-04 grad_norm=2.186 samples/s=76.64
[step 1330/5000] loss=1.5966 lr=2.562e-04 grad_norm=2.033 samples/s=76.68
[step 1340/5000] loss=1.6281 lr=2.556e-04 grad_norm=2.130 samples/s=76.64
[step 1350/5000] loss=1.7893 lr=2.549e-04 grad_norm=1.944 samples/s=76.63
[step 1360/5000] loss=1.9235 lr=2.542e-04 grad_norm=2.138 samples/s=76.60
[step 1370/5000] loss=1.9919 lr=2.535e-04 grad_norm=2.409 samples/s=76.44
[step 1380/5000] loss=2.0646 lr=2.528e-04 grad_norm=2.193 samples/s=76.50
[step 1390/5000] loss=2.1415 lr=2.521e-04 grad_norm=2.443 samples/s=76.42
[step 1400/5000] loss=1.8377 lr=2.514e-04 grad_norm=2.162 samples/s=76.46
[step 1410/5000] loss=2.4128 lr=2.507e-04 grad_norm=2.629 samples/s=76.39
[step 1420/5000] loss=1.5108 lr=2.500e-04 grad_norm=2.033 samples/s=76.43
[step 1430/5000] loss=1.4969 lr=2.493e-04 grad_norm=2.179 samples/s=76.33
[step 1440/5000] loss=1.7413 lr=2.486e-04 grad_norm=2.312 samples/s=76.39
[step 1450/5000] loss=1.7507 lr=2.478e-04 grad_norm=1.966 samples/s=76.37
[step 1460/5000] loss=2.1276 lr=2.471e-04 grad_norm=2.843 samples/s=76.27
[step 1470/5000] loss=2.4411 lr=2.464e-04 grad_norm=1.898 samples/s=76.30
[step 1480/5000] loss=2.7802 lr=2.456e-04 grad_norm=2.371 samples/s=76.27
[step 1490/5000] loss=1.9560 lr=2.449e-04 grad_norm=2.198 samples/s=76.26
[step 1500/5000] loss=1.4991 lr=2.442e-04 grad_norm=1.880 samples/s=76.21
[val step 1500] loss=2.066677879333496 m01={'mean': 0.4087590813957621, 'median': 0.4082628269414431, 'p95': 0.67705258297185, 'tail_frac_gt4px': 8.187996397281586e-05, 'n_matched': 12213} m02={'12-16': 0.916955017301038, '16-32': 0.9541196252702379, '32-64': 0.9451172378253028, '64-128': 0.9427939317319848} m04={'accuracy': 0.6062392532547286, 'by_octave': {'12-16': 0.5660377358490566, '16-32': 0.6487915407854985, '32-64': 0.6472191930207197, '64-128': 0.5206168286959437}} diag={'gate3_alpha_mean': 0.2773173153400421, 'gate3_alpha_min': 0.016994476318359375, 'gate3_alpha_max': 0.9833984375, 'gate3_alpha_std': 0.15431149303913116, 'gate3_alpha_p10': 0.09716796875, 'gate3_alpha_p50': 0.2550048828125, 'gate3_alpha_p90': 0.486572265625, 'block0_attn_entropy': 7.197048664093018, 'block1_attn_entropy': 7.444244861602783}
[step 1510/5000] loss=1.9578 lr=2.434e-04 grad_norm=2.743 samples/s=76.56
[step 1520/5000] loss=1.6227 lr=2.427e-04 grad_norm=2.000 samples/s=76.88
[step 1530/5000] loss=2.4320 lr=2.419e-04 grad_norm=2.612 samples/s=76.85
[step 1540/5000] loss=2.1374 lr=2.412e-04 grad_norm=2.331 samples/s=76.94
[step 1550/5000] loss=1.8987 lr=2.404e-04 grad_norm=2.077 samples/s=76.79
[step 1560/5000] loss=2.6769 lr=2.396e-04 grad_norm=2.620 samples/s=76.80
[step 1570/5000] loss=2.1048 lr=2.389e-04 grad_norm=2.558 samples/s=76.77
[step 1580/5000] loss=1.8974 lr=2.381e-04 grad_norm=2.021 samples/s=76.78
[step 1590/5000] loss=2.2757 lr=2.373e-04 grad_norm=2.200 samples/s=76.70
[step 1600/5000] loss=1.5760 lr=2.365e-04 grad_norm=1.906 samples/s=76.73
[step 1610/5000] loss=2.4157 lr=2.358e-04 grad_norm=3.964 samples/s=76.70
[step 1620/5000] loss=1.5824 lr=2.350e-04 grad_norm=1.906 samples/s=76.69
[step 1630/5000] loss=2.1745 lr=2.342e-04 grad_norm=2.637 samples/s=76.60
[step 1640/5000] loss=2.1275 lr=2.334e-04 grad_norm=2.095 samples/s=76.57
[step 1650/5000] loss=1.6245 lr=2.326e-04 grad_norm=1.986 samples/s=76.58
[step 1660/5000] loss=1.7018 lr=2.318e-04 grad_norm=2.416 samples/s=76.60
[step 1670/5000] loss=2.2765 lr=2.310e-04 grad_norm=2.173 samples/s=76.61
[step 1680/5000] loss=1.8093 lr=2.302e-04 grad_norm=2.156 samples/s=76.53
[step 1690/5000] loss=1.4617 lr=2.294e-04 grad_norm=2.427 samples/s=76.55
[step 1700/5000] loss=2.0227 lr=2.286e-04 grad_norm=2.343 samples/s=76.46
[step 1710/5000] loss=2.1686 lr=2.277e-04 grad_norm=2.432 samples/s=76.40
[step 1720/5000] loss=1.8708 lr=2.269e-04 grad_norm=2.222 samples/s=76.27
[step 1730/5000] loss=1.3436 lr=2.261e-04 grad_norm=2.166 samples/s=76.26
[step 1740/5000] loss=1.8065 lr=2.253e-04 grad_norm=2.162 samples/s=76.20
[step 1750/5000] loss=1.6108 lr=2.245e-04 grad_norm=2.183 samples/s=76.23
[val step 1750] loss=2.0408831634521483 m01={'mean': 0.40911816865892836, 'median': 0.40854893183489543, 'p95': 0.6780572356081289, 'tail_frac_gt4px': 8.186655751125665e-05, 'n_matched': 12215} m02={'12-16': 0.916955017301038, '16-32': 0.9548402594282969, '32-64': 0.9448595722751868, '64-128': 0.9427939317319848} m04={'accuracy': 0.6217765042979942, 'by_octave': {'12-16': 0.5660377358490566, '16-32': 0.6568553459119497, '32-64': 0.6681210799018271, '64-128': 0.5477707006369427}} diag={'gate3_alpha_mean': 0.2766795754432678, 'gate3_alpha_min': 0.016994476318359375, 'gate3_alpha_max': 0.9833984375, 'gate3_alpha_std': 0.15454858541488647, 'gate3_alpha_p10': 0.0966339111328125, 'gate3_alpha_p50': 0.25408935546875, 'gate3_alpha_p90': 0.4866943359375, 'block0_attn_entropy': 7.198476791381836, 'block1_attn_entropy': 7.437617301940918}
[step 1760/5000] loss=1.5301 lr=2.236e-04 grad_norm=2.265 samples/s=76.54
[step 1770/5000] loss=1.8067 lr=2.228e-04 grad_norm=2.025 samples/s=76.81
[step 1780/5000] loss=1.6196 lr=2.220e-04 grad_norm=2.250 samples/s=76.88
[step 1790/5000] loss=1.9256 lr=2.211e-04 grad_norm=2.260 samples/s=76.87
[step 1800/5000] loss=1.9469 lr=2.203e-04 grad_norm=1.895 samples/s=76.85
[step 1810/5000] loss=2.3214 lr=2.194e-04 grad_norm=2.099 samples/s=76.85
[step 1820/5000] loss=2.0455 lr=2.186e-04 grad_norm=2.330 samples/s=76.72
[step 1830/5000] loss=1.7583 lr=2.177e-04 grad_norm=1.866 samples/s=76.80
[step 1840/5000] loss=1.8787 lr=2.169e-04 grad_norm=2.549 samples/s=76.74
[step 1850/5000] loss=2.0336 lr=2.160e-04 grad_norm=2.434 samples/s=76.76
[step 1860/5000] loss=1.7988 lr=2.152e-04 grad_norm=2.192 samples/s=76.78
[step 1870/5000] loss=1.4740 lr=2.143e-04 grad_norm=1.913 samples/s=76.67
[step 1880/5000] loss=1.7961 lr=2.134e-04 grad_norm=1.998 samples/s=76.70
[step 1890/5000] loss=2.9815 lr=2.126e-04 grad_norm=5.912 samples/s=76.74
[step 1900/5000] loss=2.5023 lr=2.117e-04 grad_norm=2.018 samples/s=76.74
[step 1910/5000] loss=1.4182 lr=2.108e-04 grad_norm=1.752 samples/s=76.69
[step 1920/5000] loss=1.8514 lr=2.100e-04 grad_norm=2.393 samples/s=76.67
[step 1930/5000] loss=1.9198 lr=2.091e-04 grad_norm=2.229 samples/s=76.61
[step 1940/5000] loss=1.9953 lr=2.082e-04 grad_norm=2.510 samples/s=76.66
[step 1950/5000] loss=2.0041 lr=2.073e-04 grad_norm=2.823 samples/s=76.67
[step 1960/5000] loss=1.9673 lr=2.064e-04 grad_norm=2.300 samples/s=76.63
[step 1970/5000] loss=1.8461 lr=2.055e-04 grad_norm=2.052 samples/s=76.62
[step 1980/5000] loss=1.9820 lr=2.047e-04 grad_norm=2.279 samples/s=76.52
[step 1990/5000] loss=1.8606 lr=2.038e-04 grad_norm=2.014 samples/s=76.54
[step 2000/5000] loss=1.9340 lr=2.029e-04 grad_norm=2.270 samples/s=76.47
[val step 2000] loss=2.019236879348755 m01={'mean': 0.4095715474800309, 'median': 0.40854893183489543, 'p95': 0.6778845132387837, 'tail_frac_gt4px': 0.0001637331150225133, 'n_matched': 12215} m02={'12-16': 0.9175317185697809, '16-32': 0.9543598366562575, '32-64': 0.9451172378253028, '64-128': 0.9427939317319848} m04={'accuracy': 0.6329103561195252, 'by_octave': {'12-16': 0.5732243871778756, '16-32': 0.6637301787062673, '32-64': 0.6793893129770993, '64-128': 0.5665437479047938}} diag={'gate3_alpha_mean': 0.2764780819416046, 'gate3_alpha_min': 0.016994476318359375, 'gate3_alpha_max': 0.9833984375, 'gate3_alpha_std': 0.15482214093208313, 'gate3_alpha_p10': 0.0963287353515625, 'gate3_alpha_p50': 0.25366973876953125, 'gate3_alpha_p90': 0.487060546875, 'block0_attn_entropy': 7.19921875, 'block1_attn_entropy': 7.431573390960693}
[step 2010/5000] loss=2.0895 lr=2.020e-04 grad_norm=2.353 samples/s=76.73
[step 2020/5000] loss=1.4506 lr=2.011e-04 grad_norm=2.031 samples/s=76.98
[step 2030/5000] loss=1.7858 lr=2.002e-04 grad_norm=2.350 samples/s=76.93
[step 2040/5000] loss=1.5124 lr=1.993e-04 grad_norm=2.237 samples/s=76.92
[step 2050/5000] loss=2.2681 lr=1.984e-04 grad_norm=2.041 samples/s=76.87
[step 2060/5000] loss=1.9144 lr=1.975e-04 grad_norm=1.878 samples/s=76.91
[step 2070/5000] loss=1.6060 lr=1.966e-04 grad_norm=2.005 samples/s=76.89
[step 2080/5000] loss=2.2006 lr=1.957e-04 grad_norm=2.685 samples/s=76.89
[step 2090/5000] loss=2.0376 lr=1.948e-04 grad_norm=2.298 samples/s=76.85
[step 2100/5000] loss=2.0561 lr=1.938e-04 grad_norm=2.131 samples/s=76.86
[step 2110/5000] loss=3.0390 lr=1.929e-04 grad_norm=3.795 samples/s=76.82
[step 2120/5000] loss=1.8839 lr=1.920e-04 grad_norm=2.449 samples/s=76.80
[step 2130/5000] loss=1.8081 lr=1.911e-04 grad_norm=1.962 samples/s=76.70
[step 2140/5000] loss=2.3319 lr=1.902e-04 grad_norm=2.344 samples/s=76.71
[step 2150/5000] loss=1.8753 lr=1.893e-04 grad_norm=1.707 samples/s=76.53
[step 2160/5000] loss=1.6228 lr=1.883e-04 grad_norm=2.240 samples/s=76.58
[step 2170/5000] loss=1.4575 lr=1.874e-04 grad_norm=1.957 samples/s=76.54
[step 2180/5000] loss=2.3256 lr=1.865e-04 grad_norm=2.439 samples/s=76.55
[step 2190/5000] loss=1.7405 lr=1.856e-04 grad_norm=2.059 samples/s=76.45
[step 2200/5000] loss=2.7383 lr=1.846e-04 grad_norm=2.028 samples/s=76.48
[step 2210/5000] loss=2.6717 lr=1.837e-04 grad_norm=2.547 samples/s=76.39
[step 2220/5000] loss=1.6200 lr=1.828e-04 grad_norm=2.191 samples/s=76.41
[step 2230/5000] loss=2.1085 lr=1.818e-04 grad_norm=1.933 samples/s=76.34
[step 2240/5000] loss=2.1218 lr=1.809e-04 grad_norm=2.301 samples/s=76.41
[step 2250/5000] loss=2.1057 lr=1.800e-04 grad_norm=2.253 samples/s=76.34
[val step 2250] loss=2.001232400894165 m01={'mean': 0.4090187946163217, 'median': 0.4085989121630193, 'p95': 0.6780705747134024, 'tail_frac_gt4px': 8.186655751125665e-05, 'n_matched': 12215} m02={'12-16': 0.9175317185697809, '16-32': 0.9541196252702379, '32-64': 0.9451172378253028, '64-128': 0.943109987357775} m04={'accuracy': 0.6428980761358984, 'by_octave': {'12-16': 0.5751099937146449, '16-32': 0.6669184290030211, '32-64': 0.6962922573609597, '64-128': 0.5814343163538874}} diag={'gate3_alpha_mean': 0.2756039798259735, 'gate3_alpha_min': 0.01668548583984375, 'gate3_alpha_max': 0.9833984375, 'gate3_alpha_std': 0.15472786128520966, 'gate3_alpha_p10': 0.0958099365234375, 'gate3_alpha_p50': 0.252685546875, 'gate3_alpha_p90': 0.486083984375, 'block0_attn_entropy': 7.199886322021484, 'block1_attn_entropy': 7.431534290313721}
[step 2260/5000] loss=1.7786 lr=1.790e-04 grad_norm=1.969 samples/s=76.57
[step 2270/5000] loss=1.6153 lr=1.781e-04 grad_norm=2.151 samples/s=76.73
[step 2280/5000] loss=1.6861 lr=1.772e-04 grad_norm=2.252 samples/s=76.80
[step 2290/5000] loss=2.3175 lr=1.762e-04 grad_norm=2.108 samples/s=76.81
[step 2300/5000] loss=2.0620 lr=1.753e-04 grad_norm=2.383 samples/s=76.75
[step 2310/5000] loss=1.8945 lr=1.744e-04 grad_norm=2.387 samples/s=76.73
[step 2320/5000] loss=1.6623 lr=1.734e-04 grad_norm=2.513 samples/s=76.73
[step 2330/5000] loss=1.7137 lr=1.725e-04 grad_norm=2.318 samples/s=76.75
[step 2340/5000] loss=1.8405 lr=1.715e-04 grad_norm=2.239 samples/s=76.68
[step 2350/5000] loss=2.0765 lr=1.706e-04 grad_norm=2.252 samples/s=76.63
[step 2360/5000] loss=2.0086 lr=1.696e-04 grad_norm=2.276 samples/s=76.56
[step 2370/5000] loss=1.8225 lr=1.687e-04 grad_norm=1.796 samples/s=76.60
[step 2380/5000] loss=2.1195 lr=1.677e-04 grad_norm=2.543 samples/s=76.49
[step 2390/5000] loss=2.4028 lr=1.668e-04 grad_norm=2.397 samples/s=76.50
[step 2400/5000] loss=2.2895 lr=1.659e-04 grad_norm=2.124 samples/s=76.47
[step 2410/5000] loss=1.8667 lr=1.649e-04 grad_norm=2.391 samples/s=76.54
[step 2420/5000] loss=2.3828 lr=1.640e-04 grad_norm=2.683 samples/s=76.48
[step 2430/5000] loss=1.8456 lr=1.630e-04 grad_norm=2.402 samples/s=76.51
[step 2440/5000] loss=1.6134 lr=1.621e-04 grad_norm=2.588 samples/s=76.45
[step 2450/5000] loss=2.1947 lr=1.611e-04 grad_norm=2.555 samples/s=76.53
[step 2460/5000] loss=1.7990 lr=1.602e-04 grad_norm=2.329 samples/s=76.52
[step 2470/5000] loss=1.7041 lr=1.592e-04 grad_norm=1.844 samples/s=76.53
[step 2480/5000] loss=1.9793 lr=1.583e-04 grad_norm=2.446 samples/s=76.49
[step 2490/5000] loss=2.1072 lr=1.573e-04 grad_norm=2.177 samples/s=76.50
[step 2500/5000] loss=1.6333 lr=1.564e-04 grad_norm=2.599 samples/s=76.50
[val step 2500] loss=1.9850700244903565 m01={'mean': 0.40883822692998184, 'median': 0.40853668612566707, 'p95': 0.6776894435824107, 'tail_frac_gt4px': 8.188666885031116e-05, 'n_matched': 12212} m02={'12-16': 0.9163783160322952, '16-32': 0.9546000480422772, '32-64': 0.9446019067250708, '64-128': 0.9427939317319848} m04={'accuracy': 0.6523092040615788, 'by_octave': {'12-16': 0.5802391441157961, '16-32': 0.6771514846502265, '32-64': 0.7048554282596836, '64-128': 0.593027153871941}} diag={'gate3_alpha_mean': 0.2747614085674286, 'gate3_alpha_min': 0.01668548583984375, 'gate3_alpha_max': 0.983154296875, 'gate3_alpha_std': 0.15456192195415497, 'gate3_alpha_p10': 0.09539794921875, 'gate3_alpha_p50': 0.251708984375, 'gate3_alpha_p90': 0.48486328125, 'block0_attn_entropy': 7.200067520141602, 'block1_attn_entropy': 7.431590557098389}
[step 2510/5000] loss=1.5208 lr=1.554e-04 grad_norm=1.812 samples/s=76.71
[step 2520/5000] loss=1.5219 lr=1.545e-04 grad_norm=2.183 samples/s=76.91
[step 2530/5000] loss=1.5800 lr=1.535e-04 grad_norm=1.906 samples/s=76.92
[step 2540/5000] loss=2.3103 lr=1.525e-04 grad_norm=3.213 samples/s=76.94
[step 2550/5000] loss=1.6542 lr=1.516e-04 grad_norm=2.349 samples/s=76.89
[step 2560/5000] loss=1.5600 lr=1.506e-04 grad_norm=2.317 samples/s=76.87
[step 2570/5000] loss=1.5489 lr=1.497e-04 grad_norm=2.202 samples/s=76.82
[step 2580/5000] loss=1.9911 lr=1.487e-04 grad_norm=2.204 samples/s=76.81
[step 2590/5000] loss=1.9257 lr=1.478e-04 grad_norm=2.200 samples/s=76.83
[step 2600/5000] loss=1.8548 lr=1.468e-04 grad_norm=2.564 samples/s=76.82
[step 2610/5000] loss=1.8644 lr=1.459e-04 grad_norm=3.160 samples/s=76.84
[step 2620/5000] loss=2.3680 lr=1.449e-04 grad_norm=2.447 samples/s=76.80
[step 2630/5000] loss=1.8168 lr=1.440e-04 grad_norm=2.207 samples/s=76.82
[step 2640/5000] loss=1.5583 lr=1.430e-04 grad_norm=2.081 samples/s=76.69
[step 2650/5000] loss=1.3969 lr=1.421e-04 grad_norm=2.219 samples/s=76.73
[step 2660/5000] loss=1.7945 lr=1.411e-04 grad_norm=1.809 samples/s=76.64
[step 2670/5000] loss=2.4443 lr=1.402e-04 grad_norm=3.292 samples/s=76.67
[step 2680/5000] loss=1.7950 lr=1.392e-04 grad_norm=2.365 samples/s=76.61
[step 2690/5000] loss=2.0759 lr=1.383e-04 grad_norm=2.436 samples/s=76.65
[step 2700/5000] loss=1.8286 lr=1.373e-04 grad_norm=2.181 samples/s=76.58
[step 2710/5000] loss=1.5989 lr=1.364e-04 grad_norm=1.996 samples/s=76.63
[step 2720/5000] loss=2.8737 lr=1.354e-04 grad_norm=2.459 samples/s=76.55
[step 2730/5000] loss=2.3063 lr=1.345e-04 grad_norm=2.401 samples/s=76.61
[step 2740/5000] loss=1.5214 lr=1.335e-04 grad_norm=2.618 samples/s=76.56
[step 2750/5000] loss=1.4671 lr=1.326e-04 grad_norm=1.861 samples/s=76.55
[val step 2750] loss=1.9724860248565674 m01={'mean': 0.4095502600849514, 'median': 0.40864386144576836, 'p95': 0.6778606268666277, 'tail_frac_gt4px': 0.00016370631087828436, 'n_matched': 12217} m02={'12-16': 0.9186851211072664, '16-32': 0.9543598366562575, '32-64': 0.9448595722751868, '64-128': 0.943109987357775} m04={'accuracy': 0.6594908733731686, 'by_octave': {'12-16': 0.5825486503452605, '16-32': 0.6826076013088347, '32-64': 0.7136623943277883, '64-128': 0.6032171581769437}} diag={'gate3_alpha_mean': 0.2740474045276642, 'gate3_alpha_min': 0.01668548583984375, 'gate3_alpha_max': 0.983154296875, 'gate3_alpha_std': 0.15449859201908112, 'gate3_alpha_p10': 0.0949554443359375, 'gate3_alpha_p50': 0.250885009765625, 'gate3_alpha_p90': 0.48438072204589844, 'block0_attn_entropy': 7.200432300567627, 'block1_attn_entropy': 7.429286479949951}
[step 2760/5000] loss=1.6680 lr=1.317e-04 grad_norm=3.159 samples/s=76.75
[step 2770/5000] loss=1.6851 lr=1.307e-04 grad_norm=2.263 samples/s=76.93
[step 2780/5000] loss=1.9177 lr=1.298e-04 grad_norm=2.192 samples/s=76.91
[step 2790/5000] loss=1.4916 lr=1.288e-04 grad_norm=2.587 samples/s=76.93
[step 2800/5000] loss=2.0243 lr=1.279e-04 grad_norm=2.379 samples/s=76.88
[step 2810/5000] loss=1.5464 lr=1.270e-04 grad_norm=2.053 samples/s=76.90
[step 2820/5000] loss=1.4624 lr=1.260e-04 grad_norm=1.921 samples/s=76.85
[step 2830/5000] loss=2.2829 lr=1.251e-04 grad_norm=2.137 samples/s=76.87
[step 2840/5000] loss=1.8963 lr=1.241e-04 grad_norm=2.502 samples/s=76.79
[step 2850/5000] loss=1.8009 lr=1.232e-04 grad_norm=1.841 samples/s=76.83
[step 2860/5000] loss=1.6410 lr=1.223e-04 grad_norm=2.376 samples/s=76.80
[step 2870/5000] loss=2.0474 lr=1.213e-04 grad_norm=2.381 samples/s=76.80
[step 2880/5000] loss=1.6164 lr=1.204e-04 grad_norm=2.143 samples/s=76.78
[step 2890/5000] loss=1.6839 lr=1.195e-04 grad_norm=2.588 samples/s=76.73
[step 2900/5000] loss=1.8883 lr=1.185e-04 grad_norm=2.110 samples/s=76.74
[step 2910/5000] loss=1.5195 lr=1.176e-04 grad_norm=2.223 samples/s=76.69
[step 2920/5000] loss=1.6854 lr=1.167e-04 grad_norm=2.090 samples/s=76.71
[step 2930/5000] loss=1.5749 lr=1.158e-04 grad_norm=2.436 samples/s=76.67
[step 2940/5000] loss=1.5976 lr=1.148e-04 grad_norm=1.946 samples/s=76.67
[step 2950/5000] loss=1.4945 lr=1.139e-04 grad_norm=2.196 samples/s=76.66
[step 2960/5000] loss=2.0049 lr=1.130e-04 grad_norm=2.662 samples/s=76.65
[step 2970/5000] loss=1.6312 lr=1.121e-04 grad_norm=2.171 samples/s=76.67
[step 2980/5000] loss=1.5305 lr=1.112e-04 grad_norm=2.065 samples/s=76.65
[step 2990/5000] loss=2.2254 lr=1.103e-04 grad_norm=2.285 samples/s=76.68
[step 3000/5000] loss=1.5523 lr=1.093e-04 grad_norm=2.248 samples/s=76.65
[val step 3000] loss=1.9620716381072998 m01={'mean': 0.409397588666493, 'median': 0.40855638516584547, 'p95': 0.6779203427970175, 'tail_frac_gt4px': 0.00016377333770062233, 'n_matched': 12212} m02={'12-16': 0.9175317185697809, '16-32': 0.9541196252702379, '32-64': 0.9446019067250708, '64-128': 0.9427939317319848} m04={'accuracy': 0.6650835244022273, 'by_octave': {'12-16': 0.5914519170333123, '16-32': 0.6873111782477341, '32-64': 0.7195853791598472, '64-128': 0.6077774052966812}} diag={'gate3_alpha_mean': 0.2739664912223816, 'gate3_alpha_min': 0.01668548583984375, 'gate3_alpha_max': 0.983154296875, 'gate3_alpha_std': 0.1544928401708603, 'gate3_alpha_p10': 0.09496231377124786, 'gate3_alpha_p50': 0.2507476806640625, 'gate3_alpha_p90': 0.484375, 'block0_attn_entropy': 7.200616359710693, 'block1_attn_entropy': 7.4274678230285645}
[step 3010/5000] loss=1.6999 lr=1.084e-04 grad_norm=2.324 samples/s=76.82
[step 3020/5000] loss=1.5661 lr=1.075e-04 grad_norm=1.774 samples/s=76.98
[step 3030/5000] loss=2.0944 lr=1.066e-04 grad_norm=2.501 samples/s=76.93
[step 3040/5000] loss=1.3225 lr=1.057e-04 grad_norm=2.169 samples/s=76.94
[step 3050/5000] loss=1.5682 lr=1.048e-04 grad_norm=2.225 samples/s=76.91
[step 3060/5000] loss=1.9683 lr=1.039e-04 grad_norm=2.550 samples/s=76.95
[step 3070/5000] loss=1.7744 lr=1.030e-04 grad_norm=2.300 samples/s=76.90
[step 3080/5000] loss=2.0733 lr=1.021e-04 grad_norm=2.957 samples/s=76.89
[step 3090/5000] loss=1.6935 lr=1.012e-04 grad_norm=2.102 samples/s=76.81
[step 3100/5000] loss=1.3820 lr=1.003e-04 grad_norm=2.097 samples/s=76.79
[step 3110/5000] loss=2.0353 lr=9.941e-05 grad_norm=2.425 samples/s=76.75
[step 3120/5000] loss=1.9154 lr=9.852e-05 grad_norm=2.509 samples/s=76.78
[step 3130/5000] loss=2.2118 lr=9.763e-05 grad_norm=3.189 samples/s=76.74
[step 3140/5000] loss=2.2205 lr=9.674e-05 grad_norm=2.740 samples/s=76.76
[step 3150/5000] loss=1.5031 lr=9.586e-05 grad_norm=2.106 samples/s=76.76
[step 3160/5000] loss=1.8938 lr=9.498e-05 grad_norm=2.355 samples/s=76.82
[step 3170/5000] loss=1.6816 lr=9.410e-05 grad_norm=2.358 samples/s=76.78
[step 3180/5000] loss=2.0853 lr=9.322e-05 grad_norm=2.396 samples/s=76.82
[step 3190/5000] loss=1.7070 lr=9.235e-05 grad_norm=2.454 samples/s=76.80
[step 3200/5000] loss=1.5396 lr=9.148e-05 grad_norm=1.950 samples/s=76.86
[step 3210/5000] loss=1.8229 lr=9.061e-05 grad_norm=2.135 samples/s=76.84
[step 3220/5000] loss=1.7177 lr=8.974e-05 grad_norm=2.819 samples/s=76.87
[step 3230/5000] loss=1.8550 lr=8.888e-05 grad_norm=2.207 samples/s=76.84
[step 3240/5000] loss=2.8098 lr=8.801e-05 grad_norm=2.522 samples/s=76.82
[step 3250/5000] loss=2.4127 lr=8.715e-05 grad_norm=2.654 samples/s=76.84
[val step 3250] loss=1.952529644012451 m01={'mean': 0.4095142021058606, 'median': 0.40862138680439386, 'p95': 0.6782321104079525, 'tail_frac_gt4px': 0.00016377333770062233, 'n_matched': 12212} m02={'12-16': 0.9175317185697809, '16-32': 0.9541196252702379, '32-64': 0.9451172378253028, '64-128': 0.9421618204804045} m04={'accuracy': 0.6705699312151981, 'by_octave': {'12-16': 0.5958516656191075, '16-32': 0.6898288016112789, '32-64': 0.7262813522355507, '64-128': 0.6162361623616236}} diag={'gate3_alpha_mean': 0.2742430865764618, 'gate3_alpha_min': 0.016994476318359375, 'gate3_alpha_max': 0.983154296875, 'gate3_alpha_std': 0.15466172993183136, 'gate3_alpha_p10': 0.0950775146484375, 'gate3_alpha_p50': 0.2509765625, 'gate3_alpha_p90': 0.48486328125, 'block0_attn_entropy': 7.200493335723877, 'block1_attn_entropy': 7.428089141845703}
[step 3260/5000] loss=1.5167 lr=8.630e-05 grad_norm=2.352 samples/s=77.00
[step 3270/5000] loss=1.6924 lr=8.544e-05 grad_norm=2.325 samples/s=77.14
[step 3280/5000] loss=2.3512 lr=8.459e-05 grad_norm=2.770 samples/s=77.09
[step 3290/5000] loss=1.8767 lr=8.374e-05 grad_norm=2.111 samples/s=77.10
[step 3300/5000] loss=1.9448 lr=8.290e-05 grad_norm=2.304 samples/s=77.06
[step 3310/5000] loss=1.2994 lr=8.205e-05 grad_norm=1.916 samples/s=77.10
[step 3320/5000] loss=1.7682 lr=8.121e-05 grad_norm=2.035 samples/s=77.06
[step 3330/5000] loss=2.3999 lr=8.038e-05 grad_norm=2.658 samples/s=77.08
[step 3340/5000] loss=1.7751 lr=7.954e-05 grad_norm=2.604 samples/s=77.07
[step 3350/5000] loss=2.2252 lr=7.871e-05 grad_norm=2.959 samples/s=77.00
[step 3360/5000] loss=2.1869 lr=7.788e-05 grad_norm=2.442 samples/s=77.00
[step 3370/5000] loss=1.7527 lr=7.706e-05 grad_norm=2.718 samples/s=76.96
[step 3380/5000] loss=2.0378 lr=7.624e-05 grad_norm=2.492 samples/s=76.99
[step 3390/5000] loss=1.5332 lr=7.542e-05 grad_norm=2.280 samples/s=76.93
[step 3400/5000] loss=2.5748 lr=7.460e-05 grad_norm=2.660 samples/s=76.94
[step 3410/5000] loss=1.4406 lr=7.379e-05 grad_norm=2.080 samples/s=76.91
[step 3420/5000] loss=1.8624 lr=7.298e-05 grad_norm=2.668 samples/s=76.93
[step 3430/5000] loss=1.7803 lr=7.217e-05 grad_norm=2.569 samples/s=76.90
[step 3440/5000] loss=1.5792 lr=7.137e-05 grad_norm=2.090 samples/s=76.88
[step 3450/5000] loss=1.5863 lr=7.057e-05 grad_norm=2.044 samples/s=76.90
[step 3460/5000] loss=1.4960 lr=6.977e-05 grad_norm=1.945 samples/s=76.86
[step 3470/5000] loss=2.6811 lr=6.898e-05 grad_norm=2.239 samples/s=76.87
[step 3480/5000] loss=1.5743 lr=6.819e-05 grad_norm=1.912 samples/s=76.84
[step 3490/5000] loss=1.6109 lr=6.740e-05 grad_norm=2.542 samples/s=76.81
[step 3500/5000] loss=2.1349 lr=6.662e-05 grad_norm=1.875 samples/s=76.80
[val step 3500] loss=1.946319953918457 m01={'mean': 0.40928296923109775, 'median': 0.40855638516584547, 'p95': 0.6777062070020096, 'tail_frac_gt4px': 0.0001638001638001638, 'n_matched': 12210} m02={'12-16': 0.9175317185697809, '16-32': 0.9538794138842182, '32-64': 0.9448595722751868, '64-128': 0.9421618204804045} m04={'accuracy': 0.675020475020475, 'by_octave': {'12-16': 0.5964802011313639, '16-32': 0.6945353815159909, '32-64': 0.7313880556313063, '64-128': 0.6216034887621603}} diag={'gate3_alpha_mean': 0.2742832601070404, 'gate3_alpha_min': 0.016994476318359375, 'gate3_alpha_max': 0.983154296875, 'gate3_alpha_std': 0.15472666919231415, 'gate3_alpha_p10': 0.095062255859375, 'gate3_alpha_p50': 0.2510986328125, 'gate3_alpha_p90': 0.48486328125, 'block0_attn_entropy': 7.200573921203613, 'block1_attn_entropy': 7.427770137786865}
[step 3510/5000] loss=1.5363 lr=6.584e-05 grad_norm=2.356 samples/s=76.95
[step 3520/5000] loss=1.3099 lr=6.506e-05 grad_norm=2.045 samples/s=77.09
[step 3530/5000] loss=1.9837 lr=6.429e-05 grad_norm=2.038 samples/s=77.00
[step 3540/5000] loss=1.7801 lr=6.352e-05 grad_norm=2.183 samples/s=77.00
[step 3550/5000] loss=1.5402 lr=6.276e-05 grad_norm=2.592 samples/s=76.98
[step 3560/5000] loss=3.0011 lr=6.200e-05 grad_norm=2.746 samples/s=76.98
[step 3570/5000] loss=1.2510 lr=6.124e-05 grad_norm=2.137 samples/s=76.98
[step 3580/5000] loss=1.5534 lr=6.048e-05 grad_norm=1.994 samples/s=76.99
[step 3590/5000] loss=1.6899 lr=5.973e-05 grad_norm=2.402 samples/s=76.96
[step 3600/5000] loss=1.7699 lr=5.899e-05 grad_norm=2.750 samples/s=76.97
[step 3610/5000] loss=2.3921 lr=5.824e-05 grad_norm=2.455 samples/s=76.94
[step 3620/5000] loss=1.4597 lr=5.750e-05 grad_norm=2.144 samples/s=76.96
[step 3630/5000] loss=1.6297 lr=5.677e-05 grad_norm=2.156 samples/s=76.95
[step 3640/5000] loss=1.5497 lr=5.604e-05 grad_norm=2.272 samples/s=76.97
[step 3650/5000] loss=1.8897 lr=5.531e-05 grad_norm=2.356 samples/s=76.94
[step 3660/5000] loss=2.4383 lr=5.459e-05 grad_norm=2.793 samples/s=76.96
[step 3670/5000] loss=1.3516 lr=5.387e-05 grad_norm=2.358 samples/s=76.94
[step 3680/5000] loss=1.7982 lr=5.315e-05 grad_norm=2.323 samples/s=76.95
[step 3690/5000] loss=1.5508 lr=5.244e-05 grad_norm=2.902 samples/s=76.93
[step 3700/5000] loss=1.9739 lr=5.173e-05 grad_norm=2.529 samples/s=76.96
[step 3710/5000] loss=1.8248 lr=5.103e-05 grad_norm=2.365 samples/s=76.90
[step 3720/5000] loss=1.7802 lr=5.033e-05 grad_norm=2.267 samples/s=76.90
[step 3730/5000] loss=1.9799 lr=4.964e-05 grad_norm=2.002 samples/s=76.85
[step 3740/5000] loss=1.7552 lr=4.895e-05 grad_norm=2.490 samples/s=76.84
[step 3750/5000] loss=1.8700 lr=4.826e-05 grad_norm=2.272 samples/s=76.81
[val step 3750] loss=1.9408660163879394 m01={'mean': 0.40937599930234403, 'median': 0.40855638516584547, 'p95': 0.6779442291691734, 'tail_frac_gt4px': 0.0001638001638001638, 'n_matched': 12210} m02={'12-16': 0.9175317185697809, '16-32': 0.9538794138842182, '32-64': 0.9448595722751868, '64-128': 0.9421618204804045} m04={'accuracy': 0.6773136773136773, 'by_octave': {'12-16': 0.6002514142049026, '16-32': 0.69377990430622, '32-64': 0.7352058903736024, '64-128': 0.6252935256625294}} diag={'gate3_alpha_mean': 0.2743762135505676, 'gate3_alpha_min': 0.016994476318359375, 'gate3_alpha_max': 0.983154296875, 'gate3_alpha_std': 0.15479719638824463, 'gate3_alpha_p10': 0.09506149590015411, 'gate3_alpha_p50': 0.2510986328125, 'gate3_alpha_p90': 0.485107421875, 'block0_attn_entropy': 7.200641632080078, 'block1_attn_entropy': 7.427425384521484}
[step 3760/5000] loss=1.4441 lr=4.758e-05 grad_norm=2.187 samples/s=76.95
[step 3770/5000] loss=1.2800 lr=4.690e-05 grad_norm=1.763 samples/s=77.07
[step 3780/5000] loss=2.9439 lr=4.623e-05 grad_norm=2.597 samples/s=76.98
[step 3790/5000] loss=1.5975 lr=4.556e-05 grad_norm=1.934 samples/s=76.99
[step 3800/5000] loss=2.3010 lr=4.489e-05 grad_norm=3.009 samples/s=76.97
[step 3810/5000] loss=2.0600 lr=4.423e-05 grad_norm=2.113 samples/s=76.95
[step 3820/5000] loss=2.0032 lr=4.357e-05 grad_norm=2.417 samples/s=76.94
[step 3830/5000] loss=2.1892 lr=4.292e-05 grad_norm=4.116 samples/s=76.97
[step 3840/5000] loss=1.5943 lr=4.228e-05 grad_norm=2.366 samples/s=76.97
[step 3850/5000] loss=1.6564 lr=4.163e-05 grad_norm=2.088 samples/s=76.95
[step 3860/5000] loss=1.8269 lr=4.099e-05 grad_norm=2.609 samples/s=76.91
[step 3870/5000] loss=2.6143 lr=4.036e-05 grad_norm=2.876 samples/s=76.92
[step 3880/5000] loss=1.5547 lr=3.973e-05 grad_norm=2.412 samples/s=76.91
[step 3890/5000] loss=1.4960 lr=3.911e-05 grad_norm=2.387 samples/s=76.91
[step 3900/5000] loss=1.3281 lr=3.849e-05 grad_norm=1.714 samples/s=76.88
[step 3910/5000] loss=1.4986 lr=3.787e-05 grad_norm=2.063 samples/s=76.91
[step 3920/5000] loss=2.4283 lr=3.726e-05 grad_norm=2.528 samples/s=76.88
[step 3930/5000] loss=1.7159 lr=3.666e-05 grad_norm=2.005 samples/s=76.88
[step 3940/5000] loss=2.2731 lr=3.605e-05 grad_norm=2.640 samples/s=76.81
[step 3950/5000] loss=1.5057 lr=3.546e-05 grad_norm=2.354 samples/s=76.83
[step 3960/5000] loss=2.0257 lr=3.487e-05 grad_norm=2.232 samples/s=76.76
[step 3970/5000] loss=1.7836 lr=3.428e-05 grad_norm=2.056 samples/s=76.76
[step 3980/5000] loss=1.8263 lr=3.370e-05 grad_norm=2.558 samples/s=76.72
[step 3990/5000] loss=1.4982 lr=3.312e-05 grad_norm=2.282 samples/s=76.73
[step 4000/5000] loss=1.8519 lr=3.255e-05 grad_norm=2.431 samples/s=76.73
[val step 4000] loss=1.9376746120452881 m01={'mean': 0.40929701489791875, 'median': 0.40845083704110524, 'p95': 0.6780599944902558, 'tail_frac_gt4px': 0.00016377333770062233, 'n_matched': 12212} m02={'12-16': 0.9175317185697809, '16-32': 0.9541196252702379, '32-64': 0.9448595722751868, '64-128': 0.9424778761061947} m04={'accuracy': 0.6789223714379299, 'by_octave': {'12-16': 0.6002514142049026, '16-32': 0.6958710976837865, '32-64': 0.7373875102263431, '64-128': 0.6264252179745138}} diag={'gate3_alpha_mean': 0.2743341624736786, 'gate3_alpha_min': 0.016994476318359375, 'gate3_alpha_max': 0.983154296875, 'gate3_alpha_std': 0.1548188477754593, 'gate3_alpha_p10': 0.0949932113289833, 'gate3_alpha_p50': 0.2510986328125, 'gate3_alpha_p90': 0.485107421875, 'block0_attn_entropy': 7.200678825378418, 'block1_attn_entropy': 7.427591323852539}
[step 4010/5000] loss=1.8610 lr=3.198e-05 grad_norm=2.458 samples/s=76.86
[step 4020/5000] loss=1.6972 lr=3.142e-05 grad_norm=1.992 samples/s=76.96
[step 4030/5000] loss=1.8571 lr=3.086e-05 grad_norm=2.524 samples/s=76.90
[step 4040/5000] loss=1.6385 lr=3.031e-05 grad_norm=4.874 samples/s=76.94
[step 4050/5000] loss=1.7385 lr=2.976e-05 grad_norm=2.033 samples/s=76.89
[step 4060/5000] loss=1.8620 lr=2.922e-05 grad_norm=2.333 samples/s=76.92
[step 4070/5000] loss=1.9018 lr=2.868e-05 grad_norm=2.054 samples/s=76.88
[step 4080/5000] loss=1.6135 lr=2.815e-05 grad_norm=2.294 samples/s=76.86
[step 4090/5000] loss=2.0594 lr=2.762e-05 grad_norm=2.195 samples/s=76.84
[step 4100/5000] loss=2.5582 lr=2.710e-05 grad_norm=2.226 samples/s=76.84
[step 4110/5000] loss=2.3739 lr=2.658e-05 grad_norm=2.700 samples/s=76.83
[step 4120/5000] loss=2.0715 lr=2.607e-05 grad_norm=2.196 samples/s=76.86
[step 4130/5000] loss=2.2452 lr=2.556e-05 grad_norm=2.306 samples/s=76.82
[step 4140/5000] loss=1.6984 lr=2.506e-05 grad_norm=3.235 samples/s=76.85
[step 4150/5000] loss=1.7613 lr=2.456e-05 grad_norm=2.836 samples/s=76.79
[step 4160/5000] loss=2.0702 lr=2.407e-05 grad_norm=3.085 samples/s=76.79
[step 4170/5000] loss=1.5473 lr=2.358e-05 grad_norm=2.133 samples/s=76.73
[step 4180/5000] loss=1.8204 lr=2.310e-05 grad_norm=2.119 samples/s=76.76
[step 4190/5000] loss=1.4277 lr=2.263e-05 grad_norm=1.973 samples/s=76.75
[step 4200/5000] loss=1.6124 lr=2.216e-05 grad_norm=2.671 samples/s=76.76
[step 4210/5000] loss=1.6538 lr=2.169e-05 grad_norm=2.347 samples/s=76.71
[step 4220/5000] loss=2.3610 lr=2.123e-05 grad_norm=3.172 samples/s=76.70
[step 4230/5000] loss=1.9995 lr=2.078e-05 grad_norm=2.510 samples/s=76.65
[step 4240/5000] loss=2.4373 lr=2.033e-05 grad_norm=3.618 samples/s=76.67
[step 4250/5000] loss=2.0596 lr=1.988e-05 grad_norm=2.664 samples/s=76.63
[val step 4250] loss=1.9351129627227783 m01={'mean': 0.40922568519432706, 'median': 0.40855638516584547, 'p95': 0.678061833745007, 'tail_frac_gt4px': 0.0001638001638001638, 'n_matched': 12210} m02={'12-16': 0.916955017301038, '16-32': 0.9541196252702379, '32-64': 0.9448595722751868, '64-128': 0.9421618204804045} m04={'accuracy': 0.6805077805077805, 'by_octave': {'12-16': 0.60062893081761, '16-32': 0.69662638469285, '32-64': 0.7392964275974911, '64-128': 0.6293190204629319}} diag={'gate3_alpha_mean': 0.2743442952632904, 'gate3_alpha_min': 0.016994476318359375, 'gate3_alpha_max': 0.983154296875, 'gate3_alpha_std': 0.15485458076000214, 'gate3_alpha_p10': 0.095001220703125, 'gate3_alpha_p50': 0.2510986328125, 'gate3_alpha_p90': 0.485107421875, 'block0_attn_entropy': 7.200722694396973, 'block1_attn_entropy': 7.427623748779297}
[step 4260/5000] loss=1.9448 lr=1.945e-05 grad_norm=1.885 samples/s=76.76
[step 4270/5000] loss=1.5490 lr=1.901e-05 grad_norm=3.018 samples/s=76.87
[step 4280/5000] loss=2.4654 lr=1.859e-05 grad_norm=2.159 samples/s=76.87
[step 4290/5000] loss=1.8833 lr=1.816e-05 grad_norm=2.489 samples/s=76.88
[step 4300/5000] loss=2.1926 lr=1.775e-05 grad_norm=2.590 samples/s=76.82
[step 4310/5000] loss=2.0826 lr=1.734e-05 grad_norm=2.656 samples/s=76.81
[step 4320/5000] loss=2.1012 lr=1.693e-05 grad_norm=2.727 samples/s=76.80
[step 4330/5000] loss=1.9750 lr=1.653e-05 grad_norm=3.425 samples/s=76.81
[step 4340/5000] loss=1.6072 lr=1.614e-05 grad_norm=2.324 samples/s=76.79
[step 4350/5000] loss=1.8270 lr=1.575e-05 grad_norm=2.335 samples/s=76.76
[step 4360/5000] loss=1.4808 lr=1.537e-05 grad_norm=2.726 samples/s=76.75
[step 4370/5000] loss=1.8227 lr=1.499e-05 grad_norm=1.999 samples/s=76.73
[step 4380/5000] loss=1.6463 lr=1.462e-05 grad_norm=2.846 samples/s=76.71
[step 4390/5000] loss=1.7321 lr=1.425e-05 grad_norm=2.469 samples/s=76.71
[step 4400/5000] loss=1.7301 lr=1.389e-05 grad_norm=2.614 samples/s=76.71
[step 4410/5000] loss=1.7773 lr=1.353e-05 grad_norm=2.325 samples/s=76.69
[step 4420/5000] loss=1.3862 lr=1.318e-05 grad_norm=2.254 samples/s=76.65
[step 4430/5000] loss=1.8607 lr=1.284e-05 grad_norm=2.390 samples/s=76.67
[step 4440/5000] loss=1.1880 lr=1.250e-05 grad_norm=2.147 samples/s=76.65
[step 4450/5000] loss=1.5772 lr=1.217e-05 grad_norm=1.973 samples/s=76.66
[step 4460/5000] loss=2.0490 lr=1.184e-05 grad_norm=2.770 samples/s=76.62
[step 4470/5000] loss=2.5518 lr=1.152e-05 grad_norm=2.743 samples/s=76.64
[step 4480/5000] loss=1.5086 lr=1.121e-05 grad_norm=2.173 samples/s=76.60
[step 4490/5000] loss=2.4636 lr=1.090e-05 grad_norm=2.572 samples/s=76.61
[step 4500/5000] loss=1.5594 lr=1.060e-05 grad_norm=2.648 samples/s=76.59
[val step 4500] loss=1.9333973865509033 m01={'mean': 0.40918478156784943, 'median': 0.40853668612566707, 'p95': 0.6777956876696545, 'tail_frac_gt4px': 0.00016377333770062233, 'n_matched': 12212} m02={'12-16': 0.9181084198385236, '16-32': 0.9538794138842182, '32-64': 0.9448595722751868, '64-128': 0.9424778761061947} m04={'accuracy': 0.6809695381591877, 'by_octave': {'12-16': 0.6017587939698492, '16-32': 0.6965499874087132, '32-64': 0.7406599400054541, '64-128': 0.6291079812206573}} diag={'gate3_alpha_mean': 0.27424097061157227, 'gate3_alpha_min': 0.016994476318359375, 'gate3_alpha_max': 0.983154296875, 'gate3_alpha_std': 0.15483321249485016, 'gate3_alpha_p10': 0.094940185546875, 'gate3_alpha_p50': 0.2509765625, 'gate3_alpha_p90': 0.48486328125, 'block0_attn_entropy': 7.200743198394775, 'block1_attn_entropy': 7.427569389343262}
[step 4510/5000] loss=2.0368 lr=1.030e-05 grad_norm=2.329 samples/s=76.71
[step 4520/5000] loss=1.5956 lr=1.001e-05 grad_norm=2.107 samples/s=76.83
[step 4530/5000] loss=1.5338 lr=9.720e-06 grad_norm=2.248 samples/s=76.83
[step 4540/5000] loss=1.9888 lr=9.439e-06 grad_norm=2.015 samples/s=76.83
[step 4550/5000] loss=2.6128 lr=9.165e-06 grad_norm=3.226 samples/s=76.82
[step 4560/5000] loss=1.2299 lr=8.896e-06 grad_norm=2.185 samples/s=76.83
[step 4570/5000] loss=1.5424 lr=8.634e-06 grad_norm=1.926 samples/s=76.82
[step 4580/5000] loss=2.3038 lr=8.377e-06 grad_norm=4.195 samples/s=76.76
[step 4590/5000] loss=1.7013 lr=8.126e-06 grad_norm=1.996 samples/s=76.76
[step 4600/5000] loss=2.9113 lr=7.881e-06 grad_norm=2.776 samples/s=76.72
[step 4610/5000] loss=1.9846 lr=7.642e-06 grad_norm=2.477 samples/s=76.75
[step 4620/5000] loss=2.0968 lr=7.409e-06 grad_norm=2.212 samples/s=76.74
[step 4630/5000] loss=1.8282 lr=7.181e-06 grad_norm=2.118 samples/s=76.75
[step 4640/5000] loss=1.9435 lr=6.960e-06 grad_norm=2.208 samples/s=76.74
[step 4650/5000] loss=1.4588 lr=6.744e-06 grad_norm=1.967 samples/s=76.72
[step 4660/5000] loss=1.2583 lr=6.535e-06 grad_norm=2.462 samples/s=76.70
[step 4670/5000] loss=2.4393 lr=6.331e-06 grad_norm=2.522 samples/s=76.67
[step 4680/5000] loss=1.4213 lr=6.134e-06 grad_norm=2.362 samples/s=76.68
[step 4690/5000] loss=1.8226 lr=5.942e-06 grad_norm=2.382 samples/s=76.66
[step 4700/5000] loss=1.2932 lr=5.757e-06 grad_norm=2.699 samples/s=76.67
[step 4710/5000] loss=1.7377 lr=5.577e-06 grad_norm=2.424 samples/s=76.61
[step 4720/5000] loss=2.1631 lr=5.403e-06 grad_norm=2.309 samples/s=76.62
[step 4730/5000] loss=1.6266 lr=5.236e-06 grad_norm=2.912 samples/s=76.55
[step 4740/5000] loss=1.7167 lr=5.074e-06 grad_norm=2.265 samples/s=76.55
[step 4750/5000] loss=2.3959 lr=4.919e-06 grad_norm=2.484 samples/s=76.51
[val step 4750] loss=1.9325010776519775 m01={'mean': 0.409410028207714, 'median': 0.40856383849679545, 'p95': 0.6779322859830956, 'tail_frac_gt4px': 0.00016378674965195316, 'n_matched': 12211} m02={'12-16': 0.9175317185697809, '16-32': 0.9541196252702379, '32-64': 0.9448595722751868, '64-128': 0.9421618204804045} m04={'accuracy': 0.681762345426255, 'by_octave': {'12-16': 0.6027655562539284, '16-32': 0.697129909365559, '32-64': 0.7406599400054541, '64-128': 0.6309963099630996}} diag={'gate3_alpha_mean': 0.27418622374534607, 'gate3_alpha_min': 0.016994476318359375, 'gate3_alpha_max': 0.983154296875, 'gate3_alpha_std': 0.15482653677463531, 'gate3_alpha_p10': 0.09493980556726456, 'gate3_alpha_p50': 0.25079345703125, 'gate3_alpha_p90': 0.48486900329589844, 'block0_attn_entropy': 7.200747013092041, 'block1_attn_entropy': 7.427576541900635}
[step 4760/5000] loss=1.8126 lr=4.769e-06 grad_norm=1.974 samples/s=76.59
[step 4770/5000] loss=1.4748 lr=4.626e-06 grad_norm=2.354 samples/s=76.66
[step 4780/5000] loss=2.1887 lr=4.488e-06 grad_norm=2.583 samples/s=76.69
[step 4790/5000] loss=2.0760 lr=4.357e-06 grad_norm=2.629 samples/s=76.68
[step 4800/5000] loss=1.6101 lr=4.231e-06 grad_norm=2.529 samples/s=76.68
[step 4810/5000] loss=1.7129 lr=4.112e-06 grad_norm=2.295 samples/s=76.63
[step 4820/5000] loss=2.1126 lr=3.999e-06 grad_norm=2.898 samples/s=76.63
[step 4830/5000] loss=1.9395 lr=3.892e-06 grad_norm=2.487 samples/s=76.62
[step 4840/5000] loss=1.7432 lr=3.790e-06 grad_norm=2.427 samples/s=76.64
[step 4850/5000] loss=1.4385 lr=3.695e-06 grad_norm=2.143 samples/s=76.59
[step 4860/5000] loss=1.7086 lr=3.606e-06 grad_norm=2.422 samples/s=76.59
[step 4870/5000] loss=1.2988 lr=3.523e-06 grad_norm=1.643 samples/s=76.57
[step 4880/5000] loss=1.5398 lr=3.447e-06 grad_norm=2.007 samples/s=76.57
[step 4890/5000] loss=2.5517 lr=3.376e-06 grad_norm=2.855 samples/s=76.54
[step 4900/5000] loss=1.7692 lr=3.311e-06 grad_norm=2.409 samples/s=76.57
[step 4910/5000] loss=1.6843 lr=3.253e-06 grad_norm=2.155 samples/s=76.54
[step 4920/5000] loss=1.6405 lr=3.200e-06 grad_norm=2.574 samples/s=76.55
[step 4930/5000] loss=2.1356 lr=3.154e-06 grad_norm=2.661 samples/s=76.49
[step 4940/5000] loss=1.9146 lr=3.114e-06 grad_norm=2.492 samples/s=76.49
[step 4950/5000] loss=1.7852 lr=3.079e-06 grad_norm=2.452 samples/s=76.43
[step 4960/5000] loss=1.3708 lr=3.051e-06 grad_norm=2.292 samples/s=76.43
[step 4970/5000] loss=1.7492 lr=3.029e-06 grad_norm=2.316 samples/s=76.40
[step 4980/5000] loss=1.9007 lr=3.013e-06 grad_norm=2.167 samples/s=76.42
[step 4990/5000] loss=1.3674 lr=3.004e-06 grad_norm=1.830 samples/s=76.41
[step 5000/5000] loss=2.2011 lr=3.000e-06 grad_norm=2.686 samples/s=76.42
[val step 5000] loss=1.9320321407318115 m01={'mean': 0.4094476241658747, 'median': 0.40858137532990735, 'p95': 0.6780706521004048, 'tail_frac_gt4px': 0.0001637465203864418, 'n_matched': 12214} m02={'12-16': 0.9181084198385236, '16-32': 0.9541196252702379, '32-64': 0.9448595722751868, '64-128': 0.9427939317319848} m04={'accuracy': 0.6815130178483707, 'by_octave': {'12-16': 0.6005025125628141, '16-32': 0.697129909365559, '32-64': 0.7412053449686392, '64-128': 0.6305732484076433}} diag={'gate3_alpha_mean': 0.27422571182250977, 'gate3_alpha_min': 0.016994476318359375, 'gate3_alpha_max': 0.983154296875, 'gate3_alpha_std': 0.1548365205526352, 'gate3_alpha_p10': 0.094940185546875, 'gate3_alpha_p50': 0.25091552734375, 'gate3_alpha_p90': 0.4849853515625, 'block0_attn_entropy': 7.200745582580566, 'block1_attn_entropy': 7.427501678466797}
[FULL val step 5000] loss=1.843288150024414 m01={'mean': 0.40665587604752235, 'median': 0.40639025409539653, 'p95': 0.6753204099820151, 'tail_frac_gt4px': 4.837929366231253e-05, 'n_matched': 124020} m02={'12-16': 0.9199977480013511, '16-32': 0.9399654102205691, '32-64': 0.9549782890226252, '64-128': 0.957776657423746} m04={'accuracy': 0.6932591517497178, 'by_octave': {'12-16': 0.650572180405116, '16-32': 0.6950220541902962, '32-64': 0.7437247394171453, '64-128': 0.6514672983287275}}
[train_detector] wrote checkpoint runs/ft03_head_bneck_lr0p01_hm_lr0p1/ckpt_0005000.pt
[train_detector] done: step=5000 train_elapsed=2093.8s val_elapsed=509.8s samples/s=76.42
