[train_detector] finetune from runs/rel_w882_c2_100k_rev6/ckpt_0100000.pt (step 100000): 658,801 of 882,402 params trainable, lr_mult={'cls.*': 1.0, 'blocks.*': 1.0, 'norm.*': 1.0, 'e4.*': 1.0, 'hm.*': 1.0}, reinit=[]
[train_detector] stream_seed=2100000 resume_count=0 start_step=0
[step 1/5000] loss=5.9729 lr=0.000e+00 grad_norm=30.605 samples/s=6.90
[step 2/5000] loss=6.1331 lr=3.000e-06 grad_norm=27.433 samples/s=13.47
[step 3/5000] loss=6.5544 lr=6.000e-06 grad_norm=24.388 samples/s=19.74
[step 4/5000] loss=6.1926 lr=9.000e-06 grad_norm=32.555 samples/s=25.74
[step 5/5000] loss=5.6960 lr=1.200e-05 grad_norm=24.243 samples/s=27.88
[step 6/5000] loss=5.1245 lr=1.500e-05 grad_norm=29.220 samples/s=32.83
[step 7/5000] loss=6.4976 lr=1.800e-05 grad_norm=26.213 samples/s=37.59
[step 8/5000] loss=5.5571 lr=2.100e-05 grad_norm=26.506 samples/s=42.18
[step 9/5000] loss=6.7348 lr=2.400e-05 grad_norm=27.133 samples/s=36.54
[step 10/5000] loss=6.1331 lr=2.700e-05 grad_norm=23.641 samples/s=40.04
[step 20/5000] loss=4.0800 lr=5.700e-05 grad_norm=15.706 samples/s=51.90
[step 30/5000] loss=2.6201 lr=8.700e-05 grad_norm=5.666 samples/s=56.14
[step 40/5000] loss=2.3218 lr=1.170e-04 grad_norm=2.358 samples/s=59.37
[step 50/5000] loss=2.7930 lr=1.470e-04 grad_norm=3.136 samples/s=59.05
[step 60/5000] loss=2.6963 lr=1.770e-04 grad_norm=2.584 samples/s=61.98
[step 70/5000] loss=2.0497 lr=2.070e-04 grad_norm=1.943 samples/s=61.90
[step 80/5000] loss=2.0786 lr=2.370e-04 grad_norm=1.936 samples/s=63.29
[step 90/5000] loss=2.4642 lr=2.670e-04 grad_norm=1.822 samples/s=64.65
[step 100/5000] loss=2.2166 lr=2.970e-04 grad_norm=1.638 samples/s=65.88
[step 110/5000] loss=1.9444 lr=3.000e-04 grad_norm=1.784 samples/s=66.25
[step 120/5000] loss=1.9403 lr=3.000e-04 grad_norm=2.637 samples/s=67.68
[step 130/5000] loss=1.7698 lr=3.000e-04 grad_norm=2.646 samples/s=68.00
[step 140/5000] loss=2.4232 lr=3.000e-04 grad_norm=3.558 samples/s=69.80
[step 150/5000] loss=1.9904 lr=2.999e-04 grad_norm=5.178 samples/s=69.09
[step 160/5000] loss=1.8204 lr=2.999e-04 grad_norm=3.082 samples/s=68.21
[step 170/5000] loss=2.0290 lr=2.999e-04 grad_norm=2.667 samples/s=66.29
[step 180/5000] loss=1.6550 lr=2.998e-04 grad_norm=5.282 samples/s=67.48
[step 190/5000] loss=1.5100 lr=2.998e-04 grad_norm=3.275 samples/s=67.72
[step 200/5000] loss=2.2800 lr=2.997e-04 grad_norm=4.108 samples/s=68.78
[step 210/5000] loss=2.2535 lr=2.996e-04 grad_norm=7.764 samples/s=69.21
[step 220/5000] loss=1.1625 lr=2.996e-04 grad_norm=3.852 samples/s=69.99
[step 230/5000] loss=1.9169 lr=2.995e-04 grad_norm=4.272 samples/s=69.52
[step 240/5000] loss=1.0513 lr=2.994e-04 grad_norm=3.107 samples/s=70.40
[step 250/5000] loss=1.5333 lr=2.993e-04 grad_norm=4.350 samples/s=69.72
[val step 250] loss=1.8493545513153076 m01={'mean': 0.4085176005024139, 'median': 0.4087841254202532, 'p95': 0.6768799170634248, 'tail_frac_gt4px': 8.202099737532808e-05, 'n_matched': 12192} m02={'12-16': 0.9117647058823529, '16-32': 0.9529185683401393, '32-64': 0.9435712445246071, '64-128': 0.9424778761061947} m04={'accuracy': 0.7039041994750657, 'by_octave': {'12-16': 0.3801391524351676, '16-32': 0.6266700277287622, '32-64': 0.84598580010923, '64-128': 0.8038229376257545}} diag={'gate3_alpha_mean': 0.25418737530708313, 'gate3_alpha_min': 0.017017364501953125, 'gate3_alpha_max': 0.93310546875, 'gate3_alpha_std': 0.13884831964969635, 'gate3_alpha_p10': 0.092987060546875, 'gate3_alpha_p50': 0.23297119140625, 'gate3_alpha_p90': 0.4468412399291992, 'block0_attn_entropy': 7.226494312286377, 'block1_attn_entropy': 7.4257001876831055}
[step 260/5000] loss=1.7587 lr=2.992e-04 grad_norm=5.396 samples/s=71.70
[step 270/5000] loss=1.7699 lr=2.991e-04 grad_norm=6.643 samples/s=73.52
[step 280/5000] loss=1.9233 lr=2.990e-04 grad_norm=3.596 samples/s=72.68
[step 290/5000] loss=1.1002 lr=2.989e-04 grad_norm=2.669 samples/s=73.12
[step 300/5000] loss=1.8385 lr=2.988e-04 grad_norm=5.082 samples/s=73.02
[step 310/5000] loss=1.4572 lr=2.987e-04 grad_norm=3.757 samples/s=73.49
[step 320/5000] loss=1.0385 lr=2.985e-04 grad_norm=3.707 samples/s=72.99
[step 330/5000] loss=1.5164 lr=2.984e-04 grad_norm=3.695 samples/s=73.12
[step 340/5000] loss=1.3800 lr=2.983e-04 grad_norm=4.421 samples/s=72.86
[step 350/5000] loss=1.6197 lr=2.981e-04 grad_norm=3.661 samples/s=73.25
[step 360/5000] loss=0.9037 lr=2.980e-04 grad_norm=3.949 samples/s=73.03
[step 370/5000] loss=1.0429 lr=2.978e-04 grad_norm=1.908 samples/s=73.09
[step 380/5000] loss=1.0597 lr=2.976e-04 grad_norm=2.756 samples/s=73.06
[step 390/5000] loss=1.3023 lr=2.975e-04 grad_norm=2.782 samples/s=72.37
[step 400/5000] loss=1.2013 lr=2.973e-04 grad_norm=5.250 samples/s=72.24
[step 410/5000] loss=1.5092 lr=2.971e-04 grad_norm=3.386 samples/s=71.80
[step 420/5000] loss=1.0837 lr=2.969e-04 grad_norm=5.686 samples/s=72.49
[step 430/5000] loss=1.3190 lr=2.967e-04 grad_norm=3.827 samples/s=72.98
[step 440/5000] loss=2.0319 lr=2.965e-04 grad_norm=5.682 samples/s=73.52
[step 450/5000] loss=1.9905 lr=2.963e-04 grad_norm=5.659 samples/s=73.33
[step 460/5000] loss=1.4850 lr=2.961e-04 grad_norm=4.002 samples/s=73.62
[step 470/5000] loss=2.1250 lr=2.959e-04 grad_norm=3.858 samples/s=73.44
[step 480/5000] loss=0.8089 lr=2.956e-04 grad_norm=4.294 samples/s=73.73
[step 490/5000] loss=1.0324 lr=2.954e-04 grad_norm=6.574 samples/s=73.33
[step 500/5000] loss=0.9655 lr=2.952e-04 grad_norm=3.718 samples/s=73.67
[val step 500] loss=1.4319382529258728 m01={'mean': 0.4095193564873111, 'median': 0.4091446859256872, 'p95': 0.6790820102171751, 'tail_frac_gt4px': 8.201427048306405e-05, 'n_matched': 12193} m02={'12-16': 0.9117647058823529, '16-32': 0.9524381455680999, '32-64': 0.943828910074723, '64-128': 0.943109987357775} m04={'accuracy': 0.9074058886246207, 'by_octave': {'12-16': 0.7166350411132195, '16-32': 0.9261034047919294, '32-64': 0.9552279552279552, '64-128': 0.9249329758713136}} diag={'gate3_alpha_mean': 0.26289746165275574, 'gate3_alpha_min': 0.01711273193359375, 'gate3_alpha_max': 0.958251953125, 'gate3_alpha_std': 0.14359335601329803, 'gate3_alpha_p10': 0.0933837890625, 'gate3_alpha_p50': 0.2427978515625, 'gate3_alpha_p90': 0.4560546875, 'block0_attn_entropy': 7.209813117980957, 'block1_attn_entropy': 7.30745792388916}
[step 510/5000] loss=1.4864 lr=2.949e-04 grad_norm=7.952 samples/s=74.67
[step 520/5000] loss=0.8792 lr=2.947e-04 grad_norm=1.311 samples/s=75.68
[step 530/5000] loss=1.0889 lr=2.944e-04 grad_norm=3.353 samples/s=75.47
[step 540/5000] loss=1.7861 lr=2.942e-04 grad_norm=3.904 samples/s=75.25
[step 550/5000] loss=1.6010 lr=2.939e-04 grad_norm=5.226 samples/s=75.27
[step 560/5000] loss=0.9758 lr=2.936e-04 grad_norm=2.454 samples/s=75.04
[step 570/5000] loss=1.2104 lr=2.933e-04 grad_norm=3.506 samples/s=75.16
[step 580/5000] loss=1.0349 lr=2.931e-04 grad_norm=4.065 samples/s=75.02
[step 590/5000] loss=0.7362 lr=2.928e-04 grad_norm=3.622 samples/s=75.21
[step 600/5000] loss=1.0150 lr=2.925e-04 grad_norm=4.067 samples/s=75.06
[step 610/5000] loss=1.3075 lr=2.922e-04 grad_norm=3.117 samples/s=75.30
[step 620/5000] loss=1.9276 lr=2.919e-04 grad_norm=3.214 samples/s=74.99
[step 630/5000] loss=0.9419 lr=2.915e-04 grad_norm=2.493 samples/s=75.32
[step 640/5000] loss=1.3661 lr=2.912e-04 grad_norm=3.174 samples/s=75.25
[step 650/5000] loss=1.4452 lr=2.909e-04 grad_norm=3.115 samples/s=75.11
[step 660/5000] loss=1.1895 lr=2.906e-04 grad_norm=4.337 samples/s=74.90
[step 670/5000] loss=2.2813 lr=2.902e-04 grad_norm=6.092 samples/s=74.93
[step 680/5000] loss=1.2351 lr=2.899e-04 grad_norm=3.069 samples/s=74.87
[step 690/5000] loss=1.6394 lr=2.895e-04 grad_norm=2.128 samples/s=75.05
[step 700/5000] loss=1.0419 lr=2.892e-04 grad_norm=1.626 samples/s=74.86
[step 710/5000] loss=1.2107 lr=2.888e-04 grad_norm=3.422 samples/s=74.89
[step 720/5000] loss=1.2129 lr=2.885e-04 grad_norm=2.354 samples/s=74.98
[step 730/5000] loss=0.7540 lr=2.881e-04 grad_norm=2.831 samples/s=74.79
[step 740/5000] loss=0.7817 lr=2.877e-04 grad_norm=4.594 samples/s=75.04
[step 750/5000] loss=1.3344 lr=2.873e-04 grad_norm=2.678 samples/s=75.19
[val step 750] loss=1.360069137096405 m01={'mean': 0.40958375436671585, 'median': 0.40923209098256996, 'p95': 0.6790352862569639, 'tail_frac_gt4px': 0.00016406890894175554, 'n_matched': 12190} m02={'12-16': 0.9123414071510957, '16-32': 0.9519577227960605, '32-64': 0.9443442411749549, '64-128': 0.9418457648546145} m04={'accuracy': 0.9361771944216571, 'by_octave': {'12-16': 0.7926675094816688, '16-32': 0.9558415341912693, '32-64': 0.9708049113233288, '64-128': 0.9436241610738255}} diag={'gate3_alpha_mean': 0.2612147331237793, 'gate3_alpha_min': 0.0153656005859375, 'gate3_alpha_max': 0.976806640625, 'gate3_alpha_std': 0.14947393536567688, 'gate3_alpha_p10': 0.08897247910499573, 'gate3_alpha_p50': 0.236572265625, 'gate3_alpha_p90': 0.4634733200073242, 'block0_attn_entropy': 7.214023590087891, 'block1_attn_entropy': 7.300869464874268}
[step 760/5000] loss=1.3896 lr=2.869e-04 grad_norm=3.741 samples/s=75.87
[step 770/5000] loss=1.0783 lr=2.865e-04 grad_norm=2.375 samples/s=76.55
[step 780/5000] loss=1.1762 lr=2.861e-04 grad_norm=2.209 samples/s=76.86
[step 790/5000] loss=2.0160 lr=2.857e-04 grad_norm=3.891 samples/s=77.25
[step 800/5000] loss=1.2520 lr=2.853e-04 grad_norm=3.133 samples/s=77.28
[step 810/5000] loss=2.1634 lr=2.849e-04 grad_norm=2.731 samples/s=77.26
[step 820/5000] loss=0.8556 lr=2.845e-04 grad_norm=2.227 samples/s=77.10
[step 830/5000] loss=0.8105 lr=2.841e-04 grad_norm=2.345 samples/s=77.18
[step 840/5000] loss=0.9106 lr=2.836e-04 grad_norm=4.876 samples/s=77.23
[step 850/5000] loss=1.6445 lr=2.832e-04 grad_norm=1.730 samples/s=77.22
[step 860/5000] loss=1.2853 lr=2.828e-04 grad_norm=4.497 samples/s=77.15
[step 870/5000] loss=1.6066 lr=2.823e-04 grad_norm=2.681 samples/s=77.23
[step 880/5000] loss=1.7275 lr=2.819e-04 grad_norm=5.002 samples/s=77.02
[step 890/5000] loss=0.8530 lr=2.814e-04 grad_norm=2.235 samples/s=77.19
[step 900/5000] loss=0.8840 lr=2.809e-04 grad_norm=1.676 samples/s=77.01
[step 910/5000] loss=1.0399 lr=2.805e-04 grad_norm=10.186 samples/s=77.07
[step 920/5000] loss=1.5529 lr=2.800e-04 grad_norm=5.195 samples/s=76.93
[step 930/5000] loss=1.1457 lr=2.795e-04 grad_norm=2.042 samples/s=76.98
[step 940/5000] loss=0.9624 lr=2.790e-04 grad_norm=4.152 samples/s=76.74
[step 950/5000] loss=0.5381 lr=2.785e-04 grad_norm=1.930 samples/s=76.83
[step 960/5000] loss=2.0296 lr=2.780e-04 grad_norm=3.368 samples/s=76.67
[step 970/5000] loss=1.6501 lr=2.775e-04 grad_norm=3.303 samples/s=76.63
[step 980/5000] loss=1.4328 lr=2.770e-04 grad_norm=2.163 samples/s=76.49
[step 990/5000] loss=0.8385 lr=2.765e-04 grad_norm=1.602 samples/s=76.56
[step 1000/5000] loss=0.8509 lr=2.760e-04 grad_norm=2.364 samples/s=76.54
[val step 1000] loss=1.3252439179420472 m01={'mean': 0.4109921359109875, 'median': 0.40969696518224785, 'p95': 0.680099199764802, 'tail_frac_gt4px': 0.0002459822892751722, 'n_matched': 12196} m02={'12-16': 0.9152249134948097, '16-32': 0.9521979341820802, '32-64': 0.9446019067250708, '64-128': 0.9415297092288243} m04={'accuracy': 0.9480977369629386, 'by_octave': {'12-16': 0.8311279143037177, '16-32': 0.9629162462159435, '32-64': 0.9749045280960175, '64-128': 0.9577039274924471}} diag={'gate3_alpha_mean': 0.2726973593235016, 'gate3_alpha_min': 0.01531219482421875, 'gate3_alpha_max': 0.98291015625, 'gate3_alpha_std': 0.15949460864067078, 'gate3_alpha_p10': 0.087890625, 'gate3_alpha_p50': 0.246337890625, 'gate3_alpha_p90': 0.49207115173339844, 'block0_attn_entropy': 7.199245929718018, 'block1_attn_entropy': 7.2826972007751465}
[step 1010/5000] loss=1.3987 lr=2.755e-04 grad_norm=2.171 samples/s=77.02
[step 1020/5000] loss=1.6325 lr=2.750e-04 grad_norm=3.097 samples/s=77.50
[step 1030/5000] loss=2.1540 lr=2.744e-04 grad_norm=5.706 samples/s=77.31
[step 1040/5000] loss=1.1486 lr=2.739e-04 grad_norm=2.943 samples/s=77.38
[step 1050/5000] loss=1.5223 lr=2.734e-04 grad_norm=4.046 samples/s=77.47
[step 1060/5000] loss=1.0977 lr=2.728e-04 grad_norm=3.510 samples/s=77.70
[step 1070/5000] loss=0.9597 lr=2.723e-04 grad_norm=1.647 samples/s=77.54
[step 1080/5000] loss=0.8280 lr=2.717e-04 grad_norm=1.767 samples/s=77.61
[step 1090/5000] loss=0.9764 lr=2.711e-04 grad_norm=2.062 samples/s=77.57
[step 1100/5000] loss=1.4064 lr=2.706e-04 grad_norm=3.715 samples/s=77.75
[step 1110/5000] loss=2.1691 lr=2.700e-04 grad_norm=4.184 samples/s=77.65
[step 1120/5000] loss=0.5893 lr=2.694e-04 grad_norm=1.337 samples/s=77.75
[step 1130/5000] loss=0.8043 lr=2.688e-04 grad_norm=2.306 samples/s=77.44
[step 1140/5000] loss=0.8911 lr=2.683e-04 grad_norm=2.657 samples/s=77.46
[step 1150/5000] loss=0.9633 lr=2.677e-04 grad_norm=1.978 samples/s=77.36
[step 1160/5000] loss=0.5255 lr=2.671e-04 grad_norm=0.809 samples/s=77.34
[step 1170/5000] loss=1.6755 lr=2.665e-04 grad_norm=3.460 samples/s=77.27
[step 1180/5000] loss=1.1871 lr=2.659e-04 grad_norm=4.217 samples/s=77.29
[step 1190/5000] loss=0.7983 lr=2.653e-04 grad_norm=2.538 samples/s=77.19
[step 1200/5000] loss=1.8156 lr=2.646e-04 grad_norm=2.473 samples/s=77.33
[step 1210/5000] loss=1.2063 lr=2.640e-04 grad_norm=2.853 samples/s=77.17
[step 1220/5000] loss=0.7986 lr=2.634e-04 grad_norm=2.062 samples/s=77.20
[step 1230/5000] loss=0.6728 lr=2.628e-04 grad_norm=1.318 samples/s=77.08
[step 1240/5000] loss=1.4757 lr=2.621e-04 grad_norm=3.290 samples/s=77.14
[step 1250/5000] loss=1.4194 lr=2.615e-04 grad_norm=2.467 samples/s=77.09
[val step 1250] loss=1.2976110973358155 m01={'mean': 0.40910426664234356, 'median': 0.40910644898186665, 'p95': 0.6771654786958305, 'tail_frac_gt4px': 8.195377806916898e-05, 'n_matched': 12202} m02={'12-16': 0.9140715109573241, '16-32': 0.9529185683401393, '32-64': 0.9456325689255347, '64-128': 0.9418457648546145} m04={'accuracy': 0.9553351909523029, 'by_octave': {'12-16': 0.8618296529968454, '16-32': 0.9677338038820267, '32-64': 0.9776566757493188, '64-128': 0.9610738255033557}} diag={'gate3_alpha_mean': 0.26282480359077454, 'gate3_alpha_min': 0.013528823852539062, 'gate3_alpha_max': 0.98095703125, 'gate3_alpha_std': 0.15673445165157318, 'gate3_alpha_p10': 0.0830535888671875, 'gate3_alpha_p50': 0.2357177734375, 'gate3_alpha_p90': 0.4774169921875, 'block0_attn_entropy': 7.217174530029297, 'block1_attn_entropy': 7.229326248168945}
[step 1260/5000] loss=0.8201 lr=2.609e-04 grad_norm=2.627 samples/s=77.47
[step 1270/5000] loss=0.7802 lr=2.602e-04 grad_norm=1.636 samples/s=77.85
[step 1280/5000] loss=1.1886 lr=2.596e-04 grad_norm=5.073 samples/s=77.82
[step 1290/5000] loss=0.8470 lr=2.589e-04 grad_norm=1.863 samples/s=77.77
[step 1300/5000] loss=1.3120 lr=2.582e-04 grad_norm=3.502 samples/s=77.77
[step 1310/5000] loss=1.6168 lr=2.576e-04 grad_norm=2.701 samples/s=77.71
[step 1320/5000] loss=0.8597 lr=2.569e-04 grad_norm=2.529 samples/s=77.10
[step 1330/5000] loss=0.7240 lr=2.562e-04 grad_norm=1.900 samples/s=77.03
[step 1340/5000] loss=0.9136 lr=2.556e-04 grad_norm=1.871 samples/s=77.01
[step 1350/5000] loss=1.1684 lr=2.549e-04 grad_norm=2.361 samples/s=77.19
[step 1360/5000] loss=1.1457 lr=2.542e-04 grad_norm=2.628 samples/s=77.12
[step 1370/5000] loss=1.3317 lr=2.535e-04 grad_norm=4.043 samples/s=77.05
[step 1380/5000] loss=1.3036 lr=2.528e-04 grad_norm=1.837 samples/s=77.00
[step 1390/5000] loss=1.3209 lr=2.521e-04 grad_norm=1.962 samples/s=77.01
[step 1400/5000] loss=1.5041 lr=2.514e-04 grad_norm=4.673 samples/s=76.90
[step 1410/5000] loss=1.6510 lr=2.507e-04 grad_norm=2.965 samples/s=77.04
[step 1420/5000] loss=0.7320 lr=2.500e-04 grad_norm=2.308 samples/s=76.91
[step 1430/5000] loss=0.6659 lr=2.493e-04 grad_norm=2.173 samples/s=76.92
[step 1440/5000] loss=0.8847 lr=2.486e-04 grad_norm=2.735 samples/s=76.87
[step 1450/5000] loss=0.9985 lr=2.478e-04 grad_norm=1.278 samples/s=76.92
[step 1460/5000] loss=1.2966 lr=2.471e-04 grad_norm=2.507 samples/s=76.83
[step 1470/5000] loss=1.8524 lr=2.464e-04 grad_norm=2.939 samples/s=76.88
[step 1480/5000] loss=2.2002 lr=2.456e-04 grad_norm=5.181 samples/s=76.86
[step 1490/5000] loss=1.1907 lr=2.449e-04 grad_norm=1.378 samples/s=76.86
[step 1500/5000] loss=0.7903 lr=2.442e-04 grad_norm=1.699 samples/s=76.68
[val step 1500] loss=1.2785896010398865 m01={'mean': 0.4087209840342012, 'median': 0.4088288829314817, 'p95': 0.6776140081942165, 'tail_frac_gt4px': 8.196049504139005e-05, 'n_matched': 12201} m02={'12-16': 0.9140715109573241, '16-32': 0.9529185683401393, '32-64': 0.9458902344756506, '64-128': 0.9412136536030341} m04={'accuracy': 0.958200147528891, 'by_octave': {'12-16': 0.8618296529968454, '16-32': 0.96823796319637, '32-64': 0.9784799782075728, '64-128': 0.9711215580926796}} diag={'gate3_alpha_mean': 0.2631227672100067, 'gate3_alpha_min': 0.013448715209960938, 'gate3_alpha_max': 0.97705078125, 'gate3_alpha_std': 0.15622158348560333, 'gate3_alpha_p10': 0.08335800468921661, 'gate3_alpha_p50': 0.2374267578125, 'gate3_alpha_p90': 0.4755859375, 'block0_attn_entropy': 7.17545747756958, 'block1_attn_entropy': 7.277484893798828}
[step 1510/5000] loss=1.1077 lr=2.434e-04 grad_norm=1.909 samples/s=77.00
[step 1520/5000] loss=0.7813 lr=2.427e-04 grad_norm=2.659 samples/s=77.32
[step 1530/5000] loss=1.6681 lr=2.419e-04 grad_norm=2.849 samples/s=77.27
[step 1540/5000] loss=1.3298 lr=2.412e-04 grad_norm=1.792 samples/s=77.19
[step 1550/5000] loss=1.0861 lr=2.404e-04 grad_norm=2.302 samples/s=77.04
[step 1560/5000] loss=2.0655 lr=2.396e-04 grad_norm=2.562 samples/s=76.89
[step 1570/5000] loss=1.3925 lr=2.389e-04 grad_norm=2.880 samples/s=76.65
[step 1580/5000] loss=1.1254 lr=2.381e-04 grad_norm=2.824 samples/s=76.67
[step 1590/5000] loss=1.7351 lr=2.373e-04 grad_norm=2.724 samples/s=76.64
[step 1600/5000] loss=0.7953 lr=2.365e-04 grad_norm=1.867 samples/s=76.67
[step 1610/5000] loss=1.7162 lr=2.358e-04 grad_norm=2.801 samples/s=76.58
[step 1620/5000] loss=0.9263 lr=2.350e-04 grad_norm=1.991 samples/s=76.69
[step 1630/5000] loss=1.3885 lr=2.342e-04 grad_norm=2.704 samples/s=76.76
[step 1640/5000] loss=1.3947 lr=2.334e-04 grad_norm=2.620 samples/s=76.62
[step 1650/5000] loss=0.9894 lr=2.326e-04 grad_norm=4.027 samples/s=76.65
[step 1660/5000] loss=0.8248 lr=2.318e-04 grad_norm=1.077 samples/s=76.53
[step 1670/5000] loss=1.6378 lr=2.310e-04 grad_norm=2.445 samples/s=76.53
[step 1680/5000] loss=1.1055 lr=2.302e-04 grad_norm=3.032 samples/s=76.43
[step 1690/5000] loss=0.6742 lr=2.294e-04 grad_norm=2.380 samples/s=76.46
[step 1700/5000] loss=1.3124 lr=2.286e-04 grad_norm=2.381 samples/s=76.37
[step 1710/5000] loss=1.4844 lr=2.277e-04 grad_norm=3.532 samples/s=76.43
[step 1720/5000] loss=1.2860 lr=2.269e-04 grad_norm=2.656 samples/s=76.38
[step 1730/5000] loss=0.4904 lr=2.261e-04 grad_norm=1.568 samples/s=76.38
[step 1740/5000] loss=1.1635 lr=2.253e-04 grad_norm=3.037 samples/s=76.32
[step 1750/5000] loss=0.7321 lr=2.245e-04 grad_norm=1.450 samples/s=76.35
[val step 1750] loss=1.2691062788963319 m01={'mean': 0.40922897964730937, 'median': 0.4088288829314817, 'p95': 0.6783383714143709, 'tail_frac_gt4px': 0.00016397474788882511, 'n_matched': 12197} m02={'12-16': 0.9152249134948097, '16-32': 0.9521979341820802, '32-64': 0.9453749033754187, '64-128': 0.940897597977244} m04={'accuracy': 0.9618758711158482, 'by_octave': {'12-16': 0.870825456836799, '16-32': 0.9727547931382442, '32-64': 0.9795584627964022, '64-128': 0.9741350352704065}} diag={'gate3_alpha_mean': 0.2729375660419464, 'gate3_alpha_min': 0.015964508056640625, 'gate3_alpha_max': 0.989013671875, 'gate3_alpha_std': 0.16067545115947723, 'gate3_alpha_p10': 0.08807373046875, 'gate3_alpha_p50': 0.245849609375, 'gate3_alpha_p90': 0.4892578125, 'block0_attn_entropy': 7.235595703125, 'block1_attn_entropy': 7.152120113372803}
[step 1760/5000] loss=0.9138 lr=2.236e-04 grad_norm=4.039 samples/s=76.64
[step 1770/5000] loss=1.2084 lr=2.228e-04 grad_norm=2.403 samples/s=76.90
[step 1780/5000] loss=0.9414 lr=2.220e-04 grad_norm=1.930 samples/s=76.86
[step 1790/5000] loss=1.2785 lr=2.211e-04 grad_norm=2.411 samples/s=76.84
[step 1800/5000] loss=1.1953 lr=2.203e-04 grad_norm=2.484 samples/s=76.68
[step 1810/5000] loss=1.5530 lr=2.194e-04 grad_norm=1.619 samples/s=76.67
[step 1820/5000] loss=1.1862 lr=2.186e-04 grad_norm=2.410 samples/s=76.63
[step 1830/5000] loss=1.1316 lr=2.177e-04 grad_norm=1.980 samples/s=76.68
[step 1840/5000] loss=1.0888 lr=2.169e-04 grad_norm=1.709 samples/s=76.62
[step 1850/5000] loss=1.3456 lr=2.160e-04 grad_norm=3.099 samples/s=76.67
[step 1860/5000] loss=0.9533 lr=2.152e-04 grad_norm=1.890 samples/s=76.58
[step 1870/5000] loss=0.6428 lr=2.143e-04 grad_norm=2.528 samples/s=76.68
[step 1880/5000] loss=1.0500 lr=2.134e-04 grad_norm=1.759 samples/s=76.54
[step 1890/5000] loss=2.5622 lr=2.126e-04 grad_norm=6.227 samples/s=76.60
[step 1900/5000] loss=1.7451 lr=2.117e-04 grad_norm=2.571 samples/s=76.53
[step 1910/5000] loss=0.6847 lr=2.108e-04 grad_norm=1.378 samples/s=76.58
[step 1920/5000] loss=1.0961 lr=2.100e-04 grad_norm=3.264 samples/s=76.55
[step 1930/5000] loss=1.2069 lr=2.091e-04 grad_norm=2.110 samples/s=76.54
[step 1940/5000] loss=1.1487 lr=2.082e-04 grad_norm=2.479 samples/s=76.46
[step 1950/5000] loss=1.2607 lr=2.073e-04 grad_norm=3.109 samples/s=76.50
[step 1960/5000] loss=1.3004 lr=2.064e-04 grad_norm=3.095 samples/s=76.42
[step 1970/5000] loss=1.0610 lr=2.055e-04 grad_norm=2.267 samples/s=76.44
[step 1980/5000] loss=1.2368 lr=2.047e-04 grad_norm=1.570 samples/s=76.35
[step 1990/5000] loss=1.1517 lr=2.038e-04 grad_norm=2.994 samples/s=76.32
[step 2000/5000] loss=1.0007 lr=2.029e-04 grad_norm=2.779 samples/s=76.16
[val step 2000] loss=1.2623281230926513 m01={'mean': 0.4087810186151209, 'median': 0.4087841254202532, 'p95': 0.6771246986031898, 'tail_frac_gt4px': 0.00016398819285011479, 'n_matched': 12196} m02={'12-16': 0.9158016147635525, '16-32': 0.9524381455680999, '32-64': 0.9448595722751868, '64-128': 0.9405815423514539} m04={'accuracy': 0.9676943260085273, 'by_octave': {'12-16': 0.8872795969773299, '16-32': 0.9783102143757881, '32-64': 0.9811835287701118, '64-128': 0.9798387096774194}} diag={'gate3_alpha_mean': 0.28331804275512695, 'gate3_alpha_min': 0.017000198364257812, 'gate3_alpha_max': 0.979248046875, 'gate3_alpha_std': 0.16125430166721344, 'gate3_alpha_p10': 0.0937347412109375, 'gate3_alpha_p50': 0.25689697265625, 'gate3_alpha_p90': 0.505859375, 'block0_attn_entropy': 7.225479602813721, 'block1_attn_entropy': 7.134077548980713}
[step 2010/5000] loss=1.2495 lr=2.020e-04 grad_norm=2.209 samples/s=76.40
[step 2020/5000] loss=0.5797 lr=2.011e-04 grad_norm=1.541 samples/s=76.67
[step 2030/5000] loss=1.0773 lr=2.002e-04 grad_norm=2.028 samples/s=76.59
[step 2040/5000] loss=0.6378 lr=1.993e-04 grad_norm=1.702 samples/s=76.50
[step 2050/5000] loss=1.8370 lr=1.984e-04 grad_norm=2.854 samples/s=76.31
[step 2060/5000] loss=1.5057 lr=1.975e-04 grad_norm=4.726 samples/s=76.24
[step 2070/5000] loss=0.7799 lr=1.966e-04 grad_norm=1.023 samples/s=76.21
[step 2080/5000] loss=1.6892 lr=1.957e-04 grad_norm=5.072 samples/s=76.24
[step 2090/5000] loss=1.3220 lr=1.948e-04 grad_norm=2.090 samples/s=76.19
[step 2100/5000] loss=1.2904 lr=1.938e-04 grad_norm=2.364 samples/s=76.23
[step 2110/5000] loss=2.1962 lr=1.929e-04 grad_norm=3.680 samples/s=76.18
[step 2120/5000] loss=1.1718 lr=1.920e-04 grad_norm=2.289 samples/s=76.21
[step 2130/5000] loss=1.1854 lr=1.911e-04 grad_norm=2.681 samples/s=76.11
[step 2140/5000] loss=1.8643 lr=1.902e-04 grad_norm=2.422 samples/s=76.19
[step 2150/5000] loss=1.2405 lr=1.893e-04 grad_norm=1.397 samples/s=76.06
[step 2160/5000] loss=0.7918 lr=1.883e-04 grad_norm=1.460 samples/s=76.12
[step 2170/5000] loss=0.7078 lr=1.874e-04 grad_norm=1.294 samples/s=76.03
[step 2180/5000] loss=1.6615 lr=1.865e-04 grad_norm=3.345 samples/s=76.07
[step 2190/5000] loss=1.0267 lr=1.856e-04 grad_norm=1.637 samples/s=75.99
[step 2200/5000] loss=2.2255 lr=1.846e-04 grad_norm=3.050 samples/s=76.03
[step 2210/5000] loss=1.9018 lr=1.837e-04 grad_norm=4.115 samples/s=76.01
[step 2220/5000] loss=0.7830 lr=1.828e-04 grad_norm=1.481 samples/s=76.08
[step 2230/5000] loss=1.3492 lr=1.818e-04 grad_norm=1.571 samples/s=76.03
[step 2240/5000] loss=1.3220 lr=1.809e-04 grad_norm=1.781 samples/s=76.07
[step 2250/5000] loss=1.6202 lr=1.800e-04 grad_norm=3.795 samples/s=76.00
[val step 2250] loss=1.254961766242981 m01={'mean': 0.40914657803947146, 'median': 0.40874247641102684, 'p95': 0.6777732606804046, 'tail_frac_gt4px': 0.00016390755613833797, 'n_matched': 12202} m02={'12-16': 0.9158016147635525, '16-32': 0.9533989911121787, '32-64': 0.9448595722751868, '64-128': 0.9412136536030341} m04={'accuracy': 0.9668906736600558, 'by_octave': {'12-16': 0.8879093198992444, '16-32': 0.9770723104056437, '32-64': 0.9825470411780747, '64-128': 0.9761584956346542}} diag={'gate3_alpha_mean': 0.2751198709011078, 'gate3_alpha_min': 0.016096115112304688, 'gate3_alpha_max': 0.986083984375, 'gate3_alpha_std': 0.15861912071704865, 'gate3_alpha_p10': 0.089385986328125, 'gate3_alpha_p50': 0.250244140625, 'gate3_alpha_p90': 0.489501953125, 'block0_attn_entropy': 7.244147300720215, 'block1_attn_entropy': 7.196749687194824}
[step 2260/5000] loss=0.9848 lr=1.790e-04 grad_norm=1.679 samples/s=76.21
[step 2270/5000] loss=0.8913 lr=1.781e-04 grad_norm=1.822 samples/s=76.44
[step 2280/5000] loss=1.0380 lr=1.772e-04 grad_norm=1.965 samples/s=76.13
[step 2290/5000] loss=1.7335 lr=1.762e-04 grad_norm=2.664 samples/s=76.07
[step 2300/5000] loss=1.3878 lr=1.753e-04 grad_norm=2.217 samples/s=76.00
[step 2310/5000] loss=1.1829 lr=1.744e-04 grad_norm=2.110 samples/s=76.06
[step 2320/5000] loss=0.8989 lr=1.734e-04 grad_norm=1.882 samples/s=76.01
[step 2330/5000] loss=0.9409 lr=1.725e-04 grad_norm=2.103 samples/s=76.06
[step 2340/5000] loss=1.1957 lr=1.715e-04 grad_norm=4.072 samples/s=75.97
[step 2350/5000] loss=1.3634 lr=1.706e-04 grad_norm=2.469 samples/s=75.99
[step 2360/5000] loss=1.2458 lr=1.696e-04 grad_norm=1.811 samples/s=75.92
[step 2370/5000] loss=1.0528 lr=1.687e-04 grad_norm=1.319 samples/s=75.99
[step 2380/5000] loss=1.2277 lr=1.677e-04 grad_norm=1.407 samples/s=75.93
[step 2390/5000] loss=1.8496 lr=1.668e-04 grad_norm=3.241 samples/s=75.94
[step 2400/5000] loss=1.5870 lr=1.659e-04 grad_norm=3.518 samples/s=75.89
[step 2410/5000] loss=1.1520 lr=1.649e-04 grad_norm=1.876 samples/s=75.93
[step 2420/5000] loss=1.6983 lr=1.640e-04 grad_norm=2.840 samples/s=75.89
[step 2430/5000] loss=0.9800 lr=1.630e-04 grad_norm=1.678 samples/s=75.91
[step 2440/5000] loss=0.8791 lr=1.621e-04 grad_norm=1.237 samples/s=75.82
[step 2450/5000] loss=1.5046 lr=1.611e-04 grad_norm=3.136 samples/s=75.81
[step 2460/5000] loss=0.8496 lr=1.602e-04 grad_norm=1.602 samples/s=75.73
[step 2470/5000] loss=1.0499 lr=1.592e-04 grad_norm=2.546 samples/s=75.80
[step 2480/5000] loss=1.0738 lr=1.583e-04 grad_norm=2.283 samples/s=75.75
[step 2490/5000] loss=1.5512 lr=1.573e-04 grad_norm=4.751 samples/s=75.75
[step 2500/5000] loss=0.8742 lr=1.564e-04 grad_norm=1.993 samples/s=75.71
[val step 2500] loss=1.2503678283691406 m01={'mean': 0.4088602511037511, 'median': 0.4090977858129305, 'p95': 0.6783076094444601, 'tail_frac_gt4px': 8.202099737532808e-05, 'n_matched': 12192} m02={'12-16': 0.9140715109573241, '16-32': 0.9512370886380015, '32-64': 0.9453749033754187, '64-128': 0.9412136536030341} m04={'accuracy': 0.9701443569553806, 'by_octave': {'12-16': 0.8914826498422713, '16-32': 0.979040404040404, '32-64': 0.9833742164077405, '64-128': 0.9838817998656817}} diag={'gate3_alpha_mean': 0.27789318561553955, 'gate3_alpha_min': 0.015600204467773438, 'gate3_alpha_max': 0.986328125, 'gate3_alpha_std': 0.16158463060855865, 'gate3_alpha_p10': 0.08837890625, 'gate3_alpha_p50': 0.25067138671875, 'gate3_alpha_p90': 0.4962158203125, 'block0_attn_entropy': 7.294007301330566, 'block1_attn_entropy': 7.251534938812256}
[step 2510/5000] loss=0.8390 lr=1.554e-04 grad_norm=1.287 samples/s=75.93
[step 2520/5000] loss=0.7942 lr=1.545e-04 grad_norm=1.705 samples/s=76.03
[step 2530/5000] loss=0.9036 lr=1.535e-04 grad_norm=3.327 samples/s=75.91
[step 2540/5000] loss=1.6970 lr=1.525e-04 grad_norm=4.397 samples/s=75.93
[step 2550/5000] loss=0.8896 lr=1.516e-04 grad_norm=2.227 samples/s=75.95
[step 2560/5000] loss=0.7446 lr=1.506e-04 grad_norm=2.361 samples/s=76.00
[step 2570/5000] loss=0.8392 lr=1.497e-04 grad_norm=3.928 samples/s=75.95
[step 2580/5000] loss=1.3442 lr=1.487e-04 grad_norm=2.193 samples/s=75.99
[step 2590/5000] loss=1.1986 lr=1.478e-04 grad_norm=1.581 samples/s=75.93
[step 2600/5000] loss=1.1903 lr=1.468e-04 grad_norm=4.218 samples/s=75.95
[step 2610/5000] loss=1.1232 lr=1.459e-04 grad_norm=2.594 samples/s=75.88
[step 2620/5000] loss=1.6939 lr=1.449e-04 grad_norm=2.159 samples/s=75.90
[step 2630/5000] loss=1.2448 lr=1.440e-04 grad_norm=2.488 samples/s=75.83
[step 2640/5000] loss=1.0155 lr=1.430e-04 grad_norm=7.459 samples/s=75.90
[step 2650/5000] loss=0.6846 lr=1.421e-04 grad_norm=1.333 samples/s=75.86
[step 2660/5000] loss=1.0504 lr=1.411e-04 grad_norm=1.704 samples/s=75.88
[step 2670/5000] loss=1.6379 lr=1.402e-04 grad_norm=2.749 samples/s=75.89
[step 2680/5000] loss=1.2505 lr=1.392e-04 grad_norm=6.055 samples/s=75.91
[step 2690/5000] loss=1.5556 lr=1.383e-04 grad_norm=2.304 samples/s=75.81
[step 2700/5000] loss=1.1930 lr=1.373e-04 grad_norm=1.854 samples/s=75.85
[step 2710/5000] loss=0.9220 lr=1.364e-04 grad_norm=1.549 samples/s=75.78
[step 2720/5000] loss=2.1938 lr=1.354e-04 grad_norm=2.395 samples/s=75.82
[step 2730/5000] loss=1.7183 lr=1.345e-04 grad_norm=3.126 samples/s=75.81
[step 2740/5000] loss=0.7580 lr=1.335e-04 grad_norm=2.435 samples/s=75.81
[step 2750/5000] loss=0.8716 lr=1.326e-04 grad_norm=2.609 samples/s=75.75
[val step 2750] loss=1.2454700512886048 m01={'mean': 0.4090584137488925, 'median': 0.4088780918246826, 'p95': 0.6792061488353317, 'tail_frac_gt4px': 8.198737394441256e-05, 'n_matched': 12197} m02={'12-16': 0.9129181084198386, '16-32': 0.9521979341820802, '32-64': 0.9456325689255347, '64-128': 0.9418457648546145} m04={'accuracy': 0.9704845453800115, 'by_octave': {'12-16': 0.8945041061276058, '16-32': 0.9790615539858728, '32-64': 0.9852861035422343, '64-128': 0.9812080536912752}} diag={'gate3_alpha_mean': 0.27123984694480896, 'gate3_alpha_min': 0.016782760620117188, 'gate3_alpha_max': 0.980712890625, 'gate3_alpha_std': 0.15899904072284698, 'gate3_alpha_p10': 0.087249755859375, 'gate3_alpha_p50': 0.2418212890625, 'gate3_alpha_p90': 0.4896240234375, 'block0_attn_entropy': 7.196807861328125, 'block1_attn_entropy': 7.2366228103637695}
[step 2760/5000] loss=1.0014 lr=1.317e-04 grad_norm=2.934 samples/s=75.93
[step 2770/5000] loss=0.9674 lr=1.307e-04 grad_norm=1.509 samples/s=76.09
[step 2780/5000] loss=1.2757 lr=1.298e-04 grad_norm=2.250 samples/s=75.94
[step 2790/5000] loss=0.7761 lr=1.288e-04 grad_norm=2.586 samples/s=75.97
[step 2800/5000] loss=1.1351 lr=1.279e-04 grad_norm=1.595 samples/s=75.89
[step 2810/5000] loss=0.8847 lr=1.270e-04 grad_norm=1.649 samples/s=75.91
[step 2820/5000] loss=0.6405 lr=1.260e-04 grad_norm=1.265 samples/s=75.88
[step 2830/5000] loss=1.6943 lr=1.251e-04 grad_norm=2.555 samples/s=75.87
[step 2840/5000] loss=1.1858 lr=1.241e-04 grad_norm=2.646 samples/s=75.84
[step 2850/5000] loss=1.1301 lr=1.232e-04 grad_norm=2.809 samples/s=75.89
[step 2860/5000] loss=0.7253 lr=1.223e-04 grad_norm=1.956 samples/s=75.87
[step 2870/5000] loss=1.3369 lr=1.213e-04 grad_norm=2.574 samples/s=75.82
[step 2880/5000] loss=0.8465 lr=1.204e-04 grad_norm=3.238 samples/s=75.78
[step 2890/5000] loss=0.9447 lr=1.195e-04 grad_norm=1.906 samples/s=75.75
[step 2900/5000] loss=1.2459 lr=1.185e-04 grad_norm=1.779 samples/s=75.81
[step 2910/5000] loss=0.9437 lr=1.176e-04 grad_norm=1.847 samples/s=75.81
[step 2920/5000] loss=1.0431 lr=1.167e-04 grad_norm=1.491 samples/s=75.79
[step 2930/5000] loss=0.8847 lr=1.158e-04 grad_norm=2.593 samples/s=75.79
[step 2940/5000] loss=0.9943 lr=1.148e-04 grad_norm=1.179 samples/s=75.77
[step 2950/5000] loss=0.6745 lr=1.139e-04 grad_norm=1.102 samples/s=75.76
[step 2960/5000] loss=1.2203 lr=1.130e-04 grad_norm=2.294 samples/s=75.73
[step 2970/5000] loss=0.8896 lr=1.121e-04 grad_norm=2.298 samples/s=75.70
[step 2980/5000] loss=0.8757 lr=1.112e-04 grad_norm=3.398 samples/s=75.71
[step 2990/5000] loss=1.5102 lr=1.103e-04 grad_norm=2.136 samples/s=75.64
[step 3000/5000] loss=0.7874 lr=1.093e-04 grad_norm=1.729 samples/s=75.67
[val step 3000] loss=1.2394241170883178 m01={'mean': 0.4090272235278249, 'median': 0.40873745312568077, 'p95': 0.6790292807033462, 'tail_frac_gt4px': 8.202772537117546e-05, 'n_matched': 12191} m02={'12-16': 0.9129181084198386, '16-32': 0.9512370886380015, '32-64': 0.9448595722751868, '64-128': 0.9421618204804045} m04={'accuracy': 0.973833155606595, 'by_octave': {'12-16': 0.9020846493998737, '16-32': 0.9828282828282828, '32-64': 0.9866375784019634, '64-128': 0.9842334786984234}} diag={'gate3_alpha_mean': 0.27749326825141907, 'gate3_alpha_min': 0.017393112182617188, 'gate3_alpha_max': 0.980712890625, 'gate3_alpha_std': 0.16016885638237, 'gate3_alpha_p10': 0.090087890625, 'gate3_alpha_p50': 0.2491455078125, 'gate3_alpha_p90': 0.49945640563964844, 'block0_attn_entropy': 7.237921714782715, 'block1_attn_entropy': 7.229730129241943}
[step 3010/5000] loss=1.0505 lr=1.084e-04 grad_norm=2.091 samples/s=75.85
[step 3020/5000] loss=0.9264 lr=1.075e-04 grad_norm=3.025 samples/s=75.94
[step 3030/5000] loss=1.4090 lr=1.066e-04 grad_norm=1.931 samples/s=75.89
[step 3040/5000] loss=0.7102 lr=1.057e-04 grad_norm=1.664 samples/s=75.91
[step 3050/5000] loss=0.9743 lr=1.048e-04 grad_norm=1.664 samples/s=75.92
[step 3060/5000] loss=1.2834 lr=1.039e-04 grad_norm=2.778 samples/s=75.94
[step 3070/5000] loss=1.0283 lr=1.030e-04 grad_norm=2.298 samples/s=75.94
[step 3080/5000] loss=1.2476 lr=1.021e-04 grad_norm=2.576 samples/s=75.93
[step 3090/5000] loss=1.0115 lr=1.012e-04 grad_norm=2.014 samples/s=75.94
[step 3100/5000] loss=0.5922 lr=1.003e-04 grad_norm=1.327 samples/s=75.92
[step 3110/5000] loss=1.1340 lr=9.941e-05 grad_norm=1.268 samples/s=75.92
[step 3120/5000] loss=1.2218 lr=9.852e-05 grad_norm=2.086 samples/s=75.86
[step 3130/5000] loss=1.4774 lr=9.763e-05 grad_norm=3.494 samples/s=75.87
[step 3140/5000] loss=1.3877 lr=9.674e-05 grad_norm=2.132 samples/s=75.86
[step 3150/5000] loss=0.8497 lr=9.586e-05 grad_norm=2.949 samples/s=75.88
[step 3160/5000] loss=1.2307 lr=9.498e-05 grad_norm=1.801 samples/s=75.89
[step 3170/5000] loss=1.0608 lr=9.410e-05 grad_norm=5.149 samples/s=75.89
[step 3180/5000] loss=1.5463 lr=9.322e-05 grad_norm=3.108 samples/s=75.88
[step 3190/5000] loss=1.0246 lr=9.235e-05 grad_norm=2.877 samples/s=75.89
[step 3200/5000] loss=0.9368 lr=9.148e-05 grad_norm=1.731 samples/s=75.85
[step 3210/5000] loss=1.1202 lr=9.061e-05 grad_norm=1.911 samples/s=75.87
[step 3220/5000] loss=1.0552 lr=8.974e-05 grad_norm=2.705 samples/s=75.81
[step 3230/5000] loss=1.1636 lr=8.888e-05 grad_norm=1.438 samples/s=75.82
[step 3240/5000] loss=2.2032 lr=8.801e-05 grad_norm=5.194 samples/s=75.75
[step 3250/5000] loss=1.6976 lr=8.715e-05 grad_norm=1.776 samples/s=75.77
[val step 3250] loss=1.2358538680076598 m01={'mean': 0.40892946563359533, 'median': 0.4082759258894098, 'p95': 0.6781076108300533, 'tail_frac_gt4px': 8.200754469411185e-05, 'n_matched': 12194} m02={'12-16': 0.9129181084198386, '16-32': 0.9514773000240211, '32-64': 0.9453749033754187, '64-128': 0.9421618204804045} m04={'accuracy': 0.9751517139576841, 'by_octave': {'12-16': 0.9166140240050537, '16-32': 0.9815703105276445, '32-64': 0.9858272008721722, '64-128': 0.9845689365984569}} diag={'gate3_alpha_mean': 0.27309906482696533, 'gate3_alpha_min': 0.016874313354492188, 'gate3_alpha_max': 0.9853515625, 'gate3_alpha_std': 0.15964694321155548, 'gate3_alpha_p10': 0.08753891289234161, 'gate3_alpha_p50': 0.2440185546875, 'gate3_alpha_p90': 0.4931640625, 'block0_attn_entropy': 7.251235485076904, 'block1_attn_entropy': 7.243875503540039}
[step 3260/5000] loss=0.8370 lr=8.630e-05 grad_norm=1.844 samples/s=75.92
[step 3270/5000] loss=0.9606 lr=8.544e-05 grad_norm=1.390 samples/s=76.05
[step 3280/5000] loss=1.7486 lr=8.459e-05 grad_norm=2.605 samples/s=75.93
[step 3290/5000] loss=1.2142 lr=8.374e-05 grad_norm=2.365 samples/s=75.94
[step 3300/5000] loss=1.1050 lr=8.290e-05 grad_norm=1.416 samples/s=75.93
[step 3310/5000] loss=0.6245 lr=8.205e-05 grad_norm=1.024 samples/s=75.98
[step 3320/5000] loss=1.1173 lr=8.121e-05 grad_norm=2.742 samples/s=75.95
[step 3330/5000] loss=1.5232 lr=8.038e-05 grad_norm=4.404 samples/s=75.93
[step 3340/5000] loss=0.9988 lr=7.954e-05 grad_norm=2.041 samples/s=75.96
[step 3350/5000] loss=1.3990 lr=7.871e-05 grad_norm=2.474 samples/s=75.90
[step 3360/5000] loss=1.4605 lr=7.788e-05 grad_norm=1.508 samples/s=75.90
[step 3370/5000] loss=0.9634 lr=7.706e-05 grad_norm=2.998 samples/s=75.81
[step 3380/5000] loss=1.5633 lr=7.624e-05 grad_norm=4.049 samples/s=75.84
[step 3390/5000] loss=0.8953 lr=7.542e-05 grad_norm=1.777 samples/s=75.80
[step 3400/5000] loss=2.0014 lr=7.460e-05 grad_norm=2.128 samples/s=75.87
[step 3410/5000] loss=0.7774 lr=7.379e-05 grad_norm=2.461 samples/s=75.85
[step 3420/5000] loss=1.1661 lr=7.298e-05 grad_norm=1.744 samples/s=75.86
[step 3430/5000] loss=1.0379 lr=7.217e-05 grad_norm=1.973 samples/s=75.78
[step 3440/5000] loss=0.9240 lr=7.137e-05 grad_norm=1.411 samples/s=75.77
[step 3450/5000] loss=0.8202 lr=7.057e-05 grad_norm=1.200 samples/s=75.77
[step 3460/5000] loss=0.8617 lr=6.977e-05 grad_norm=2.527 samples/s=75.79
[step 3470/5000] loss=2.0857 lr=6.898e-05 grad_norm=2.023 samples/s=75.75
[step 3480/5000] loss=0.7922 lr=6.819e-05 grad_norm=1.472 samples/s=75.78
[step 3490/5000] loss=0.8278 lr=6.740e-05 grad_norm=1.134 samples/s=75.76
[step 3500/5000] loss=1.5618 lr=6.662e-05 grad_norm=2.638 samples/s=75.79
[val step 3500] loss=1.2293097844123841 m01={'mean': 0.40884626183293105, 'median': 0.40862138680439386, 'p95': 0.6782192814567373, 'tail_frac_gt4px': 8.200754469411185e-05, 'n_matched': 12194} m02={'12-16': 0.9123414071510957, '16-32': 0.9519577227960605, '32-64': 0.9453749033754187, '64-128': 0.9418457648546145} m04={'accuracy': 0.975807774315237, 'by_octave': {'12-16': 0.9102402022756005, '16-32': 0.980822609134494, '32-64': 0.9893704006541292, '64-128': 0.987248322147651}} diag={'gate3_alpha_mean': 0.2652892768383026, 'gate3_alpha_min': 0.0154876708984375, 'gate3_alpha_max': 0.98388671875, 'gate3_alpha_std': 0.15791504085063934, 'gate3_alpha_p10': 0.08362503349781036, 'gate3_alpha_p50': 0.23687744140625, 'gate3_alpha_p90': 0.4808349609375, 'block0_attn_entropy': 7.2308268547058105, 'block1_attn_entropy': 7.271533489227295}
[step 3510/5000] loss=0.8684 lr=6.584e-05 grad_norm=1.171 samples/s=75.93
[step 3520/5000] loss=0.5085 lr=6.506e-05 grad_norm=0.889 samples/s=76.08
[step 3530/5000] loss=1.3687 lr=6.429e-05 grad_norm=1.813 samples/s=75.99
[step 3540/5000] loss=1.0013 lr=6.352e-05 grad_norm=1.667 samples/s=75.98
[step 3550/5000] loss=0.9745 lr=6.276e-05 grad_norm=1.809 samples/s=75.97
[step 3560/5000] loss=2.2453 lr=6.200e-05 grad_norm=2.233 samples/s=76.00
[step 3570/5000] loss=0.7205 lr=6.124e-05 grad_norm=2.253 samples/s=75.99
[step 3580/5000] loss=0.8583 lr=6.048e-05 grad_norm=1.436 samples/s=75.99
[step 3590/5000] loss=0.8715 lr=5.973e-05 grad_norm=1.670 samples/s=75.98
[step 3600/5000] loss=0.9191 lr=5.899e-05 grad_norm=3.168 samples/s=75.95
[step 3610/5000] loss=1.6318 lr=5.824e-05 grad_norm=3.731 samples/s=75.91
[step 3620/5000] loss=0.8020 lr=5.750e-05 grad_norm=1.818 samples/s=75.92
[step 3630/5000] loss=0.9101 lr=5.677e-05 grad_norm=1.517 samples/s=75.91
[step 3640/5000] loss=0.7849 lr=5.604e-05 grad_norm=1.304 samples/s=75.90
[step 3650/5000] loss=1.0535 lr=5.531e-05 grad_norm=2.458 samples/s=75.86
[step 3660/5000] loss=1.5773 lr=5.459e-05 grad_norm=2.877 samples/s=75.87
[step 3670/5000] loss=0.6949 lr=5.387e-05 grad_norm=3.024 samples/s=75.84
[step 3680/5000] loss=1.2672 lr=5.315e-05 grad_norm=1.604 samples/s=75.85
[step 3690/5000] loss=0.8811 lr=5.244e-05 grad_norm=3.046 samples/s=75.88
[step 3700/5000] loss=1.1260 lr=5.173e-05 grad_norm=1.934 samples/s=75.86
[step 3710/5000] loss=1.1366 lr=5.103e-05 grad_norm=1.886 samples/s=75.88
[step 3720/5000] loss=1.0608 lr=5.033e-05 grad_norm=1.459 samples/s=75.86
[step 3730/5000] loss=1.3223 lr=4.964e-05 grad_norm=2.381 samples/s=75.85
[step 3740/5000] loss=1.0416 lr=4.895e-05 grad_norm=1.405 samples/s=75.81
[step 3750/5000] loss=1.0655 lr=4.826e-05 grad_norm=1.975 samples/s=75.79
[val step 3750] loss=1.2291865139007567 m01={'mean': 0.409625613005208, 'median': 0.40882578177069195, 'p95': 0.6800223621700964, 'tail_frac_gt4px': 0.00016404199475065617, 'n_matched': 12192} m02={'12-16': 0.9146482122260668, '16-32': 0.9519577227960605, '32-64': 0.9443442411749549, '64-128': 0.9412136536030341} m04={'accuracy': 0.9757217847769029, 'by_octave': {'12-16': 0.9117276166456494, '16-32': 0.9798132727731517, '32-64': 0.9885402455661665, '64-128': 0.9885829415715245}} diag={'gate3_alpha_mean': 0.2649548351764679, 'gate3_alpha_min': 0.01543426513671875, 'gate3_alpha_max': 0.984619140625, 'gate3_alpha_std': 0.1579245775938034, 'gate3_alpha_p10': 0.0832672119140625, 'gate3_alpha_p50': 0.237060546875, 'gate3_alpha_p90': 0.4798583984375, 'block0_attn_entropy': 7.226435661315918, 'block1_attn_entropy': 7.197361946105957}
[step 3760/5000] loss=0.6908 lr=4.758e-05 grad_norm=1.297 samples/s=75.92
[step 3770/5000] loss=0.6609 lr=4.690e-05 grad_norm=1.175 samples/s=76.04
[step 3780/5000] loss=2.2100 lr=4.623e-05 grad_norm=2.788 samples/s=75.89
[step 3790/5000] loss=0.7899 lr=4.556e-05 grad_norm=1.219 samples/s=75.89
[step 3800/5000] loss=1.5515 lr=4.489e-05 grad_norm=2.829 samples/s=75.88
[step 3810/5000] loss=1.3759 lr=4.423e-05 grad_norm=2.165 samples/s=75.90
[step 3820/5000] loss=1.3669 lr=4.357e-05 grad_norm=1.913 samples/s=75.89
[step 3830/5000] loss=1.5980 lr=4.292e-05 grad_norm=4.161 samples/s=75.90
[step 3840/5000] loss=0.9659 lr=4.228e-05 grad_norm=1.817 samples/s=75.87
[step 3850/5000] loss=0.8778 lr=4.163e-05 grad_norm=2.471 samples/s=75.83
[step 3860/5000] loss=1.0793 lr=4.099e-05 grad_norm=3.758 samples/s=75.85
[step 3870/5000] loss=1.9880 lr=4.036e-05 grad_norm=2.577 samples/s=75.80
[step 3880/5000] loss=0.7519 lr=3.973e-05 grad_norm=1.658 samples/s=75.81
[step 3890/5000] loss=0.8023 lr=3.911e-05 grad_norm=3.574 samples/s=75.73
[step 3900/5000] loss=0.6206 lr=3.849e-05 grad_norm=0.877 samples/s=75.75
[step 3910/5000] loss=0.8670 lr=3.787e-05 grad_norm=2.119 samples/s=75.71
[step 3920/5000] loss=1.6624 lr=3.726e-05 grad_norm=1.983 samples/s=75.74
[step 3930/5000] loss=1.0224 lr=3.666e-05 grad_norm=1.322 samples/s=75.71
[step 3940/5000] loss=1.6149 lr=3.605e-05 grad_norm=2.101 samples/s=75.71
[step 3950/5000] loss=0.8161 lr=3.546e-05 grad_norm=2.652 samples/s=75.72
[step 3960/5000] loss=1.2299 lr=3.487e-05 grad_norm=2.616 samples/s=75.72
[step 3970/5000] loss=1.0869 lr=3.428e-05 grad_norm=1.767 samples/s=75.70
[step 3980/5000] loss=1.0664 lr=3.370e-05 grad_norm=2.451 samples/s=75.70
[step 3990/5000] loss=0.8138 lr=3.312e-05 grad_norm=1.906 samples/s=75.69
[step 4000/5000] loss=1.0696 lr=3.255e-05 grad_norm=1.752 samples/s=75.71
[val step 4000] loss=1.223850519657135 m01={'mean': 0.40880567782904276, 'median': 0.40864386144576836, 'p95': 0.6784542688641876, 'tail_frac_gt4px': 8.198737394441256e-05, 'n_matched': 12197} m02={'12-16': 0.9140715109573241, '16-32': 0.9521979341820802, '32-64': 0.9453749033754187, '64-128': 0.9415297092288243} m04={'accuracy': 0.9767975731737313, 'by_octave': {'12-16': 0.9110410094637224, '16-32': 0.9818365287588294, '32-64': 0.9899155083128918, '64-128': 0.9889224572004028}} diag={'gate3_alpha_mean': 0.26413846015930176, 'gate3_alpha_min': 0.015316009521484375, 'gate3_alpha_max': 0.982177734375, 'gate3_alpha_std': 0.15678206086158752, 'gate3_alpha_p10': 0.0835418701171875, 'gate3_alpha_p50': 0.23638916015625, 'gate3_alpha_p90': 0.47900390625, 'block0_attn_entropy': 7.227832794189453, 'block1_attn_entropy': 7.287962436676025}
[step 4010/5000] loss=1.2525 lr=3.198e-05 grad_norm=3.245 samples/s=75.84
[step 4020/5000] loss=1.0897 lr=3.142e-05 grad_norm=2.978 samples/s=75.89
[step 4030/5000] loss=1.0744 lr=3.086e-05 grad_norm=2.619 samples/s=75.83
[step 4040/5000] loss=0.9648 lr=3.031e-05 grad_norm=2.791 samples/s=75.87
[step 4050/5000] loss=1.1039 lr=2.976e-05 grad_norm=1.793 samples/s=75.87
[step 4060/5000] loss=1.2717 lr=2.922e-05 grad_norm=3.921 samples/s=75.90
[step 4070/5000] loss=1.1419 lr=2.868e-05 grad_norm=1.225 samples/s=75.83
[step 4080/5000] loss=0.8891 lr=2.815e-05 grad_norm=1.919 samples/s=75.83
[step 4090/5000] loss=1.4254 lr=2.762e-05 grad_norm=2.001 samples/s=75.80
[step 4100/5000] loss=1.9416 lr=2.710e-05 grad_norm=2.149 samples/s=75.81
[step 4110/5000] loss=1.4796 lr=2.658e-05 grad_norm=1.559 samples/s=75.79
[step 4120/5000] loss=1.2418 lr=2.607e-05 grad_norm=2.441 samples/s=75.81
[step 4130/5000] loss=1.5482 lr=2.556e-05 grad_norm=2.158 samples/s=75.79
[step 4140/5000] loss=1.0319 lr=2.506e-05 grad_norm=2.191 samples/s=75.80
[step 4150/5000] loss=1.0582 lr=2.456e-05 grad_norm=4.044 samples/s=75.73
[step 4160/5000] loss=1.1884 lr=2.407e-05 grad_norm=1.612 samples/s=75.74
[step 4170/5000] loss=0.9248 lr=2.358e-05 grad_norm=1.565 samples/s=75.68
[step 4180/5000] loss=1.2642 lr=2.310e-05 grad_norm=2.193 samples/s=75.73
[step 4190/5000] loss=0.7056 lr=2.263e-05 grad_norm=1.064 samples/s=75.73
[step 4200/5000] loss=0.8967 lr=2.216e-05 grad_norm=1.861 samples/s=75.76
[step 4210/5000] loss=0.9250 lr=2.169e-05 grad_norm=1.279 samples/s=75.72
[step 4220/5000] loss=1.5972 lr=2.123e-05 grad_norm=2.561 samples/s=75.72
[step 4230/5000] loss=1.1615 lr=2.078e-05 grad_norm=1.742 samples/s=75.72
[step 4240/5000] loss=1.7020 lr=2.033e-05 grad_norm=2.606 samples/s=75.67
[step 4250/5000] loss=1.2854 lr=1.988e-05 grad_norm=2.603 samples/s=75.69
[val step 4250] loss=1.2252189936637878 m01={'mean': 0.4083814713325415, 'median': 0.40856383849679545, 'p95': 0.6761864877633602, 'tail_frac_gt4px': 8.201427048306405e-05, 'n_matched': 12193} m02={'12-16': 0.9129181084198386, '16-32': 0.9521979341820802, '32-64': 0.9448595722751868, '64-128': 0.9415297092288243} m04={'accuracy': 0.9764619043713606, 'by_octave': {'12-16': 0.9134554643082754, '16-32': 0.9818365287588294, '32-64': 0.988273793291519, '64-128': 0.9882510909701242}} diag={'gate3_alpha_mean': 0.26964613795280457, 'gate3_alpha_min': 0.015316009521484375, 'gate3_alpha_max': 0.982421875, 'gate3_alpha_std': 0.15911997854709625, 'gate3_alpha_p10': 0.085357666015625, 'gate3_alpha_p50': 0.241455078125, 'gate3_alpha_p90': 0.4884033203125, 'block0_attn_entropy': 7.235987186431885, 'block1_attn_entropy': 7.276634216308594}
[step 4260/5000] loss=1.2937 lr=1.945e-05 grad_norm=1.488 samples/s=75.81
[step 4270/5000] loss=0.8532 lr=1.901e-05 grad_norm=2.198 samples/s=75.92
[step 4280/5000] loss=1.8216 lr=1.859e-05 grad_norm=1.599 samples/s=75.87
[step 4290/5000] loss=1.1843 lr=1.816e-05 grad_norm=2.301 samples/s=75.90
[step 4300/5000] loss=1.3472 lr=1.775e-05 grad_norm=1.794 samples/s=75.88
[step 4310/5000] loss=1.3824 lr=1.734e-05 grad_norm=4.296 samples/s=75.91
[step 4320/5000] loss=1.3945 lr=1.693e-05 grad_norm=2.561 samples/s=75.87
[step 4330/5000] loss=1.3802 lr=1.653e-05 grad_norm=3.343 samples/s=75.87
[step 4340/5000] loss=0.9082 lr=1.614e-05 grad_norm=1.190 samples/s=75.81
[step 4350/5000] loss=1.1159 lr=1.575e-05 grad_norm=2.036 samples/s=75.84
[step 4360/5000] loss=0.7544 lr=1.537e-05 grad_norm=2.284 samples/s=75.81
[step 4370/5000] loss=1.1555 lr=1.499e-05 grad_norm=2.012 samples/s=75.83
[step 4380/5000] loss=0.7709 lr=1.462e-05 grad_norm=2.986 samples/s=75.79
[step 4390/5000] loss=0.9494 lr=1.425e-05 grad_norm=2.139 samples/s=75.81
[step 4400/5000] loss=1.1293 lr=1.389e-05 grad_norm=2.188 samples/s=75.75
[step 4410/5000] loss=1.0693 lr=1.353e-05 grad_norm=2.236 samples/s=75.76
[step 4420/5000] loss=0.7493 lr=1.318e-05 grad_norm=1.373 samples/s=75.76
[step 4430/5000] loss=1.1411 lr=1.284e-05 grad_norm=1.526 samples/s=75.79
[step 4440/5000] loss=0.5016 lr=1.250e-05 grad_norm=2.102 samples/s=75.77
[step 4450/5000] loss=1.0188 lr=1.217e-05 grad_norm=1.952 samples/s=75.77
[step 4460/5000] loss=1.2132 lr=1.184e-05 grad_norm=2.382 samples/s=75.72
[step 4470/5000] loss=1.8523 lr=1.152e-05 grad_norm=2.472 samples/s=75.75
[step 4480/5000] loss=0.7368 lr=1.121e-05 grad_norm=1.186 samples/s=75.71
[step 4490/5000] loss=1.7953 lr=1.090e-05 grad_norm=3.142 samples/s=75.72
[step 4500/5000] loss=0.8114 lr=1.060e-05 grad_norm=1.322 samples/s=75.68
[val step 4500] loss=1.2245553526878357 m01={'mean': 0.40837047575610785, 'median': 0.40845083704110524, 'p95': 0.6761785395620257, 'tail_frac_gt4px': 8.202099737532808e-05, 'n_matched': 12192} m02={'12-16': 0.9129181084198386, '16-32': 0.9521979341820802, '32-64': 0.9448595722751868, '64-128': 0.9412136536030341} m04={'accuracy': 0.9769520997375328, 'by_octave': {'12-16': 0.915982312065698, '16-32': 0.9805751765893037, '32-64': 0.9888191982547041, '64-128': 0.989926124916051}} diag={'gate3_alpha_mean': 0.2685002088546753, 'gate3_alpha_min': 0.01529693603515625, 'gate3_alpha_max': 0.984130859375, 'gate3_alpha_std': 0.15953533351421356, 'gate3_alpha_p10': 0.084381103515625, 'gate3_alpha_p50': 0.239990234375, 'gate3_alpha_p90': 0.4866943359375, 'block0_attn_entropy': 7.24292516708374, 'block1_attn_entropy': 7.2552289962768555}
[step 4510/5000] loss=1.2709 lr=1.030e-05 grad_norm=1.774 samples/s=75.80
[step 4520/5000] loss=0.8995 lr=1.001e-05 grad_norm=1.365 samples/s=75.91
[step 4530/5000] loss=0.8619 lr=9.720e-06 grad_norm=2.025 samples/s=75.87
[step 4540/5000] loss=1.3450 lr=9.439e-06 grad_norm=2.079 samples/s=75.86
[step 4550/5000] loss=1.9658 lr=9.165e-06 grad_norm=3.113 samples/s=75.87
[step 4560/5000] loss=0.5935 lr=8.896e-06 grad_norm=1.819 samples/s=75.85
[step 4570/5000] loss=0.9022 lr=8.634e-06 grad_norm=3.724 samples/s=75.87
[step 4580/5000] loss=1.5208 lr=8.377e-06 grad_norm=3.799 samples/s=75.83
[step 4590/5000] loss=1.0057 lr=8.126e-06 grad_norm=1.626 samples/s=75.85
[step 4600/5000] loss=2.1745 lr=7.881e-06 grad_norm=2.982 samples/s=75.81
[step 4610/5000] loss=1.2243 lr=7.642e-06 grad_norm=2.275 samples/s=75.84
[step 4620/5000] loss=1.5846 lr=7.409e-06 grad_norm=3.776 samples/s=75.83
[step 4630/5000] loss=1.1550 lr=7.181e-06 grad_norm=2.019 samples/s=75.84
[step 4640/5000] loss=1.3125 lr=6.960e-06 grad_norm=2.141 samples/s=75.81
[step 4650/5000] loss=0.8064 lr=6.744e-06 grad_norm=1.895 samples/s=75.80
[step 4660/5000] loss=0.6348 lr=6.535e-06 grad_norm=1.898 samples/s=75.76
[step 4670/5000] loss=1.6427 lr=6.331e-06 grad_norm=2.901 samples/s=75.76
[step 4680/5000] loss=0.7097 lr=6.134e-06 grad_norm=1.824 samples/s=75.70
[step 4690/5000] loss=1.2037 lr=5.942e-06 grad_norm=2.274 samples/s=75.70
[step 4700/5000] loss=0.5723 lr=5.757e-06 grad_norm=1.866 samples/s=75.67
[step 4710/5000] loss=0.9970 lr=5.577e-06 grad_norm=2.321 samples/s=75.68
[step 4720/5000] loss=1.4031 lr=5.403e-06 grad_norm=1.762 samples/s=75.67
[step 4730/5000] loss=0.9740 lr=5.236e-06 grad_norm=1.676 samples/s=75.68
[step 4740/5000] loss=0.9828 lr=5.074e-06 grad_norm=2.190 samples/s=75.66
[step 4750/5000] loss=1.7078 lr=4.919e-06 grad_norm=1.699 samples/s=75.67
[val step 4750] loss=1.2238468499183655 m01={'mean': 0.40880628521978185, 'median': 0.40864386144576836, 'p95': 0.6773694726033977, 'tail_frac_gt4px': 8.201427048306405e-05, 'n_matched': 12193} m02={'12-16': 0.9140715109573241, '16-32': 0.9521979341820802, '32-64': 0.9448595722751868, '64-128': 0.940897597977244} m04={'accuracy': 0.9764619043713606, 'by_octave': {'12-16': 0.9116719242902208, '16-32': 0.981079717457114, '32-64': 0.9885464957731115, '64-128': 0.9899227410144441}} diag={'gate3_alpha_mean': 0.2684426009654999, 'gate3_alpha_min': 0.01520538330078125, 'gate3_alpha_max': 0.984375, 'gate3_alpha_std': 0.15977232158184052, 'gate3_alpha_p10': 0.083984375, 'gate3_alpha_p50': 0.24005126953125, 'gate3_alpha_p90': 0.4864501953125, 'block0_attn_entropy': 7.235022068023682, 'block1_attn_entropy': 7.266242980957031}
[step 4760/5000] loss=1.1351 lr=4.769e-06 grad_norm=3.345 samples/s=75.78
[step 4770/5000] loss=0.8178 lr=4.626e-06 grad_norm=1.159 samples/s=75.88
[step 4780/5000] loss=1.6570 lr=4.488e-06 grad_norm=4.735 samples/s=75.86
[step 4790/5000] loss=1.3459 lr=4.357e-06 grad_norm=2.162 samples/s=75.86
[step 4800/5000] loss=0.9213 lr=4.231e-06 grad_norm=1.806 samples/s=75.84
[step 4810/5000] loss=1.0699 lr=4.112e-06 grad_norm=1.480 samples/s=75.85
[step 4820/5000] loss=1.4740 lr=3.999e-06 grad_norm=2.172 samples/s=75.80
[step 4830/5000] loss=1.2895 lr=3.892e-06 grad_norm=2.509 samples/s=75.82
[step 4840/5000] loss=1.0409 lr=3.790e-06 grad_norm=2.575 samples/s=75.82
[step 4850/5000] loss=0.7312 lr=3.695e-06 grad_norm=1.302 samples/s=75.78
[step 4860/5000] loss=1.0326 lr=3.606e-06 grad_norm=1.964 samples/s=75.80
[step 4870/5000] loss=0.8255 lr=3.523e-06 grad_norm=3.315 samples/s=75.77
[step 4880/5000] loss=0.8680 lr=3.447e-06 grad_norm=1.545 samples/s=75.78
[step 4890/5000] loss=1.9765 lr=3.376e-06 grad_norm=3.713 samples/s=75.74
[step 4900/5000] loss=1.0731 lr=3.311e-06 grad_norm=2.423 samples/s=75.77
[step 4910/5000] loss=0.9610 lr=3.253e-06 grad_norm=1.355 samples/s=75.73
[step 4920/5000] loss=0.8532 lr=3.200e-06 grad_norm=2.563 samples/s=75.75
[step 4930/5000] loss=1.2906 lr=3.154e-06 grad_norm=2.311 samples/s=75.72
[step 4940/5000] loss=1.3424 lr=3.114e-06 grad_norm=2.986 samples/s=75.72
[step 4950/5000] loss=1.0196 lr=3.079e-06 grad_norm=2.468 samples/s=75.69
[step 4960/5000] loss=0.6102 lr=3.051e-06 grad_norm=1.571 samples/s=75.69
[step 4970/5000] loss=1.0030 lr=3.029e-06 grad_norm=2.122 samples/s=75.67
[step 4980/5000] loss=1.2205 lr=3.013e-06 grad_norm=2.395 samples/s=75.69
[step 4990/5000] loss=0.7603 lr=3.004e-06 grad_norm=1.433 samples/s=75.66
[step 5000/5000] loss=1.4413 lr=3.000e-06 grad_norm=3.678 samples/s=75.65
[val step 5000] loss=1.222060586452484 m01={'mean': 0.40861404060851436, 'median': 0.40858137532990735, 'p95': 0.6777925664964434, 'tail_frac_gt4px': 8.200754469411185e-05, 'n_matched': 12194} m02={'12-16': 0.9146482122260668, '16-32': 0.9517175114100408, '32-64': 0.9451172378253028, '64-128': 0.9412136536030341} m04={'accuracy': 0.9768738723962604, 'by_octave': {'12-16': 0.912358133669609, '16-32': 0.9818273599192328, '32-64': 0.9885496183206107, '64-128': 0.9902619207521827}} diag={'gate3_alpha_mean': 0.26903194189071655, 'gate3_alpha_min': 0.015247344970703125, 'gate3_alpha_max': 0.984375, 'gate3_alpha_std': 0.15938854217529297, 'gate3_alpha_p10': 0.08469314873218536, 'gate3_alpha_p50': 0.2410888671875, 'gate3_alpha_p90': 0.48633384704589844, 'block0_attn_entropy': 7.232832431793213, 'block1_attn_entropy': 7.276899814605713}
[FULL val step 5000] loss=1.1382997015476226 m01={'mean': 0.4066906841295553, 'median': 0.4061392350255749, 'p95': 0.6744556045036286, 'tail_frac_gt4px': 8.878772469348056e-05, 'n_matched': 123891} m02={'12-16': 0.9187591487445107, '16-32': 0.9388755952521974, '32-64': 0.954470429902745, '64-128': 0.9564847491807411} m04={'accuracy': 0.9784407261221557, 'by_octave': {'12-16': 0.9272014216557387, '16-32': 0.9819576572711903, '32-64': 0.9897041609024156, '64-128': 0.9874485257782902}}
[train_detector] wrote checkpoint runs/ft19_head_bneck_e4_hm_lr1/ckpt_0005000.pt
[train_detector] done: step=5000 train_elapsed=2114.9s val_elapsed=488.0s samples/s=75.65
