[train_detector] finetune from runs/rel_w882_c2_100k_rev6/ckpt_0100000.pt (step 100000): 882,402 of 882,402 params trainable, lr_mult={'e1.*': 6.6e-05, 'e2.*': 0.000219, 'e3.*': 0.000729, 'e4.*': 0.00243, 'blocks.*': 0.0081, 'norm.*': 0.0081, 'gate3.*': 0.027, 'd3.*': 0.027, 'd2.*': 0.09, 'd1.*': 0.3, 'hm.*': 1.0, 'cls.*': 1.0}, reinit=[]
[train_detector] stream_seed=2100000 resume_count=0 start_step=0
[step 1/5000] loss=6.0655 lr=0.000e+00 grad_norm=121.057 samples/s=7.44
[step 2/5000] loss=6.3384 lr=3.000e-06 grad_norm=61.663 samples/s=13.91
[step 3/5000] loss=6.7630 lr=6.000e-06 grad_norm=55.492 samples/s=19.72
[step 4/5000] loss=6.6319 lr=9.000e-06 grad_norm=62.071 samples/s=25.27
[step 5/5000] loss=6.1285 lr=1.200e-05 grad_norm=50.685 samples/s=29.86
[step 6/5000] loss=5.6523 lr=1.500e-05 grad_norm=68.045 samples/s=34.00
[step 7/5000] loss=6.9164 lr=1.800e-05 grad_norm=53.618 samples/s=37.96
[step 8/5000] loss=6.1094 lr=2.100e-05 grad_norm=54.138 samples/s=42.35
[step 9/5000] loss=7.6246 lr=2.400e-05 grad_norm=101.143 samples/s=42.58
[step 10/5000] loss=6.7571 lr=2.700e-05 grad_norm=55.118 samples/s=46.30
[step 20/5000] loss=5.8814 lr=5.700e-05 grad_norm=56.201 samples/s=56.88
[step 30/5000] loss=5.4845 lr=8.700e-05 grad_norm=63.964 samples/s=59.87
[step 40/5000] loss=4.8820 lr=1.170e-04 grad_norm=42.850 samples/s=62.86
[step 50/5000] loss=4.7132 lr=1.470e-04 grad_norm=96.177 samples/s=63.98
[step 60/5000] loss=4.7706 lr=1.770e-04 grad_norm=45.307 samples/s=65.99
[step 70/5000] loss=3.9034 lr=2.070e-04 grad_norm=25.595 samples/s=65.43
[step 80/5000] loss=3.1798 lr=2.370e-04 grad_norm=52.313 samples/s=66.62
[step 90/5000] loss=3.4388 lr=2.670e-04 grad_norm=21.747 samples/s=67.07
[step 100/5000] loss=2.6403 lr=2.970e-04 grad_norm=14.417 samples/s=69.15
[step 110/5000] loss=2.2840 lr=3.000e-04 grad_norm=9.453 samples/s=68.98
[step 120/5000] loss=2.3409 lr=3.000e-04 grad_norm=10.848 samples/s=69.69
[step 130/5000] loss=2.1627 lr=3.000e-04 grad_norm=8.521 samples/s=69.56
[step 140/5000] loss=2.6228 lr=3.000e-04 grad_norm=7.086 samples/s=70.38
[step 150/5000] loss=2.2068 lr=2.999e-04 grad_norm=7.992 samples/s=70.35
[step 160/5000] loss=2.4063 lr=2.999e-04 grad_norm=7.180 samples/s=70.65
[step 170/5000] loss=2.4381 lr=2.999e-04 grad_norm=6.971 samples/s=70.96
[step 180/5000] loss=2.2818 lr=2.998e-04 grad_norm=7.242 samples/s=70.73
[step 190/5000] loss=2.1204 lr=2.998e-04 grad_norm=8.724 samples/s=71.05
[step 200/5000] loss=2.9063 lr=2.997e-04 grad_norm=7.828 samples/s=70.89
[step 210/5000] loss=2.6638 lr=2.996e-04 grad_norm=9.295 samples/s=71.24
[step 220/5000] loss=1.9440 lr=2.996e-04 grad_norm=11.214 samples/s=70.80
[step 230/5000] loss=2.5118 lr=2.995e-04 grad_norm=9.628 samples/s=70.82
[step 240/5000] loss=1.8061 lr=2.994e-04 grad_norm=5.747 samples/s=70.73
[step 250/5000] loss=2.1409 lr=2.993e-04 grad_norm=8.351 samples/s=71.06
[val step 250] loss=2.455296018600464 m01={'mean': 0.407855068342782, 'median': 0.408148461057843, 'p95': 0.6758204230921083, 'tail_frac_gt4px': 0.0, 'n_matched': 12201} m02={'12-16': 0.9152249134948097, '16-32': 0.9538794138842182, '32-64': 0.944086575624839, '64-128': 0.9415297092288243} m04={'accuracy': 0.2388328825506106, 'by_octave': {'12-16': 0.20226843100189035, '16-32': 0.2669352807856963, '32-64': 0.25109170305676853, '64-128': 0.2057737495803961}} diag={'gate3_alpha_mean': 0.30120202898979187, 'gate3_alpha_min': 0.01827239990234375, 'gate3_alpha_max': 0.98779296875, 'gate3_alpha_std': 0.1600264012813568, 'gate3_alpha_p10': 0.109344482421875, 'gate3_alpha_p50': 0.28173828125, 'gate3_alpha_p90': 0.5185546875, 'block0_attn_entropy': 7.191551208496094, 'block1_attn_entropy': 7.4940009117126465}
[step 260/5000] loss=2.3859 lr=2.992e-04 grad_norm=10.655 samples/s=72.21
[step 270/5000] loss=2.4107 lr=2.991e-04 grad_norm=9.658 samples/s=73.80
[step 280/5000] loss=2.6400 lr=2.990e-04 grad_norm=9.913 samples/s=73.72
[step 290/5000] loss=1.9744 lr=2.989e-04 grad_norm=9.550 samples/s=73.79
[step 300/5000] loss=2.3906 lr=2.988e-04 grad_norm=12.617 samples/s=73.35
[step 310/5000] loss=2.2258 lr=2.987e-04 grad_norm=9.962 samples/s=73.49
[step 320/5000] loss=1.7838 lr=2.985e-04 grad_norm=7.095 samples/s=73.48
[step 330/5000] loss=2.4607 lr=2.984e-04 grad_norm=12.209 samples/s=73.79
[step 340/5000] loss=2.1369 lr=2.983e-04 grad_norm=9.796 samples/s=73.78
[step 350/5000] loss=2.4475 lr=2.981e-04 grad_norm=11.952 samples/s=73.40
[step 360/5000] loss=1.7233 lr=2.980e-04 grad_norm=7.774 samples/s=73.55
[step 370/5000] loss=1.8564 lr=2.978e-04 grad_norm=8.480 samples/s=72.88
[step 380/5000] loss=1.9804 lr=2.976e-04 grad_norm=10.304 samples/s=72.88
[step 390/5000] loss=2.1243 lr=2.975e-04 grad_norm=22.525 samples/s=72.72
[step 400/5000] loss=1.7996 lr=2.973e-04 grad_norm=7.818 samples/s=72.65
[step 410/5000] loss=2.3301 lr=2.971e-04 grad_norm=8.025 samples/s=72.60
[step 420/5000] loss=1.9333 lr=2.969e-04 grad_norm=8.645 samples/s=72.86
[step 430/5000] loss=2.0271 lr=2.967e-04 grad_norm=8.862 samples/s=72.82
[step 440/5000] loss=2.6844 lr=2.965e-04 grad_norm=9.829 samples/s=73.06
[step 450/5000] loss=2.5263 lr=2.963e-04 grad_norm=13.727 samples/s=73.00
[step 460/5000] loss=2.2571 lr=2.961e-04 grad_norm=14.627 samples/s=73.11
[step 470/5000] loss=2.7651 lr=2.959e-04 grad_norm=12.695 samples/s=73.11
[step 480/5000] loss=1.6893 lr=2.956e-04 grad_norm=8.011 samples/s=73.30
[step 490/5000] loss=1.8037 lr=2.954e-04 grad_norm=9.392 samples/s=73.21
[step 500/5000] loss=1.8604 lr=2.952e-04 grad_norm=6.812 samples/s=72.41
[val step 500] loss=2.234538496017456 m01={'mean': 0.40840588852397147, 'median': 0.40845083704110524, 'p95': 0.6772007402786963, 'tail_frac_gt4px': 0.0, 'n_matched': 12204} m02={'12-16': 0.9163783160322952, '16-32': 0.9536392024981984, '32-64': 0.944086575624839, '64-128': 0.9421618204804045} m04={'accuracy': 0.48762700753851196, 'by_octave': {'12-16': 0.4858401510383889, '16-32': 0.5604534005037783, '32-64': 0.5035480349344978, '64-128': 0.37202281113720226}} diag={'gate3_alpha_mean': 0.30748841166496277, 'gate3_alpha_min': 0.019138336181640625, 'gate3_alpha_max': 0.98779296875, 'gate3_alpha_std': 0.1618192493915558, 'gate3_alpha_p10': 0.11260986328125, 'gate3_alpha_p50': 0.28814697265625, 'gate3_alpha_p90': 0.528076171875, 'block0_attn_entropy': 7.190107822418213, 'block1_attn_entropy': 7.489270210266113}
[step 510/5000] loss=2.1226 lr=2.949e-04 grad_norm=10.535 samples/s=73.23
[step 520/5000] loss=1.8639 lr=2.947e-04 grad_norm=4.996 samples/s=74.04
[step 530/5000] loss=1.9969 lr=2.944e-04 grad_norm=22.746 samples/s=73.96
[step 540/5000] loss=2.4749 lr=2.942e-04 grad_norm=10.608 samples/s=74.14
[step 550/5000] loss=2.2849 lr=2.939e-04 grad_norm=16.938 samples/s=74.12
[step 560/5000] loss=1.7603 lr=2.936e-04 grad_norm=8.042 samples/s=73.70
[step 570/5000] loss=1.8990 lr=2.933e-04 grad_norm=12.765 samples/s=73.82
[step 580/5000] loss=1.8035 lr=2.931e-04 grad_norm=25.116 samples/s=73.64
[step 590/5000] loss=1.7138 lr=2.928e-04 grad_norm=11.201 samples/s=73.57
[step 600/5000] loss=1.8915 lr=2.925e-04 grad_norm=9.975 samples/s=73.57
[step 610/5000] loss=2.1091 lr=2.922e-04 grad_norm=8.961 samples/s=73.84
[step 620/5000] loss=2.5223 lr=2.919e-04 grad_norm=8.907 samples/s=73.50
[step 630/5000] loss=1.8223 lr=2.915e-04 grad_norm=17.248 samples/s=73.47
[step 640/5000] loss=2.1357 lr=2.912e-04 grad_norm=15.498 samples/s=73.10
[step 650/5000] loss=2.1277 lr=2.909e-04 grad_norm=10.889 samples/s=73.17
[step 660/5000] loss=2.0390 lr=2.906e-04 grad_norm=68.129 samples/s=73.10
[step 670/5000] loss=3.0368 lr=2.902e-04 grad_norm=40.768 samples/s=73.19
[step 680/5000] loss=2.0682 lr=2.899e-04 grad_norm=8.730 samples/s=73.25
[step 690/5000] loss=2.5348 lr=2.895e-04 grad_norm=14.817 samples/s=73.44
[step 700/5000] loss=1.9540 lr=2.892e-04 grad_norm=12.623 samples/s=73.28
[step 710/5000] loss=2.0962 lr=2.888e-04 grad_norm=12.501 samples/s=73.38
[step 720/5000] loss=2.0413 lr=2.885e-04 grad_norm=14.693 samples/s=73.29
[step 730/5000] loss=1.5905 lr=2.881e-04 grad_norm=7.556 samples/s=73.43
[step 740/5000] loss=1.5294 lr=2.877e-04 grad_norm=7.441 samples/s=72.91
[step 750/5000] loss=2.3269 lr=2.873e-04 grad_norm=7.092 samples/s=73.07
[val step 750] loss=2.160509880065918 m01={'mean': 0.4081635067038708, 'median': 0.4082890248373765, 'p95': 0.677083521556445, 'tail_frac_gt4px': 0.0, 'n_matched': 12203} m02={'12-16': 0.9158016147635525, '16-32': 0.9533989911121787, '32-64': 0.9448595722751868, '64-128': 0.9415297092288243} m04={'accuracy': 0.5463410636728673, 'by_octave': {'12-16': 0.5428211586901763, '16-32': 0.6036785084404132, '32-64': 0.5729479138260158, '64-128': 0.4390735146022155}} diag={'gate3_alpha_mean': 0.30763280391693115, 'gate3_alpha_min': 0.019138336181640625, 'gate3_alpha_max': 0.98779296875, 'gate3_alpha_std': 0.16173133254051208, 'gate3_alpha_p10': 0.11296005547046661, 'gate3_alpha_p50': 0.288330078125, 'gate3_alpha_p90': 0.528076171875, 'block0_attn_entropy': 7.190953731536865, 'block1_attn_entropy': 7.47836446762085}
[step 760/5000] loss=1.9662 lr=2.869e-04 grad_norm=14.109 samples/s=73.59
[step 770/5000] loss=1.8087 lr=2.865e-04 grad_norm=17.008 samples/s=74.12
[step 780/5000] loss=2.0012 lr=2.861e-04 grad_norm=11.562 samples/s=74.27
[step 790/5000] loss=2.5625 lr=2.857e-04 grad_norm=19.432 samples/s=74.18
[step 800/5000] loss=1.9959 lr=2.853e-04 grad_norm=14.525 samples/s=74.14
[step 810/5000] loss=2.8865 lr=2.849e-04 grad_norm=8.632 samples/s=73.80
[step 820/5000] loss=1.7130 lr=2.845e-04 grad_norm=11.827 samples/s=73.68
[step 830/5000] loss=1.7599 lr=2.841e-04 grad_norm=13.856 samples/s=73.52
[step 840/5000] loss=1.5207 lr=2.836e-04 grad_norm=10.426 samples/s=73.63
[step 850/5000] loss=2.3652 lr=2.832e-04 grad_norm=19.362 samples/s=73.54
[step 860/5000] loss=1.9547 lr=2.828e-04 grad_norm=21.825 samples/s=73.56
[step 870/5000] loss=2.2503 lr=2.823e-04 grad_norm=9.132 samples/s=73.54
[step 880/5000] loss=2.2659 lr=2.819e-04 grad_norm=10.104 samples/s=73.45
[step 890/5000] loss=1.6950 lr=2.814e-04 grad_norm=7.777 samples/s=73.53
[step 900/5000] loss=1.7233 lr=2.809e-04 grad_norm=7.160 samples/s=73.56
[step 910/5000] loss=1.7835 lr=2.805e-04 grad_norm=10.838 samples/s=73.55
[step 920/5000] loss=2.1624 lr=2.800e-04 grad_norm=10.046 samples/s=73.59
[step 930/5000] loss=1.9063 lr=2.795e-04 grad_norm=10.997 samples/s=73.67
[step 940/5000] loss=1.7136 lr=2.790e-04 grad_norm=13.953 samples/s=73.58
[step 950/5000] loss=1.3390 lr=2.785e-04 grad_norm=5.941 samples/s=73.48
[step 960/5000] loss=2.8756 lr=2.780e-04 grad_norm=21.528 samples/s=73.43
[step 970/5000] loss=2.2284 lr=2.775e-04 grad_norm=9.018 samples/s=73.53
[step 980/5000] loss=2.1873 lr=2.770e-04 grad_norm=7.941 samples/s=73.40
[step 990/5000] loss=1.5786 lr=2.765e-04 grad_norm=9.417 samples/s=73.27
[step 1000/5000] loss=1.7975 lr=2.760e-04 grad_norm=9.733 samples/s=73.28
[val step 1000] loss=2.111370538711548 m01={'mean': 0.408448405615925, 'median': 0.4082759258894098, 'p95': 0.6764824460174386, 'tail_frac_gt4px': 8.194034742707309e-05, 'n_matched': 12204} m02={'12-16': 0.916955017301038, '16-32': 0.9533989911121787, '32-64': 0.9448595722751868, '64-128': 0.9412136536030341} m04={'accuracy': 0.5814487053425107, 'by_octave': {'12-16': 0.5591194968553459, '16-32': 0.6261022927689595, '32-64': 0.6135805835833106, '64-128': 0.49429147078576224}} diag={'gate3_alpha_mean': 0.30573317408561707, 'gate3_alpha_min': 0.019435882568359375, 'gate3_alpha_max': 0.98779296875, 'gate3_alpha_std': 0.16120848059654236, 'gate3_alpha_p10': 0.11218109726905823, 'gate3_alpha_p50': 0.2861328125, 'gate3_alpha_p90': 0.525390625, 'block0_attn_entropy': 7.198380470275879, 'block1_attn_entropy': 7.473032474517822}
[step 1010/5000] loss=2.2998 lr=2.755e-04 grad_norm=11.842 samples/s=73.68
[step 1020/5000] loss=2.3040 lr=2.750e-04 grad_norm=12.685 samples/s=74.07
[step 1030/5000] loss=2.5008 lr=2.744e-04 grad_norm=15.897 samples/s=74.10
[step 1040/5000] loss=1.9383 lr=2.739e-04 grad_norm=14.775 samples/s=73.97
[step 1050/5000] loss=2.1275 lr=2.734e-04 grad_norm=6.958 samples/s=73.88
[step 1060/5000] loss=1.8391 lr=2.728e-04 grad_norm=21.107 samples/s=73.81
[step 1070/5000] loss=1.8152 lr=2.723e-04 grad_norm=10.238 samples/s=73.79
[step 1080/5000] loss=1.6037 lr=2.717e-04 grad_norm=18.785 samples/s=73.63
[step 1090/5000] loss=1.8045 lr=2.711e-04 grad_norm=7.250 samples/s=73.76
[step 1100/5000] loss=2.0356 lr=2.706e-04 grad_norm=16.560 samples/s=73.71
[step 1110/5000] loss=2.7393 lr=2.700e-04 grad_norm=13.559 samples/s=73.68
[step 1120/5000] loss=1.4572 lr=2.694e-04 grad_norm=10.287 samples/s=73.68
[step 1130/5000] loss=1.7146 lr=2.688e-04 grad_norm=10.719 samples/s=73.63
[step 1140/5000] loss=1.7493 lr=2.683e-04 grad_norm=17.218 samples/s=73.51
[step 1150/5000] loss=1.8318 lr=2.677e-04 grad_norm=13.781 samples/s=73.63
[step 1160/5000] loss=1.4473 lr=2.671e-04 grad_norm=6.216 samples/s=73.56
[step 1170/5000] loss=2.3749 lr=2.665e-04 grad_norm=15.034 samples/s=73.56
[step 1180/5000] loss=1.9941 lr=2.659e-04 grad_norm=14.194 samples/s=73.50
[step 1190/5000] loss=1.5915 lr=2.653e-04 grad_norm=9.081 samples/s=73.56
[step 1200/5000] loss=2.5668 lr=2.646e-04 grad_norm=16.056 samples/s=73.50
[step 1210/5000] loss=1.9159 lr=2.640e-04 grad_norm=8.475 samples/s=73.56
[step 1220/5000] loss=1.6271 lr=2.634e-04 grad_norm=14.177 samples/s=73.55
[step 1230/5000] loss=1.4979 lr=2.628e-04 grad_norm=6.821 samples/s=73.65
[step 1240/5000] loss=2.1644 lr=2.621e-04 grad_norm=16.930 samples/s=73.66
[step 1250/5000] loss=2.0777 lr=2.615e-04 grad_norm=7.716 samples/s=73.54
[val step 1250] loss=2.0698970012664795 m01={'mean': 0.4094079185423277, 'median': 0.4087474996963729, 'p95': 0.6780590748628801, 'tail_frac_gt4px': 0.00016375992794563171, 'n_matched': 12213} m02={'12-16': 0.9175317185697809, '16-32': 0.9543598366562575, '32-64': 0.9453749033754187, '64-128': 0.9418457648546145} m04={'accuracy': 0.6046835339392451, 'by_octave': {'12-16': 0.5663104965430547, '16-32': 0.6420840674553234, '32-64': 0.6451349141455437, '64-128': 0.525503355704698}} diag={'gate3_alpha_mean': 0.29957711696624756, 'gate3_alpha_min': 0.01853179931640625, 'gate3_alpha_max': 0.987548828125, 'gate3_alpha_std': 0.16003663837909698, 'gate3_alpha_p10': 0.10858154296875, 'gate3_alpha_p50': 0.279296875, 'gate3_alpha_p90': 0.517822265625, 'block0_attn_entropy': 7.20166540145874, 'block1_attn_entropy': 7.463370323181152}
[step 1260/5000] loss=1.6180 lr=2.609e-04 grad_norm=6.306 samples/s=73.87
[step 1270/5000] loss=1.6167 lr=2.602e-04 grad_norm=9.640 samples/s=74.19
[step 1280/5000] loss=1.7439 lr=2.596e-04 grad_norm=16.155 samples/s=74.31
[step 1290/5000] loss=1.6752 lr=2.589e-04 grad_norm=8.377 samples/s=74.23
[step 1300/5000] loss=1.9970 lr=2.582e-04 grad_norm=15.554 samples/s=74.27
[step 1310/5000] loss=2.3702 lr=2.576e-04 grad_norm=13.355 samples/s=74.21
[step 1320/5000] loss=1.6723 lr=2.569e-04 grad_norm=10.632 samples/s=74.20
[step 1330/5000] loss=1.5467 lr=2.562e-04 grad_norm=10.254 samples/s=74.02
[step 1340/5000] loss=1.5850 lr=2.556e-04 grad_norm=14.779 samples/s=74.15
[step 1350/5000] loss=1.7948 lr=2.549e-04 grad_norm=9.504 samples/s=74.15
[step 1360/5000] loss=1.8961 lr=2.542e-04 grad_norm=8.080 samples/s=74.25
[step 1370/5000] loss=1.9864 lr=2.535e-04 grad_norm=12.436 samples/s=74.17
[step 1380/5000] loss=2.0761 lr=2.528e-04 grad_norm=18.752 samples/s=74.19
[step 1390/5000] loss=2.1340 lr=2.521e-04 grad_norm=12.455 samples/s=74.12
[step 1400/5000] loss=1.8293 lr=2.514e-04 grad_norm=7.230 samples/s=74.17
[step 1410/5000] loss=2.4060 lr=2.507e-04 grad_norm=23.640 samples/s=74.14
[step 1420/5000] loss=1.5457 lr=2.500e-04 grad_norm=10.023 samples/s=74.15
[step 1430/5000] loss=1.4363 lr=2.493e-04 grad_norm=10.133 samples/s=74.03
[step 1440/5000] loss=1.7078 lr=2.486e-04 grad_norm=13.609 samples/s=74.14
[step 1450/5000] loss=1.7243 lr=2.478e-04 grad_norm=8.564 samples/s=73.95
[step 1460/5000] loss=2.1104 lr=2.471e-04 grad_norm=9.157 samples/s=74.06
[step 1470/5000] loss=2.4366 lr=2.464e-04 grad_norm=22.075 samples/s=73.99
[step 1480/5000] loss=2.8273 lr=2.456e-04 grad_norm=15.428 samples/s=74.12
[step 1490/5000] loss=1.8886 lr=2.449e-04 grad_norm=15.726 samples/s=74.04
[step 1500/5000] loss=1.4557 lr=2.442e-04 grad_norm=7.790 samples/s=74.10
[val step 1500] loss=2.033647346496582 m01={'mean': 0.40879296968257856, 'median': 0.40873745312568077, 'p95': 0.678153835728274, 'tail_frac_gt4px': 8.19336337566571e-05, 'n_matched': 12205} m02={'12-16': 0.916955017301038, '16-32': 0.9536392024981984, '32-64': 0.9453749033754187, '64-128': 0.9405815423514539} m04={'accuracy': 0.6282671036460467, 'by_octave': {'12-16': 0.5691823899371069, '16-32': 0.6576826196473552, '32-64': 0.6775688198419187, '64-128': 0.5598118279569892}} diag={'gate3_alpha_mean': 0.29486772418022156, 'gate3_alpha_min': 0.01840972900390625, 'gate3_alpha_max': 0.984375, 'gate3_alpha_std': 0.15840183198451996, 'gate3_alpha_p10': 0.1064453125, 'gate3_alpha_p50': 0.274658203125, 'gate3_alpha_p90': 0.510009765625, 'block0_attn_entropy': 7.197376251220703, 'block1_attn_entropy': 7.4605584144592285}
[step 1510/5000] loss=1.9363 lr=2.434e-04 grad_norm=13.250 samples/s=74.34
[step 1520/5000] loss=1.6378 lr=2.427e-04 grad_norm=9.599 samples/s=74.61
[step 1530/5000] loss=2.4611 lr=2.419e-04 grad_norm=20.983 samples/s=74.62
[step 1540/5000] loss=2.1111 lr=2.412e-04 grad_norm=18.827 samples/s=74.64
[step 1550/5000] loss=1.8786 lr=2.404e-04 grad_norm=14.995 samples/s=74.65
[step 1560/5000] loss=2.6436 lr=2.396e-04 grad_norm=22.224 samples/s=74.61
[step 1570/5000] loss=2.0699 lr=2.389e-04 grad_norm=11.870 samples/s=74.54
[step 1580/5000] loss=1.8634 lr=2.381e-04 grad_norm=11.215 samples/s=74.57
[step 1590/5000] loss=2.2444 lr=2.373e-04 grad_norm=17.816 samples/s=74.40
[step 1600/5000] loss=1.5309 lr=2.365e-04 grad_norm=20.686 samples/s=74.40
[step 1610/5000] loss=2.4714 lr=2.358e-04 grad_norm=20.266 samples/s=74.29
[step 1620/5000] loss=1.5421 lr=2.350e-04 grad_norm=7.471 samples/s=74.32
[step 1630/5000] loss=2.1367 lr=2.342e-04 grad_norm=25.684 samples/s=74.28
[step 1640/5000] loss=2.1333 lr=2.334e-04 grad_norm=30.018 samples/s=74.34
[step 1650/5000] loss=1.6135 lr=2.326e-04 grad_norm=8.020 samples/s=74.28
[step 1660/5000] loss=1.6475 lr=2.318e-04 grad_norm=14.527 samples/s=74.29
[step 1670/5000] loss=2.2437 lr=2.310e-04 grad_norm=6.903 samples/s=74.32
[step 1680/5000] loss=1.7899 lr=2.302e-04 grad_norm=7.912 samples/s=74.40
[step 1690/5000] loss=1.4251 lr=2.294e-04 grad_norm=16.281 samples/s=74.29
[step 1700/5000] loss=1.9593 lr=2.286e-04 grad_norm=17.922 samples/s=74.42
[step 1710/5000] loss=2.1594 lr=2.277e-04 grad_norm=21.459 samples/s=74.43
[step 1720/5000] loss=1.8400 lr=2.269e-04 grad_norm=16.582 samples/s=74.43
[step 1730/5000] loss=1.3204 lr=2.261e-04 grad_norm=9.237 samples/s=74.45
[step 1740/5000] loss=1.8104 lr=2.253e-04 grad_norm=7.626 samples/s=74.46
[step 1750/5000] loss=1.6046 lr=2.245e-04 grad_norm=7.192 samples/s=74.37
[val step 1750] loss=2.0036819343566896 m01={'mean': 0.40920616527526815, 'median': 0.40873745312568077, 'p95': 0.677035457418776, 'tail_frac_gt4px': 0.00016378674965195316, 'n_matched': 12211} m02={'12-16': 0.9163783160322952, '16-32': 0.9538794138842182, '32-64': 0.9456325689255347, '64-128': 0.9421618204804045} m04={'accuracy': 0.6448284333797396, 'by_octave': {'12-16': 0.5783511642542479, '16-32': 0.6670863762276504, '32-64': 0.6953678474114442, '64-128': 0.5883931566588393}} diag={'gate3_alpha_mean': 0.29356399178504944, 'gate3_alpha_min': 0.0184173583984375, 'gate3_alpha_max': 0.984375, 'gate3_alpha_std': 0.15828779339790344, 'gate3_alpha_p10': 0.105621337890625, 'gate3_alpha_p50': 0.27294921875, 'gate3_alpha_p90': 0.509033203125, 'block0_attn_entropy': 7.202734470367432, 'block1_attn_entropy': 7.455561637878418}
[step 1760/5000] loss=1.5042 lr=2.236e-04 grad_norm=9.129 samples/s=74.57
[step 1770/5000] loss=1.7834 lr=2.228e-04 grad_norm=6.971 samples/s=74.80
[step 1780/5000] loss=1.5883 lr=2.220e-04 grad_norm=14.872 samples/s=74.84
[step 1790/5000] loss=1.9459 lr=2.211e-04 grad_norm=11.271 samples/s=74.81
[step 1800/5000] loss=1.9228 lr=2.203e-04 grad_norm=7.515 samples/s=74.83
[step 1810/5000] loss=2.2799 lr=2.194e-04 grad_norm=12.858 samples/s=74.77
[step 1820/5000] loss=2.0936 lr=2.186e-04 grad_norm=8.702 samples/s=74.76
[step 1830/5000] loss=1.7480 lr=2.177e-04 grad_norm=17.310 samples/s=74.80
[step 1840/5000] loss=1.8090 lr=2.169e-04 grad_norm=10.909 samples/s=74.84
[step 1850/5000] loss=2.0033 lr=2.160e-04 grad_norm=26.543 samples/s=74.83
[step 1860/5000] loss=1.7486 lr=2.152e-04 grad_norm=10.543 samples/s=74.93
[step 1870/5000] loss=1.4178 lr=2.143e-04 grad_norm=7.372 samples/s=74.93
[step 1880/5000] loss=1.7632 lr=2.134e-04 grad_norm=9.831 samples/s=74.91
[step 1890/5000] loss=3.2525 lr=2.126e-04 grad_norm=19.819 samples/s=74.93
[step 1900/5000] loss=2.4858 lr=2.117e-04 grad_norm=8.022 samples/s=74.86
[step 1910/5000] loss=1.4080 lr=2.108e-04 grad_norm=6.637 samples/s=74.89
[step 1920/5000] loss=1.8585 lr=2.100e-04 grad_norm=14.320 samples/s=74.83
[step 1930/5000] loss=1.8967 lr=2.091e-04 grad_norm=10.728 samples/s=74.83
[step 1940/5000] loss=1.9614 lr=2.082e-04 grad_norm=15.825 samples/s=74.74
[step 1950/5000] loss=1.9818 lr=2.073e-04 grad_norm=9.644 samples/s=74.79
[step 1960/5000] loss=1.9504 lr=2.064e-04 grad_norm=15.929 samples/s=74.75
[step 1970/5000] loss=1.8305 lr=2.055e-04 grad_norm=13.061 samples/s=74.78
[step 1980/5000] loss=1.9560 lr=2.047e-04 grad_norm=22.463 samples/s=74.82
[step 1990/5000] loss=1.8705 lr=2.038e-04 grad_norm=15.064 samples/s=74.71
[step 2000/5000] loss=1.9007 lr=2.029e-04 grad_norm=10.707 samples/s=74.60
[val step 2000] loss=1.9786412982940673 m01={'mean': 0.40863893385963623, 'median': 0.40835430767447695, 'p95': 0.6766213756643782, 'tail_frac_gt4px': 8.1913499344692e-05, 'n_matched': 12208} m02={'12-16': 0.9163783160322952, '16-32': 0.9546000480422772, '32-64': 0.9446019067250708, '64-128': 0.9415297092288243} m04={'accuracy': 0.6575196592398427, 'by_octave': {'12-16': 0.5745752045311516, '16-32': 0.6766482133870156, '32-64': 0.7097654118930715, '64-128': 0.6119503188989593}} diag={'gate3_alpha_mean': 0.29533904790878296, 'gate3_alpha_min': 0.01871490478515625, 'gate3_alpha_max': 0.984375, 'gate3_alpha_std': 0.15892910957336426, 'gate3_alpha_p10': 0.10650634765625, 'gate3_alpha_p50': 0.274658203125, 'gate3_alpha_p90': 0.511962890625, 'block0_attn_entropy': 7.205066680908203, 'block1_attn_entropy': 7.451497554779053}
[step 2010/5000] loss=2.1040 lr=2.020e-04 grad_norm=15.680 samples/s=74.80
[step 2020/5000] loss=1.4276 lr=2.011e-04 grad_norm=8.146 samples/s=75.00
[step 2030/5000] loss=1.7434 lr=2.002e-04 grad_norm=10.395 samples/s=75.04
[step 2040/5000] loss=1.4880 lr=1.993e-04 grad_norm=11.073 samples/s=75.07
[step 2050/5000] loss=2.2658 lr=1.984e-04 grad_norm=15.960 samples/s=74.98
[step 2060/5000] loss=1.8913 lr=1.975e-04 grad_norm=11.059 samples/s=74.98
[step 2070/5000] loss=1.5491 lr=1.966e-04 grad_norm=15.056 samples/s=74.93
[step 2080/5000] loss=2.1645 lr=1.957e-04 grad_norm=17.205 samples/s=74.98
[step 2090/5000] loss=1.9891 lr=1.948e-04 grad_norm=8.883 samples/s=74.89
[step 2100/5000] loss=2.0588 lr=1.938e-04 grad_norm=9.714 samples/s=74.94
[step 2110/5000] loss=3.0470 lr=1.929e-04 grad_norm=78.261 samples/s=74.91
[step 2120/5000] loss=1.8709 lr=1.920e-04 grad_norm=23.582 samples/s=74.92
[step 2130/5000] loss=1.7712 lr=1.911e-04 grad_norm=7.992 samples/s=74.90
[step 2140/5000] loss=2.3100 lr=1.902e-04 grad_norm=10.650 samples/s=74.94
[step 2150/5000] loss=1.8693 lr=1.893e-04 grad_norm=9.234 samples/s=74.86
[step 2160/5000] loss=1.5736 lr=1.883e-04 grad_norm=16.216 samples/s=74.92
[step 2170/5000] loss=1.4271 lr=1.874e-04 grad_norm=9.580 samples/s=74.86
[step 2180/5000] loss=2.3117 lr=1.865e-04 grad_norm=8.226 samples/s=74.87
[step 2190/5000] loss=1.6954 lr=1.856e-04 grad_norm=10.042 samples/s=74.86
[step 2200/5000] loss=2.7140 lr=1.846e-04 grad_norm=18.317 samples/s=74.84
[step 2210/5000] loss=2.7278 lr=1.837e-04 grad_norm=11.430 samples/s=74.83
[step 2220/5000] loss=1.5879 lr=1.828e-04 grad_norm=9.140 samples/s=74.89
[step 2230/5000] loss=2.1122 lr=1.818e-04 grad_norm=7.928 samples/s=74.81
[step 2240/5000] loss=2.1053 lr=1.809e-04 grad_norm=13.098 samples/s=74.86
[step 2250/5000] loss=2.0770 lr=1.800e-04 grad_norm=19.264 samples/s=74.78
[val step 2250] loss=1.9574107189178467 m01={'mean': 0.40863349769857954, 'median': 0.40854893183489543, 'p95': 0.6777816423902041, 'tail_frac_gt4px': 8.196049504139005e-05, 'n_matched': 12201} m02={'12-16': 0.9163783160322952, '16-32': 0.9541196252702379, '32-64': 0.9446019067250708, '64-128': 0.9399494310998736} m04={'accuracy': 0.6704368494385706, 'by_octave': {'12-16': 0.5884203901825047, '16-32': 0.6817724068479355, '32-64': 0.7255864702673214, '64-128': 0.6311365164761265}} diag={'gate3_alpha_mean': 0.2948748469352722, 'gate3_alpha_min': 0.01871490478515625, 'gate3_alpha_max': 0.984130859375, 'gate3_alpha_std': 0.15878082811832428, 'gate3_alpha_p10': 0.10636749863624573, 'gate3_alpha_p50': 0.274169921875, 'gate3_alpha_p90': 0.51123046875, 'block0_attn_entropy': 7.198872089385986, 'block1_attn_entropy': 7.448683261871338}
[step 2260/5000] loss=1.7570 lr=1.790e-04 grad_norm=9.795 samples/s=74.89
[step 2270/5000] loss=1.5517 lr=1.781e-04 grad_norm=8.165 samples/s=75.05
[step 2280/5000] loss=1.6331 lr=1.772e-04 grad_norm=9.524 samples/s=75.13
[step 2290/5000] loss=2.3249 lr=1.762e-04 grad_norm=12.871 samples/s=75.17
[step 2300/5000] loss=2.0278 lr=1.753e-04 grad_norm=12.449 samples/s=75.12
[step 2310/5000] loss=1.8540 lr=1.744e-04 grad_norm=11.322 samples/s=75.16
[step 2320/5000] loss=1.5991 lr=1.734e-04 grad_norm=16.647 samples/s=75.09
[step 2330/5000] loss=1.6529 lr=1.725e-04 grad_norm=20.801 samples/s=75.11
[step 2340/5000] loss=1.8105 lr=1.715e-04 grad_norm=12.815 samples/s=75.02
[step 2350/5000] loss=2.0608 lr=1.706e-04 grad_norm=10.361 samples/s=75.02
[step 2360/5000] loss=2.0117 lr=1.696e-04 grad_norm=18.203 samples/s=74.99
[step 2370/5000] loss=1.8260 lr=1.687e-04 grad_norm=15.366 samples/s=75.01
[step 2380/5000] loss=2.1112 lr=1.677e-04 grad_norm=9.660 samples/s=74.97
[step 2390/5000] loss=2.3614 lr=1.668e-04 grad_norm=16.248 samples/s=75.02
[step 2400/5000] loss=2.2822 lr=1.659e-04 grad_norm=8.425 samples/s=74.99
[step 2410/5000] loss=1.8399 lr=1.649e-04 grad_norm=9.263 samples/s=74.99
[step 2420/5000] loss=2.3809 lr=1.640e-04 grad_norm=25.565 samples/s=74.92
[step 2430/5000] loss=1.8475 lr=1.630e-04 grad_norm=7.324 samples/s=74.95
[step 2440/5000] loss=1.5853 lr=1.621e-04 grad_norm=8.880 samples/s=74.88
[step 2450/5000] loss=2.1788 lr=1.611e-04 grad_norm=13.043 samples/s=74.92
[step 2460/5000] loss=1.7896 lr=1.602e-04 grad_norm=13.835 samples/s=74.87
[step 2470/5000] loss=1.6675 lr=1.592e-04 grad_norm=10.490 samples/s=74.93
[step 2480/5000] loss=1.9274 lr=1.583e-04 grad_norm=16.368 samples/s=74.90
[step 2490/5000] loss=2.0695 lr=1.573e-04 grad_norm=19.940 samples/s=74.92
[step 2500/5000] loss=1.6021 lr=1.564e-04 grad_norm=12.917 samples/s=74.78
[val step 2500] loss=1.9414528408050538 m01={'mean': 0.40871938788465495, 'median': 0.40854893183489543, 'p95': 0.6780645926271338, 'tail_frac_gt4px': 8.192020971573687e-05, 'n_matched': 12207} m02={'12-16': 0.9152249134948097, '16-32': 0.9543598366562575, '32-64': 0.9456325689255347, '64-128': 0.940897597977244} m04={'accuracy': 0.67870893749488, 'by_octave': {'12-16': 0.5916824196597353, '16-32': 0.6911653662219985, '32-64': 0.7365122615803815, '64-128': 0.6372186765199865}} diag={'gate3_alpha_mean': 0.294592022895813, 'gate3_alpha_min': 0.01853179931640625, 'gate3_alpha_max': 0.984375, 'gate3_alpha_std': 0.15871776640415192, 'gate3_alpha_p10': 0.1063690185546875, 'gate3_alpha_p50': 0.2738037109375, 'gate3_alpha_p90': 0.510986328125, 'block0_attn_entropy': 7.202771186828613, 'block1_attn_entropy': 7.445590972900391}
[step 2510/5000] loss=1.4934 lr=1.554e-04 grad_norm=7.202 samples/s=74.93
[step 2520/5000] loss=1.4806 lr=1.545e-04 grad_norm=8.648 samples/s=75.09
[step 2530/5000] loss=1.5276 lr=1.535e-04 grad_norm=7.974 samples/s=75.15
[step 2540/5000] loss=2.2741 lr=1.525e-04 grad_norm=33.260 samples/s=75.15
[step 2550/5000] loss=1.6306 lr=1.516e-04 grad_norm=11.372 samples/s=75.13
[step 2560/5000] loss=1.4975 lr=1.506e-04 grad_norm=14.544 samples/s=75.14
[step 2570/5000] loss=1.4753 lr=1.497e-04 grad_norm=11.539 samples/s=75.09
[step 2580/5000] loss=1.9478 lr=1.487e-04 grad_norm=7.681 samples/s=75.08
[step 2590/5000] loss=1.9148 lr=1.478e-04 grad_norm=12.091 samples/s=75.08
[step 2600/5000] loss=1.8729 lr=1.468e-04 grad_norm=15.528 samples/s=75.03
[step 2610/5000] loss=1.8092 lr=1.459e-04 grad_norm=13.874 samples/s=75.06
[step 2620/5000] loss=2.3091 lr=1.449e-04 grad_norm=11.054 samples/s=75.02
[step 2630/5000] loss=1.7880 lr=1.440e-04 grad_norm=11.354 samples/s=75.10
[step 2640/5000] loss=1.5195 lr=1.430e-04 grad_norm=9.155 samples/s=75.03
[step 2650/5000] loss=1.3352 lr=1.421e-04 grad_norm=9.711 samples/s=75.06
[step 2660/5000] loss=1.7417 lr=1.411e-04 grad_norm=15.251 samples/s=75.01
[step 2670/5000] loss=2.4192 lr=1.402e-04 grad_norm=12.039 samples/s=74.97
[step 2680/5000] loss=1.7290 lr=1.392e-04 grad_norm=9.046 samples/s=75.01
[step 2690/5000] loss=2.0401 lr=1.383e-04 grad_norm=15.011 samples/s=75.02
[step 2700/5000] loss=1.7695 lr=1.373e-04 grad_norm=11.016 samples/s=74.91
[step 2710/5000] loss=1.5646 lr=1.364e-04 grad_norm=19.240 samples/s=74.94
[step 2720/5000] loss=2.8422 lr=1.354e-04 grad_norm=14.941 samples/s=74.90
[step 2730/5000] loss=2.2529 lr=1.345e-04 grad_norm=18.126 samples/s=74.91
[step 2740/5000] loss=1.5106 lr=1.335e-04 grad_norm=23.041 samples/s=74.89
[step 2750/5000] loss=1.4240 lr=1.326e-04 grad_norm=10.685 samples/s=74.79
[val step 2750] loss=1.9255579242706298 m01={'mean': 0.408599916660691, 'median': 0.40824011699929014, 'p95': 0.6767750552817741, 'tail_frac_gt4px': 8.19336337566571e-05, 'n_matched': 12205} m02={'12-16': 0.9163783160322952, '16-32': 0.9541196252702379, '32-64': 0.9448595722751868, '64-128': 0.940897597977244} m04={'accuracy': 0.6875870544858664, 'by_octave': {'12-16': 0.5984896161107615, '16-32': 0.6988922457200403, '32-64': 0.7474775020452686, '64-128': 0.6462882096069869}} diag={'gate3_alpha_mean': 0.29521307349205017, 'gate3_alpha_min': 0.01871490478515625, 'gate3_alpha_max': 0.9833984375, 'gate3_alpha_std': 0.15863314270973206, 'gate3_alpha_p10': 0.10687255859375, 'gate3_alpha_p50': 0.274658203125, 'gate3_alpha_p90': 0.5112419128417969, 'block0_attn_entropy': 7.1984100341796875, 'block1_attn_entropy': 7.443540096282959}
[step 2760/5000] loss=1.6748 lr=1.317e-04 grad_norm=10.951 samples/s=74.94
[step 2770/5000] loss=1.6239 lr=1.307e-04 grad_norm=11.025 samples/s=75.09
[step 2780/5000] loss=1.9251 lr=1.298e-04 grad_norm=11.359 samples/s=75.08
[step 2790/5000] loss=1.4518 lr=1.288e-04 grad_norm=12.079 samples/s=75.10
[step 2800/5000] loss=2.0276 lr=1.279e-04 grad_norm=7.082 samples/s=75.07
[step 2810/5000] loss=1.5236 lr=1.270e-04 grad_norm=9.376 samples/s=75.07
[step 2820/5000] loss=1.4018 lr=1.260e-04 grad_norm=10.689 samples/s=75.02
[step 2830/5000] loss=2.2402 lr=1.251e-04 grad_norm=20.271 samples/s=74.99
[step 2840/5000] loss=1.9146 lr=1.241e-04 grad_norm=14.870 samples/s=74.91
[step 2850/5000] loss=1.8045 lr=1.232e-04 grad_norm=12.368 samples/s=74.96
[step 2860/5000] loss=1.6253 lr=1.223e-04 grad_norm=15.470 samples/s=74.92
[step 2870/5000] loss=2.0084 lr=1.213e-04 grad_norm=19.707 samples/s=74.96
[step 2880/5000] loss=1.5483 lr=1.204e-04 grad_norm=14.454 samples/s=74.90
[step 2890/5000] loss=1.6388 lr=1.195e-04 grad_norm=11.062 samples/s=74.90
[step 2900/5000] loss=1.8675 lr=1.185e-04 grad_norm=16.207 samples/s=74.82
[step 2910/5000] loss=1.4866 lr=1.176e-04 grad_norm=17.357 samples/s=74.86
[step 2920/5000] loss=1.6497 lr=1.167e-04 grad_norm=7.634 samples/s=74.83
[step 2930/5000] loss=1.5433 lr=1.158e-04 grad_norm=11.762 samples/s=74.83
[step 2940/5000] loss=1.5320 lr=1.148e-04 grad_norm=8.257 samples/s=74.75
[step 2950/5000] loss=1.4518 lr=1.139e-04 grad_norm=9.279 samples/s=74.78
[step 2960/5000] loss=1.9785 lr=1.130e-04 grad_norm=11.820 samples/s=74.75
[step 2970/5000] loss=1.6389 lr=1.121e-04 grad_norm=18.872 samples/s=74.78
[step 2980/5000] loss=1.4976 lr=1.112e-04 grad_norm=7.506 samples/s=74.75
[step 2990/5000] loss=2.2059 lr=1.103e-04 grad_norm=18.443 samples/s=74.75
[step 3000/5000] loss=1.5099 lr=1.093e-04 grad_norm=11.824 samples/s=74.69
[val step 3000] loss=1.9144422340393066 m01={'mean': 0.40860208171454243, 'median': 0.40845083704110524, 'p95': 0.6771931288153773, 'tail_frac_gt4px': 8.1913499344692e-05, 'n_matched': 12208} m02={'12-16': 0.9163783160322952, '16-32': 0.9550804708143166, '32-64': 0.9446019067250708, '64-128': 0.940897597977244} m04={'accuracy': 0.6946264744429882, 'by_octave': {'12-16': 0.6073001887979862, '16-32': 0.7039738430583501, '32-64': 0.7536824877250409, '64-128': 0.6560295599596909}} diag={'gate3_alpha_mean': 0.297104150056839, 'gate3_alpha_min': 0.019290924072265625, 'gate3_alpha_max': 0.9833984375, 'gate3_alpha_std': 0.15893425047397614, 'gate3_alpha_p10': 0.108123779296875, 'gate3_alpha_p50': 0.2767333984375, 'gate3_alpha_p90': 0.513916015625, 'block0_attn_entropy': 7.206790447235107, 'block1_attn_entropy': 7.443491458892822}
[step 3010/5000] loss=1.7829 lr=1.084e-04 grad_norm=47.050 samples/s=74.82
[step 3020/5000] loss=1.5268 lr=1.075e-04 grad_norm=11.742 samples/s=74.97
[step 3030/5000] loss=2.0824 lr=1.066e-04 grad_norm=18.596 samples/s=74.94
[step 3040/5000] loss=1.2866 lr=1.057e-04 grad_norm=12.131 samples/s=74.91
[step 3050/5000] loss=1.5120 lr=1.048e-04 grad_norm=9.007 samples/s=74.81
[step 3060/5000] loss=1.8872 lr=1.039e-04 grad_norm=9.979 samples/s=74.83
[step 3070/5000] loss=1.7733 lr=1.030e-04 grad_norm=19.207 samples/s=74.80
[step 3080/5000] loss=2.0539 lr=1.021e-04 grad_norm=13.664 samples/s=74.84
[step 3090/5000] loss=1.6721 lr=1.012e-04 grad_norm=13.680 samples/s=74.77
[step 3100/5000] loss=1.3450 lr=1.003e-04 grad_norm=7.765 samples/s=74.80
[step 3110/5000] loss=2.0169 lr=9.941e-05 grad_norm=13.473 samples/s=74.74
[step 3120/5000] loss=1.8425 lr=9.852e-05 grad_norm=15.937 samples/s=74.77
[step 3130/5000] loss=2.1982 lr=9.763e-05 grad_norm=22.812 samples/s=74.71
[step 3140/5000] loss=2.2343 lr=9.674e-05 grad_norm=19.003 samples/s=74.73
[step 3150/5000] loss=1.4363 lr=9.586e-05 grad_norm=10.555 samples/s=74.72
[step 3160/5000] loss=1.8506 lr=9.498e-05 grad_norm=15.654 samples/s=74.76
[step 3170/5000] loss=1.6278 lr=9.410e-05 grad_norm=20.795 samples/s=74.70
[step 3180/5000] loss=2.0637 lr=9.322e-05 grad_norm=13.300 samples/s=74.72
[step 3190/5000] loss=1.6889 lr=9.235e-05 grad_norm=13.370 samples/s=74.70
[step 3200/5000] loss=1.5200 lr=9.148e-05 grad_norm=10.560 samples/s=74.71
[step 3210/5000] loss=1.7792 lr=9.061e-05 grad_norm=14.907 samples/s=74.71
[step 3220/5000] loss=1.6914 lr=8.974e-05 grad_norm=13.931 samples/s=74.74
[step 3230/5000] loss=1.8334 lr=8.888e-05 grad_norm=13.059 samples/s=74.73
[step 3240/5000] loss=2.8190 lr=8.801e-05 grad_norm=12.549 samples/s=74.58
[step 3250/5000] loss=2.3776 lr=8.715e-05 grad_norm=14.682 samples/s=74.60
[val step 3250] loss=1.9036533946990968 m01={'mean': 0.4086905738512454, 'median': 0.40845083704110524, 'p95': 0.6766347035603848, 'tail_frac_gt4px': 8.192692118630181e-05, 'n_matched': 12206} m02={'12-16': 0.9158016147635525, '16-32': 0.9543598366562575, '32-64': 0.9448595722751868, '64-128': 0.9412136536030341} m04={'accuracy': 0.6986727838767819, 'by_octave': {'12-16': 0.6083123425692695, '16-32': 0.7090359929524289, '32-64': 0.7600218161985274, '64-128': 0.6574882471457354}} diag={'gate3_alpha_mean': 0.2988957166671753, 'gate3_alpha_min': 0.019451141357421875, 'gate3_alpha_max': 0.983642578125, 'gate3_alpha_std': 0.15921583771705627, 'gate3_alpha_p10': 0.10916061699390411, 'gate3_alpha_p50': 0.27880859375, 'gate3_alpha_p90': 0.5158553123474121, 'block0_attn_entropy': 7.207025051116943, 'block1_attn_entropy': 7.445901870727539}
[step 3260/5000] loss=1.4939 lr=8.630e-05 grad_norm=13.249 samples/s=74.73
[step 3270/5000] loss=1.6540 lr=8.544e-05 grad_norm=10.023 samples/s=74.85
[step 3280/5000] loss=2.3215 lr=8.459e-05 grad_norm=24.737 samples/s=74.90
[step 3290/5000] loss=1.8231 lr=8.374e-05 grad_norm=22.939 samples/s=74.88
[step 3300/5000] loss=1.9006 lr=8.290e-05 grad_norm=12.494 samples/s=74.86
[step 3310/5000] loss=1.2617 lr=8.205e-05 grad_norm=6.208 samples/s=74.79
[step 3320/5000] loss=1.7029 lr=8.121e-05 grad_norm=14.760 samples/s=74.80
[step 3330/5000] loss=2.3545 lr=8.038e-05 grad_norm=21.182 samples/s=74.80
[step 3340/5000] loss=1.7216 lr=7.954e-05 grad_norm=22.838 samples/s=74.84
[step 3350/5000] loss=2.1964 lr=7.871e-05 grad_norm=18.151 samples/s=74.81
[step 3360/5000] loss=2.1301 lr=7.788e-05 grad_norm=13.942 samples/s=74.83
[step 3370/5000] loss=1.7512 lr=7.706e-05 grad_norm=11.126 samples/s=74.78
[step 3380/5000] loss=1.9926 lr=7.624e-05 grad_norm=8.710 samples/s=74.81
[step 3390/5000] loss=1.4875 lr=7.542e-05 grad_norm=9.623 samples/s=74.78
[step 3400/5000] loss=2.5648 lr=7.460e-05 grad_norm=15.272 samples/s=74.81
[step 3410/5000] loss=1.4156 lr=7.379e-05 grad_norm=11.622 samples/s=74.76
[step 3420/5000] loss=1.8487 lr=7.298e-05 grad_norm=9.449 samples/s=74.76
[step 3430/5000] loss=1.7137 lr=7.217e-05 grad_norm=8.532 samples/s=74.74
[step 3440/5000] loss=1.5072 lr=7.137e-05 grad_norm=10.942 samples/s=74.73
[step 3450/5000] loss=1.5515 lr=7.057e-05 grad_norm=6.317 samples/s=74.75
[step 3460/5000] loss=1.4461 lr=6.977e-05 grad_norm=17.117 samples/s=74.75
[step 3470/5000] loss=2.6481 lr=6.898e-05 grad_norm=19.771 samples/s=74.76
[step 3480/5000] loss=1.5230 lr=6.819e-05 grad_norm=18.714 samples/s=74.73
[step 3490/5000] loss=1.5522 lr=6.740e-05 grad_norm=15.360 samples/s=74.62
[step 3500/5000] loss=2.1291 lr=6.662e-05 grad_norm=9.417 samples/s=74.58
[val step 3500] loss=1.896815071105957 m01={'mean': 0.4085680261122158, 'median': 0.40856383849679545, 'p95': 0.676184716255749, 'tail_frac_gt4px': 8.194706219782021e-05, 'n_matched': 12203} m02={'12-16': 0.9163783160322952, '16-32': 0.9543598366562575, '32-64': 0.943828910074723, '64-128': 0.9412136536030341} m04={'accuracy': 0.7020404818487257, 'by_octave': {'12-16': 0.6073001887979862, '16-32': 0.7087842939843947, '32-64': 0.7654927654927655, '64-128': 0.6655473472128945}} diag={'gate3_alpha_mean': 0.2990804612636566, 'gate3_alpha_min': 0.019573211669921875, 'gate3_alpha_max': 0.983642578125, 'gate3_alpha_std': 0.15918701887130737, 'gate3_alpha_p10': 0.10948105156421661, 'gate3_alpha_p50': 0.27886962890625, 'gate3_alpha_p90': 0.515869140625, 'block0_attn_entropy': 7.204524993896484, 'block1_attn_entropy': 7.442954063415527}
[step 3510/5000] loss=1.4784 lr=6.584e-05 grad_norm=11.207 samples/s=74.69
[step 3520/5000] loss=1.2431 lr=6.506e-05 grad_norm=7.455 samples/s=74.81
[step 3530/5000] loss=1.9950 lr=6.429e-05 grad_norm=19.832 samples/s=74.79
[step 3540/5000] loss=1.7619 lr=6.352e-05 grad_norm=8.206 samples/s=74.77
[step 3550/5000] loss=1.4922 lr=6.276e-05 grad_norm=8.937 samples/s=74.69
[step 3560/5000] loss=2.9402 lr=6.200e-05 grad_norm=13.567 samples/s=74.72
[step 3570/5000] loss=1.1867 lr=6.124e-05 grad_norm=12.916 samples/s=74.67
[step 3580/5000] loss=1.4636 lr=6.048e-05 grad_norm=11.776 samples/s=74.68
[step 3590/5000] loss=1.6461 lr=5.973e-05 grad_norm=13.282 samples/s=74.62
[step 3600/5000] loss=1.7267 lr=5.899e-05 grad_norm=12.968 samples/s=74.65
[step 3610/5000] loss=2.3790 lr=5.824e-05 grad_norm=27.028 samples/s=74.60
[step 3620/5000] loss=1.4338 lr=5.750e-05 grad_norm=20.389 samples/s=74.62
[step 3630/5000] loss=1.5726 lr=5.677e-05 grad_norm=11.090 samples/s=74.59
[step 3640/5000] loss=1.5248 lr=5.604e-05 grad_norm=8.914 samples/s=74.58
[step 3650/5000] loss=1.8436 lr=5.531e-05 grad_norm=12.435 samples/s=74.54
[step 3660/5000] loss=2.3896 lr=5.459e-05 grad_norm=10.346 samples/s=74.58
[step 3670/5000] loss=1.3219 lr=5.387e-05 grad_norm=12.519 samples/s=74.55
[step 3680/5000] loss=1.7436 lr=5.315e-05 grad_norm=15.753 samples/s=74.57
[step 3690/5000] loss=1.4704 lr=5.244e-05 grad_norm=16.186 samples/s=74.55
[step 3700/5000] loss=1.9915 lr=5.173e-05 grad_norm=17.104 samples/s=74.58
[step 3710/5000] loss=1.7914 lr=5.103e-05 grad_norm=14.615 samples/s=74.54
[step 3720/5000] loss=1.7184 lr=5.033e-05 grad_norm=16.649 samples/s=74.57
[step 3730/5000] loss=1.9693 lr=4.964e-05 grad_norm=12.192 samples/s=74.51
[step 3740/5000] loss=1.6768 lr=4.895e-05 grad_norm=20.856 samples/s=74.54
[step 3750/5000] loss=1.8132 lr=4.826e-05 grad_norm=10.600 samples/s=74.50
[val step 3750] loss=1.8912897281646728 m01={'mean': 0.4086858426999706, 'median': 0.40862138680439386, 'p95': 0.6766613593523978, 'tail_frac_gt4px': 8.195377806916898e-05, 'n_matched': 12202} m02={'12-16': 0.9158016147635525, '16-32': 0.9543598366562575, '32-64': 0.9446019067250708, '64-128': 0.9402654867256637} m04={'accuracy': 0.7046385838387149, 'by_octave': {'12-16': 0.6083123425692695, '16-32': 0.7123080795368739, '32-64': 0.7665030005455538, '64-128': 0.6695798319327732}} diag={'gate3_alpha_mean': 0.29960897564888, 'gate3_alpha_min': 0.019733428955078125, 'gate3_alpha_max': 0.983642578125, 'gate3_alpha_std': 0.15930481255054474, 'gate3_alpha_p10': 0.109649658203125, 'gate3_alpha_p50': 0.2798309326171875, 'gate3_alpha_p90': 0.5162353515625, 'block0_attn_entropy': 7.197928428649902, 'block1_attn_entropy': 7.44625186920166}
[step 3760/5000] loss=1.4021 lr=4.758e-05 grad_norm=8.161 samples/s=74.61
[step 3770/5000] loss=1.2373 lr=4.690e-05 grad_norm=6.180 samples/s=74.72
[step 3780/5000] loss=2.9420 lr=4.623e-05 grad_norm=21.438 samples/s=74.75
[step 3790/5000] loss=1.5388 lr=4.556e-05 grad_norm=12.082 samples/s=74.73
[step 3800/5000] loss=2.2650 lr=4.489e-05 grad_norm=12.316 samples/s=74.72
[step 3810/5000] loss=2.0441 lr=4.423e-05 grad_norm=18.082 samples/s=74.69
[step 3820/5000] loss=2.0038 lr=4.357e-05 grad_norm=10.909 samples/s=74.68
[step 3830/5000] loss=2.1425 lr=4.292e-05 grad_norm=8.240 samples/s=74.67
[step 3840/5000] loss=1.5609 lr=4.228e-05 grad_norm=10.371 samples/s=74.71
[step 3850/5000] loss=1.6418 lr=4.163e-05 grad_norm=20.055 samples/s=74.67
[step 3860/5000] loss=1.7914 lr=4.099e-05 grad_norm=15.181 samples/s=74.69
[step 3870/5000] loss=2.6309 lr=4.036e-05 grad_norm=26.073 samples/s=74.64
[step 3880/5000] loss=1.5129 lr=3.973e-05 grad_norm=11.246 samples/s=74.67
[step 3890/5000] loss=1.4448 lr=3.911e-05 grad_norm=17.891 samples/s=74.65
[step 3900/5000] loss=1.2986 lr=3.849e-05 grad_norm=8.214 samples/s=74.61
[step 3910/5000] loss=1.4520 lr=3.787e-05 grad_norm=14.732 samples/s=74.62
[step 3920/5000] loss=2.3809 lr=3.726e-05 grad_norm=11.497 samples/s=74.58
[step 3930/5000] loss=1.6996 lr=3.666e-05 grad_norm=13.741 samples/s=74.61
[step 3940/5000] loss=2.2192 lr=3.605e-05 grad_norm=26.548 samples/s=74.59
[step 3950/5000] loss=1.4787 lr=3.546e-05 grad_norm=15.396 samples/s=74.64
[step 3960/5000] loss=2.0114 lr=3.487e-05 grad_norm=10.348 samples/s=74.59
[step 3970/5000] loss=1.7566 lr=3.428e-05 grad_norm=9.828 samples/s=74.61
[step 3980/5000] loss=1.8026 lr=3.370e-05 grad_norm=10.807 samples/s=74.58
[step 3990/5000] loss=1.4980 lr=3.312e-05 grad_norm=10.248 samples/s=74.56
[step 4000/5000] loss=1.8053 lr=3.255e-05 grad_norm=8.715 samples/s=74.59
[val step 4000] loss=1.8866942882537843 m01={'mean': 0.4085420107852493, 'median': 0.40853668612566707, 'p95': 0.6757161800924152, 'tail_frac_gt4px': 8.192692118630181e-05, 'n_matched': 12206} m02={'12-16': 0.916955017301038, '16-32': 0.9543598366562575, '32-64': 0.9448595722751868, '64-128': 0.9405815423514539} m04={'accuracy': 0.7071931836801573, 'by_octave': {'12-16': 0.6119496855345912, '16-32': 0.7133148754090108, '32-64': 0.7698391055358603, '64-128': 0.6727150537634409}} diag={'gate3_alpha_mean': 0.29933440685272217, 'gate3_alpha_min': 0.019611358642578125, 'gate3_alpha_max': 0.983642578125, 'gate3_alpha_std': 0.15936937928199768, 'gate3_alpha_p10': 0.1095123291015625, 'gate3_alpha_p50': 0.27918243408203125, 'gate3_alpha_p90': 0.516357421875, 'block0_attn_entropy': 7.20817232131958, 'block1_attn_entropy': 7.440343379974365}
[step 4010/5000] loss=1.8037 lr=3.198e-05 grad_norm=8.494 samples/s=74.69
[step 4020/5000] loss=1.6628 lr=3.142e-05 grad_norm=9.260 samples/s=74.79
[step 4030/5000] loss=1.8262 lr=3.086e-05 grad_norm=11.835 samples/s=74.79
[step 4040/5000] loss=1.6775 lr=3.031e-05 grad_norm=23.364 samples/s=74.83
[step 4050/5000] loss=1.6735 lr=2.976e-05 grad_norm=29.365 samples/s=74.80
[step 4060/5000] loss=1.8512 lr=2.922e-05 grad_norm=20.133 samples/s=74.83
[step 4070/5000] loss=1.8305 lr=2.868e-05 grad_norm=6.151 samples/s=74.79
[step 4080/5000] loss=1.5727 lr=2.815e-05 grad_norm=8.225 samples/s=74.81
[step 4090/5000] loss=2.0180 lr=2.762e-05 grad_norm=19.612 samples/s=74.80
[step 4100/5000] loss=2.4920 lr=2.710e-05 grad_norm=13.946 samples/s=74.79
[step 4110/5000] loss=2.3300 lr=2.658e-05 grad_norm=17.739 samples/s=74.78
[step 4120/5000] loss=2.0723 lr=2.607e-05 grad_norm=15.755 samples/s=74.75
[step 4130/5000] loss=2.1823 lr=2.556e-05 grad_norm=14.342 samples/s=74.77
[step 4140/5000] loss=1.6317 lr=2.506e-05 grad_norm=15.118 samples/s=74.74
[step 4150/5000] loss=1.7420 lr=2.456e-05 grad_norm=13.941 samples/s=74.78
[step 4160/5000] loss=2.0166 lr=2.407e-05 grad_norm=12.376 samples/s=74.72
[step 4170/5000] loss=1.4918 lr=2.358e-05 grad_norm=10.687 samples/s=74.75
[step 4180/5000] loss=1.7861 lr=2.310e-05 grad_norm=11.782 samples/s=74.76
[step 4190/5000] loss=1.3975 lr=2.263e-05 grad_norm=6.755 samples/s=74.79
[step 4200/5000] loss=1.6008 lr=2.216e-05 grad_norm=12.959 samples/s=74.75
[step 4210/5000] loss=1.6249 lr=2.169e-05 grad_norm=16.511 samples/s=74.76
[step 4220/5000] loss=2.3705 lr=2.123e-05 grad_norm=15.565 samples/s=74.76
[step 4230/5000] loss=1.9637 lr=2.078e-05 grad_norm=30.873 samples/s=74.73
[step 4240/5000] loss=2.4897 lr=2.033e-05 grad_norm=39.969 samples/s=74.76
[step 4250/5000] loss=2.0268 lr=1.988e-05 grad_norm=16.652 samples/s=74.73
[val step 4250] loss=1.8832557048797607 m01={'mean': 0.4088045495711334, 'median': 0.40862138680439386, 'p95': 0.6767549867852667, 'tail_frac_gt4px': 8.1913499344692e-05, 'n_matched': 12208} m02={'12-16': 0.9175317185697809, '16-32': 0.9543598366562575, '32-64': 0.9446019067250708, '64-128': 0.9412136536030341} m04={'accuracy': 0.7065858453473133, 'by_octave': {'12-16': 0.606536769327467, '16-32': 0.7140699723131135, '32-64': 0.768139661756683, '64-128': 0.674278038952317}} diag={'gate3_alpha_mean': 0.2991587519645691, 'gate3_alpha_min': 0.019573211669921875, 'gate3_alpha_max': 0.9833984375, 'gate3_alpha_std': 0.15917326509952545, 'gate3_alpha_p10': 0.1094970703125, 'gate3_alpha_p50': 0.2791748046875, 'gate3_alpha_p90': 0.515625, 'block0_attn_entropy': 7.201465129852295, 'block1_attn_entropy': 7.444415092468262}
[step 4260/5000] loss=1.9197 lr=1.945e-05 grad_norm=20.486 samples/s=74.82
[step 4270/5000] loss=1.4910 lr=1.901e-05 grad_norm=8.698 samples/s=74.92
[step 4280/5000] loss=2.4221 lr=1.859e-05 grad_norm=7.089 samples/s=74.92
[step 4290/5000] loss=1.8639 lr=1.816e-05 grad_norm=11.714 samples/s=74.92
[step 4300/5000] loss=2.1710 lr=1.775e-05 grad_norm=13.199 samples/s=74.91
[step 4310/5000] loss=2.0956 lr=1.734e-05 grad_norm=9.337 samples/s=74.94
[step 4320/5000] loss=2.0514 lr=1.693e-05 grad_norm=20.233 samples/s=74.87
[step 4330/5000] loss=2.0069 lr=1.653e-05 grad_norm=67.760 samples/s=74.90
[step 4340/5000] loss=1.5588 lr=1.614e-05 grad_norm=14.324 samples/s=74.89
[step 4350/5000] loss=1.8144 lr=1.575e-05 grad_norm=10.857 samples/s=74.92
[step 4360/5000] loss=1.4249 lr=1.537e-05 grad_norm=14.029 samples/s=74.90
[step 4370/5000] loss=1.8195 lr=1.499e-05 grad_norm=9.791 samples/s=74.90
[step 4380/5000] loss=1.6243 lr=1.462e-05 grad_norm=11.685 samples/s=74.88
[step 4390/5000] loss=1.7084 lr=1.425e-05 grad_norm=12.382 samples/s=74.83
[step 4400/5000] loss=1.7259 lr=1.389e-05 grad_norm=9.065 samples/s=74.84
[step 4410/5000] loss=1.7677 lr=1.353e-05 grad_norm=13.802 samples/s=74.84
[step 4420/5000] loss=1.3271 lr=1.318e-05 grad_norm=12.956 samples/s=74.86
[step 4430/5000] loss=1.8035 lr=1.284e-05 grad_norm=11.758 samples/s=74.84
[step 4440/5000] loss=1.1061 lr=1.250e-05 grad_norm=10.527 samples/s=74.85
[step 4450/5000] loss=1.5149 lr=1.217e-05 grad_norm=11.331 samples/s=74.83
[step 4460/5000] loss=1.9907 lr=1.184e-05 grad_norm=19.995 samples/s=74.84
[step 4470/5000] loss=2.5559 lr=1.152e-05 grad_norm=17.287 samples/s=74.83
[step 4480/5000] loss=1.4642 lr=1.121e-05 grad_norm=10.326 samples/s=74.83
[step 4490/5000] loss=2.4259 lr=1.090e-05 grad_norm=9.691 samples/s=74.84
[step 4500/5000] loss=1.5063 lr=1.060e-05 grad_norm=10.463 samples/s=74.83
[val step 4500] loss=1.882003776550293 m01={'mean': 0.4084683471125385, 'median': 0.40845083704110524, 'p95': 0.6761107145023622, 'tail_frac_gt4px': 8.1913499344692e-05, 'n_matched': 12208} m02={'12-16': 0.9181084198385236, '16-32': 0.9538794138842182, '32-64': 0.9446019067250708, '64-128': 0.9415297092288243} m04={'accuracy': 0.7071592398427261, 'by_octave': {'12-16': 0.6105527638190955, '16-32': 0.714429614706623, '32-64': 0.7686852154937261, '64-128': 0.6733803289694529}} diag={'gate3_alpha_mean': 0.299428254365921, 'gate3_alpha_min': 0.019733428955078125, 'gate3_alpha_max': 0.9833984375, 'gate3_alpha_std': 0.15936589241027832, 'gate3_alpha_p10': 0.109527587890625, 'gate3_alpha_p50': 0.279388427734375, 'gate3_alpha_p90': 0.5166015625, 'block0_attn_entropy': 7.20127534866333, 'block1_attn_entropy': 7.4437575340271}
[step 4510/5000] loss=2.0433 lr=1.030e-05 grad_norm=13.417 samples/s=74.92
[step 4520/5000] loss=1.5569 lr=1.001e-05 grad_norm=12.954 samples/s=75.01
[step 4530/5000] loss=1.4879 lr=9.720e-06 grad_norm=9.147 samples/s=75.03
[step 4540/5000] loss=1.9603 lr=9.439e-06 grad_norm=12.355 samples/s=75.00
[step 4550/5000] loss=2.6482 lr=9.165e-06 grad_norm=14.173 samples/s=75.00
[step 4560/5000] loss=1.1794 lr=8.896e-06 grad_norm=14.489 samples/s=74.96
[step 4570/5000] loss=1.4963 lr=8.634e-06 grad_norm=10.170 samples/s=74.99
[step 4580/5000] loss=2.2319 lr=8.377e-06 grad_norm=39.154 samples/s=74.97
[step 4590/5000] loss=1.6403 lr=8.126e-06 grad_norm=14.228 samples/s=74.99
[step 4600/5000] loss=2.8569 lr=7.881e-06 grad_norm=9.152 samples/s=74.99
[step 4610/5000] loss=1.9666 lr=7.642e-06 grad_norm=10.780 samples/s=74.98
[step 4620/5000] loss=2.0743 lr=7.409e-06 grad_norm=14.030 samples/s=75.02
[step 4630/5000] loss=1.8101 lr=7.181e-06 grad_norm=10.734 samples/s=74.98
[step 4640/5000] loss=1.9293 lr=6.960e-06 grad_norm=21.714 samples/s=74.99
[step 4650/5000] loss=1.3875 lr=6.744e-06 grad_norm=12.148 samples/s=74.97
[step 4660/5000] loss=1.2187 lr=6.535e-06 grad_norm=8.666 samples/s=74.98
[step 4670/5000] loss=2.4128 lr=6.331e-06 grad_norm=16.920 samples/s=74.95
[step 4680/5000] loss=1.3933 lr=6.134e-06 grad_norm=9.358 samples/s=74.94
[step 4690/5000] loss=1.7858 lr=5.942e-06 grad_norm=18.022 samples/s=74.92
[step 4700/5000] loss=1.2466 lr=5.757e-06 grad_norm=12.851 samples/s=74.96
[step 4710/5000] loss=1.7148 lr=5.577e-06 grad_norm=12.483 samples/s=74.91
[step 4720/5000] loss=2.1448 lr=5.403e-06 grad_norm=13.399 samples/s=74.94
[step 4730/5000] loss=1.5869 lr=5.236e-06 grad_norm=7.670 samples/s=74.95
[step 4740/5000] loss=1.6889 lr=5.074e-06 grad_norm=17.664 samples/s=74.97
[step 4750/5000] loss=2.3447 lr=4.919e-06 grad_norm=8.153 samples/s=74.98
[val step 4750] loss=1.8806992645263672 m01={'mean': 0.40862144814883206, 'median': 0.40852444041643865, 'p95': 0.6761670702599759, 'tail_frac_gt4px': 8.19336337566571e-05, 'n_matched': 12205} m02={'12-16': 0.9158016147635525, '16-32': 0.9541196252702379, '32-64': 0.9446019067250708, '64-128': 0.9415297092288243} m04={'accuracy': 0.708480131093814, 'by_octave': {'12-16': 0.6146095717884131, '16-32': 0.7134944612286002, '32-64': 0.7697763229678123, '64-128': 0.6764014770057066}} diag={'gate3_alpha_mean': 0.29929062724113464, 'gate3_alpha_min': 0.019611358642578125, 'gate3_alpha_max': 0.983642578125, 'gate3_alpha_std': 0.15934671461582184, 'gate3_alpha_p10': 0.10949555039405823, 'gate3_alpha_p50': 0.27923583984375, 'gate3_alpha_p90': 0.51611328125, 'block0_attn_entropy': 7.202662944793701, 'block1_attn_entropy': 7.442883491516113}
[step 4760/5000] loss=1.8223 lr=4.769e-06 grad_norm=20.924 samples/s=75.04
[step 4770/5000] loss=1.4549 lr=4.626e-06 grad_norm=20.042 samples/s=75.09
[step 4780/5000] loss=2.1420 lr=4.488e-06 grad_norm=17.094 samples/s=75.17
[step 4790/5000] loss=2.0358 lr=4.357e-06 grad_norm=15.473 samples/s=75.14
[step 4800/5000] loss=1.5411 lr=4.231e-06 grad_norm=13.997 samples/s=75.16
[step 4810/5000] loss=1.6926 lr=4.112e-06 grad_norm=16.208 samples/s=75.14
[step 4820/5000] loss=2.0393 lr=3.999e-06 grad_norm=24.819 samples/s=75.10
[step 4830/5000] loss=1.9260 lr=3.892e-06 grad_norm=30.791 samples/s=75.11
[step 4840/5000] loss=1.7016 lr=3.790e-06 grad_norm=13.208 samples/s=75.09
[step 4850/5000] loss=1.3885 lr=3.695e-06 grad_norm=11.759 samples/s=75.12
[step 4860/5000] loss=1.6664 lr=3.606e-06 grad_norm=13.746 samples/s=75.09
[step 4870/5000] loss=1.2441 lr=3.523e-06 grad_norm=8.391 samples/s=75.10
[step 4880/5000] loss=1.5238 lr=3.447e-06 grad_norm=8.392 samples/s=75.10
[step 4890/5000] loss=2.4904 lr=3.376e-06 grad_norm=19.362 samples/s=75.12
[step 4900/5000] loss=1.7219 lr=3.311e-06 grad_norm=12.217 samples/s=75.10
[step 4910/5000] loss=1.6317 lr=3.253e-06 grad_norm=10.788 samples/s=75.09
[step 4920/5000] loss=1.6259 lr=3.200e-06 grad_norm=18.912 samples/s=75.09
[step 4930/5000] loss=2.0946 lr=3.154e-06 grad_norm=22.535 samples/s=75.08
[step 4940/5000] loss=1.9234 lr=3.114e-06 grad_norm=14.398 samples/s=75.05
[step 4950/5000] loss=1.7459 lr=3.079e-06 grad_norm=12.811 samples/s=75.06
[step 4960/5000] loss=1.3078 lr=3.051e-06 grad_norm=11.409 samples/s=75.06
[step 4970/5000] loss=1.7346 lr=3.029e-06 grad_norm=13.666 samples/s=75.06
[step 4980/5000] loss=1.8497 lr=3.013e-06 grad_norm=14.551 samples/s=75.05
[step 4990/5000] loss=1.3132 lr=3.004e-06 grad_norm=6.200 samples/s=75.06
[step 5000/5000] loss=2.1307 lr=3.000e-06 grad_norm=20.315 samples/s=75.03
[val step 5000] loss=1.8813858070373535 m01={'mean': 0.40883383896372943, 'median': 0.40854893183489543, 'p95': 0.6761805984599335, 'tail_frac_gt4px': 8.190679007289704e-05, 'n_matched': 12209} m02={'12-16': 0.9175317185697809, '16-32': 0.9543598366562575, '32-64': 0.9446019067250708, '64-128': 0.9415297092288243} m04={'accuracy': 0.7082480137603407, 'by_octave': {'12-16': 0.61659333752357, '16-32': 0.7148250692172162, '32-64': 0.7689579923622477, '64-128': 0.6737160120845922}} diag={'gate3_alpha_mean': 0.2989329993724823, 'gate3_alpha_min': 0.019733428955078125, 'gate3_alpha_max': 0.983642578125, 'gate3_alpha_std': 0.15934400260448456, 'gate3_alpha_p10': 0.109130859375, 'gate3_alpha_p50': 0.2789154052734375, 'gate3_alpha_p90': 0.515869140625, 'block0_attn_entropy': 7.201868057250977, 'block1_attn_entropy': 7.445493221282959}
[FULL val step 5000] loss=1.7931129014015197 m01={'mean': 0.40639627081953184, 'median': 0.4062067126607093, 'p95': 0.6745376095121338, 'tail_frac_gt4px': 5.646254113699426e-05, 'n_matched': 123976} m02={'12-16': 0.9188717486769508, '16-32': 0.9398706437015802, '32-64': 0.9548513242426551, '64-128': 0.957304008066549} m04={'accuracy': 0.7192037168484223, 'by_octave': {'12-16': 0.6588444335518657, '16-32': 0.7113004461697462, '32-64': 0.7737414567986597, '64-128': 0.6944471873868536}}
[train_detector] wrote checkpoint runs/ft04_full_llrd0p3/ckpt_0005000.pt
[train_detector] done: step=5000 train_elapsed=2132.4s val_elapsed=471.2s samples/s=75.03
