[train_detector] finetune from runs/rel_w882_c2_100k_rev6/ckpt_0100000.pt (step 100000): 437,105 of 882,402 params trainable, lr_mult={'cls.*': 1.0, 'blocks.*': 0.1, 'norm.*': 0.1, 'hm.*': 0.1}, reinit=[]
[train_detector] stream_seed=2100000 resume_count=0 start_step=0
[step 1/5000] loss=5.9405 lr=0.000e+00 grad_norm=25.955 samples/s=7.13
[step 2/5000] loss=6.1353 lr=3.000e-06 grad_norm=23.749 samples/s=13.93
[step 3/5000] loss=6.5172 lr=6.000e-06 grad_norm=21.119 samples/s=20.40
[step 4/5000] loss=6.2540 lr=9.000e-06 grad_norm=28.052 samples/s=26.59
[step 5/5000] loss=5.7510 lr=1.200e-05 grad_norm=21.183 samples/s=28.44
[step 6/5000] loss=5.1712 lr=1.500e-05 grad_norm=25.452 samples/s=33.47
[step 7/5000] loss=6.6302 lr=1.800e-05 grad_norm=23.280 samples/s=38.31
[step 8/5000] loss=5.8495 lr=2.100e-05 grad_norm=24.277 samples/s=42.98
[step 9/5000] loss=7.1757 lr=2.400e-05 grad_norm=25.856 samples/s=37.33
[step 10/5000] loss=6.4594 lr=2.700e-05 grad_norm=21.339 samples/s=40.90
[step 20/5000] loss=5.5703 lr=5.700e-05 grad_norm=19.294 samples/s=55.51
[step 30/5000] loss=4.7822 lr=8.700e-05 grad_norm=17.711 samples/s=57.32
[step 40/5000] loss=4.2482 lr=1.170e-04 grad_norm=14.380 samples/s=61.20
[step 50/5000] loss=3.8156 lr=1.470e-04 grad_norm=9.586 samples/s=63.46
[step 60/5000] loss=3.8238 lr=1.770e-04 grad_norm=9.809 samples/s=62.29
[step 70/5000] loss=2.8303 lr=2.070e-04 grad_norm=6.682 samples/s=64.79
[step 80/5000] loss=2.3828 lr=2.370e-04 grad_norm=3.431 samples/s=64.36
[step 90/5000] loss=2.7518 lr=2.670e-04 grad_norm=2.607 samples/s=66.53
[step 100/5000] loss=2.3746 lr=2.970e-04 grad_norm=1.643 samples/s=66.16
[step 110/5000] loss=2.1262 lr=3.000e-04 grad_norm=1.588 samples/s=67.21
[step 120/5000] loss=2.2629 lr=3.000e-04 grad_norm=1.503 samples/s=67.32
[step 130/5000] loss=2.1221 lr=3.000e-04 grad_norm=1.421 samples/s=68.23
[step 140/5000] loss=2.6096 lr=3.000e-04 grad_norm=1.855 samples/s=68.28
[step 150/5000] loss=2.2922 lr=2.999e-04 grad_norm=2.146 samples/s=69.36
[step 160/5000] loss=2.3788 lr=2.999e-04 grad_norm=1.676 samples/s=69.25
[step 170/5000] loss=2.4670 lr=2.999e-04 grad_norm=1.289 samples/s=69.62
[step 180/5000] loss=2.2680 lr=2.998e-04 grad_norm=1.203 samples/s=69.05
[step 190/5000] loss=2.1320 lr=2.998e-04 grad_norm=1.331 samples/s=70.08
[step 200/5000] loss=2.9489 lr=2.997e-04 grad_norm=1.415 samples/s=69.88
[step 210/5000] loss=2.7162 lr=2.996e-04 grad_norm=1.456 samples/s=70.32
[step 220/5000] loss=1.9674 lr=2.996e-04 grad_norm=1.178 samples/s=69.63
[step 230/5000] loss=2.5403 lr=2.995e-04 grad_norm=1.964 samples/s=69.91
[step 240/5000] loss=1.8747 lr=2.994e-04 grad_norm=1.258 samples/s=69.66
[step 250/5000] loss=2.2121 lr=2.993e-04 grad_norm=2.047 samples/s=70.89
[val step 250] loss=2.4562111053466795 m01={'mean': 0.40763203355900984, 'median': 0.4082890248373765, 'p95': 0.6751313295017943, 'tail_frac_gt4px': 0.0, 'n_matched': 12191} m02={'12-16': 0.9123414071510957, '16-32': 0.9524381455680999, '32-64': 0.9446019067250708, '64-128': 0.9412136536030341} m04={'accuracy': 0.21843983266344025, 'by_octave': {'12-16': 0.179519595448799, '16-32': 0.22849936948297603, '32-64': 0.23704309874522642, '64-128': 0.2028206850235057}} diag={'gate3_alpha_mean': 0.27634015679359436, 'gate3_alpha_min': 0.01799774169921875, 'gate3_alpha_max': 0.95947265625, 'gate3_alpha_std': 0.14562223851680756, 'gate3_alpha_p10': 0.102783203125, 'gate3_alpha_p50': 0.2576904296875, 'gate3_alpha_p90': 0.475830078125, 'block0_attn_entropy': 7.187920093536377, 'block1_attn_entropy': 7.4837646484375}
[step 260/5000] loss=2.4177 lr=2.992e-04 grad_norm=1.679 samples/s=72.90
[step 270/5000] loss=2.4858 lr=2.991e-04 grad_norm=1.869 samples/s=74.78
[step 280/5000] loss=2.7044 lr=2.990e-04 grad_norm=1.506 samples/s=73.72
[step 290/5000] loss=2.0431 lr=2.989e-04 grad_norm=1.498 samples/s=74.23
[step 300/5000] loss=2.4891 lr=2.988e-04 grad_norm=1.777 samples/s=74.21
[step 310/5000] loss=2.2701 lr=2.987e-04 grad_norm=1.425 samples/s=74.70
[step 320/5000] loss=1.8703 lr=2.985e-04 grad_norm=1.185 samples/s=74.76
[step 330/5000] loss=2.4753 lr=2.984e-04 grad_norm=2.274 samples/s=75.37
[step 340/5000] loss=2.2078 lr=2.983e-04 grad_norm=1.457 samples/s=75.43
[step 350/5000] loss=2.4821 lr=2.981e-04 grad_norm=1.583 samples/s=75.76
[step 360/5000] loss=1.7826 lr=2.980e-04 grad_norm=1.078 samples/s=75.51
[step 370/5000] loss=1.9534 lr=2.978e-04 grad_norm=1.043 samples/s=75.90
[step 380/5000] loss=2.0403 lr=2.976e-04 grad_norm=0.980 samples/s=75.94
[step 390/5000] loss=2.2076 lr=2.975e-04 grad_norm=1.453 samples/s=75.64
[step 400/5000] loss=1.9247 lr=2.973e-04 grad_norm=1.186 samples/s=75.58
[step 410/5000] loss=2.3572 lr=2.971e-04 grad_norm=1.578 samples/s=75.43
[step 420/5000] loss=1.9534 lr=2.969e-04 grad_norm=1.316 samples/s=75.35
[step 430/5000] loss=2.0795 lr=2.967e-04 grad_norm=1.697 samples/s=75.39
[step 440/5000] loss=2.7626 lr=2.965e-04 grad_norm=1.936 samples/s=75.17
[step 450/5000] loss=2.5409 lr=2.963e-04 grad_norm=1.699 samples/s=75.30
[step 460/5000] loss=2.2891 lr=2.961e-04 grad_norm=1.380 samples/s=75.08
[step 470/5000] loss=2.8674 lr=2.959e-04 grad_norm=1.687 samples/s=75.09
[step 480/5000] loss=1.7246 lr=2.956e-04 grad_norm=1.393 samples/s=74.88
[step 490/5000] loss=1.8637 lr=2.954e-04 grad_norm=1.331 samples/s=74.99
[step 500/5000] loss=1.9328 lr=2.952e-04 grad_norm=1.220 samples/s=74.88
[val step 500] loss=2.308460313796997 m01={'mean': 0.40754024077607287, 'median': 0.408148461057843, 'p95': 0.67570238826512, 'tail_frac_gt4px': 0.0, 'n_matched': 12195} m02={'12-16': 0.9140715109573241, '16-32': 0.9526783569541196, '32-64': 0.943828910074723, '64-128': 0.9421618204804045} m04={'accuracy': 0.3672816728167282, 'by_octave': {'12-16': 0.350788643533123, '16-32': 0.41326273323247603, '32-64': 0.3931203931203931, '64-128': 0.2831264676283127}} diag={'gate3_alpha_mean': 0.2808678150177002, 'gate3_alpha_min': 0.01827239990234375, 'gate3_alpha_max': 0.972900390625, 'gate3_alpha_std': 0.15113256871700287, 'gate3_alpha_p10': 0.10235595703125, 'gate3_alpha_p50': 0.2603759765625, 'gate3_alpha_p90': 0.48876953125, 'block0_attn_entropy': 7.1917195320129395, 'block1_attn_entropy': 7.466158866882324}
[step 510/5000] loss=2.2069 lr=2.949e-04 grad_norm=1.629 samples/s=75.77
[step 520/5000] loss=1.9341 lr=2.947e-04 grad_norm=1.267 samples/s=76.87
[step 530/5000] loss=2.0890 lr=2.944e-04 grad_norm=1.414 samples/s=76.72
[step 540/5000] loss=2.4713 lr=2.942e-04 grad_norm=1.547 samples/s=76.89
[step 550/5000] loss=2.3329 lr=2.939e-04 grad_norm=1.446 samples/s=76.49
[step 560/5000] loss=1.8567 lr=2.936e-04 grad_norm=1.414 samples/s=76.52
[step 570/5000] loss=2.0422 lr=2.933e-04 grad_norm=1.413 samples/s=76.36
[step 580/5000] loss=1.8333 lr=2.931e-04 grad_norm=1.560 samples/s=76.37
[step 590/5000] loss=1.7273 lr=2.928e-04 grad_norm=1.582 samples/s=76.31
[step 600/5000] loss=1.9474 lr=2.925e-04 grad_norm=1.515 samples/s=76.14
[step 610/5000] loss=2.1635 lr=2.922e-04 grad_norm=1.708 samples/s=76.13
[step 620/5000] loss=2.5804 lr=2.919e-04 grad_norm=1.972 samples/s=75.82
[step 630/5000] loss=1.8605 lr=2.915e-04 grad_norm=1.495 samples/s=75.99
[step 640/5000] loss=2.1718 lr=2.912e-04 grad_norm=1.903 samples/s=75.83
[step 650/5000] loss=2.1419 lr=2.909e-04 grad_norm=1.336 samples/s=75.88
[step 660/5000] loss=2.0721 lr=2.906e-04 grad_norm=4.491 samples/s=75.62
[step 670/5000] loss=3.1187 lr=2.902e-04 grad_norm=5.943 samples/s=75.70
[step 680/5000] loss=2.0508 lr=2.899e-04 grad_norm=1.607 samples/s=75.57
[step 690/5000] loss=2.5084 lr=2.895e-04 grad_norm=2.125 samples/s=75.56
[step 700/5000] loss=1.9707 lr=2.892e-04 grad_norm=1.779 samples/s=75.54
[step 710/5000] loss=2.1360 lr=2.888e-04 grad_norm=2.529 samples/s=75.16
[step 720/5000] loss=2.0764 lr=2.885e-04 grad_norm=1.597 samples/s=75.22
[step 730/5000] loss=1.5651 lr=2.881e-04 grad_norm=1.455 samples/s=74.99
[step 740/5000] loss=1.5530 lr=2.877e-04 grad_norm=1.713 samples/s=74.99
[step 750/5000] loss=2.2404 lr=2.873e-04 grad_norm=2.205 samples/s=74.85
[val step 750] loss=2.1970770530700685 m01={'mean': 0.408988774881508, 'median': 0.4083102032602793, 'p95': 0.6766213756643782, 'tail_frac_gt4px': 0.000163826998689384, 'n_matched': 12208} m02={'12-16': 0.9163783160322952, '16-32': 0.9541196252702379, '32-64': 0.9446019067250708, '64-128': 0.9421618204804045} m04={'accuracy': 0.5044233289646134, 'by_octave': {'12-16': 0.4682190056639396, '16-32': 0.5720040281973817, '32-64': 0.5310965630114566, '64-128': 0.4008721905400872}} diag={'gate3_alpha_mean': 0.27519336342811584, 'gate3_alpha_min': 0.017452239990234375, 'gate3_alpha_max': 0.98046875, 'gate3_alpha_std': 0.15505236387252808, 'gate3_alpha_p10': 0.095733642578125, 'gate3_alpha_p50': 0.25140380859375, 'gate3_alpha_p90': 0.489990234375, 'block0_attn_entropy': 7.192703723907471, 'block1_attn_entropy': 7.410953998565674}
[step 760/5000] loss=1.9662 lr=2.869e-04 grad_norm=1.623 samples/s=75.54
[step 770/5000] loss=1.7818 lr=2.865e-04 grad_norm=1.591 samples/s=76.10
[step 780/5000] loss=1.9438 lr=2.861e-04 grad_norm=1.505 samples/s=75.88
[step 790/5000] loss=2.6618 lr=2.857e-04 grad_norm=3.648 samples/s=76.01
[step 800/5000] loss=2.0145 lr=2.853e-04 grad_norm=1.907 samples/s=75.72
[step 810/5000] loss=2.8192 lr=2.849e-04 grad_norm=2.106 samples/s=75.81
[step 820/5000] loss=1.6873 lr=2.845e-04 grad_norm=1.579 samples/s=75.69
[step 830/5000] loss=1.6865 lr=2.841e-04 grad_norm=2.603 samples/s=75.71
[step 840/5000] loss=1.5383 lr=2.836e-04 grad_norm=1.577 samples/s=75.61
[step 850/5000] loss=2.2982 lr=2.832e-04 grad_norm=2.161 samples/s=75.68
[step 860/5000] loss=1.8809 lr=2.828e-04 grad_norm=1.858 samples/s=75.44
[step 870/5000] loss=2.2082 lr=2.823e-04 grad_norm=2.039 samples/s=75.58
[step 880/5000] loss=2.2189 lr=2.819e-04 grad_norm=2.224 samples/s=75.30
[step 890/5000] loss=1.5973 lr=2.814e-04 grad_norm=1.840 samples/s=75.47
[step 900/5000] loss=1.6531 lr=2.809e-04 grad_norm=1.808 samples/s=75.33
[step 910/5000] loss=1.6247 lr=2.805e-04 grad_norm=2.422 samples/s=75.42
[step 920/5000] loss=2.0567 lr=2.800e-04 grad_norm=1.887 samples/s=75.35
[step 930/5000] loss=1.7949 lr=2.795e-04 grad_norm=2.738 samples/s=75.41
[step 940/5000] loss=1.6006 lr=2.790e-04 grad_norm=2.466 samples/s=75.25
[step 950/5000] loss=1.2155 lr=2.785e-04 grad_norm=1.609 samples/s=75.34
[step 960/5000] loss=2.8101 lr=2.780e-04 grad_norm=2.923 samples/s=75.21
[step 970/5000] loss=2.1356 lr=2.775e-04 grad_norm=3.115 samples/s=75.29
[step 980/5000] loss=1.9674 lr=2.770e-04 grad_norm=1.997 samples/s=75.05
[step 990/5000] loss=1.4474 lr=2.765e-04 grad_norm=2.131 samples/s=75.13
[step 1000/5000] loss=1.6198 lr=2.760e-04 grad_norm=2.511 samples/s=75.00
[val step 1000] loss=2.02304944229126 m01={'mean': 0.409436817368443, 'median': 0.4088217158770179, 'p95': 0.6781066047990212, 'tail_frac_gt4px': 0.0001637465203864418, 'n_matched': 12214} m02={'12-16': 0.916955017301038, '16-32': 0.9541196252702379, '32-64': 0.9451172378253028, '64-128': 0.943109987357775} m04={'accuracy': 0.637137710823645, 'by_octave': {'12-16': 0.5566037735849056, '16-32': 0.68202416918429, '32-64': 0.6878407851690295, '64-128': 0.5579758713136729}} diag={'gate3_alpha_mean': 0.2660524547100067, 'gate3_alpha_min': 0.01665496826171875, 'gate3_alpha_max': 0.976318359375, 'gate3_alpha_std': 0.15471714735031128, 'gate3_alpha_p10': 0.0892333984375, 'gate3_alpha_p50': 0.24090576171875, 'gate3_alpha_p90': 0.479736328125, 'block0_attn_entropy': 7.187617301940918, 'block1_attn_entropy': 7.4246745109558105}
[step 1010/5000] loss=2.1028 lr=2.755e-04 grad_norm=2.586 samples/s=75.42
[step 1020/5000] loss=2.1400 lr=2.750e-04 grad_norm=3.350 samples/s=75.95
[step 1030/5000] loss=2.3153 lr=2.744e-04 grad_norm=2.442 samples/s=75.87
[step 1040/5000] loss=1.7846 lr=2.739e-04 grad_norm=2.139 samples/s=75.88
[step 1050/5000] loss=1.8710 lr=2.734e-04 grad_norm=2.669 samples/s=75.84
[step 1060/5000] loss=1.6473 lr=2.728e-04 grad_norm=2.257 samples/s=75.85
[step 1070/5000] loss=1.6080 lr=2.723e-04 grad_norm=2.094 samples/s=75.78
[step 1080/5000] loss=1.4257 lr=2.717e-04 grad_norm=2.924 samples/s=75.75
[step 1090/5000] loss=1.4336 lr=2.711e-04 grad_norm=2.357 samples/s=75.72
[step 1100/5000] loss=1.9434 lr=2.706e-04 grad_norm=2.733 samples/s=75.71
[step 1110/5000] loss=2.5013 lr=2.700e-04 grad_norm=2.733 samples/s=75.59
[step 1120/5000] loss=1.1824 lr=2.694e-04 grad_norm=2.748 samples/s=75.61
[step 1130/5000] loss=1.3624 lr=2.688e-04 grad_norm=2.128 samples/s=75.56
[step 1140/5000] loss=1.3944 lr=2.683e-04 grad_norm=3.079 samples/s=75.47
[step 1150/5000] loss=1.5651 lr=2.677e-04 grad_norm=2.472 samples/s=75.39
[step 1160/5000] loss=0.9820 lr=2.671e-04 grad_norm=1.854 samples/s=75.39
[step 1170/5000] loss=2.1422 lr=2.665e-04 grad_norm=3.308 samples/s=75.35
[step 1180/5000] loss=1.7110 lr=2.659e-04 grad_norm=2.775 samples/s=75.24
[step 1190/5000] loss=1.3392 lr=2.653e-04 grad_norm=2.455 samples/s=75.23
[step 1200/5000] loss=2.3416 lr=2.646e-04 grad_norm=2.829 samples/s=75.21
[step 1210/5000] loss=1.5402 lr=2.640e-04 grad_norm=2.142 samples/s=75.18
[step 1220/5000] loss=1.1795 lr=2.634e-04 grad_norm=2.378 samples/s=75.12
[step 1230/5000] loss=1.2242 lr=2.628e-04 grad_norm=2.432 samples/s=75.14
[step 1240/5000] loss=1.8204 lr=2.621e-04 grad_norm=3.403 samples/s=75.09
[step 1250/5000] loss=1.7259 lr=2.615e-04 grad_norm=2.382 samples/s=75.14
[val step 1250] loss=1.820780683517456 m01={'mean': 0.4099959173224665, 'median': 0.4090894759188529, 'p95': 0.68031564492569, 'tail_frac_gt4px': 0.00016362595107584062, 'n_matched': 12223} m02={'12-16': 0.9175317185697809, '16-32': 0.9550804708143166, '32-64': 0.9464055655758825, '64-128': 0.9427939317319848} m04={'accuracy': 0.7471160926122883, 'by_octave': {'12-16': 0.6071653048397234, '16-32': 0.7698692152917505, '32-64': 0.8173155458753063, '64-128': 0.7049949715051961}} diag={'gate3_alpha_mean': 0.2599824368953705, 'gate3_alpha_min': 0.0163116455078125, 'gate3_alpha_max': 0.971923828125, 'gate3_alpha_std': 0.15289929509162903, 'gate3_alpha_p10': 0.086334228515625, 'gate3_alpha_p50': 0.23516845703125, 'gate3_alpha_p90': 0.4703369140625, 'block0_attn_entropy': 7.182322978973389, 'block1_attn_entropy': 7.392493724822998}
[step 1260/5000] loss=1.3145 lr=2.609e-04 grad_norm=2.951 samples/s=75.52
[step 1270/5000] loss=1.2303 lr=2.602e-04 grad_norm=2.124 samples/s=75.87
[step 1280/5000] loss=1.3805 lr=2.596e-04 grad_norm=2.180 samples/s=75.82
[step 1290/5000] loss=1.3998 lr=2.589e-04 grad_norm=2.977 samples/s=75.88
[step 1300/5000] loss=1.7502 lr=2.582e-04 grad_norm=2.760 samples/s=75.84
[step 1310/5000] loss=2.0555 lr=2.576e-04 grad_norm=3.076 samples/s=75.83
[step 1320/5000] loss=1.3170 lr=2.569e-04 grad_norm=3.160 samples/s=75.69
[step 1330/5000] loss=1.1476 lr=2.562e-04 grad_norm=2.164 samples/s=75.70
[step 1340/5000] loss=1.2092 lr=2.556e-04 grad_norm=2.584 samples/s=75.61
[step 1350/5000] loss=1.4495 lr=2.549e-04 grad_norm=2.410 samples/s=75.73
[step 1360/5000] loss=1.4637 lr=2.542e-04 grad_norm=2.086 samples/s=75.62
[step 1370/5000] loss=1.4980 lr=2.535e-04 grad_norm=2.476 samples/s=75.70
[step 1380/5000] loss=1.6520 lr=2.528e-04 grad_norm=2.452 samples/s=75.62
[step 1390/5000] loss=1.6840 lr=2.521e-04 grad_norm=2.429 samples/s=75.62
[step 1400/5000] loss=1.7046 lr=2.514e-04 grad_norm=2.914 samples/s=75.56
[step 1410/5000] loss=2.0210 lr=2.507e-04 grad_norm=2.924 samples/s=75.59
[step 1420/5000] loss=1.0767 lr=2.500e-04 grad_norm=2.639 samples/s=75.47
[step 1430/5000] loss=0.9873 lr=2.493e-04 grad_norm=2.196 samples/s=75.50
[step 1440/5000] loss=1.2637 lr=2.486e-04 grad_norm=2.645 samples/s=75.46
[step 1450/5000] loss=1.3607 lr=2.478e-04 grad_norm=2.627 samples/s=75.48
[step 1460/5000] loss=1.6255 lr=2.471e-04 grad_norm=3.381 samples/s=75.39
[step 1470/5000] loss=2.0846 lr=2.464e-04 grad_norm=2.441 samples/s=75.41
[step 1480/5000] loss=2.4391 lr=2.456e-04 grad_norm=2.820 samples/s=75.37
[step 1490/5000] loss=1.4527 lr=2.449e-04 grad_norm=2.455 samples/s=75.33
[step 1500/5000] loss=1.1605 lr=2.442e-04 grad_norm=2.187 samples/s=75.33
[val step 1500] loss=1.6955154848098755 m01={'mean': 0.40957799356931346, 'median': 0.40886697895715307, 'p95': 0.6781066047990212, 'tail_frac_gt4px': 0.0001637465203864418, 'n_matched': 12214} m02={'12-16': 0.916955017301038, '16-32': 0.9541196252702379, '32-64': 0.9461479000257665, '64-128': 0.9418457648546145} m04={'accuracy': 0.8042410348780088, 'by_octave': {'12-16': 0.6471698113207547, '16-32': 0.8328298086606244, '32-64': 0.8706427015250545, '64-128': 0.7681208053691275}} diag={'gate3_alpha_mean': 0.26054200530052185, 'gate3_alpha_min': 0.0163116455078125, 'gate3_alpha_max': 0.9775390625, 'gate3_alpha_std': 0.15423926711082458, 'gate3_alpha_p10': 0.0858001708984375, 'gate3_alpha_p50': 0.23504638671875, 'gate3_alpha_p90': 0.47265625, 'block0_attn_entropy': 7.178569316864014, 'block1_attn_entropy': 7.375216484069824}
[step 1510/5000] loss=1.4086 lr=2.434e-04 grad_norm=2.454 samples/s=75.64
[step 1520/5000] loss=1.0992 lr=2.427e-04 grad_norm=2.255 samples/s=75.98
[step 1530/5000] loss=2.0515 lr=2.419e-04 grad_norm=4.137 samples/s=75.99
[step 1540/5000] loss=1.7714 lr=2.412e-04 grad_norm=2.522 samples/s=75.98
[step 1550/5000] loss=1.4599 lr=2.404e-04 grad_norm=2.864 samples/s=75.91
[step 1560/5000] loss=2.2777 lr=2.396e-04 grad_norm=2.908 samples/s=75.92
[step 1570/5000] loss=1.7182 lr=2.389e-04 grad_norm=3.288 samples/s=75.84
[step 1580/5000] loss=1.3087 lr=2.381e-04 grad_norm=1.792 samples/s=75.84
[step 1590/5000] loss=1.8878 lr=2.373e-04 grad_norm=2.331 samples/s=75.81
[step 1600/5000] loss=1.0747 lr=2.365e-04 grad_norm=2.388 samples/s=75.84
[step 1610/5000] loss=1.9505 lr=2.358e-04 grad_norm=3.019 samples/s=75.79
[step 1620/5000] loss=1.1267 lr=2.350e-04 grad_norm=2.073 samples/s=75.80
[step 1630/5000] loss=1.7956 lr=2.342e-04 grad_norm=3.608 samples/s=75.77
[step 1640/5000] loss=1.7667 lr=2.334e-04 grad_norm=3.138 samples/s=75.75
[step 1650/5000] loss=1.1770 lr=2.326e-04 grad_norm=2.284 samples/s=75.74
[step 1660/5000] loss=1.1774 lr=2.318e-04 grad_norm=2.444 samples/s=75.66
[step 1670/5000] loss=1.8713 lr=2.310e-04 grad_norm=2.631 samples/s=75.70
[step 1680/5000] loss=1.3284 lr=2.302e-04 grad_norm=3.085 samples/s=75.68
[step 1690/5000] loss=0.9903 lr=2.294e-04 grad_norm=3.017 samples/s=75.65
[step 1700/5000] loss=1.6717 lr=2.286e-04 grad_norm=3.302 samples/s=75.69
[step 1710/5000] loss=1.7838 lr=2.277e-04 grad_norm=3.440 samples/s=75.59
[step 1720/5000] loss=1.5294 lr=2.269e-04 grad_norm=2.510 samples/s=75.64
[step 1730/5000] loss=0.9268 lr=2.261e-04 grad_norm=2.762 samples/s=75.55
[step 1740/5000] loss=1.3562 lr=2.253e-04 grad_norm=3.170 samples/s=75.59
[step 1750/5000] loss=1.2422 lr=2.245e-04 grad_norm=2.692 samples/s=75.48
[val step 1750] loss=1.6268491983413695 m01={'mean': 0.4093023009631314, 'median': 0.4088226806099023, 'p95': 0.6770831828768495, 'tail_frac_gt4px': 0.0001638672675133142, 'n_matched': 12205} m02={'12-16': 0.9146482122260668, '16-32': 0.9533989911121787, '32-64': 0.9458902344756506, '64-128': 0.9415297092288243} m04={'accuracy': 0.8314625153625563, 'by_octave': {'12-16': 0.669609079445145, '16-32': 0.8631897203325775, '32-64': 0.8874965949332607, '64-128': 0.806310842564619}} diag={'gate3_alpha_mean': 0.26214826107025146, 'gate3_alpha_min': 0.0164947509765625, 'gate3_alpha_max': 0.9814453125, 'gate3_alpha_std': 0.15454815328121185, 'gate3_alpha_p10': 0.087158203125, 'gate3_alpha_p50': 0.23638916015625, 'gate3_alpha_p90': 0.474609375, 'block0_attn_entropy': 7.17566442489624, 'block1_attn_entropy': 7.367526054382324}
[step 1760/5000] loss=1.1126 lr=2.236e-04 grad_norm=3.216 samples/s=75.74
[step 1770/5000] loss=1.4023 lr=2.228e-04 grad_norm=2.099 samples/s=76.01
[step 1780/5000] loss=1.2071 lr=2.220e-04 grad_norm=2.778 samples/s=75.99
[step 1790/5000] loss=1.5037 lr=2.211e-04 grad_norm=2.914 samples/s=76.01
[step 1800/5000] loss=1.5467 lr=2.203e-04 grad_norm=2.718 samples/s=75.98
[step 1810/5000] loss=1.8120 lr=2.194e-04 grad_norm=2.536 samples/s=76.02
[step 1820/5000] loss=1.7665 lr=2.186e-04 grad_norm=3.751 samples/s=75.98
[step 1830/5000] loss=1.4126 lr=2.177e-04 grad_norm=2.919 samples/s=76.00
[step 1840/5000] loss=1.3821 lr=2.169e-04 grad_norm=2.735 samples/s=75.91
[step 1850/5000] loss=1.6978 lr=2.160e-04 grad_norm=3.613 samples/s=75.94
[step 1860/5000] loss=1.2441 lr=2.152e-04 grad_norm=2.258 samples/s=75.86
[step 1870/5000] loss=0.9760 lr=2.143e-04 grad_norm=2.645 samples/s=75.91
[step 1880/5000] loss=1.3526 lr=2.134e-04 grad_norm=3.122 samples/s=75.86
[step 1890/5000] loss=2.5852 lr=2.126e-04 grad_norm=5.235 samples/s=75.89
[step 1900/5000] loss=2.0735 lr=2.117e-04 grad_norm=3.088 samples/s=75.82
[step 1910/5000] loss=0.9582 lr=2.108e-04 grad_norm=2.390 samples/s=75.85
[step 1920/5000] loss=1.4664 lr=2.100e-04 grad_norm=3.394 samples/s=75.76
[step 1930/5000] loss=1.4401 lr=2.091e-04 grad_norm=2.904 samples/s=75.83
[step 1940/5000] loss=1.5965 lr=2.082e-04 grad_norm=4.092 samples/s=75.79
[step 1950/5000] loss=1.4299 lr=2.073e-04 grad_norm=3.163 samples/s=75.74
[step 1960/5000] loss=1.5971 lr=2.064e-04 grad_norm=3.540 samples/s=75.75
[step 1970/5000] loss=1.3317 lr=2.055e-04 grad_norm=2.320 samples/s=75.68
[step 1980/5000] loss=1.4701 lr=2.047e-04 grad_norm=1.972 samples/s=75.69
[step 1990/5000] loss=1.4065 lr=2.038e-04 grad_norm=2.458 samples/s=75.65
[step 2000/5000] loss=1.2966 lr=2.029e-04 grad_norm=2.263 samples/s=75.66
[val step 2000] loss=1.5812642364501952 m01={'mean': 0.4096161183497516, 'median': 0.4087474996963729, 'p95': 0.6780627533723826, 'tail_frac_gt4px': 0.00016381358014579407, 'n_matched': 12209} m02={'12-16': 0.9146482122260668, '16-32': 0.9536392024981984, '32-64': 0.9466632311259985, '64-128': 0.9415297092288243} m04={'accuracy': 0.848881972315505, 'by_octave': {'12-16': 0.6784363177805801, '16-32': 0.8788413098236776, '32-64': 0.9039194338595536, '64-128': 0.8318227593152064}} diag={'gate3_alpha_mean': 0.2647468149662018, 'gate3_alpha_min': 0.0164947509765625, 'gate3_alpha_max': 0.983154296875, 'gate3_alpha_std': 0.1565476357936859, 'gate3_alpha_p10': 0.08740234375, 'gate3_alpha_p50': 0.23822021484375, 'gate3_alpha_p90': 0.4813232421875, 'block0_attn_entropy': 7.169711112976074, 'block1_attn_entropy': 7.371119022369385}
[step 2010/5000] loss=1.6662 lr=2.020e-04 grad_norm=3.706 samples/s=75.86
[step 2020/5000] loss=0.8852 lr=2.011e-04 grad_norm=2.793 samples/s=76.13
[step 2030/5000] loss=1.2664 lr=2.002e-04 grad_norm=3.097 samples/s=76.11
[step 2040/5000] loss=0.9654 lr=1.993e-04 grad_norm=3.166 samples/s=76.12
[step 2050/5000] loss=1.8549 lr=1.984e-04 grad_norm=2.370 samples/s=76.07
[step 2060/5000] loss=1.6039 lr=1.975e-04 grad_norm=2.263 samples/s=76.08
[step 2070/5000] loss=1.0675 lr=1.966e-04 grad_norm=2.502 samples/s=76.05
[step 2080/5000] loss=1.7064 lr=1.957e-04 grad_norm=2.540 samples/s=76.07
[step 2090/5000] loss=1.5862 lr=1.948e-04 grad_norm=2.717 samples/s=75.99
[step 2100/5000] loss=1.5894 lr=1.938e-04 grad_norm=3.330 samples/s=75.96
[step 2110/5000] loss=2.4737 lr=1.929e-04 grad_norm=3.505 samples/s=75.91
[step 2120/5000] loss=1.6035 lr=1.920e-04 grad_norm=3.942 samples/s=75.95
[step 2130/5000] loss=1.3526 lr=1.911e-04 grad_norm=2.071 samples/s=75.89
[step 2140/5000] loss=2.0304 lr=1.902e-04 grad_norm=2.551 samples/s=75.95
[step 2150/5000] loss=1.4705 lr=1.893e-04 grad_norm=2.562 samples/s=75.89
[step 2160/5000] loss=1.0492 lr=1.883e-04 grad_norm=2.740 samples/s=75.93
[step 2170/5000] loss=0.9616 lr=1.874e-04 grad_norm=2.413 samples/s=75.92
[step 2180/5000] loss=1.9713 lr=1.865e-04 grad_norm=3.853 samples/s=75.92
[step 2190/5000] loss=1.2327 lr=1.856e-04 grad_norm=2.579 samples/s=75.89
[step 2200/5000] loss=2.3473 lr=1.846e-04 grad_norm=2.312 samples/s=75.89
[step 2210/5000] loss=2.3624 lr=1.837e-04 grad_norm=3.635 samples/s=75.79
[step 2220/5000] loss=0.9579 lr=1.828e-04 grad_norm=2.059 samples/s=75.83
[step 2230/5000] loss=1.6282 lr=1.818e-04 grad_norm=2.347 samples/s=75.76
[step 2240/5000] loss=1.6414 lr=1.809e-04 grad_norm=3.960 samples/s=75.77
[step 2250/5000] loss=1.7946 lr=1.800e-04 grad_norm=2.619 samples/s=75.70
[val step 2250] loss=1.5503169784545898 m01={'mean': 0.40989198214981243, 'median': 0.4088558660896236, 'p95': 0.6783092560460677, 'tail_frac_gt4px': 0.00016381358014579407, 'n_matched': 12209} m02={'12-16': 0.9158016147635525, '16-32': 0.9541196252702379, '32-64': 0.9461479000257665, '64-128': 0.940897597977244} m04={'accuracy': 0.8596936686051274, 'by_octave': {'12-16': 0.6933249370277078, '16-32': 0.8874622356495468, '32-64': 0.9136710239651417, '64-128': 0.8448102116224387}} diag={'gate3_alpha_mean': 0.2633938491344452, 'gate3_alpha_min': 0.0164947509765625, 'gate3_alpha_max': 0.9814453125, 'gate3_alpha_std': 0.1554044634103775, 'gate3_alpha_p10': 0.08680649101734161, 'gate3_alpha_p50': 0.2373809814453125, 'gate3_alpha_p90': 0.478515625, 'block0_attn_entropy': 7.1677117347717285, 'block1_attn_entropy': 7.4013752937316895}
[step 2260/5000] loss=1.1478 lr=1.790e-04 grad_norm=2.058 samples/s=75.92
[step 2270/5000] loss=1.1011 lr=1.781e-04 grad_norm=2.331 samples/s=76.17
[step 2280/5000] loss=1.2447 lr=1.772e-04 grad_norm=2.412 samples/s=76.15
[step 2290/5000] loss=1.9646 lr=1.762e-04 grad_norm=3.072 samples/s=76.19
[step 2300/5000] loss=1.6327 lr=1.753e-04 grad_norm=2.322 samples/s=76.15
[step 2310/5000] loss=1.3436 lr=1.744e-04 grad_norm=2.581 samples/s=76.11
[step 2320/5000] loss=1.1016 lr=1.734e-04 grad_norm=2.840 samples/s=76.11
[step 2330/5000] loss=1.2121 lr=1.725e-04 grad_norm=2.915 samples/s=76.07
[step 2340/5000] loss=1.2819 lr=1.715e-04 grad_norm=2.548 samples/s=76.12
[step 2350/5000] loss=1.7380 lr=1.706e-04 grad_norm=3.402 samples/s=76.07
[step 2360/5000] loss=1.4969 lr=1.696e-04 grad_norm=2.566 samples/s=76.07
[step 2370/5000] loss=1.3142 lr=1.687e-04 grad_norm=1.985 samples/s=75.98
[step 2380/5000] loss=1.5391 lr=1.677e-04 grad_norm=2.472 samples/s=76.01
[step 2390/5000] loss=1.9673 lr=1.668e-04 grad_norm=2.628 samples/s=75.95
[step 2400/5000] loss=1.9176 lr=1.659e-04 grad_norm=3.844 samples/s=75.98
[step 2410/5000] loss=1.3213 lr=1.649e-04 grad_norm=2.327 samples/s=75.93
[step 2420/5000] loss=2.0341 lr=1.640e-04 grad_norm=3.979 samples/s=75.96
[step 2430/5000] loss=1.3145 lr=1.630e-04 grad_norm=4.344 samples/s=75.93
[step 2440/5000] loss=1.1751 lr=1.621e-04 grad_norm=2.550 samples/s=75.93
[step 2450/5000] loss=1.7832 lr=1.611e-04 grad_norm=3.123 samples/s=75.91
[step 2460/5000] loss=1.3484 lr=1.602e-04 grad_norm=3.743 samples/s=75.89
[step 2470/5000] loss=1.1990 lr=1.592e-04 grad_norm=2.391 samples/s=75.87
[step 2480/5000] loss=1.5515 lr=1.583e-04 grad_norm=3.713 samples/s=75.86
[step 2490/5000] loss=1.7120 lr=1.573e-04 grad_norm=2.938 samples/s=75.85
[step 2500/5000] loss=1.0931 lr=1.564e-04 grad_norm=2.901 samples/s=75.85
[val step 2500] loss=1.5288164548873902 m01={'mean': 0.4098221245209174, 'median': 0.40882578177069195, 'p95': 0.6781170317726306, 'tail_frac_gt4px': 0.00016377333770062233, 'n_matched': 12212} m02={'12-16': 0.9163783160322952, '16-32': 0.9541196252702379, '32-64': 0.9466632311259985, '64-128': 0.940897597977244} m04={'accuracy': 0.8686537831641009, 'by_octave': {'12-16': 0.7092511013215859, '16-32': 0.8972809667673716, '32-64': 0.9191616766467066, '64-128': 0.8532079274437353}} diag={'gate3_alpha_mean': 0.2598402202129364, 'gate3_alpha_min': 0.0164947509765625, 'gate3_alpha_max': 0.97607421875, 'gate3_alpha_std': 0.15378765761852264, 'gate3_alpha_p10': 0.085418701171875, 'gate3_alpha_p50': 0.233642578125, 'gate3_alpha_p90': 0.47332763671875, 'block0_attn_entropy': 7.160879135131836, 'block1_attn_entropy': 7.416412830352783}
[step 2510/5000] loss=1.1234 lr=1.554e-04 grad_norm=2.970 samples/s=76.02
[step 2520/5000] loss=1.0335 lr=1.545e-04 grad_norm=3.209 samples/s=76.25
[step 2530/5000] loss=1.3459 lr=1.535e-04 grad_norm=3.747 samples/s=76.24
[step 2540/5000] loss=1.8423 lr=1.525e-04 grad_norm=3.403 samples/s=76.28
[step 2550/5000] loss=1.1384 lr=1.516e-04 grad_norm=2.344 samples/s=76.24
[step 2560/5000] loss=0.9511 lr=1.506e-04 grad_norm=2.675 samples/s=76.24
[step 2570/5000] loss=0.9867 lr=1.497e-04 grad_norm=2.875 samples/s=76.17
[step 2580/5000] loss=1.4589 lr=1.487e-04 grad_norm=1.966 samples/s=76.20
[step 2590/5000] loss=1.5509 lr=1.478e-04 grad_norm=2.938 samples/s=76.15
[step 2600/5000] loss=1.5884 lr=1.468e-04 grad_norm=5.138 samples/s=76.18
[step 2610/5000] loss=1.4108 lr=1.459e-04 grad_norm=3.275 samples/s=76.11
[step 2620/5000] loss=1.9274 lr=1.449e-04 grad_norm=3.307 samples/s=76.13
[step 2630/5000] loss=1.4170 lr=1.440e-04 grad_norm=2.764 samples/s=76.09
[step 2640/5000] loss=0.9478 lr=1.430e-04 grad_norm=1.719 samples/s=76.12
[step 2650/5000] loss=0.8537 lr=1.421e-04 grad_norm=2.306 samples/s=76.05
[step 2660/5000] loss=1.3159 lr=1.411e-04 grad_norm=2.120 samples/s=76.07
[step 2670/5000] loss=1.9133 lr=1.402e-04 grad_norm=3.418 samples/s=75.99
[step 2680/5000] loss=1.3229 lr=1.392e-04 grad_norm=3.372 samples/s=76.03
[step 2690/5000] loss=1.6702 lr=1.383e-04 grad_norm=3.044 samples/s=75.92
[step 2700/5000] loss=1.2975 lr=1.373e-04 grad_norm=2.044 samples/s=75.99
[step 2710/5000] loss=1.1561 lr=1.364e-04 grad_norm=2.162 samples/s=75.90
[step 2720/5000] loss=2.6062 lr=1.354e-04 grad_norm=3.747 samples/s=75.92
[step 2730/5000] loss=1.7839 lr=1.345e-04 grad_norm=2.811 samples/s=75.89
[step 2740/5000] loss=1.0530 lr=1.335e-04 grad_norm=3.121 samples/s=75.89
[step 2750/5000] loss=0.9700 lr=1.326e-04 grad_norm=2.018 samples/s=75.85
[val step 2750] loss=1.513607979774475 m01={'mean': 0.4095973660956859, 'median': 0.40873745312568077, 'p95': 0.6782256959323449, 'tail_frac_gt4px': 0.00016375992794563171, 'n_matched': 12213} m02={'12-16': 0.9163783160322952, '16-32': 0.9536392024981984, '32-64': 0.9464055655758825, '64-128': 0.9421618204804045} m04={'accuracy': 0.8734135756980267, 'by_octave': {'12-16': 0.7123977344241661, '16-32': 0.9005037783375315, '32-64': 0.9218622379526272, '64-128': 0.8634686346863468}} diag={'gate3_alpha_mean': 0.2613161504268646, 'gate3_alpha_min': 0.01656341552734375, 'gate3_alpha_max': 0.9814453125, 'gate3_alpha_std': 0.15445385873317719, 'gate3_alpha_p10': 0.08587570488452911, 'gate3_alpha_p50': 0.23541259765625, 'gate3_alpha_p90': 0.474853515625, 'block0_attn_entropy': 7.159490585327148, 'block1_attn_entropy': 7.419248104095459}
[step 2760/5000] loss=1.2099 lr=1.317e-04 grad_norm=3.354 samples/s=76.02
[step 2770/5000] loss=1.2083 lr=1.307e-04 grad_norm=2.191 samples/s=76.22
[step 2780/5000] loss=1.5377 lr=1.298e-04 grad_norm=3.250 samples/s=76.20
[step 2790/5000] loss=1.0085 lr=1.288e-04 grad_norm=4.282 samples/s=76.21
[step 2800/5000] loss=1.4470 lr=1.279e-04 grad_norm=2.633 samples/s=76.15
[step 2810/5000] loss=1.0562 lr=1.270e-04 grad_norm=2.060 samples/s=76.18
[step 2820/5000] loss=0.8397 lr=1.260e-04 grad_norm=1.788 samples/s=76.14
[step 2830/5000] loss=1.7478 lr=1.251e-04 grad_norm=2.138 samples/s=76.15
[step 2840/5000] loss=1.4514 lr=1.241e-04 grad_norm=2.728 samples/s=76.10
[step 2850/5000] loss=1.4045 lr=1.232e-04 grad_norm=2.380 samples/s=76.09
[step 2860/5000] loss=1.1164 lr=1.223e-04 grad_norm=3.328 samples/s=76.07
[step 2870/5000] loss=1.4456 lr=1.213e-04 grad_norm=2.513 samples/s=76.08
[step 2880/5000] loss=1.0499 lr=1.204e-04 grad_norm=2.094 samples/s=76.05
[step 2890/5000] loss=1.2073 lr=1.195e-04 grad_norm=2.858 samples/s=75.99
[step 2900/5000] loss=1.3948 lr=1.185e-04 grad_norm=2.343 samples/s=76.03
[step 2910/5000] loss=1.2044 lr=1.176e-04 grad_norm=2.809 samples/s=76.01
[step 2920/5000] loss=1.0852 lr=1.167e-04 grad_norm=1.824 samples/s=75.99
[step 2930/5000] loss=0.9800 lr=1.158e-04 grad_norm=2.328 samples/s=75.99
[step 2940/5000] loss=1.1419 lr=1.148e-04 grad_norm=1.683 samples/s=75.94
[step 2950/5000] loss=0.8534 lr=1.139e-04 grad_norm=2.250 samples/s=75.95
[step 2960/5000] loss=1.5105 lr=1.130e-04 grad_norm=3.243 samples/s=75.90
[step 2970/5000] loss=1.0443 lr=1.121e-04 grad_norm=2.229 samples/s=75.91
[step 2980/5000] loss=1.0462 lr=1.112e-04 grad_norm=2.176 samples/s=75.86
[step 2990/5000] loss=1.8425 lr=1.103e-04 grad_norm=2.698 samples/s=75.84
[step 3000/5000] loss=0.9495 lr=1.093e-04 grad_norm=2.351 samples/s=75.83
[val step 3000] loss=1.4997927198410035 m01={'mean': 0.4092252160909336, 'median': 0.40873745312568077, 'p95': 0.67753249633061, 'tail_frac_gt4px': 0.0001638672675133142, 'n_matched': 12205} m02={'12-16': 0.9152249134948097, '16-32': 0.9538794138842182, '32-64': 0.9456325689255347, '64-128': 0.940897597977244} m04={'accuracy': 0.8789840229414174, 'by_octave': {'12-16': 0.7170762444864525, '16-32': 0.9055653487786451, '32-64': 0.9272479564032697, '64-128': 0.8703392677191804}} diag={'gate3_alpha_mean': 0.2623692750930786, 'gate3_alpha_min': 0.01656341552734375, 'gate3_alpha_max': 0.9814453125, 'gate3_alpha_std': 0.15407979488372803, 'gate3_alpha_p10': 0.08676071465015411, 'gate3_alpha_p50': 0.2369384765625, 'gate3_alpha_p90': 0.475341796875, 'block0_attn_entropy': 7.156858921051025, 'block1_attn_entropy': 7.413097381591797}
[step 3010/5000] loss=1.3657 lr=1.084e-04 grad_norm=3.661 samples/s=76.00
[step 3020/5000] loss=1.0807 lr=1.075e-04 grad_norm=1.834 samples/s=76.14
[step 3030/5000] loss=1.6464 lr=1.066e-04 grad_norm=2.564 samples/s=76.12
[step 3040/5000] loss=0.8879 lr=1.057e-04 grad_norm=1.901 samples/s=76.12
[step 3050/5000] loss=1.1585 lr=1.048e-04 grad_norm=2.341 samples/s=76.08
[step 3060/5000] loss=1.4698 lr=1.039e-04 grad_norm=2.949 samples/s=76.12
[step 3070/5000] loss=1.1436 lr=1.030e-04 grad_norm=2.433 samples/s=76.07
[step 3080/5000] loss=1.5770 lr=1.021e-04 grad_norm=5.212 samples/s=76.09
[step 3090/5000] loss=1.1805 lr=1.012e-04 grad_norm=2.299 samples/s=76.02
[step 3100/5000] loss=0.8021 lr=1.003e-04 grad_norm=2.983 samples/s=76.04
[step 3110/5000] loss=1.4552 lr=9.941e-05 grad_norm=2.832 samples/s=75.99
[step 3120/5000] loss=1.3957 lr=9.852e-05 grad_norm=2.892 samples/s=76.00
[step 3130/5000] loss=1.7060 lr=9.763e-05 grad_norm=3.826 samples/s=75.94
[step 3140/5000] loss=1.6433 lr=9.674e-05 grad_norm=2.388 samples/s=75.95
[step 3150/5000] loss=1.0415 lr=9.586e-05 grad_norm=2.854 samples/s=75.92
[step 3160/5000] loss=1.3821 lr=9.498e-05 grad_norm=2.539 samples/s=75.94
[step 3170/5000] loss=1.1801 lr=9.410e-05 grad_norm=2.700 samples/s=75.91
[step 3180/5000] loss=1.6482 lr=9.322e-05 grad_norm=2.685 samples/s=75.91
[step 3190/5000] loss=1.1891 lr=9.235e-05 grad_norm=2.302 samples/s=75.92
[step 3200/5000] loss=1.1522 lr=9.148e-05 grad_norm=2.607 samples/s=75.87
[step 3210/5000] loss=1.4323 lr=9.061e-05 grad_norm=2.433 samples/s=75.88
[step 3220/5000] loss=1.2452 lr=8.974e-05 grad_norm=3.234 samples/s=75.85
[step 3230/5000] loss=1.2809 lr=8.888e-05 grad_norm=2.280 samples/s=75.86
[step 3240/5000] loss=2.3321 lr=8.801e-05 grad_norm=2.983 samples/s=75.81
[step 3250/5000] loss=1.9247 lr=8.715e-05 grad_norm=2.607 samples/s=75.82
[val step 3250] loss=1.4900975608825684 m01={'mean': 0.40921379818386694, 'median': 0.40869065728572457, 'p95': 0.6780655122545094, 'tail_frac_gt4px': 0.00016385384237260363, 'n_matched': 12206} m02={'12-16': 0.9152249134948097, '16-32': 0.9536392024981984, '32-64': 0.9461479000257665, '64-128': 0.940897597977244} m04={'accuracy': 0.88325413730952, 'by_octave': {'12-16': 0.7246376811594203, '16-32': 0.9105793450881612, '32-64': 0.928921568627451, '64-128': 0.8750419885791065}} diag={'gate3_alpha_mean': 0.2632676661014557, 'gate3_alpha_min': 0.01665496826171875, 'gate3_alpha_max': 0.980712890625, 'gate3_alpha_std': 0.15413691103458405, 'gate3_alpha_p10': 0.087310791015625, 'gate3_alpha_p50': 0.23797607421875, 'gate3_alpha_p90': 0.476318359375, 'block0_attn_entropy': 7.153745174407959, 'block1_attn_entropy': 7.417657852172852}
[step 3260/5000] loss=1.0443 lr=8.630e-05 grad_norm=2.296 samples/s=75.96
[step 3270/5000] loss=1.1157 lr=8.544e-05 grad_norm=1.967 samples/s=76.10
[step 3280/5000] loss=1.9165 lr=8.459e-05 grad_norm=3.162 samples/s=76.09
[step 3290/5000] loss=1.5345 lr=8.374e-05 grad_norm=2.729 samples/s=76.10
[step 3300/5000] loss=1.3279 lr=8.290e-05 grad_norm=2.304 samples/s=76.06
[step 3310/5000] loss=0.8001 lr=8.205e-05 grad_norm=1.835 samples/s=76.06
[step 3320/5000] loss=1.2719 lr=8.121e-05 grad_norm=2.309 samples/s=76.03
[step 3330/5000] loss=1.8339 lr=8.038e-05 grad_norm=3.230 samples/s=76.03
[step 3340/5000] loss=1.3425 lr=7.954e-05 grad_norm=3.410 samples/s=76.02
[step 3350/5000] loss=1.7191 lr=7.871e-05 grad_norm=4.118 samples/s=76.00
[step 3360/5000] loss=1.6692 lr=7.788e-05 grad_norm=2.851 samples/s=76.01
[step 3370/5000] loss=1.1464 lr=7.706e-05 grad_norm=2.505 samples/s=75.97
[step 3380/5000] loss=1.6811 lr=7.624e-05 grad_norm=2.625 samples/s=75.98
[step 3390/5000] loss=1.1393 lr=7.542e-05 grad_norm=2.528 samples/s=75.94
[step 3400/5000] loss=2.3626 lr=7.460e-05 grad_norm=3.048 samples/s=75.95
[step 3410/5000] loss=0.9621 lr=7.379e-05 grad_norm=2.409 samples/s=75.96
[step 3420/5000] loss=1.4034 lr=7.298e-05 grad_norm=2.980 samples/s=75.95
[step 3430/5000] loss=1.2391 lr=7.217e-05 grad_norm=2.537 samples/s=75.88
[step 3440/5000] loss=1.1608 lr=7.137e-05 grad_norm=2.461 samples/s=75.88
[step 3450/5000] loss=1.0836 lr=7.057e-05 grad_norm=2.121 samples/s=75.87
[step 3460/5000] loss=1.0037 lr=6.977e-05 grad_norm=2.403 samples/s=75.86
[step 3470/5000] loss=2.2649 lr=6.898e-05 grad_norm=2.204 samples/s=75.83
[step 3480/5000] loss=1.0392 lr=6.819e-05 grad_norm=2.776 samples/s=75.85
[step 3490/5000] loss=0.9649 lr=6.740e-05 grad_norm=1.832 samples/s=75.80
[step 3500/5000] loss=1.7034 lr=6.662e-05 grad_norm=2.046 samples/s=75.82
[val step 3500] loss=1.4847014789581299 m01={'mean': 0.40918961981009483, 'median': 0.40874247641102684, 'p95': 0.6775121183647087, 'tail_frac_gt4px': 0.00016385384237260363, 'n_matched': 12206} m02={'12-16': 0.9152249134948097, '16-32': 0.9538794138842182, '32-64': 0.9464055655758825, '64-128': 0.9402654867256637} m04={'accuracy': 0.8848926757332459, 'by_octave': {'12-16': 0.7214870825456837, '16-32': 0.910853689247041, '32-64': 0.9319357473454941, '64-128': 0.879327731092437}} diag={'gate3_alpha_mean': 0.2628452777862549, 'gate3_alpha_min': 0.01665496826171875, 'gate3_alpha_max': 0.97998046875, 'gate3_alpha_std': 0.15385892987251282, 'gate3_alpha_p10': 0.087249755859375, 'gate3_alpha_p50': 0.237548828125, 'gate3_alpha_p90': 0.4755859375, 'block0_attn_entropy': 7.153176307678223, 'block1_attn_entropy': 7.408519268035889}
[step 3510/5000] loss=1.0836 lr=6.584e-05 grad_norm=2.399 samples/s=75.94
[step 3520/5000] loss=0.8228 lr=6.506e-05 grad_norm=2.122 samples/s=76.08
[step 3530/5000] loss=1.5099 lr=6.429e-05 grad_norm=2.070 samples/s=76.09
[step 3540/5000] loss=1.2699 lr=6.352e-05 grad_norm=2.938 samples/s=76.08
[step 3550/5000] loss=1.1054 lr=6.276e-05 grad_norm=2.024 samples/s=76.07
[step 3560/5000] loss=2.5271 lr=6.200e-05 grad_norm=3.125 samples/s=76.06
[step 3570/5000] loss=0.8892 lr=6.124e-05 grad_norm=2.423 samples/s=76.04
[step 3580/5000] loss=1.0355 lr=6.048e-05 grad_norm=2.392 samples/s=76.05
[step 3590/5000] loss=1.1075 lr=5.973e-05 grad_norm=2.996 samples/s=76.02
[step 3600/5000] loss=1.1694 lr=5.899e-05 grad_norm=2.798 samples/s=76.04
[step 3610/5000] loss=1.8068 lr=5.824e-05 grad_norm=3.408 samples/s=75.98
[step 3620/5000] loss=0.9351 lr=5.750e-05 grad_norm=1.796 samples/s=76.01
[step 3630/5000] loss=1.0940 lr=5.677e-05 grad_norm=2.005 samples/s=75.97
[step 3640/5000] loss=1.0613 lr=5.604e-05 grad_norm=2.692 samples/s=75.99
[step 3650/5000] loss=1.4492 lr=5.531e-05 grad_norm=3.187 samples/s=75.95
[step 3660/5000] loss=1.9420 lr=5.459e-05 grad_norm=3.555 samples/s=75.95
[step 3670/5000] loss=0.8269 lr=5.387e-05 grad_norm=2.065 samples/s=75.89
[step 3680/5000] loss=1.4407 lr=5.315e-05 grad_norm=2.722 samples/s=75.90
[step 3690/5000] loss=0.9446 lr=5.244e-05 grad_norm=2.403 samples/s=75.87
[step 3700/5000] loss=1.3253 lr=5.173e-05 grad_norm=2.413 samples/s=75.91
[step 3710/5000] loss=1.2791 lr=5.103e-05 grad_norm=2.239 samples/s=75.89
[step 3720/5000] loss=1.3548 lr=5.033e-05 grad_norm=2.806 samples/s=75.91
[step 3730/5000] loss=1.5659 lr=4.964e-05 grad_norm=2.387 samples/s=75.88
[step 3740/5000] loss=1.2328 lr=4.895e-05 grad_norm=2.806 samples/s=75.89
[step 3750/5000] loss=1.2180 lr=4.826e-05 grad_norm=2.301 samples/s=75.85
[val step 3750] loss=1.479629207611084 m01={'mean': 0.4090562500116237, 'median': 0.40874247641102684, 'p95': 0.6770775135392364, 'tail_frac_gt4px': 0.00016388069485414618, 'n_matched': 12204} m02={'12-16': 0.9152249134948097, '16-32': 0.9533989911121787, '32-64': 0.9464055655758825, '64-128': 0.9402654867256637} m04={'accuracy': 0.8876597836774828, 'by_octave': {'12-16': 0.7321991178323881, '16-32': 0.9123204837490552, '32-64': 0.9341138034304384, '64-128': 0.8803361344537816}} diag={'gate3_alpha_mean': 0.26320141553878784, 'gate3_alpha_min': 0.01665496826171875, 'gate3_alpha_max': 0.97998046875, 'gate3_alpha_std': 0.15421997010707855, 'gate3_alpha_p10': 0.087158203125, 'gate3_alpha_p50': 0.23797607421875, 'gate3_alpha_p90': 0.475830078125, 'block0_attn_entropy': 7.1537909507751465, 'block1_attn_entropy': 7.410943984985352}
[step 3760/5000] loss=0.8712 lr=4.758e-05 grad_norm=1.981 samples/s=75.97
[step 3770/5000] loss=0.8661 lr=4.690e-05 grad_norm=2.139 samples/s=76.10
[step 3780/5000] loss=2.4876 lr=4.623e-05 grad_norm=2.950 samples/s=76.09
[step 3790/5000] loss=1.0795 lr=4.556e-05 grad_norm=2.369 samples/s=76.09
[step 3800/5000] loss=1.8136 lr=4.489e-05 grad_norm=3.845 samples/s=76.05
[step 3810/5000] loss=1.6138 lr=4.423e-05 grad_norm=2.804 samples/s=76.07
[step 3820/5000] loss=1.5049 lr=4.357e-05 grad_norm=2.349 samples/s=76.02
[step 3830/5000] loss=1.6622 lr=4.292e-05 grad_norm=3.849 samples/s=76.04
[step 3840/5000] loss=1.1201 lr=4.228e-05 grad_norm=2.017 samples/s=75.98
[step 3850/5000] loss=1.0768 lr=4.163e-05 grad_norm=2.008 samples/s=75.99
[step 3860/5000] loss=1.3479 lr=4.099e-05 grad_norm=3.168 samples/s=75.94
[step 3870/5000] loss=2.1919 lr=4.036e-05 grad_norm=3.310 samples/s=75.95
[step 3880/5000] loss=1.0946 lr=3.973e-05 grad_norm=3.921 samples/s=75.92
[step 3890/5000] loss=0.9240 lr=3.911e-05 grad_norm=2.986 samples/s=75.94
[step 3900/5000] loss=0.8729 lr=3.849e-05 grad_norm=2.271 samples/s=75.92
[step 3910/5000] loss=1.0590 lr=3.787e-05 grad_norm=2.343 samples/s=75.94
[step 3920/5000] loss=1.9039 lr=3.726e-05 grad_norm=2.212 samples/s=75.91
[step 3930/5000] loss=1.2369 lr=3.666e-05 grad_norm=2.414 samples/s=75.93
[step 3940/5000] loss=1.8304 lr=3.605e-05 grad_norm=2.787 samples/s=75.90
[step 3950/5000] loss=1.0661 lr=3.546e-05 grad_norm=3.139 samples/s=75.90
[step 3960/5000] loss=1.5430 lr=3.487e-05 grad_norm=2.835 samples/s=75.87
[step 3970/5000] loss=1.4050 lr=3.428e-05 grad_norm=2.777 samples/s=75.90
[step 3980/5000] loss=1.2985 lr=3.370e-05 grad_norm=3.091 samples/s=75.86
[step 3990/5000] loss=1.1139 lr=3.312e-05 grad_norm=3.190 samples/s=75.89
[step 4000/5000] loss=1.3667 lr=3.255e-05 grad_norm=2.632 samples/s=75.86
[val step 4000] loss=1.475059536933899 m01={'mean': 0.40904233388352407, 'median': 0.4087474996963729, 'p95': 0.6767884342794458, 'tail_frac_gt4px': 0.00016389412439564042, 'n_matched': 12203} m02={'12-16': 0.9152249134948097, '16-32': 0.9533989911121787, '32-64': 0.9461479000257665, '64-128': 0.9402654867256637} m04={'accuracy': 0.8890436777841514, 'by_octave': {'12-16': 0.7328292375551355, '16-32': 0.9138321995464853, '32-64': 0.9349128540305011, '64-128': 0.8826890756302521}} diag={'gate3_alpha_mean': 0.26298582553863525, 'gate3_alpha_min': 0.01665496826171875, 'gate3_alpha_max': 0.980712890625, 'gate3_alpha_std': 0.1542740762233734, 'gate3_alpha_p10': 0.08694382011890411, 'gate3_alpha_p50': 0.23779296875, 'gate3_alpha_p90': 0.4755859375, 'block0_attn_entropy': 7.153261661529541, 'block1_attn_entropy': 7.419003963470459}
[step 4010/5000] loss=1.4616 lr=3.198e-05 grad_norm=2.557 samples/s=75.98
[step 4020/5000] loss=1.3120 lr=3.142e-05 grad_norm=2.685 samples/s=76.09
[step 4030/5000] loss=1.5656 lr=3.086e-05 grad_norm=4.781 samples/s=76.10
[step 4040/5000] loss=1.3492 lr=3.031e-05 grad_norm=5.256 samples/s=76.12
[step 4050/5000] loss=1.1971 lr=2.976e-05 grad_norm=1.807 samples/s=76.06
[step 4060/5000] loss=1.4364 lr=2.922e-05 grad_norm=2.503 samples/s=76.06
[step 4070/5000] loss=1.2973 lr=2.868e-05 grad_norm=1.719 samples/s=76.03
[step 4080/5000] loss=1.0303 lr=2.815e-05 grad_norm=1.901 samples/s=76.05
[step 4090/5000] loss=1.5046 lr=2.762e-05 grad_norm=2.330 samples/s=76.02
[step 4100/5000] loss=2.1028 lr=2.710e-05 grad_norm=2.711 samples/s=76.03
[step 4110/5000] loss=1.8236 lr=2.658e-05 grad_norm=2.986 samples/s=76.01
[step 4120/5000] loss=1.5480 lr=2.607e-05 grad_norm=3.092 samples/s=76.03
[step 4130/5000] loss=1.6517 lr=2.556e-05 grad_norm=2.121 samples/s=76.01
[step 4140/5000] loss=1.2298 lr=2.506e-05 grad_norm=2.913 samples/s=76.00
[step 4150/5000] loss=1.3663 lr=2.456e-05 grad_norm=3.631 samples/s=75.98
[step 4160/5000] loss=1.4132 lr=2.407e-05 grad_norm=2.893 samples/s=75.97
[step 4170/5000] loss=1.0741 lr=2.358e-05 grad_norm=2.257 samples/s=75.93
[step 4180/5000] loss=1.4000 lr=2.310e-05 grad_norm=2.090 samples/s=75.95
[step 4190/5000] loss=0.9430 lr=2.263e-05 grad_norm=2.518 samples/s=75.92
[step 4200/5000] loss=1.0953 lr=2.216e-05 grad_norm=2.090 samples/s=75.94
[step 4210/5000] loss=1.2327 lr=2.169e-05 grad_norm=2.634 samples/s=75.88
[step 4220/5000] loss=1.8524 lr=2.123e-05 grad_norm=3.062 samples/s=75.91
[step 4230/5000] loss=1.4178 lr=2.078e-05 grad_norm=3.358 samples/s=75.86
[step 4240/5000] loss=1.9372 lr=2.033e-05 grad_norm=2.998 samples/s=75.89
[step 4250/5000] loss=1.5351 lr=1.988e-05 grad_norm=3.218 samples/s=75.86
[val step 4250] loss=1.473211727142334 m01={'mean': 0.40928058747622315, 'median': 0.4088207511441335, 'p95': 0.6779561723552516, 'tail_frac_gt4px': 0.00016381358014579407, 'n_matched': 12209} m02={'12-16': 0.9163783160322952, '16-32': 0.9536392024981984, '32-64': 0.9461479000257665, '64-128': 0.9412136536030341} m04={'accuracy': 0.8900810877221722, 'by_octave': {'12-16': 0.7350534927627439, '16-32': 0.9138539042821159, '32-64': 0.9357298474945533, '64-128': 0.8848220282068502}} diag={'gate3_alpha_mean': 0.26345592737197876, 'gate3_alpha_min': 0.01665496826171875, 'gate3_alpha_max': 0.9814453125, 'gate3_alpha_std': 0.15443864464759827, 'gate3_alpha_p10': 0.087158203125, 'gate3_alpha_p50': 0.23822021484375, 'gate3_alpha_p90': 0.476318359375, 'block0_attn_entropy': 7.152653217315674, 'block1_attn_entropy': 7.421204566955566}
[step 4260/5000] loss=1.4717 lr=1.945e-05 grad_norm=2.095 samples/s=75.97
[step 4270/5000] loss=1.0318 lr=1.901e-05 grad_norm=2.911 samples/s=76.08
[step 4280/5000] loss=1.9633 lr=1.859e-05 grad_norm=1.768 samples/s=76.08
[step 4290/5000] loss=1.4870 lr=1.816e-05 grad_norm=3.676 samples/s=76.07
[step 4300/5000] loss=1.6024 lr=1.775e-05 grad_norm=2.595 samples/s=76.05
[step 4310/5000] loss=1.5113 lr=1.734e-05 grad_norm=2.739 samples/s=76.06
[step 4320/5000] loss=1.6059 lr=1.693e-05 grad_norm=3.024 samples/s=76.04
[step 4330/5000] loss=1.5545 lr=1.653e-05 grad_norm=3.195 samples/s=76.05
[step 4340/5000] loss=1.0703 lr=1.614e-05 grad_norm=2.002 samples/s=76.02
[step 4350/5000] loss=1.2681 lr=1.575e-05 grad_norm=2.275 samples/s=76.00
[step 4360/5000] loss=0.8762 lr=1.537e-05 grad_norm=2.446 samples/s=76.01
[step 4370/5000] loss=1.4098 lr=1.499e-05 grad_norm=2.612 samples/s=75.99
[step 4380/5000] loss=1.1041 lr=1.462e-05 grad_norm=6.195 samples/s=75.99
[step 4390/5000] loss=1.2362 lr=1.425e-05 grad_norm=3.098 samples/s=75.98
[step 4400/5000] loss=1.3051 lr=1.389e-05 grad_norm=2.916 samples/s=75.98
[step 4410/5000] loss=1.2786 lr=1.353e-05 grad_norm=2.875 samples/s=75.96
[step 4420/5000] loss=0.9313 lr=1.318e-05 grad_norm=2.706 samples/s=75.95
[step 4430/5000] loss=1.3693 lr=1.284e-05 grad_norm=3.363 samples/s=75.94
[step 4440/5000] loss=0.6629 lr=1.250e-05 grad_norm=2.201 samples/s=75.93
[step 4450/5000] loss=1.1057 lr=1.217e-05 grad_norm=1.696 samples/s=75.93
[step 4460/5000] loss=1.4651 lr=1.184e-05 grad_norm=2.773 samples/s=75.92
[step 4470/5000] loss=2.1376 lr=1.152e-05 grad_norm=3.078 samples/s=75.91
[step 4480/5000] loss=0.9148 lr=1.121e-05 grad_norm=1.866 samples/s=75.89
[step 4490/5000] loss=2.0937 lr=1.090e-05 grad_norm=4.488 samples/s=75.90
[step 4500/5000] loss=1.0312 lr=1.060e-05 grad_norm=2.487 samples/s=75.88
[val step 4500] loss=1.4719389467239379 m01={'mean': 0.4092058530636069, 'median': 0.4088207511441335, 'p95': 0.6779800587274072, 'tail_frac_gt4px': 0.00016384041943147374, 'n_matched': 12207} m02={'12-16': 0.9158016147635525, '16-32': 0.9536392024981984, '32-64': 0.9461479000257665, '64-128': 0.940897597977244} m04={'accuracy': 0.8906365200294912, 'by_octave': {'12-16': 0.7336272040302267, '16-32': 0.9156171284634761, '32-64': 0.9362745098039216, '64-128': 0.8847833389318105}} diag={'gate3_alpha_mean': 0.26349514722824097, 'gate3_alpha_min': 0.01665496826171875, 'gate3_alpha_max': 0.981689453125, 'gate3_alpha_std': 0.1543600708246231, 'gate3_alpha_p10': 0.087249755859375, 'gate3_alpha_p50': 0.23834228515625, 'gate3_alpha_p90': 0.47607421875, 'block0_attn_entropy': 7.152179718017578, 'block1_attn_entropy': 7.422347068786621}
[step 4510/5000] loss=1.5278 lr=1.030e-05 grad_norm=2.628 samples/s=75.97
[step 4520/5000] loss=1.1231 lr=1.001e-05 grad_norm=2.416 samples/s=76.08
[step 4530/5000] loss=0.9985 lr=9.720e-06 grad_norm=2.229 samples/s=76.07
[step 4540/5000] loss=1.5079 lr=9.439e-06 grad_norm=2.152 samples/s=76.09
[step 4550/5000] loss=2.1620 lr=9.165e-06 grad_norm=3.777 samples/s=76.08
[step 4560/5000] loss=0.7155 lr=8.896e-06 grad_norm=2.370 samples/s=76.08
[step 4570/5000] loss=1.0809 lr=8.634e-06 grad_norm=1.989 samples/s=76.03
[step 4580/5000] loss=1.7296 lr=8.377e-06 grad_norm=4.095 samples/s=76.05
[step 4590/5000] loss=1.1785 lr=8.126e-06 grad_norm=1.883 samples/s=76.00
[step 4600/5000] loss=2.3935 lr=7.881e-06 grad_norm=2.833 samples/s=76.03
[step 4610/5000] loss=1.4912 lr=7.642e-06 grad_norm=2.667 samples/s=76.00
[step 4620/5000] loss=1.7429 lr=7.409e-06 grad_norm=3.453 samples/s=76.02
[step 4630/5000] loss=1.3113 lr=7.181e-06 grad_norm=2.253 samples/s=75.98
[step 4640/5000] loss=1.5171 lr=6.960e-06 grad_norm=3.368 samples/s=76.01
[step 4650/5000] loss=0.9550 lr=6.744e-06 grad_norm=1.964 samples/s=75.97
[step 4660/5000] loss=0.7891 lr=6.535e-06 grad_norm=2.014 samples/s=75.98
[step 4670/5000] loss=1.8255 lr=6.331e-06 grad_norm=2.336 samples/s=75.95
[step 4680/5000] loss=0.9008 lr=6.134e-06 grad_norm=2.321 samples/s=75.96
[step 4690/5000] loss=1.3594 lr=5.942e-06 grad_norm=2.227 samples/s=75.92
[step 4700/5000] loss=0.6790 lr=5.757e-06 grad_norm=2.150 samples/s=75.92
[step 4710/5000] loss=1.2085 lr=5.577e-06 grad_norm=3.105 samples/s=75.88
[step 4720/5000] loss=1.5617 lr=5.403e-06 grad_norm=2.498 samples/s=75.90
[step 4730/5000] loss=1.0855 lr=5.236e-06 grad_norm=2.185 samples/s=75.89
[step 4740/5000] loss=1.1720 lr=5.074e-06 grad_norm=3.040 samples/s=75.91
[step 4750/5000] loss=1.9976 lr=4.919e-06 grad_norm=3.514 samples/s=75.88
[val step 4750] loss=1.471355758666992 m01={'mean': 0.4092540412021925, 'median': 0.4087841254202532, 'p95': 0.6782577683103834, 'tail_frac_gt4px': 0.000163826998689384, 'n_matched': 12208} m02={'12-16': 0.9152249134948097, '16-32': 0.9536392024981984, '32-64': 0.9461479000257665, '64-128': 0.9415297092288243} m04={'accuracy': 0.8915465268676278, 'by_octave': {'12-16': 0.7372400756143668, '16-32': 0.9158690176322418, '32-64': 0.9362745098039216, '64-128': 0.8862034239677744}} diag={'gate3_alpha_mean': 0.2633701264858246, 'gate3_alpha_min': 0.01665496826171875, 'gate3_alpha_max': 0.981689453125, 'gate3_alpha_std': 0.15428473055362701, 'gate3_alpha_p10': 0.0872039794921875, 'gate3_alpha_p50': 0.23828125, 'gate3_alpha_p90': 0.475830078125, 'block0_attn_entropy': 7.152054309844971, 'block1_attn_entropy': 7.423118591308594}
[step 4760/5000] loss=1.2980 lr=4.769e-06 grad_norm=2.248 samples/s=75.99
[step 4770/5000] loss=1.0136 lr=4.626e-06 grad_norm=3.435 samples/s=76.10
[step 4780/5000] loss=1.8006 lr=4.488e-06 grad_norm=2.960 samples/s=76.10
[step 4790/5000] loss=1.7579 lr=4.357e-06 grad_norm=4.038 samples/s=76.10
[step 4800/5000] loss=1.0728 lr=4.231e-06 grad_norm=2.549 samples/s=76.08
[step 4810/5000] loss=1.2836 lr=4.112e-06 grad_norm=3.026 samples/s=76.08
[step 4820/5000] loss=1.5524 lr=3.999e-06 grad_norm=2.182 samples/s=76.06
[step 4830/5000] loss=1.5044 lr=3.892e-06 grad_norm=3.564 samples/s=76.07
[step 4840/5000] loss=1.3814 lr=3.790e-06 grad_norm=4.757 samples/s=76.06
[step 4850/5000] loss=0.9521 lr=3.695e-06 grad_norm=2.846 samples/s=76.03
[step 4860/5000] loss=1.2146 lr=3.606e-06 grad_norm=2.375 samples/s=76.03
[step 4870/5000] loss=0.9043 lr=3.523e-06 grad_norm=2.038 samples/s=76.01
[step 4880/5000] loss=1.0610 lr=3.447e-06 grad_norm=1.746 samples/s=76.01
[step 4890/5000] loss=2.0857 lr=3.376e-06 grad_norm=3.350 samples/s=75.96
[step 4900/5000] loss=1.2887 lr=3.311e-06 grad_norm=2.659 samples/s=75.98
[step 4910/5000] loss=1.1867 lr=3.253e-06 grad_norm=2.174 samples/s=75.95
[step 4920/5000] loss=1.2261 lr=3.200e-06 grad_norm=4.376 samples/s=75.96
[step 4930/5000] loss=1.6870 lr=3.154e-06 grad_norm=3.289 samples/s=75.94
[step 4940/5000] loss=1.4074 lr=3.114e-06 grad_norm=2.866 samples/s=75.93
[step 4950/5000] loss=1.3932 lr=3.079e-06 grad_norm=3.321 samples/s=75.94
[step 4960/5000] loss=0.7919 lr=3.051e-06 grad_norm=2.258 samples/s=75.92
[step 4970/5000] loss=1.2915 lr=3.029e-06 grad_norm=2.766 samples/s=75.89
[step 4980/5000] loss=1.4711 lr=3.013e-06 grad_norm=2.493 samples/s=75.91
[step 4990/5000] loss=1.0047 lr=3.004e-06 grad_norm=2.782 samples/s=75.89
[step 5000/5000] loss=1.7181 lr=3.000e-06 grad_norm=3.433 samples/s=75.91
[val step 5000] loss=1.4707188377380371 m01={'mean': 0.40935358301000385, 'median': 0.4088226806099023, 'p95': 0.6782513538347757, 'tail_frac_gt4px': 0.00016381358014579407, 'n_matched': 12209} m02={'12-16': 0.9158016147635525, '16-32': 0.9536392024981984, '32-64': 0.9461479000257665, '64-128': 0.9415297092288243} m04={'accuracy': 0.8914735031534115, 'by_octave': {'12-16': 0.7374055415617129, '16-32': 0.9153652392947104, '32-64': 0.9362745098039216, '64-128': 0.8865391070829137}} diag={'gate3_alpha_mean': 0.2633829414844513, 'gate3_alpha_min': 0.01665496826171875, 'gate3_alpha_max': 0.98095703125, 'gate3_alpha_std': 0.1542929857969284, 'gate3_alpha_p10': 0.08721923828125, 'gate3_alpha_p50': 0.23828125, 'gate3_alpha_p90': 0.47589683532714844, 'block0_attn_entropy': 7.15191650390625, 'block1_attn_entropy': 7.423635482788086}
[FULL val step 5000] loss=1.3577855019569396 m01={'mean': 0.4063823046935993, 'median': 0.4062067126607093, 'p95': 0.6747893050101538, 'tail_frac_gt4px': 6.456715791512647e-05, 'n_matched': 123902} m02={'12-16': 0.9190406485756109, '16-32': 0.9386623705844725, '32-64': 0.9540641426068409, '64-128': 0.9574615578522814} m04={'accuracy': 0.9051992703911156, 'by_octave': {'12-16': 0.7923915706934574, '16-32': 0.9232205956587582, '32-64': 0.9495635047375706, '64-128': 0.8874481669189759}}
[train_detector] wrote checkpoint runs/ft02_head_bneck_hm_lr0p1/ckpt_0005000.pt
[train_detector] done: step=5000 train_elapsed=2107.9s val_elapsed=533.8s samples/s=75.90
