[train_detector] finetune from runs/rel_w882_c2_100k_rev6/ckpt_0100000.pt (step 100000): 191,890 of 882,402 params trainable, lr_mult={'gate3.*': 1.0, 'd3.*': 1.0, 'd2.*': 1.0, 'd1.*': 1.0, 'hm.*': 1.0, 'cls.*': 1.0}, reinit=[]
[train_detector] stream_seed=2100000 resume_count=0 start_step=0
[step 1/5000] loss=5.8438 lr=0.000e+00 grad_norm=13.733 samples/s=7.48
[step 2/5000] loss=6.4226 lr=3.000e-06 grad_norm=14.560 samples/s=14.64
[step 3/5000] loss=6.7779 lr=6.000e-06 grad_norm=13.037 samples/s=21.50
[step 4/5000] loss=6.6043 lr=9.000e-06 grad_norm=15.215 samples/s=28.09
[step 5/5000] loss=6.2033 lr=1.200e-05 grad_norm=13.326 samples/s=30.87
[step 6/5000] loss=5.4020 lr=1.500e-05 grad_norm=11.998 samples/s=35.75
[step 7/5000] loss=7.0114 lr=1.800e-05 grad_norm=13.036 samples/s=40.27
[step 8/5000] loss=6.0516 lr=2.100e-05 grad_norm=12.581 samples/s=44.51
[step 9/5000] loss=7.8801 lr=2.400e-05 grad_norm=14.587 samples/s=41.03
[step 10/5000] loss=6.8803 lr=2.700e-05 grad_norm=11.686 samples/s=44.98
[step 20/5000] loss=5.4498 lr=5.700e-05 grad_norm=10.161 samples/s=58.63
[step 30/5000] loss=4.7049 lr=8.700e-05 grad_norm=8.196 samples/s=58.81
[step 40/5000] loss=3.9167 lr=1.170e-04 grad_norm=7.051 samples/s=65.09
[step 50/5000] loss=3.4616 lr=1.470e-04 grad_norm=4.365 samples/s=63.94
[step 60/5000] loss=3.1853 lr=1.770e-04 grad_norm=3.471 samples/s=66.93
[step 70/5000] loss=2.3417 lr=2.070e-04 grad_norm=3.225 samples/s=66.42
[step 80/5000] loss=2.2449 lr=2.370e-04 grad_norm=3.245 samples/s=67.95
[step 90/5000] loss=2.6910 lr=2.670e-04 grad_norm=3.354 samples/s=68.46
[step 100/5000] loss=2.4060 lr=2.970e-04 grad_norm=4.044 samples/s=70.09
[step 110/5000] loss=2.1149 lr=3.000e-04 grad_norm=2.576 samples/s=69.54
[step 120/5000] loss=2.2811 lr=3.000e-04 grad_norm=2.088 samples/s=71.02
[step 130/5000] loss=2.1153 lr=3.000e-04 grad_norm=3.257 samples/s=70.39
[step 140/5000] loss=2.6168 lr=3.000e-04 grad_norm=2.176 samples/s=70.77
[step 150/5000] loss=2.2234 lr=2.999e-04 grad_norm=3.770 samples/s=70.81
[step 160/5000] loss=2.4191 lr=2.999e-04 grad_norm=2.406 samples/s=71.41
[step 170/5000] loss=2.4918 lr=2.999e-04 grad_norm=2.149 samples/s=70.72
[step 180/5000] loss=2.2977 lr=2.998e-04 grad_norm=1.941 samples/s=71.11
[step 190/5000] loss=2.1576 lr=2.998e-04 grad_norm=2.823 samples/s=70.30
[step 200/5000] loss=2.9506 lr=2.997e-04 grad_norm=2.104 samples/s=70.96
[step 210/5000] loss=2.7739 lr=2.996e-04 grad_norm=3.414 samples/s=71.23
[step 220/5000] loss=2.0017 lr=2.996e-04 grad_norm=2.206 samples/s=72.17
[step 230/5000] loss=2.5628 lr=2.995e-04 grad_norm=2.588 samples/s=71.98
[step 240/5000] loss=1.8403 lr=2.994e-04 grad_norm=1.928 samples/s=71.90
[step 250/5000] loss=2.1896 lr=2.993e-04 grad_norm=3.133 samples/s=71.93
[val step 250] loss=2.418796085357666 m01={'mean': 0.4081198005215559, 'median': 0.40858137532990735, 'p95': 0.6781274587462403, 'tail_frac_gt4px': 0.0, 'n_matched': 12190} m02={'12-16': 0.9117647058823529, '16-32': 0.9529185683401393, '32-64': 0.9451172378253028, '64-128': 0.9399494310998736} m04={'accuracy': 0.21058244462674322, 'by_octave': {'12-16': 0.1922833649588868, '16-32': 0.2240988152256113, '32-64': 0.22246455834242093, '64-128': 0.18762609280430398}} diag={'gate3_alpha_mean': 0.20572705566883087, 'gate3_alpha_min': 0.007557868957519531, 'gate3_alpha_max': 0.997314453125, 'gate3_alpha_std': 0.15630055963993073, 'gate3_alpha_p10': 0.05277214199304581, 'gate3_alpha_p50': 0.16448974609375, 'gate3_alpha_p90': 0.4114990234375, 'block0_attn_entropy': 7.1890082359313965, 'block1_attn_entropy': 7.4866156578063965}
[step 260/5000] loss=2.4332 lr=2.992e-04 grad_norm=2.309 samples/s=73.91
[step 270/5000] loss=2.4973 lr=2.991e-04 grad_norm=3.074 samples/s=75.55
[step 280/5000] loss=2.6862 lr=2.990e-04 grad_norm=1.977 samples/s=74.80
[step 290/5000] loss=2.0388 lr=2.989e-04 grad_norm=3.668 samples/s=75.13
[step 300/5000] loss=2.5236 lr=2.988e-04 grad_norm=3.078 samples/s=75.21
[step 310/5000] loss=2.2516 lr=2.987e-04 grad_norm=1.904 samples/s=75.20
[step 320/5000] loss=1.9045 lr=2.985e-04 grad_norm=2.352 samples/s=75.26
[step 330/5000] loss=2.4750 lr=2.984e-04 grad_norm=3.284 samples/s=75.31
[step 340/5000] loss=2.1745 lr=2.983e-04 grad_norm=2.345 samples/s=74.69
[step 350/5000] loss=2.5321 lr=2.981e-04 grad_norm=3.571 samples/s=74.96
[step 360/5000] loss=1.7856 lr=2.980e-04 grad_norm=2.143 samples/s=74.59
[step 370/5000] loss=1.9944 lr=2.978e-04 grad_norm=3.031 samples/s=74.84
[step 380/5000] loss=2.0458 lr=2.976e-04 grad_norm=1.895 samples/s=75.04
[step 390/5000] loss=2.2570 lr=2.975e-04 grad_norm=2.518 samples/s=74.92
[step 400/5000] loss=1.9023 lr=2.973e-04 grad_norm=2.171 samples/s=74.95
[step 410/5000] loss=2.4151 lr=2.971e-04 grad_norm=3.242 samples/s=74.35
[step 420/5000] loss=1.9717 lr=2.969e-04 grad_norm=2.024 samples/s=74.62
[step 430/5000] loss=2.0866 lr=2.967e-04 grad_norm=2.942 samples/s=74.59
[step 440/5000] loss=2.7669 lr=2.965e-04 grad_norm=3.468 samples/s=74.32
[step 450/5000] loss=2.5658 lr=2.963e-04 grad_norm=3.091 samples/s=74.36
[step 460/5000] loss=2.2956 lr=2.961e-04 grad_norm=2.328 samples/s=74.22
[step 470/5000] loss=2.8295 lr=2.959e-04 grad_norm=2.282 samples/s=74.51
[step 480/5000] loss=1.7643 lr=2.956e-04 grad_norm=4.037 samples/s=74.23
[step 490/5000] loss=1.8769 lr=2.954e-04 grad_norm=2.640 samples/s=74.32
[step 500/5000] loss=1.9015 lr=2.952e-04 grad_norm=2.033 samples/s=74.36
[val step 500] loss=2.299937059402466 m01={'mean': 0.40799594369225894, 'median': 0.40856383849679545, 'p95': 0.677083521556445, 'tail_frac_gt4px': 0.0, 'n_matched': 12203} m02={'12-16': 0.9134948096885813, '16-32': 0.9541196252702379, '32-64': 0.9458902344756506, '64-128': 0.9405815423514539} m04={'accuracy': 0.3902319101860198, 'by_octave': {'12-16': 0.3787878787878788, '16-32': 0.4229607250755287, '32-64': 0.4105148460909834, '64-128': 0.3276209677419355}} diag={'gate3_alpha_mean': 0.22033704817295074, 'gate3_alpha_min': 0.008312225341796875, 'gate3_alpha_max': 0.998291015625, 'gate3_alpha_std': 0.1648685485124588, 'gate3_alpha_p10': 0.0561370849609375, 'gate3_alpha_p50': 0.17490768432617188, 'gate3_alpha_p90': 0.4429931640625, 'block0_attn_entropy': 7.1890082359313965, 'block1_attn_entropy': 7.4866156578063965}
[step 510/5000] loss=2.2555 lr=2.949e-04 grad_norm=3.246 samples/s=75.32
[step 520/5000] loss=1.9309 lr=2.947e-04 grad_norm=2.782 samples/s=76.27
[step 530/5000] loss=2.0863 lr=2.944e-04 grad_norm=2.312 samples/s=75.84
[step 540/5000] loss=2.4923 lr=2.942e-04 grad_norm=2.076 samples/s=75.99
[step 550/5000] loss=2.3251 lr=2.939e-04 grad_norm=2.137 samples/s=75.75
[step 560/5000] loss=1.8531 lr=2.936e-04 grad_norm=2.353 samples/s=75.95
[step 570/5000] loss=2.0357 lr=2.933e-04 grad_norm=2.910 samples/s=75.78
[step 580/5000] loss=1.8391 lr=2.931e-04 grad_norm=2.873 samples/s=75.99
[step 590/5000] loss=1.7323 lr=2.928e-04 grad_norm=3.496 samples/s=75.83
[step 600/5000] loss=1.9492 lr=2.925e-04 grad_norm=2.668 samples/s=75.98
[step 610/5000] loss=2.1844 lr=2.922e-04 grad_norm=2.348 samples/s=75.77
[step 620/5000] loss=2.6397 lr=2.919e-04 grad_norm=2.373 samples/s=75.89
[step 630/5000] loss=1.8773 lr=2.915e-04 grad_norm=3.271 samples/s=75.81
[step 640/5000] loss=2.1850 lr=2.912e-04 grad_norm=2.634 samples/s=75.75
[step 650/5000] loss=2.1956 lr=2.909e-04 grad_norm=2.341 samples/s=75.60
[step 660/5000] loss=2.0731 lr=2.906e-04 grad_norm=2.715 samples/s=75.90
[step 670/5000] loss=3.1782 lr=2.902e-04 grad_norm=3.228 samples/s=75.50
[step 680/5000] loss=2.0805 lr=2.899e-04 grad_norm=2.369 samples/s=75.67
[step 690/5000] loss=2.5805 lr=2.895e-04 grad_norm=3.361 samples/s=75.66
[step 700/5000] loss=1.9801 lr=2.892e-04 grad_norm=3.113 samples/s=75.86
[step 710/5000] loss=2.1686 lr=2.888e-04 grad_norm=2.669 samples/s=75.73
[step 720/5000] loss=2.0931 lr=2.885e-04 grad_norm=2.568 samples/s=75.89
[step 730/5000] loss=1.6358 lr=2.881e-04 grad_norm=2.136 samples/s=75.76
[step 740/5000] loss=1.5871 lr=2.877e-04 grad_norm=2.576 samples/s=75.71
[step 750/5000] loss=2.3100 lr=2.873e-04 grad_norm=2.884 samples/s=75.72
[val step 750] loss=2.22262121963501 m01={'mean': 0.4085040256349767, 'median': 0.40896025006340614, 'p95': 0.6785361382276579, 'tail_frac_gt4px': 0.0, 'n_matched': 12198} m02={'12-16': 0.9111880046136102, '16-32': 0.9538794138842182, '32-64': 0.9461479000257665, '64-128': 0.9402654867256637} m04={'accuracy': 0.4833579275291031, 'by_octave': {'12-16': 0.46962025316455697, '16-32': 0.5341223873079829, '32-64': 0.5136165577342048, '64-128': 0.38554621848739495}} diag={'gate3_alpha_mean': 0.24823933839797974, 'gate3_alpha_min': 0.01268768310546875, 'gate3_alpha_max': 0.996826171875, 'gate3_alpha_std': 0.1643235981464386, 'gate3_alpha_p10': 0.073822021484375, 'gate3_alpha_p50': 0.210205078125, 'gate3_alpha_p90': 0.4700927734375, 'block0_attn_entropy': 7.1890082359313965, 'block1_attn_entropy': 7.4866156578063965}
[step 760/5000] loss=2.0347 lr=2.869e-04 grad_norm=2.013 samples/s=76.46
[step 770/5000] loss=1.8969 lr=2.865e-04 grad_norm=3.833 samples/s=77.03
[step 780/5000] loss=2.0733 lr=2.861e-04 grad_norm=2.347 samples/s=76.78
[step 790/5000] loss=2.7862 lr=2.857e-04 grad_norm=3.356 samples/s=76.95
[step 800/5000] loss=2.0662 lr=2.853e-04 grad_norm=2.676 samples/s=76.76
[step 810/5000] loss=2.9219 lr=2.849e-04 grad_norm=2.338 samples/s=76.52
[step 820/5000] loss=1.7730 lr=2.845e-04 grad_norm=2.201 samples/s=76.57
[step 830/5000] loss=1.7981 lr=2.841e-04 grad_norm=4.057 samples/s=76.44
[step 840/5000] loss=1.5655 lr=2.836e-04 grad_norm=1.750 samples/s=76.63
[step 850/5000] loss=2.4794 lr=2.832e-04 grad_norm=2.373 samples/s=76.27
[step 860/5000] loss=2.0260 lr=2.828e-04 grad_norm=3.568 samples/s=76.29
[step 870/5000] loss=2.3731 lr=2.823e-04 grad_norm=2.722 samples/s=76.10
[step 880/5000] loss=2.3586 lr=2.819e-04 grad_norm=2.687 samples/s=76.17
[step 890/5000] loss=1.7451 lr=2.814e-04 grad_norm=1.921 samples/s=76.10
[step 900/5000] loss=1.7905 lr=2.809e-04 grad_norm=2.084 samples/s=76.35
[step 910/5000] loss=1.7563 lr=2.805e-04 grad_norm=2.571 samples/s=76.04
[step 920/5000] loss=2.2745 lr=2.800e-04 grad_norm=2.569 samples/s=76.15
[step 930/5000] loss=1.9710 lr=2.795e-04 grad_norm=2.733 samples/s=75.99
[step 940/5000] loss=1.7626 lr=2.790e-04 grad_norm=3.221 samples/s=76.09
[step 950/5000] loss=1.4007 lr=2.785e-04 grad_norm=2.956 samples/s=75.89
[step 960/5000] loss=2.9017 lr=2.780e-04 grad_norm=4.031 samples/s=76.01
[step 970/5000] loss=2.3309 lr=2.775e-04 grad_norm=4.321 samples/s=75.88
[step 980/5000] loss=2.2271 lr=2.770e-04 grad_norm=2.565 samples/s=75.96
[step 990/5000] loss=1.6675 lr=2.765e-04 grad_norm=2.465 samples/s=75.90
[step 1000/5000] loss=1.8541 lr=2.760e-04 grad_norm=2.588 samples/s=75.92
[val step 1000] loss=2.1588924922943113 m01={'mean': 0.40858845459710635, 'median': 0.4090522925122414, 'p95': 0.6791535611553025, 'tail_frac_gt4px': 0.0, 'n_matched': 12206} m02={'12-16': 0.9146482122260668, '16-32': 0.9533989911121787, '32-64': 0.9458902344756506, '64-128': 0.9418457648546145} m04={'accuracy': 0.5455513681795838, 'by_octave': {'12-16': 0.5258511979823455, '16-32': 0.6102292768959435, '32-64': 0.5785889403432307, '64-128': 0.4291946308724832}} diag={'gate3_alpha_mean': 0.23835337162017822, 'gate3_alpha_min': 0.013454437255859375, 'gate3_alpha_max': 0.993896484375, 'gate3_alpha_std': 0.14997020363807678, 'gate3_alpha_p10': 0.07633896172046661, 'gate3_alpha_p50': 0.2091064453125, 'gate3_alpha_p90': 0.4329833984375, 'block0_attn_entropy': 7.1890082359313965, 'block1_attn_entropy': 7.4866156578063965}
[step 1010/5000] loss=2.2340 lr=2.755e-04 grad_norm=2.199 samples/s=76.43
[step 1020/5000] loss=2.3785 lr=2.750e-04 grad_norm=2.809 samples/s=76.90
[step 1030/5000] loss=2.5636 lr=2.744e-04 grad_norm=1.825 samples/s=76.70
[step 1040/5000] loss=1.9058 lr=2.739e-04 grad_norm=2.220 samples/s=76.70
[step 1050/5000] loss=2.1808 lr=2.734e-04 grad_norm=3.192 samples/s=76.48
[step 1060/5000] loss=1.9213 lr=2.728e-04 grad_norm=2.014 samples/s=76.43
[step 1070/5000] loss=1.8684 lr=2.723e-04 grad_norm=2.554 samples/s=76.39
[step 1080/5000] loss=1.7310 lr=2.717e-04 grad_norm=2.998 samples/s=76.14
[step 1090/5000] loss=1.7917 lr=2.711e-04 grad_norm=2.576 samples/s=76.08
[step 1100/5000] loss=2.1062 lr=2.706e-04 grad_norm=1.970 samples/s=75.92
[step 1110/5000] loss=2.8199 lr=2.700e-04 grad_norm=2.638 samples/s=75.87
[step 1120/5000] loss=1.5171 lr=2.694e-04 grad_norm=4.048 samples/s=75.77
[step 1130/5000] loss=1.7410 lr=2.688e-04 grad_norm=3.428 samples/s=75.84
[step 1140/5000] loss=1.7953 lr=2.683e-04 grad_norm=3.552 samples/s=75.68
[step 1150/5000] loss=1.7923 lr=2.677e-04 grad_norm=1.970 samples/s=75.76
[step 1160/5000] loss=1.4560 lr=2.671e-04 grad_norm=1.936 samples/s=75.69
[step 1170/5000] loss=2.4330 lr=2.665e-04 grad_norm=2.389 samples/s=75.72
[step 1180/5000] loss=1.9939 lr=2.659e-04 grad_norm=2.579 samples/s=75.65
[step 1190/5000] loss=1.6425 lr=2.653e-04 grad_norm=2.273 samples/s=75.67
[step 1200/5000] loss=2.6103 lr=2.646e-04 grad_norm=3.301 samples/s=75.57
[step 1210/5000] loss=1.9099 lr=2.640e-04 grad_norm=2.204 samples/s=75.67
[step 1220/5000] loss=1.6687 lr=2.634e-04 grad_norm=3.344 samples/s=75.60
[step 1230/5000] loss=1.5346 lr=2.628e-04 grad_norm=2.537 samples/s=75.60
[step 1240/5000] loss=2.1717 lr=2.621e-04 grad_norm=2.444 samples/s=75.65
[step 1250/5000] loss=2.1576 lr=2.615e-04 grad_norm=3.041 samples/s=75.74
[val step 1250] loss=2.1051827964782714 m01={'mean': 0.40978137423467265, 'median': 0.4090977858129305, 'p95': 0.680377031508414, 'tail_frac_gt4px': 8.194034742707309e-05, 'n_matched': 12204} m02={'12-16': 0.9129181084198386, '16-32': 0.9529185683401393, '32-64': 0.9458902344756506, '64-128': 0.9427939317319848} m04={'accuracy': 0.5793182563094067, 'by_octave': {'12-16': 0.5382185723310171, '16-32': 0.6470884799596672, '32-64': 0.6161808771451921, '64-128': 0.4656386188400939}} diag={'gate3_alpha_mean': 0.24409164488315582, 'gate3_alpha_min': 0.014423370361328125, 'gate3_alpha_max': 0.98974609375, 'gate3_alpha_std': 0.14652523398399353, 'gate3_alpha_p10': 0.0812530517578125, 'gate3_alpha_p50': 0.2181396484375, 'gate3_alpha_p90': 0.436767578125, 'block0_attn_entropy': 7.1890082359313965, 'block1_attn_entropy': 7.4866156578063965}
[step 1260/5000] loss=1.6673 lr=2.609e-04 grad_norm=3.381 samples/s=76.19
[step 1270/5000] loss=1.6523 lr=2.602e-04 grad_norm=3.361 samples/s=76.55
[step 1280/5000] loss=1.7922 lr=2.596e-04 grad_norm=1.966 samples/s=76.33
[step 1290/5000] loss=1.6794 lr=2.589e-04 grad_norm=2.044 samples/s=76.40
[step 1300/5000] loss=2.0108 lr=2.582e-04 grad_norm=2.034 samples/s=76.20
[step 1310/5000] loss=2.3802 lr=2.576e-04 grad_norm=2.289 samples/s=76.23
[step 1320/5000] loss=1.7326 lr=2.569e-04 grad_norm=3.763 samples/s=76.15
[step 1330/5000] loss=1.5910 lr=2.562e-04 grad_norm=3.106 samples/s=76.17
[step 1340/5000] loss=1.6613 lr=2.556e-04 grad_norm=2.199 samples/s=76.14
[step 1350/5000] loss=1.8387 lr=2.549e-04 grad_norm=2.100 samples/s=76.29
[step 1360/5000] loss=1.9252 lr=2.542e-04 grad_norm=2.888 samples/s=76.21
[step 1370/5000] loss=1.9908 lr=2.535e-04 grad_norm=3.237 samples/s=76.25
[step 1380/5000] loss=2.0462 lr=2.528e-04 grad_norm=2.903 samples/s=76.14
[step 1390/5000] loss=2.1569 lr=2.521e-04 grad_norm=4.927 samples/s=76.16
[step 1400/5000] loss=1.9173 lr=2.514e-04 grad_norm=2.532 samples/s=75.97
[step 1410/5000] loss=2.4016 lr=2.507e-04 grad_norm=2.729 samples/s=76.09
[step 1420/5000] loss=1.4865 lr=2.500e-04 grad_norm=3.189 samples/s=76.04
[step 1430/5000] loss=1.4812 lr=2.493e-04 grad_norm=3.120 samples/s=76.16
[step 1440/5000] loss=1.7078 lr=2.486e-04 grad_norm=2.345 samples/s=76.13
[step 1450/5000] loss=1.7676 lr=2.478e-04 grad_norm=2.726 samples/s=76.19
[step 1460/5000] loss=2.1303 lr=2.471e-04 grad_norm=3.300 samples/s=76.15
[step 1470/5000] loss=2.4344 lr=2.464e-04 grad_norm=2.439 samples/s=76.12
[step 1480/5000] loss=2.8098 lr=2.456e-04 grad_norm=2.806 samples/s=76.13
[step 1490/5000] loss=1.9704 lr=2.449e-04 grad_norm=2.599 samples/s=76.22
[step 1500/5000] loss=1.5408 lr=2.442e-04 grad_norm=2.545 samples/s=76.14
[val step 1500] loss=2.0668257446289062 m01={'mean': 0.4093978384987646, 'median': 0.40888931756376584, 'p95': 0.6778034906026825, 'tail_frac_gt4px': 8.192020971573687e-05, 'n_matched': 12207} m02={'12-16': 0.9163783160322952, '16-32': 0.9533989911121787, '32-64': 0.9453749033754187, '64-128': 0.9418457648546145} m04={'accuracy': 0.6057999508478742, 'by_octave': {'12-16': 0.5695405915670233, '16-32': 0.6744771982867221, '32-64': 0.6418642681929682, '64-128': 0.489261744966443}} diag={'gate3_alpha_mean': 0.24867230653762817, 'gate3_alpha_min': 0.015195846557617188, 'gate3_alpha_max': 0.987060546875, 'gate3_alpha_std': 0.14564688503742218, 'gate3_alpha_p10': 0.084228515625, 'gate3_alpha_p50': 0.22393798828125, 'gate3_alpha_p90': 0.4425048828125, 'block0_attn_entropy': 7.1890082359313965, 'block1_attn_entropy': 7.4866156578063965}
[step 1510/5000] loss=1.9667 lr=2.434e-04 grad_norm=2.612 samples/s=76.47
[step 1520/5000] loss=1.6301 lr=2.427e-04 grad_norm=3.850 samples/s=76.79
[step 1530/5000] loss=2.4075 lr=2.419e-04 grad_norm=2.798 samples/s=76.76
[step 1540/5000] loss=2.1406 lr=2.412e-04 grad_norm=2.566 samples/s=76.78
[step 1550/5000] loss=1.8831 lr=2.404e-04 grad_norm=2.411 samples/s=76.66
[step 1560/5000] loss=2.7637 lr=2.396e-04 grad_norm=2.458 samples/s=76.63
[step 1570/5000] loss=2.1638 lr=2.389e-04 grad_norm=2.589 samples/s=76.56
[step 1580/5000] loss=1.8530 lr=2.381e-04 grad_norm=2.936 samples/s=76.68
[step 1590/5000] loss=2.3054 lr=2.373e-04 grad_norm=2.075 samples/s=76.59
[step 1600/5000] loss=1.5812 lr=2.365e-04 grad_norm=2.370 samples/s=76.69
[step 1610/5000] loss=2.4648 lr=2.358e-04 grad_norm=2.039 samples/s=76.63
[step 1620/5000] loss=1.5784 lr=2.350e-04 grad_norm=2.421 samples/s=76.58
[step 1630/5000] loss=2.1699 lr=2.342e-04 grad_norm=2.680 samples/s=76.52
[step 1640/5000] loss=2.0958 lr=2.334e-04 grad_norm=2.375 samples/s=76.59
[step 1650/5000] loss=1.5752 lr=2.326e-04 grad_norm=2.385 samples/s=76.53
[step 1660/5000] loss=1.6546 lr=2.318e-04 grad_norm=1.887 samples/s=76.51
[step 1670/5000] loss=2.3376 lr=2.310e-04 grad_norm=3.449 samples/s=76.53
[step 1680/5000] loss=1.8472 lr=2.302e-04 grad_norm=2.876 samples/s=76.56
[step 1690/5000] loss=1.4416 lr=2.294e-04 grad_norm=3.235 samples/s=76.54
[step 1700/5000] loss=1.9975 lr=2.286e-04 grad_norm=2.418 samples/s=76.56
[step 1710/5000] loss=2.1773 lr=2.277e-04 grad_norm=4.104 samples/s=76.52
[step 1720/5000] loss=1.9721 lr=2.269e-04 grad_norm=2.448 samples/s=76.49
[step 1730/5000] loss=1.2950 lr=2.261e-04 grad_norm=2.739 samples/s=76.51
[step 1740/5000] loss=1.8290 lr=2.253e-04 grad_norm=2.503 samples/s=76.52
[step 1750/5000] loss=1.6143 lr=2.245e-04 grad_norm=3.597 samples/s=76.53
[val step 1750] loss=2.032684736251831 m01={'mean': 0.40901514870391154, 'median': 0.40910680225672524, 'p95': 0.6789492936759566, 'tail_frac_gt4px': 0.0, 'n_matched': 12203} m02={'12-16': 0.9140715109573241, '16-32': 0.9538794138842182, '32-64': 0.9448595722751868, '64-128': 0.9418457648546145} m04={'accuracy': 0.626239449315742, 'by_octave': {'12-16': 0.5899053627760252, '16-32': 0.6912616469403173, '32-64': 0.6588491955276793, '64-128': 0.5187919463087248}} diag={'gate3_alpha_mean': 0.25094902515411377, 'gate3_alpha_min': 0.01631927490234375, 'gate3_alpha_max': 0.982421875, 'gate3_alpha_std': 0.14360976219177246, 'gate3_alpha_p10': 0.08721923828125, 'gate3_alpha_p50': 0.22760009765625, 'gate3_alpha_p90': 0.4417724609375, 'block0_attn_entropy': 7.1890082359313965, 'block1_attn_entropy': 7.4866156578063965}
[step 1760/5000] loss=1.5250 lr=2.236e-04 grad_norm=2.572 samples/s=76.81
[step 1770/5000] loss=1.8686 lr=2.228e-04 grad_norm=2.490 samples/s=77.09
[step 1780/5000] loss=1.6635 lr=2.220e-04 grad_norm=2.144 samples/s=77.01
[step 1790/5000] loss=1.9643 lr=2.211e-04 grad_norm=3.874 samples/s=77.01
[step 1800/5000] loss=1.9356 lr=2.203e-04 grad_norm=3.256 samples/s=77.00
[step 1810/5000] loss=2.3994 lr=2.194e-04 grad_norm=2.465 samples/s=76.98
[step 1820/5000] loss=1.9147 lr=2.186e-04 grad_norm=2.078 samples/s=76.98
[step 1830/5000] loss=1.7582 lr=2.177e-04 grad_norm=2.769 samples/s=76.92
[step 1840/5000] loss=1.8853 lr=2.169e-04 grad_norm=2.612 samples/s=76.97
[step 1850/5000] loss=1.9843 lr=2.160e-04 grad_norm=2.784 samples/s=76.90
[step 1860/5000] loss=1.7567 lr=2.152e-04 grad_norm=2.327 samples/s=76.93
[step 1870/5000] loss=1.4090 lr=2.143e-04 grad_norm=2.254 samples/s=76.93
[step 1880/5000] loss=1.8433 lr=2.134e-04 grad_norm=4.665 samples/s=76.86
[step 1890/5000] loss=2.9980 lr=2.126e-04 grad_norm=3.435 samples/s=76.84
[step 1900/5000] loss=2.4895 lr=2.117e-04 grad_norm=2.126 samples/s=76.83
[step 1910/5000] loss=1.3590 lr=2.108e-04 grad_norm=2.320 samples/s=76.80
[step 1920/5000] loss=1.8095 lr=2.100e-04 grad_norm=2.568 samples/s=76.77
[step 1930/5000] loss=1.9520 lr=2.091e-04 grad_norm=2.324 samples/s=76.80
[step 1940/5000] loss=2.0004 lr=2.082e-04 grad_norm=2.354 samples/s=76.72
[step 1950/5000] loss=2.0033 lr=2.073e-04 grad_norm=3.022 samples/s=76.69
[step 1960/5000] loss=1.9721 lr=2.064e-04 grad_norm=3.541 samples/s=76.69
[step 1970/5000] loss=1.8279 lr=2.055e-04 grad_norm=2.446 samples/s=76.62
[step 1980/5000] loss=1.9815 lr=2.047e-04 grad_norm=2.310 samples/s=76.63
[step 1990/5000] loss=1.8498 lr=2.038e-04 grad_norm=2.878 samples/s=76.63
[step 2000/5000] loss=1.8423 lr=2.029e-04 grad_norm=2.212 samples/s=76.60
[val step 2000] loss=2.007320363998413 m01={'mean': 0.40845186634077074, 'median': 0.4091439553597353, 'p95': 0.6790123855812128, 'tail_frac_gt4px': 0.0, 'n_matched': 12193} m02={'12-16': 0.9100346020761245, '16-32': 0.9526783569541196, '32-64': 0.9458902344756506, '64-128': 0.9412136536030341} m04={'accuracy': 0.6423357664233577, 'by_octave': {'12-16': 0.5956907477820025, '16-32': 0.7153303076147252, '32-64': 0.6791065104876055, '64-128': 0.5245130960376091}} diag={'gate3_alpha_mean': 0.25966405868530273, 'gate3_alpha_min': 0.01879119873046875, 'gate3_alpha_max': 0.977294921875, 'gate3_alpha_std': 0.14158014953136444, 'gate3_alpha_p10': 0.094757080078125, 'gate3_alpha_p50': 0.239013671875, 'gate3_alpha_p90': 0.4483642578125, 'block0_attn_entropy': 7.1890082359313965, 'block1_attn_entropy': 7.4866156578063965}
[step 2010/5000] loss=2.0559 lr=2.020e-04 grad_norm=2.461 samples/s=76.87
[step 2020/5000] loss=1.3833 lr=2.011e-04 grad_norm=2.797 samples/s=77.10
[step 2030/5000] loss=1.8111 lr=2.002e-04 grad_norm=2.063 samples/s=77.06
[step 2040/5000] loss=1.4729 lr=1.993e-04 grad_norm=2.995 samples/s=77.10
[step 2050/5000] loss=2.3361 lr=1.984e-04 grad_norm=2.673 samples/s=77.05
[step 2060/5000] loss=1.9408 lr=1.975e-04 grad_norm=2.125 samples/s=76.97
[step 2070/5000] loss=1.5898 lr=1.966e-04 grad_norm=2.462 samples/s=76.96
[step 2080/5000] loss=2.2018 lr=1.957e-04 grad_norm=2.304 samples/s=76.95
[step 2090/5000] loss=2.0221 lr=1.948e-04 grad_norm=3.005 samples/s=76.96
[step 2100/5000] loss=2.0313 lr=1.938e-04 grad_norm=3.130 samples/s=76.96
[step 2110/5000] loss=2.9620 lr=1.929e-04 grad_norm=3.164 samples/s=76.93
[step 2120/5000] loss=1.9239 lr=1.920e-04 grad_norm=3.789 samples/s=76.89
[step 2130/5000] loss=1.8351 lr=1.911e-04 grad_norm=2.263 samples/s=76.84
[step 2140/5000] loss=2.3886 lr=1.902e-04 grad_norm=2.342 samples/s=76.78
[step 2150/5000] loss=1.8826 lr=1.893e-04 grad_norm=2.076 samples/s=76.78
[step 2160/5000] loss=1.6102 lr=1.883e-04 grad_norm=3.281 samples/s=76.73
[step 2170/5000] loss=1.4446 lr=1.874e-04 grad_norm=3.155 samples/s=76.71
[step 2180/5000] loss=2.2706 lr=1.865e-04 grad_norm=3.233 samples/s=76.63
[step 2190/5000] loss=1.7620 lr=1.856e-04 grad_norm=3.102 samples/s=76.63
[step 2200/5000] loss=2.7908 lr=1.846e-04 grad_norm=2.262 samples/s=76.55
[step 2210/5000] loss=2.6450 lr=1.837e-04 grad_norm=2.950 samples/s=76.61
[step 2220/5000] loss=1.5613 lr=1.828e-04 grad_norm=3.304 samples/s=76.55
[step 2230/5000] loss=2.0318 lr=1.818e-04 grad_norm=2.133 samples/s=76.58
[step 2240/5000] loss=2.0875 lr=1.809e-04 grad_norm=3.657 samples/s=76.53
[step 2250/5000] loss=2.1313 lr=1.800e-04 grad_norm=2.525 samples/s=76.56
[val step 2250] loss=1.9828940467834473 m01={'mean': 0.4083216556058671, 'median': 0.40873745312568077, 'p95': 0.6767215392910877, 'tail_frac_gt4px': 0.0, 'n_matched': 12193} m02={'12-16': 0.9134948096885813, '16-32': 0.9526783569541196, '32-64': 0.9456325689255347, '64-128': 0.9396333754740834} m04={'accuracy': 0.6596407774952842, 'by_octave': {'12-16': 0.6098484848484849, '16-32': 0.7276853252647504, '32-64': 0.7021798365122616, '64-128': 0.5428859737638748}} diag={'gate3_alpha_mean': 0.258993536233902, 'gate3_alpha_min': 0.01932525634765625, 'gate3_alpha_max': 0.971923828125, 'gate3_alpha_std': 0.1395474672317505, 'gate3_alpha_p10': 0.09576416015625, 'gate3_alpha_p50': 0.23919677734375, 'gate3_alpha_p90': 0.4462890625, 'block0_attn_entropy': 7.1890082359313965, 'block1_attn_entropy': 7.4866156578063965}
[step 2260/5000] loss=1.7204 lr=1.790e-04 grad_norm=3.738 samples/s=76.80
[step 2270/5000] loss=1.5785 lr=1.781e-04 grad_norm=2.282 samples/s=77.01
[step 2280/5000] loss=1.6776 lr=1.772e-04 grad_norm=2.115 samples/s=76.97
[step 2290/5000] loss=2.2403 lr=1.762e-04 grad_norm=2.317 samples/s=76.98
[step 2300/5000] loss=2.0612 lr=1.753e-04 grad_norm=2.197 samples/s=76.92
[step 2310/5000] loss=1.8799 lr=1.744e-04 grad_norm=2.382 samples/s=76.91
[step 2320/5000] loss=1.6824 lr=1.734e-04 grad_norm=3.031 samples/s=76.81
[step 2330/5000] loss=1.6817 lr=1.725e-04 grad_norm=3.464 samples/s=76.86
[step 2340/5000] loss=1.7944 lr=1.715e-04 grad_norm=2.064 samples/s=76.81
[step 2350/5000] loss=2.0526 lr=1.706e-04 grad_norm=2.412 samples/s=76.86
[step 2360/5000] loss=1.9333 lr=1.696e-04 grad_norm=2.432 samples/s=76.80
[step 2370/5000] loss=1.7585 lr=1.687e-04 grad_norm=2.013 samples/s=76.83
[step 2380/5000] loss=2.0583 lr=1.677e-04 grad_norm=2.466 samples/s=76.83
[step 2390/5000] loss=2.4079 lr=1.668e-04 grad_norm=2.520 samples/s=76.87
[step 2400/5000] loss=2.2434 lr=1.659e-04 grad_norm=1.961 samples/s=76.80
[step 2410/5000] loss=1.8533 lr=1.649e-04 grad_norm=2.939 samples/s=76.83
[step 2420/5000] loss=2.3777 lr=1.640e-04 grad_norm=2.945 samples/s=76.77
[step 2430/5000] loss=1.8077 lr=1.630e-04 grad_norm=2.545 samples/s=76.71
[step 2440/5000] loss=1.6120 lr=1.621e-04 grad_norm=2.237 samples/s=76.72
[step 2450/5000] loss=2.1876 lr=1.611e-04 grad_norm=3.061 samples/s=76.66
[step 2460/5000] loss=1.7114 lr=1.602e-04 grad_norm=3.325 samples/s=76.67
[step 2470/5000] loss=1.6615 lr=1.592e-04 grad_norm=2.237 samples/s=76.64
[step 2480/5000] loss=1.8827 lr=1.583e-04 grad_norm=2.770 samples/s=76.67
[step 2490/5000] loss=2.0696 lr=1.573e-04 grad_norm=2.173 samples/s=76.61
[step 2500/5000] loss=1.5758 lr=1.564e-04 grad_norm=2.740 samples/s=76.59
[val step 2500] loss=1.9632281761169434 m01={'mean': 0.4086245392378234, 'median': 0.40854893183489543, 'p95': 0.6776307716138152, 'tail_frac_gt4px': 8.197393228953193e-05, 'n_matched': 12199} m02={'12-16': 0.9129181084198386, '16-32': 0.9526783569541196, '32-64': 0.9448595722751868, '64-128': 0.9427939317319848} m04={'accuracy': 0.6727600623001886, 'by_octave': {'12-16': 0.6171825647504738, '16-32': 0.7405446293494705, '32-64': 0.7139350968093809, '64-128': 0.5615152531009051}} diag={'gate3_alpha_mean': 0.2626091539859772, 'gate3_alpha_min': 0.020763397216796875, 'gate3_alpha_max': 0.96435546875, 'gate3_alpha_std': 0.13696806132793427, 'gate3_alpha_p10': 0.1004638671875, 'gate3_alpha_p50': 0.24481201171875, 'gate3_alpha_p90': 0.4461669921875, 'block0_attn_entropy': 7.1890082359313965, 'block1_attn_entropy': 7.4866156578063965}
[step 2510/5000] loss=1.5011 lr=1.554e-04 grad_norm=1.851 samples/s=76.78
[step 2520/5000] loss=1.5148 lr=1.545e-04 grad_norm=2.633 samples/s=76.98
[step 2530/5000] loss=1.5446 lr=1.535e-04 grad_norm=2.974 samples/s=77.00
[step 2540/5000] loss=2.2521 lr=1.525e-04 grad_norm=3.185 samples/s=76.99
[step 2550/5000] loss=1.6420 lr=1.516e-04 grad_norm=2.201 samples/s=76.96
[step 2560/5000] loss=1.5566 lr=1.506e-04 grad_norm=2.664 samples/s=76.88
[step 2570/5000] loss=1.4788 lr=1.497e-04 grad_norm=2.415 samples/s=76.89
[step 2580/5000] loss=2.0022 lr=1.487e-04 grad_norm=2.006 samples/s=76.89
[step 2590/5000] loss=1.9724 lr=1.478e-04 grad_norm=2.586 samples/s=76.85
[step 2600/5000] loss=1.7463 lr=1.468e-04 grad_norm=2.444 samples/s=76.89
[step 2610/5000] loss=1.7981 lr=1.459e-04 grad_norm=2.946 samples/s=76.84
[step 2620/5000] loss=2.3656 lr=1.449e-04 grad_norm=2.789 samples/s=76.81
[step 2630/5000] loss=1.8076 lr=1.440e-04 grad_norm=2.374 samples/s=76.87
[step 2640/5000] loss=1.5079 lr=1.430e-04 grad_norm=2.287 samples/s=76.80
[step 2650/5000] loss=1.3232 lr=1.421e-04 grad_norm=1.744 samples/s=76.83
[step 2660/5000] loss=1.7996 lr=1.411e-04 grad_norm=2.891 samples/s=76.81
[step 2670/5000] loss=2.4028 lr=1.402e-04 grad_norm=3.256 samples/s=76.79
[step 2680/5000] loss=1.7827 lr=1.392e-04 grad_norm=3.017 samples/s=76.79
[step 2690/5000] loss=2.0999 lr=1.383e-04 grad_norm=3.408 samples/s=76.75
[step 2700/5000] loss=1.7882 lr=1.373e-04 grad_norm=2.248 samples/s=76.73
[step 2710/5000] loss=1.5796 lr=1.364e-04 grad_norm=2.499 samples/s=76.74
[step 2720/5000] loss=2.8841 lr=1.354e-04 grad_norm=2.675 samples/s=76.72
[step 2730/5000] loss=2.3151 lr=1.345e-04 grad_norm=2.748 samples/s=76.77
[step 2740/5000] loss=1.4603 lr=1.335e-04 grad_norm=3.783 samples/s=76.75
[step 2750/5000] loss=1.4306 lr=1.326e-04 grad_norm=2.540 samples/s=76.77
[val step 2750] loss=1.9483589687347411 m01={'mean': 0.40904139878384205, 'median': 0.4087850901531376, 'p95': 0.6777062070020096, 'tail_frac_gt4px': 8.19000819000819e-05, 'n_matched': 12210} m02={'12-16': 0.9146482122260668, '16-32': 0.9533989911121787, '32-64': 0.9469208966761145, '64-128': 0.9418457648546145} m04={'accuracy': 0.6828828828828829, 'by_octave': {'12-16': 0.6317780580075663, '16-32': 0.7488032249937012, '32-64': 0.7224489795918367, '64-128': 0.573489932885906}} diag={'gate3_alpha_mean': 0.2568081319332123, 'gate3_alpha_min': 0.021060943603515625, 'gate3_alpha_max': 0.957275390625, 'gate3_alpha_std': 0.1330331414937973, 'gate3_alpha_p10': 0.099212646484375, 'gate3_alpha_p50': 0.23974609375, 'gate3_alpha_p90': 0.4344482421875, 'block0_attn_entropy': 7.1890082359313965, 'block1_attn_entropy': 7.4866156578063965}
[step 2760/5000] loss=1.6058 lr=1.317e-04 grad_norm=3.045 samples/s=76.95
[step 2770/5000] loss=1.6443 lr=1.307e-04 grad_norm=2.103 samples/s=77.12
[step 2780/5000] loss=1.9205 lr=1.298e-04 grad_norm=2.300 samples/s=77.07
[step 2790/5000] loss=1.3990 lr=1.288e-04 grad_norm=2.472 samples/s=77.07
[step 2800/5000] loss=1.9529 lr=1.279e-04 grad_norm=2.200 samples/s=77.01
[step 2810/5000] loss=1.5561 lr=1.270e-04 grad_norm=2.657 samples/s=77.02
[step 2820/5000] loss=1.3318 lr=1.260e-04 grad_norm=1.936 samples/s=76.96
[step 2830/5000] loss=2.2526 lr=1.251e-04 grad_norm=2.758 samples/s=76.95
[step 2840/5000] loss=1.8597 lr=1.241e-04 grad_norm=3.903 samples/s=76.88
[step 2850/5000] loss=1.7749 lr=1.232e-04 grad_norm=2.218 samples/s=76.89
[step 2860/5000] loss=1.5310 lr=1.223e-04 grad_norm=2.280 samples/s=76.89
[step 2870/5000] loss=2.0040 lr=1.213e-04 grad_norm=2.949 samples/s=76.88
[step 2880/5000] loss=1.5721 lr=1.204e-04 grad_norm=2.637 samples/s=76.92
[step 2890/5000] loss=1.6576 lr=1.195e-04 grad_norm=2.533 samples/s=76.89
[step 2900/5000] loss=1.8475 lr=1.185e-04 grad_norm=2.130 samples/s=76.86
[step 2910/5000] loss=1.5345 lr=1.176e-04 grad_norm=3.197 samples/s=76.86
[step 2920/5000] loss=1.6526 lr=1.167e-04 grad_norm=2.525 samples/s=76.81
[step 2930/5000] loss=1.4496 lr=1.158e-04 grad_norm=1.891 samples/s=76.83
[step 2940/5000] loss=1.6111 lr=1.148e-04 grad_norm=1.879 samples/s=76.79
[step 2950/5000] loss=1.3656 lr=1.139e-04 grad_norm=2.329 samples/s=76.84
[step 2960/5000] loss=1.9761 lr=1.130e-04 grad_norm=3.383 samples/s=76.79
[step 2970/5000] loss=1.6399 lr=1.121e-04 grad_norm=4.028 samples/s=76.76
[step 2980/5000] loss=1.4994 lr=1.112e-04 grad_norm=2.756 samples/s=76.77
[step 2990/5000] loss=2.2108 lr=1.103e-04 grad_norm=2.690 samples/s=76.79
[step 3000/5000] loss=1.5409 lr=1.093e-04 grad_norm=3.011 samples/s=76.74
[val step 3000] loss=1.9350241508483887 m01={'mean': 0.40790787040939397, 'median': 0.40852444041643865, 'p95': 0.6779322859830956, 'tail_frac_gt4px': 0.0, 'n_matched': 12191} m02={'12-16': 0.9117647058823529, '16-32': 0.9517175114100408, '32-64': 0.9453749033754187, '64-128': 0.9415297092288243} m04={'accuracy': 0.6921499466819785, 'by_octave': {'12-16': 0.6337760910815939, '16-32': 0.7604745078243311, '32-64': 0.7334423548650858, '64-128': 0.5814031554212823}} diag={'gate3_alpha_mean': 0.25846177339553833, 'gate3_alpha_min': 0.021060943603515625, 'gate3_alpha_max': 0.9541015625, 'gate3_alpha_std': 0.133548766374588, 'gate3_alpha_p10': 0.100006103515625, 'gate3_alpha_p50': 0.24127197265625, 'gate3_alpha_p90': 0.4384765625, 'block0_attn_entropy': 7.1890082359313965, 'block1_attn_entropy': 7.4866156578063965}
[step 3010/5000] loss=1.7381 lr=1.084e-04 grad_norm=2.308 samples/s=76.90
[step 3020/5000] loss=1.5102 lr=1.075e-04 grad_norm=2.795 samples/s=77.07
[step 3030/5000] loss=2.0054 lr=1.066e-04 grad_norm=2.073 samples/s=77.00
[step 3040/5000] loss=1.3255 lr=1.057e-04 grad_norm=2.622 samples/s=77.03
[step 3050/5000] loss=1.5672 lr=1.048e-04 grad_norm=2.326 samples/s=77.00
[step 3060/5000] loss=1.9256 lr=1.039e-04 grad_norm=2.596 samples/s=76.93
[step 3070/5000] loss=1.6882 lr=1.030e-04 grad_norm=2.964 samples/s=76.93
[step 3080/5000] loss=1.9973 lr=1.021e-04 grad_norm=3.639 samples/s=76.85
[step 3090/5000] loss=1.6324 lr=1.012e-04 grad_norm=2.737 samples/s=76.91
[step 3100/5000] loss=1.3314 lr=1.003e-04 grad_norm=2.440 samples/s=76.82
[step 3110/5000] loss=1.9025 lr=9.941e-05 grad_norm=2.899 samples/s=76.83
[step 3120/5000] loss=1.8544 lr=9.852e-05 grad_norm=3.097 samples/s=76.82
[step 3130/5000] loss=2.1101 lr=9.763e-05 grad_norm=3.273 samples/s=76.74
[step 3140/5000] loss=2.0804 lr=9.674e-05 grad_norm=2.170 samples/s=76.76
[step 3150/5000] loss=1.4205 lr=9.586e-05 grad_norm=2.986 samples/s=76.74
[step 3160/5000] loss=1.8945 lr=9.498e-05 grad_norm=3.112 samples/s=76.69
[step 3170/5000] loss=1.6378 lr=9.410e-05 grad_norm=2.841 samples/s=76.71
[step 3180/5000] loss=2.0430 lr=9.322e-05 grad_norm=2.993 samples/s=76.62
[step 3190/5000] loss=1.6599 lr=9.235e-05 grad_norm=2.833 samples/s=76.64
[step 3200/5000] loss=1.5325 lr=9.148e-05 grad_norm=2.374 samples/s=76.60
[step 3210/5000] loss=1.8110 lr=9.061e-05 grad_norm=2.103 samples/s=76.63
[step 3220/5000] loss=1.7265 lr=8.974e-05 grad_norm=2.359 samples/s=76.62
[step 3230/5000] loss=1.7769 lr=8.888e-05 grad_norm=2.191 samples/s=76.65
[step 3240/5000] loss=2.7865 lr=8.801e-05 grad_norm=2.973 samples/s=76.58
[step 3250/5000] loss=2.4087 lr=8.715e-05 grad_norm=2.722 samples/s=76.60
[val step 3250] loss=1.923323497772217 m01={'mean': 0.4081094322146701, 'median': 0.4087850901531376, 'p95': 0.6772352340547844, 'tail_frac_gt4px': 0.0, 'n_matched': 12198} m02={'12-16': 0.9094579008073818, '16-32': 0.9529185683401393, '32-64': 0.9458902344756506, '64-128': 0.9427939317319848} m04={'accuracy': 0.6991310050828005, 'by_octave': {'12-16': 0.6341154090044389, '16-32': 0.7670783967733804, '32-64': 0.7431217651865977, '64-128': 0.58900435802883}} diag={'gate3_alpha_mean': 0.2590920925140381, 'gate3_alpha_min': 0.02182769775390625, 'gate3_alpha_max': 0.953857421875, 'gate3_alpha_std': 0.13374340534210205, 'gate3_alpha_p10': 0.10040283203125, 'gate3_alpha_p50': 0.24169921875, 'gate3_alpha_p90': 0.4393310546875, 'block0_attn_entropy': 7.1890082359313965, 'block1_attn_entropy': 7.4866156578063965}
[step 3260/5000] loss=1.4995 lr=8.630e-05 grad_norm=3.812 samples/s=76.76
[step 3270/5000] loss=1.6182 lr=8.544e-05 grad_norm=1.953 samples/s=76.90
[step 3280/5000] loss=2.3624 lr=8.459e-05 grad_norm=3.119 samples/s=76.84
[step 3290/5000] loss=1.8682 lr=8.374e-05 grad_norm=2.656 samples/s=76.82
[step 3300/5000] loss=1.7609 lr=8.290e-05 grad_norm=2.352 samples/s=76.74
[step 3310/5000] loss=1.3066 lr=8.205e-05 grad_norm=2.046 samples/s=76.78
[step 3320/5000] loss=1.7730 lr=8.121e-05 grad_norm=2.098 samples/s=76.76
[step 3330/5000] loss=2.3677 lr=8.038e-05 grad_norm=3.362 samples/s=76.79
[step 3340/5000] loss=1.7184 lr=7.954e-05 grad_norm=2.972 samples/s=76.71
[step 3350/5000] loss=2.1872 lr=7.871e-05 grad_norm=3.967 samples/s=76.72
[step 3360/5000] loss=2.1744 lr=7.788e-05 grad_norm=2.093 samples/s=76.69
[step 3370/5000] loss=1.7206 lr=7.706e-05 grad_norm=3.010 samples/s=76.73
[step 3380/5000] loss=2.0083 lr=7.624e-05 grad_norm=2.185 samples/s=76.70
[step 3390/5000] loss=1.5104 lr=7.542e-05 grad_norm=2.999 samples/s=76.66
[step 3400/5000] loss=2.6846 lr=7.460e-05 grad_norm=2.763 samples/s=76.68
[step 3410/5000] loss=1.3570 lr=7.379e-05 grad_norm=2.371 samples/s=76.67
[step 3420/5000] loss=1.7805 lr=7.298e-05 grad_norm=2.270 samples/s=76.65
[step 3430/5000] loss=1.6577 lr=7.217e-05 grad_norm=3.243 samples/s=76.64
[step 3440/5000] loss=1.5816 lr=7.137e-05 grad_norm=2.588 samples/s=76.63
[step 3450/5000] loss=1.6063 lr=7.057e-05 grad_norm=2.738 samples/s=76.63
[step 3460/5000] loss=1.4784 lr=6.977e-05 grad_norm=2.607 samples/s=76.60
[step 3470/5000] loss=2.6941 lr=6.898e-05 grad_norm=2.149 samples/s=76.61
[step 3480/5000] loss=1.4776 lr=6.819e-05 grad_norm=2.203 samples/s=76.60
[step 3490/5000] loss=1.5433 lr=6.740e-05 grad_norm=2.334 samples/s=76.59
[step 3500/5000] loss=2.0983 lr=6.662e-05 grad_norm=2.257 samples/s=76.51
[val step 3500] loss=1.915862585067749 m01={'mean': 0.4080834999446619, 'median': 0.4087850901531376, 'p95': 0.6777397338412072, 'tail_frac_gt4px': 0.0, 'n_matched': 12186} m02={'12-16': 0.9106113033448674, '16-32': 0.9521979341820802, '32-64': 0.9443442411749549, '64-128': 0.9412136536030341} m04={'accuracy': 0.7021992450352864, 'by_octave': {'12-16': 0.6402786573780874, '16-32': 0.7699293642785066, '32-64': 0.7448840381991815, '64-128': 0.5923438549361988}} diag={'gate3_alpha_mean': 0.25145453214645386, 'gate3_alpha_min': 0.02115631103515625, 'gate3_alpha_max': 0.9521484375, 'gate3_alpha_std': 0.13140907883644104, 'gate3_alpha_p10': 0.09686127305030823, 'gate3_alpha_p50': 0.23345947265625, 'gate3_alpha_p90': 0.427734375, 'block0_attn_entropy': 7.1890082359313965, 'block1_attn_entropy': 7.4866156578063965}
[step 3510/5000] loss=1.5518 lr=6.584e-05 grad_norm=2.311 samples/s=76.64
[step 3520/5000] loss=1.2517 lr=6.506e-05 grad_norm=2.517 samples/s=76.78
[step 3530/5000] loss=2.0048 lr=6.429e-05 grad_norm=1.954 samples/s=76.74
[step 3540/5000] loss=1.6986 lr=6.352e-05 grad_norm=1.950 samples/s=76.74
[step 3550/5000] loss=1.6226 lr=6.276e-05 grad_norm=2.075 samples/s=76.69
[step 3560/5000] loss=2.9329 lr=6.200e-05 grad_norm=3.262 samples/s=76.71
[step 3570/5000] loss=1.2181 lr=6.124e-05 grad_norm=2.425 samples/s=76.69
[step 3580/5000] loss=1.5405 lr=6.048e-05 grad_norm=2.986 samples/s=76.68
[step 3590/5000] loss=1.6212 lr=5.973e-05 grad_norm=2.107 samples/s=76.63
[step 3600/5000] loss=1.6481 lr=5.899e-05 grad_norm=3.656 samples/s=76.68
[step 3610/5000] loss=2.2883 lr=5.824e-05 grad_norm=2.154 samples/s=76.61
[step 3620/5000] loss=1.3980 lr=5.750e-05 grad_norm=2.114 samples/s=76.65
[step 3630/5000] loss=1.5475 lr=5.677e-05 grad_norm=2.146 samples/s=76.61
[step 3640/5000] loss=1.5037 lr=5.604e-05 grad_norm=2.502 samples/s=76.61
[step 3650/5000] loss=1.8036 lr=5.531e-05 grad_norm=2.953 samples/s=76.58
[step 3660/5000] loss=2.3398 lr=5.459e-05 grad_norm=2.281 samples/s=76.61
[step 3670/5000] loss=1.2786 lr=5.387e-05 grad_norm=2.896 samples/s=76.54
[step 3680/5000] loss=1.8590 lr=5.315e-05 grad_norm=2.674 samples/s=76.58
[step 3690/5000] loss=1.5825 lr=5.244e-05 grad_norm=3.038 samples/s=76.55
[step 3700/5000] loss=1.8259 lr=5.173e-05 grad_norm=2.576 samples/s=76.56
[step 3710/5000] loss=1.7747 lr=5.103e-05 grad_norm=2.673 samples/s=76.55
[step 3720/5000] loss=1.7458 lr=5.033e-05 grad_norm=2.583 samples/s=76.59
[step 3730/5000] loss=1.9612 lr=4.964e-05 grad_norm=1.930 samples/s=76.56
[step 3740/5000] loss=1.7193 lr=4.895e-05 grad_norm=2.472 samples/s=76.58
[step 3750/5000] loss=1.7690 lr=4.826e-05 grad_norm=2.781 samples/s=76.56
[val step 3750] loss=1.909214189529419 m01={'mean': 0.4083975860600775, 'median': 0.40888931756376584, 'p95': 0.6782385248835603, 'tail_frac_gt4px': 0.0, 'n_matched': 12191} m02={'12-16': 0.9111880046136102, '16-32': 0.9526783569541196, '32-64': 0.9453749033754187, '64-128': 0.9405815423514539} m04={'accuracy': 0.7067508817980478, 'by_octave': {'12-16': 0.6379746835443038, '16-32': 0.7718103883005547, '32-64': 0.7508857999454892, '64-128': 0.6021505376344086}} diag={'gate3_alpha_mean': 0.23639732599258423, 'gate3_alpha_min': 0.019458770751953125, 'gate3_alpha_max': 0.943115234375, 'gate3_alpha_std': 0.12634339928627014, 'gate3_alpha_p10': 0.0895233154296875, 'gate3_alpha_p50': 0.2181396484375, 'gate3_alpha_p90': 0.4049072265625, 'block0_attn_entropy': 7.1890082359313965, 'block1_attn_entropy': 7.4866156578063965}
[step 3760/5000] loss=1.4062 lr=4.758e-05 grad_norm=3.191 samples/s=76.69
[step 3770/5000] loss=1.2945 lr=4.690e-05 grad_norm=2.017 samples/s=76.83
[step 3780/5000] loss=2.8933 lr=4.623e-05 grad_norm=2.077 samples/s=76.79
[step 3790/5000] loss=1.5229 lr=4.556e-05 grad_norm=2.732 samples/s=76.80
[step 3800/5000] loss=2.2717 lr=4.489e-05 grad_norm=3.022 samples/s=76.81
[step 3810/5000] loss=1.8970 lr=4.423e-05 grad_norm=2.782 samples/s=76.79
[step 3820/5000] loss=1.9727 lr=4.357e-05 grad_norm=3.270 samples/s=76.76
[step 3830/5000] loss=2.1272 lr=4.292e-05 grad_norm=2.645 samples/s=76.78
[step 3840/5000] loss=1.5661 lr=4.228e-05 grad_norm=3.771 samples/s=76.73
[step 3850/5000] loss=1.5299 lr=4.163e-05 grad_norm=3.360 samples/s=76.70
[step 3860/5000] loss=1.7364 lr=4.099e-05 grad_norm=2.165 samples/s=76.68
[step 3870/5000] loss=2.6469 lr=4.036e-05 grad_norm=2.407 samples/s=76.70
[step 3880/5000] loss=1.5210 lr=3.973e-05 grad_norm=2.158 samples/s=76.67
[step 3890/5000] loss=1.4039 lr=3.911e-05 grad_norm=2.535 samples/s=76.67
[step 3900/5000] loss=1.3149 lr=3.849e-05 grad_norm=1.964 samples/s=76.57
[step 3910/5000] loss=1.4547 lr=3.787e-05 grad_norm=1.818 samples/s=76.58
[step 3920/5000] loss=2.3332 lr=3.726e-05 grad_norm=2.938 samples/s=76.56
[step 3930/5000] loss=1.6616 lr=3.666e-05 grad_norm=2.771 samples/s=76.56
[step 3940/5000] loss=2.2381 lr=3.605e-05 grad_norm=3.713 samples/s=76.52
[step 3950/5000] loss=1.3859 lr=3.546e-05 grad_norm=3.038 samples/s=76.54
[step 3960/5000] loss=1.9376 lr=3.487e-05 grad_norm=2.634 samples/s=76.52
[step 3970/5000] loss=1.7635 lr=3.428e-05 grad_norm=2.074 samples/s=76.55
[step 3980/5000] loss=1.7032 lr=3.370e-05 grad_norm=3.326 samples/s=76.49
[step 3990/5000] loss=1.4339 lr=3.312e-05 grad_norm=2.707 samples/s=76.51
[step 4000/5000] loss=1.9403 lr=3.255e-05 grad_norm=2.864 samples/s=76.48
[val step 4000] loss=1.9028574600219728 m01={'mean': 0.40840279102038884, 'median': 0.4088780918246826, 'p95': 0.6776307716138152, 'tail_frac_gt4px': 0.0, 'n_matched': 12199} m02={'12-16': 0.9146482122260668, '16-32': 0.9521979341820802, '32-64': 0.9461479000257665, '64-128': 0.940897597977244} m04={'accuracy': 0.7097303057627674, 'by_octave': {'12-16': 0.639344262295082, '16-32': 0.7752270433905146, '32-64': 0.7543572984749455, '64-128': 0.6049714477662076}} diag={'gate3_alpha_mean': 0.24383850395679474, 'gate3_alpha_min': 0.020496368408203125, 'gate3_alpha_max': 0.94580078125, 'gate3_alpha_std': 0.1285616159439087, 'gate3_alpha_p10': 0.093536376953125, 'gate3_alpha_p50': 0.2257080078125, 'gate3_alpha_p90': 0.41552734375, 'block0_attn_entropy': 7.1890082359313965, 'block1_attn_entropy': 7.4866156578063965}
[step 4010/5000] loss=1.8208 lr=3.198e-05 grad_norm=2.092 samples/s=76.61
[step 4020/5000] loss=1.6412 lr=3.142e-05 grad_norm=2.386 samples/s=76.74
[step 4030/5000] loss=1.7758 lr=3.086e-05 grad_norm=3.191 samples/s=76.70
[step 4040/5000] loss=1.5858 lr=3.031e-05 grad_norm=2.529 samples/s=76.73
[step 4050/5000] loss=1.6939 lr=2.976e-05 grad_norm=2.036 samples/s=76.69
[step 4060/5000] loss=1.8157 lr=2.922e-05 grad_norm=2.268 samples/s=76.71
[step 4070/5000] loss=1.8920 lr=2.868e-05 grad_norm=2.307 samples/s=76.68
[step 4080/5000] loss=1.5540 lr=2.815e-05 grad_norm=3.058 samples/s=76.68
[step 4090/5000] loss=1.9514 lr=2.762e-05 grad_norm=2.415 samples/s=76.67
[step 4100/5000] loss=2.4596 lr=2.710e-05 grad_norm=2.301 samples/s=76.61
[step 4110/5000] loss=2.3205 lr=2.658e-05 grad_norm=2.491 samples/s=76.60
[step 4120/5000] loss=1.9254 lr=2.607e-05 grad_norm=1.876 samples/s=76.58
[step 4130/5000] loss=2.1805 lr=2.556e-05 grad_norm=2.012 samples/s=76.61
[step 4140/5000] loss=1.6339 lr=2.506e-05 grad_norm=2.771 samples/s=76.59
[step 4150/5000] loss=1.6754 lr=2.456e-05 grad_norm=3.000 samples/s=76.61
[step 4160/5000] loss=1.9935 lr=2.407e-05 grad_norm=2.688 samples/s=76.57
[step 4170/5000] loss=1.5394 lr=2.358e-05 grad_norm=2.432 samples/s=76.58
[step 4180/5000] loss=1.8348 lr=2.310e-05 grad_norm=2.719 samples/s=76.55
[step 4190/5000] loss=1.3343 lr=2.263e-05 grad_norm=2.194 samples/s=76.57
[step 4200/5000] loss=1.5761 lr=2.216e-05 grad_norm=2.073 samples/s=76.54
[step 4210/5000] loss=1.6671 lr=2.169e-05 grad_norm=3.149 samples/s=76.54
[step 4220/5000] loss=2.3121 lr=2.123e-05 grad_norm=2.962 samples/s=76.55
[step 4230/5000] loss=1.8860 lr=2.078e-05 grad_norm=3.637 samples/s=76.53
[step 4240/5000] loss=2.4800 lr=2.033e-05 grad_norm=2.466 samples/s=76.56
[step 4250/5000] loss=2.0408 lr=1.988e-05 grad_norm=2.341 samples/s=76.53
[val step 4250] loss=1.899877155303955 m01={'mean': 0.4082351988524024, 'median': 0.4088226806099023, 'p95': 0.6768712388649463, 'tail_frac_gt4px': 0.0, 'n_matched': 12193} m02={'12-16': 0.9111880046136102, '16-32': 0.9524381455680999, '32-64': 0.9458902344756506, '64-128': 0.940897597977244} m04={'accuracy': 0.7114737964405806, 'by_octave': {'12-16': 0.6436708860759494, '16-32': 0.7783102143757882, '32-64': 0.7537455734132389, '64-128': 0.606315082297615}} diag={'gate3_alpha_mean': 0.24713778495788574, 'gate3_alpha_min': 0.02121734619140625, 'gate3_alpha_max': 0.945556640625, 'gate3_alpha_std': 0.12915262579917908, 'gate3_alpha_p10': 0.095489501953125, 'gate3_alpha_p50': 0.22930908203125, 'gate3_alpha_p90': 0.4197998046875, 'block0_attn_entropy': 7.1890082359313965, 'block1_attn_entropy': 7.4866156578063965}
[step 4260/5000] loss=1.9732 lr=1.945e-05 grad_norm=2.721 samples/s=76.67
[step 4270/5000] loss=1.5314 lr=1.901e-05 grad_norm=3.496 samples/s=76.77
[step 4280/5000] loss=2.4473 lr=1.859e-05 grad_norm=2.415 samples/s=76.77
[step 4290/5000] loss=1.7959 lr=1.816e-05 grad_norm=2.811 samples/s=76.76
[step 4300/5000] loss=2.0947 lr=1.775e-05 grad_norm=2.232 samples/s=76.74
[step 4310/5000] loss=1.9960 lr=1.734e-05 grad_norm=2.538 samples/s=76.78
[step 4320/5000] loss=2.0433 lr=1.693e-05 grad_norm=2.942 samples/s=76.74
[step 4330/5000] loss=1.9551 lr=1.653e-05 grad_norm=2.455 samples/s=76.76
[step 4340/5000] loss=1.6055 lr=1.614e-05 grad_norm=2.662 samples/s=76.73
[step 4350/5000] loss=1.8110 lr=1.575e-05 grad_norm=2.659 samples/s=76.71
[step 4360/5000] loss=1.4179 lr=1.537e-05 grad_norm=2.717 samples/s=76.72
[step 4370/5000] loss=1.7679 lr=1.499e-05 grad_norm=2.547 samples/s=76.68
[step 4380/5000] loss=1.4838 lr=1.462e-05 grad_norm=2.655 samples/s=76.68
[step 4390/5000] loss=1.6558 lr=1.425e-05 grad_norm=2.429 samples/s=76.65
[step 4400/5000] loss=1.7362 lr=1.389e-05 grad_norm=3.179 samples/s=76.66
[step 4410/5000] loss=1.6879 lr=1.353e-05 grad_norm=2.758 samples/s=76.66
[step 4420/5000] loss=1.3651 lr=1.318e-05 grad_norm=2.686 samples/s=76.68
[step 4430/5000] loss=1.8090 lr=1.284e-05 grad_norm=3.043 samples/s=76.66
[step 4440/5000] loss=1.1739 lr=1.250e-05 grad_norm=1.973 samples/s=76.67
[step 4450/5000] loss=1.5350 lr=1.217e-05 grad_norm=2.613 samples/s=76.65
[step 4460/5000] loss=1.9865 lr=1.184e-05 grad_norm=3.495 samples/s=76.68
[step 4470/5000] loss=2.5298 lr=1.152e-05 grad_norm=3.159 samples/s=76.67
[step 4480/5000] loss=1.4581 lr=1.121e-05 grad_norm=1.780 samples/s=76.64
[step 4490/5000] loss=2.3959 lr=1.090e-05 grad_norm=2.730 samples/s=76.62
[step 4500/5000] loss=1.4505 lr=1.060e-05 grad_norm=2.168 samples/s=76.59
[val step 4500] loss=1.8975672245025634 m01={'mean': 0.4085501630252157, 'median': 0.4088837046942242, 'p95': 0.6776223899040157, 'tail_frac_gt4px': 0.0, 'n_matched': 12200} m02={'12-16': 0.9106113033448674, '16-32': 0.9526783569541196, '32-64': 0.9474362277763463, '64-128': 0.9412136536030341} m04={'accuracy': 0.7119672131147541, 'by_octave': {'12-16': 0.642811906269791, '16-32': 0.7811396873424105, '32-64': 0.7549632852869187, '64-128': 0.6034251175285427}} diag={'gate3_alpha_mean': 0.24754862487316132, 'gate3_alpha_min': 0.0213775634765625, 'gate3_alpha_max': 0.945556640625, 'gate3_alpha_std': 0.1292036771774292, 'gate3_alpha_p10': 0.095794677734375, 'gate3_alpha_p50': 0.229736328125, 'gate3_alpha_p90': 0.4202880859375, 'block0_attn_entropy': 7.1890082359313965, 'block1_attn_entropy': 7.4866156578063965}
[step 4510/5000] loss=1.9254 lr=1.030e-05 grad_norm=2.063 samples/s=76.71
[step 4520/5000] loss=1.5187 lr=1.001e-05 grad_norm=2.376 samples/s=76.83
[step 4530/5000] loss=1.5375 lr=9.720e-06 grad_norm=2.525 samples/s=76.82
[step 4540/5000] loss=1.9523 lr=9.439e-06 grad_norm=2.538 samples/s=76.79
[step 4550/5000] loss=2.6027 lr=9.165e-06 grad_norm=2.350 samples/s=76.78
[step 4560/5000] loss=1.1923 lr=8.896e-06 grad_norm=3.676 samples/s=76.78
[step 4570/5000] loss=1.5273 lr=8.634e-06 grad_norm=1.929 samples/s=76.76
[step 4580/5000] loss=2.1930 lr=8.377e-06 grad_norm=3.090 samples/s=76.76
[step 4590/5000] loss=1.7062 lr=8.126e-06 grad_norm=3.931 samples/s=76.73
[step 4600/5000] loss=2.8879 lr=7.881e-06 grad_norm=3.412 samples/s=76.76
[step 4610/5000] loss=1.9342 lr=7.642e-06 grad_norm=2.502 samples/s=76.70
[step 4620/5000] loss=2.0518 lr=7.409e-06 grad_norm=2.272 samples/s=76.71
[step 4630/5000] loss=1.7861 lr=7.181e-06 grad_norm=2.526 samples/s=76.67
[step 4640/5000] loss=1.9104 lr=6.960e-06 grad_norm=2.091 samples/s=76.70
[step 4650/5000] loss=1.4460 lr=6.744e-06 grad_norm=2.473 samples/s=76.70
[step 4660/5000] loss=1.2476 lr=6.535e-06 grad_norm=1.788 samples/s=76.66
[step 4670/5000] loss=2.2653 lr=6.331e-06 grad_norm=2.091 samples/s=76.62
[step 4680/5000] loss=1.2957 lr=6.134e-06 grad_norm=2.874 samples/s=76.65
[step 4690/5000] loss=1.7722 lr=5.942e-06 grad_norm=2.901 samples/s=76.63
[step 4700/5000] loss=1.2703 lr=5.757e-06 grad_norm=2.745 samples/s=76.63
[step 4710/5000] loss=1.6316 lr=5.577e-06 grad_norm=2.281 samples/s=76.61
[step 4720/5000] loss=2.0919 lr=5.403e-06 grad_norm=2.378 samples/s=76.64
[step 4730/5000] loss=1.6159 lr=5.236e-06 grad_norm=2.679 samples/s=76.60
[step 4740/5000] loss=1.6213 lr=5.074e-06 grad_norm=2.285 samples/s=76.62
[step 4750/5000] loss=2.2959 lr=4.919e-06 grad_norm=2.262 samples/s=76.62
[val step 4750] loss=1.8968009147644043 m01={'mean': 0.40855787439819774, 'median': 0.4090742831425255, 'p95': 0.677096997260215, 'tail_frac_gt4px': 0.0, 'n_matched': 12199} m02={'12-16': 0.9111880046136102, '16-32': 0.953158779726159, '32-64': 0.9469208966761145, '64-128': 0.9405815423514539} m04={'accuracy': 0.7129272891220592, 'by_octave': {'12-16': 0.6424050632911392, '16-32': 0.7789818548387096, '32-64': 0.756734693877551, '64-128': 0.6081989247311828}} diag={'gate3_alpha_mean': 0.24294212460517883, 'gate3_alpha_min': 0.020656585693359375, 'gate3_alpha_max': 0.94384765625, 'gate3_alpha_std': 0.12777505815029144, 'gate3_alpha_p10': 0.093475341796875, 'gate3_alpha_p50': 0.225006103515625, 'gate3_alpha_p90': 0.41357421875, 'block0_attn_entropy': 7.1890082359313965, 'block1_attn_entropy': 7.4866156578063965}
[step 4760/5000] loss=1.7684 lr=4.769e-06 grad_norm=2.508 samples/s=76.73
[step 4770/5000] loss=1.4529 lr=4.626e-06 grad_norm=2.641 samples/s=76.85
[step 4780/5000] loss=2.1286 lr=4.488e-06 grad_norm=3.345 samples/s=76.80
[step 4790/5000] loss=2.0716 lr=4.357e-06 grad_norm=3.726 samples/s=76.80
[step 4800/5000] loss=1.5342 lr=4.231e-06 grad_norm=3.118 samples/s=76.79
[step 4810/5000] loss=1.7128 lr=4.112e-06 grad_norm=2.902 samples/s=76.78
[step 4820/5000] loss=2.0796 lr=3.999e-06 grad_norm=2.360 samples/s=76.74
[step 4830/5000] loss=1.9361 lr=3.892e-06 grad_norm=3.142 samples/s=76.76
[step 4840/5000] loss=1.6657 lr=3.790e-06 grad_norm=3.018 samples/s=76.73
[step 4850/5000] loss=1.4051 lr=3.695e-06 grad_norm=2.616 samples/s=76.74
[step 4860/5000] loss=1.6271 lr=3.606e-06 grad_norm=2.476 samples/s=76.68
[step 4870/5000] loss=1.2915 lr=3.523e-06 grad_norm=1.936 samples/s=76.70
[step 4880/5000] loss=1.5620 lr=3.447e-06 grad_norm=2.231 samples/s=76.70
[step 4890/5000] loss=2.5744 lr=3.376e-06 grad_norm=3.495 samples/s=76.69
[step 4900/5000] loss=1.7289 lr=3.311e-06 grad_norm=3.178 samples/s=76.70
[step 4910/5000] loss=1.6604 lr=3.253e-06 grad_norm=2.295 samples/s=76.66
[step 4920/5000] loss=1.5439 lr=3.200e-06 grad_norm=3.017 samples/s=76.69
[step 4930/5000] loss=2.0548 lr=3.154e-06 grad_norm=2.068 samples/s=76.65
[step 4940/5000] loss=1.9181 lr=3.114e-06 grad_norm=3.204 samples/s=76.63
[step 4950/5000] loss=1.7081 lr=3.079e-06 grad_norm=2.810 samples/s=76.61
[step 4960/5000] loss=1.3341 lr=3.051e-06 grad_norm=2.510 samples/s=76.64
[step 4970/5000] loss=1.6805 lr=3.029e-06 grad_norm=3.272 samples/s=76.62
[step 4980/5000] loss=1.8930 lr=3.013e-06 grad_norm=2.043 samples/s=76.63
[step 4990/5000] loss=1.3572 lr=3.004e-06 grad_norm=1.964 samples/s=76.62
[step 5000/5000] loss=2.1558 lr=3.000e-06 grad_norm=3.185 samples/s=76.62
[val step 5000] loss=1.8962866077423095 m01={'mean': 0.4085230080333207, 'median': 0.40888931756376584, 'p95': 0.6778128541223162, 'tail_frac_gt4px': 0.0, 'n_matched': 12201} m02={'12-16': 0.9117647058823529, '16-32': 0.9529185683401393, '32-64': 0.9474362277763463, '64-128': 0.9405815423514539} m04={'accuracy': 0.7136300303253832, 'by_octave': {'12-16': 0.6432637571157496, '16-32': 0.7804386186034787, '32-64': 0.7560511286374763, '64-128': 0.6095430107526881}} diag={'gate3_alpha_mean': 0.24365191161632538, 'gate3_alpha_min': 0.02103424072265625, 'gate3_alpha_max': 0.94384765625, 'gate3_alpha_std': 0.1279512345790863, 'gate3_alpha_p10': 0.0938568115234375, 'gate3_alpha_p50': 0.2257080078125, 'gate3_alpha_p90': 0.41455078125, 'block0_attn_entropy': 7.1890082359313965, 'block1_attn_entropy': 7.4866156578063965}
[FULL val step 5000] loss=1.7985837167739869 m01={'mean': 0.4066445356794163, 'median': 0.40626329383216037, 'p95': 0.6746744679383759, 'tail_frac_gt4px': 7.264567475724237e-05, 'n_matched': 123889} m02={'12-16': 0.9192095484742709, '16-32': 0.9390651282901751, '32-64': 0.9541911073868109, '64-128': 0.956264179480716} m04={'accuracy': 0.7226549572601281, 'by_octave': {'12-16': 0.6916763643045263, '16-32': 0.7711733985922244, '32-64': 0.7610772547036752, '64-128': 0.6283774878080928}}
[train_detector] wrote checkpoint runs/ft17_post_bneck/ckpt_0005000.pt
[train_detector] done: step=5000 train_elapsed=2088.3s val_elapsed=489.1s samples/s=76.62
