[train_detector] finetune from runs/rel_w882_c2_100k_rev6/ckpt_0100000.pt (step 100000): 37,968 of 882,402 params trainable, lr_mult={'cls.*': 1.0}, reinit=[]
[train_detector] stream_seed=2100000 resume_count=0 start_step=0
[step 1/5000] loss=5.9405 lr=0.000e+00 grad_norm=11.364 samples/s=10.69
[step 2/5000] loss=6.1353 lr=3.000e-06 grad_norm=12.112 samples/s=21.01
[step 3/5000] loss=6.5122 lr=6.000e-06 grad_norm=10.302 samples/s=30.97
[step 4/5000] loss=6.2608 lr=9.000e-06 grad_norm=11.915 samples/s=40.60
[step 5/5000] loss=5.7552 lr=1.200e-05 grad_norm=10.073 samples/s=42.60
[step 6/5000] loss=5.1829 lr=1.500e-05 grad_norm=9.497 samples/s=50.40
[step 7/5000] loss=6.6444 lr=1.800e-05 grad_norm=10.520 samples/s=57.99
[step 8/5000] loss=5.8739 lr=2.100e-05 grad_norm=10.021 samples/s=65.37
[step 9/5000] loss=7.2104 lr=2.400e-05 grad_norm=10.428 samples/s=50.21
[step 10/5000] loss=6.4960 lr=2.700e-05 grad_norm=9.122 samples/s=55.25
[step 20/5000] loss=5.7289 lr=5.700e-05 grad_norm=9.497 samples/s=66.57
[step 30/5000] loss=5.1433 lr=8.700e-05 grad_norm=6.549 samples/s=64.20
[step 40/5000] loss=4.7785 lr=1.170e-04 grad_norm=5.522 samples/s=67.07
[step 50/5000] loss=4.3683 lr=1.470e-04 grad_norm=4.594 samples/s=67.56
[step 60/5000] loss=4.7072 lr=1.770e-04 grad_norm=5.499 samples/s=68.50
[step 70/5000] loss=3.7775 lr=2.070e-04 grad_norm=5.140 samples/s=69.84
[step 80/5000] loss=3.1457 lr=2.370e-04 grad_norm=3.865 samples/s=67.81
[step 90/5000] loss=3.5441 lr=2.670e-04 grad_norm=3.340 samples/s=69.89
[step 100/5000] loss=2.7318 lr=2.970e-04 grad_norm=1.775 samples/s=69.36
[step 110/5000] loss=2.3668 lr=3.000e-04 grad_norm=1.551 samples/s=71.00
[step 120/5000] loss=2.4272 lr=3.000e-04 grad_norm=1.217 samples/s=70.55
[step 130/5000] loss=2.2936 lr=3.000e-04 grad_norm=1.426 samples/s=71.14
[step 140/5000] loss=2.7148 lr=3.000e-04 grad_norm=1.055 samples/s=70.85
[step 150/5000] loss=2.3063 lr=2.999e-04 grad_norm=1.113 samples/s=72.05
[step 160/5000] loss=2.5062 lr=2.999e-04 grad_norm=1.168 samples/s=72.16
[step 170/5000] loss=2.5360 lr=2.999e-04 grad_norm=0.874 samples/s=73.66
[step 180/5000] loss=2.2893 lr=2.998e-04 grad_norm=0.887 samples/s=72.59
[step 190/5000] loss=2.1536 lr=2.998e-04 grad_norm=0.753 samples/s=73.33
[step 200/5000] loss=2.9593 lr=2.997e-04 grad_norm=0.932 samples/s=73.27
[step 210/5000] loss=2.7309 lr=2.996e-04 grad_norm=0.695 samples/s=74.34
[step 220/5000] loss=2.0161 lr=2.996e-04 grad_norm=0.731 samples/s=73.97
[step 230/5000] loss=2.5591 lr=2.995e-04 grad_norm=0.766 samples/s=74.29
[step 240/5000] loss=1.8720 lr=2.994e-04 grad_norm=0.675 samples/s=74.23
[step 250/5000] loss=2.1946 lr=2.993e-04 grad_norm=0.589 samples/s=74.80
[val step 250] loss=2.5679311466217043 m01={'mean': 0.4093998113886619, 'median': 0.40835430767447695, 'p95': 0.6784585187959586, 'tail_frac_gt4px': 8.185985592665357e-05, 'n_matched': 12216} m02={'12-16': 0.9192618223760092, '16-32': 0.9546000480422772, '32-64': 0.9451172378253028, '64-128': 0.9418457648546145} m04={'accuracy': 0.1850851342501637, 'by_octave': {'12-16': 0.15307402760351319, '16-32': 0.20558631102164066, '32-64': 0.1960196292257361, '64-128': 0.16140939597315437}} diag={'gate3_alpha_mean': 0.28227534890174866, 'gate3_alpha_min': 0.01668548583984375, 'gate3_alpha_max': 0.98779296875, 'gate3_alpha_std': 0.1545737236738205, 'gate3_alpha_p10': 0.0999908447265625, 'gate3_alpha_p50': 0.2621116638183594, 'gate3_alpha_p90': 0.4891357421875, 'block0_attn_entropy': 7.1890082359313965, 'block1_attn_entropy': 7.4866156578063965}
[step 260/5000] loss=2.4454 lr=2.992e-04 grad_norm=0.669 samples/s=77.29
[step 270/5000] loss=2.4450 lr=2.991e-04 grad_norm=0.960 samples/s=78.62
[step 280/5000] loss=2.6912 lr=2.990e-04 grad_norm=0.724 samples/s=77.87
[step 290/5000] loss=2.0063 lr=2.989e-04 grad_norm=0.646 samples/s=78.19
[step 300/5000] loss=2.4441 lr=2.988e-04 grad_norm=0.763 samples/s=77.97
[step 310/5000] loss=2.2513 lr=2.987e-04 grad_norm=0.658 samples/s=77.55
[step 320/5000] loss=1.8217 lr=2.985e-04 grad_norm=0.768 samples/s=77.28
[step 330/5000] loss=2.4642 lr=2.984e-04 grad_norm=0.628 samples/s=76.39
[step 340/5000] loss=2.1922 lr=2.983e-04 grad_norm=0.803 samples/s=76.27
[step 350/5000] loss=2.4444 lr=2.981e-04 grad_norm=0.883 samples/s=75.20
[step 360/5000] loss=1.7429 lr=2.980e-04 grad_norm=0.732 samples/s=75.11
[step 370/5000] loss=1.8884 lr=2.978e-04 grad_norm=0.664 samples/s=74.48
[step 380/5000] loss=2.0113 lr=2.976e-04 grad_norm=0.544 samples/s=74.53
[step 390/5000] loss=2.1695 lr=2.975e-04 grad_norm=0.641 samples/s=74.13
[step 400/5000] loss=1.8504 lr=2.973e-04 grad_norm=0.614 samples/s=74.20
[step 410/5000] loss=2.3223 lr=2.971e-04 grad_norm=0.851 samples/s=74.01
[step 420/5000] loss=1.9443 lr=2.969e-04 grad_norm=0.733 samples/s=74.05
[step 430/5000] loss=2.0523 lr=2.967e-04 grad_norm=0.607 samples/s=74.12
[step 440/5000] loss=2.7177 lr=2.965e-04 grad_norm=0.672 samples/s=73.90
[step 450/5000] loss=2.5311 lr=2.963e-04 grad_norm=0.707 samples/s=74.07
[step 460/5000] loss=2.2620 lr=2.961e-04 grad_norm=0.695 samples/s=73.88
[step 470/5000] loss=2.7991 lr=2.959e-04 grad_norm=0.649 samples/s=73.97
[step 480/5000] loss=1.7028 lr=2.956e-04 grad_norm=0.629 samples/s=73.63
[step 490/5000] loss=1.8178 lr=2.954e-04 grad_norm=0.900 samples/s=73.92
[step 500/5000] loss=1.8915 lr=2.952e-04 grad_norm=0.713 samples/s=73.77
[val step 500] loss=2.2780045738220216 m01={'mean': 0.4093998113886619, 'median': 0.40835430767447695, 'p95': 0.6784585187959586, 'tail_frac_gt4px': 8.185985592665357e-05, 'n_matched': 12216} m02={'12-16': 0.9192618223760092, '16-32': 0.9546000480422772, '32-64': 0.9451172378253028, '64-128': 0.9418457648546145} m04={'accuracy': 0.44965618860510803, 'by_octave': {'12-16': 0.4366373902132999, '16-32': 0.515601409159537, '32-64': 0.4743729552889858, '64-128': 0.338255033557047}} diag={'gate3_alpha_mean': 0.28227534890174866, 'gate3_alpha_min': 0.01668548583984375, 'gate3_alpha_max': 0.98779296875, 'gate3_alpha_std': 0.1545737236738205, 'gate3_alpha_p10': 0.0999908447265625, 'gate3_alpha_p50': 0.2621116638183594, 'gate3_alpha_p90': 0.4891357421875, 'block0_attn_entropy': 7.1890082359313965, 'block1_attn_entropy': 7.4866156578063965}
[step 510/5000] loss=2.1506 lr=2.949e-04 grad_norm=0.736 samples/s=74.98
[step 520/5000] loss=1.9138 lr=2.947e-04 grad_norm=0.616 samples/s=76.04
[step 530/5000] loss=2.0208 lr=2.944e-04 grad_norm=0.614 samples/s=75.53
[step 540/5000] loss=2.4558 lr=2.942e-04 grad_norm=0.488 samples/s=75.65
[step 550/5000] loss=2.3199 lr=2.939e-04 grad_norm=0.672 samples/s=75.31
[step 560/5000] loss=1.7963 lr=2.936e-04 grad_norm=0.774 samples/s=75.34
[step 570/5000] loss=1.9558 lr=2.933e-04 grad_norm=0.747 samples/s=75.24
[step 580/5000] loss=1.8094 lr=2.931e-04 grad_norm=0.640 samples/s=75.22
[step 590/5000] loss=1.6808 lr=2.928e-04 grad_norm=0.686 samples/s=75.23
[step 600/5000] loss=1.9056 lr=2.925e-04 grad_norm=0.943 samples/s=75.05
[step 610/5000] loss=2.1819 lr=2.922e-04 grad_norm=0.710 samples/s=75.10
[step 620/5000] loss=2.5657 lr=2.919e-04 grad_norm=0.753 samples/s=74.77
[step 630/5000] loss=1.8540 lr=2.915e-04 grad_norm=0.703 samples/s=74.98
[step 640/5000] loss=2.1739 lr=2.912e-04 grad_norm=0.534 samples/s=74.86
[step 650/5000] loss=2.1859 lr=2.909e-04 grad_norm=0.621 samples/s=74.93
[step 660/5000] loss=2.0507 lr=2.906e-04 grad_norm=0.634 samples/s=74.67
[step 670/5000] loss=3.0982 lr=2.902e-04 grad_norm=0.905 samples/s=74.74
[step 680/5000] loss=2.0801 lr=2.899e-04 grad_norm=0.700 samples/s=74.59
[step 690/5000] loss=2.5383 lr=2.895e-04 grad_norm=0.703 samples/s=74.64
[step 700/5000] loss=1.9571 lr=2.892e-04 grad_norm=0.894 samples/s=74.60
[step 710/5000] loss=2.1457 lr=2.888e-04 grad_norm=0.802 samples/s=74.30
[step 720/5000] loss=2.0873 lr=2.885e-04 grad_norm=0.639 samples/s=74.34
[step 730/5000] loss=1.6368 lr=2.881e-04 grad_norm=0.665 samples/s=74.12
[step 740/5000] loss=1.5943 lr=2.877e-04 grad_norm=0.924 samples/s=74.18
[step 750/5000] loss=2.3067 lr=2.873e-04 grad_norm=0.670 samples/s=73.98
[val step 750] loss=2.2070361404418946 m01={'mean': 0.4093998113886619, 'median': 0.40835430767447695, 'p95': 0.6784585187959586, 'tail_frac_gt4px': 8.185985592665357e-05, 'n_matched': 12216} m02={'12-16': 0.9192618223760092, '16-32': 0.9546000480422772, '32-64': 0.9451172378253028, '64-128': 0.9418457648546145} m04={'accuracy': 0.5072855271774722, 'by_octave': {'12-16': 0.5156838143036386, '16-32': 0.5674383492702567, '32-64': 0.5310796074154853, '64-128': 0.3932885906040268}} diag={'gate3_alpha_mean': 0.28227534890174866, 'gate3_alpha_min': 0.01668548583984375, 'gate3_alpha_max': 0.98779296875, 'gate3_alpha_std': 0.1545737236738205, 'gate3_alpha_p10': 0.0999908447265625, 'gate3_alpha_p50': 0.2621116638183594, 'gate3_alpha_p90': 0.4891357421875, 'block0_attn_entropy': 7.1890082359313965, 'block1_attn_entropy': 7.4866156578063965}
[step 760/5000] loss=1.9910 lr=2.869e-04 grad_norm=0.775 samples/s=74.72
[step 770/5000] loss=1.8663 lr=2.865e-04 grad_norm=0.595 samples/s=75.40
[step 780/5000] loss=2.0415 lr=2.861e-04 grad_norm=0.726 samples/s=75.29
[step 790/5000] loss=2.6778 lr=2.857e-04 grad_norm=0.895 samples/s=75.40
[step 800/5000] loss=2.0592 lr=2.853e-04 grad_norm=0.851 samples/s=75.17
[step 810/5000] loss=2.9081 lr=2.849e-04 grad_norm=0.712 samples/s=75.26
[step 820/5000] loss=1.7884 lr=2.845e-04 grad_norm=0.690 samples/s=75.10
[step 830/5000] loss=1.7930 lr=2.841e-04 grad_norm=0.697 samples/s=75.18
[step 840/5000] loss=1.5631 lr=2.836e-04 grad_norm=0.562 samples/s=75.08
[step 850/5000] loss=2.4527 lr=2.832e-04 grad_norm=0.809 samples/s=75.15
[step 860/5000] loss=1.9937 lr=2.828e-04 grad_norm=0.576 samples/s=74.93
[step 870/5000] loss=2.3525 lr=2.823e-04 grad_norm=0.550 samples/s=75.05
[step 880/5000] loss=2.3407 lr=2.819e-04 grad_norm=0.674 samples/s=74.78
[step 890/5000] loss=1.7841 lr=2.814e-04 grad_norm=0.718 samples/s=74.98
[step 900/5000] loss=1.7872 lr=2.809e-04 grad_norm=0.730 samples/s=74.83
[step 910/5000] loss=1.8308 lr=2.805e-04 grad_norm=0.820 samples/s=74.94
[step 920/5000] loss=2.2597 lr=2.800e-04 grad_norm=0.731 samples/s=74.81
[step 930/5000] loss=1.9525 lr=2.795e-04 grad_norm=1.027 samples/s=74.94
[step 940/5000] loss=1.7664 lr=2.790e-04 grad_norm=0.691 samples/s=74.77
[step 950/5000] loss=1.4257 lr=2.785e-04 grad_norm=0.815 samples/s=74.86
[step 960/5000] loss=2.8880 lr=2.780e-04 grad_norm=0.744 samples/s=74.73
[step 970/5000] loss=2.2801 lr=2.775e-04 grad_norm=0.712 samples/s=74.83
[step 980/5000] loss=2.2437 lr=2.770e-04 grad_norm=0.670 samples/s=74.59
[step 990/5000] loss=1.6557 lr=2.765e-04 grad_norm=0.668 samples/s=74.68
[step 1000/5000] loss=1.8490 lr=2.760e-04 grad_norm=1.028 samples/s=74.53
[val step 1000] loss=2.175891008377075 m01={'mean': 0.4093998113886619, 'median': 0.40835430767447695, 'p95': 0.6784585187959586, 'tail_frac_gt4px': 8.185985592665357e-05, 'n_matched': 12216} m02={'12-16': 0.9192618223760092, '16-32': 0.9546000480422772, '32-64': 0.9451172378253028, '64-128': 0.9418457648546145} m04={'accuracy': 0.5306974459724951, 'by_octave': {'12-16': 0.541405269761606, '16-32': 0.5865626572722697, '32-64': 0.5572519083969466, '64-128': 0.41778523489932884}} diag={'gate3_alpha_mean': 0.28227534890174866, 'gate3_alpha_min': 0.01668548583984375, 'gate3_alpha_max': 0.98779296875, 'gate3_alpha_std': 0.1545737236738205, 'gate3_alpha_p10': 0.0999908447265625, 'gate3_alpha_p50': 0.2621116638183594, 'gate3_alpha_p90': 0.4891357421875, 'block0_attn_entropy': 7.1890082359313965, 'block1_attn_entropy': 7.4866156578063965}
[step 1010/5000] loss=2.3099 lr=2.755e-04 grad_norm=0.806 samples/s=75.11
[step 1020/5000] loss=2.3939 lr=2.750e-04 grad_norm=0.867 samples/s=75.62
[step 1030/5000] loss=2.5628 lr=2.744e-04 grad_norm=0.593 samples/s=75.39
[step 1040/5000] loss=1.9659 lr=2.739e-04 grad_norm=0.742 samples/s=75.39
[step 1050/5000] loss=2.1771 lr=2.734e-04 grad_norm=0.792 samples/s=75.38
[step 1060/5000] loss=1.9188 lr=2.728e-04 grad_norm=0.594 samples/s=75.38
[step 1070/5000] loss=1.8807 lr=2.723e-04 grad_norm=0.633 samples/s=75.32
[step 1080/5000] loss=1.7007 lr=2.717e-04 grad_norm=0.666 samples/s=75.29
[step 1090/5000] loss=1.8704 lr=2.711e-04 grad_norm=0.653 samples/s=75.26
[step 1100/5000] loss=2.0888 lr=2.706e-04 grad_norm=0.655 samples/s=75.27
[step 1110/5000] loss=2.8089 lr=2.700e-04 grad_norm=0.712 samples/s=75.16
[step 1120/5000] loss=1.5399 lr=2.694e-04 grad_norm=0.788 samples/s=75.16
[step 1130/5000] loss=1.8011 lr=2.688e-04 grad_norm=0.693 samples/s=75.13
[step 1140/5000] loss=1.8350 lr=2.683e-04 grad_norm=0.783 samples/s=75.06
[step 1150/5000] loss=1.8876 lr=2.677e-04 grad_norm=0.590 samples/s=74.97
[step 1160/5000] loss=1.5501 lr=2.671e-04 grad_norm=0.748 samples/s=74.97
[step 1170/5000] loss=2.4397 lr=2.665e-04 grad_norm=0.779 samples/s=74.92
[step 1180/5000] loss=2.0609 lr=2.659e-04 grad_norm=0.849 samples/s=74.82
[step 1190/5000] loss=1.7211 lr=2.653e-04 grad_norm=0.633 samples/s=74.83
[step 1200/5000] loss=2.6355 lr=2.646e-04 grad_norm=0.884 samples/s=74.81
[step 1210/5000] loss=2.0212 lr=2.640e-04 grad_norm=0.675 samples/s=74.78
[step 1220/5000] loss=1.6913 lr=2.634e-04 grad_norm=1.090 samples/s=74.73
[step 1230/5000] loss=1.6140 lr=2.628e-04 grad_norm=0.889 samples/s=74.73
[step 1240/5000] loss=2.2113 lr=2.621e-04 grad_norm=0.764 samples/s=74.69
[step 1250/5000] loss=2.1898 lr=2.615e-04 grad_norm=0.609 samples/s=74.75
[val step 1250] loss=2.160022644042969 m01={'mean': 0.4093998113886619, 'median': 0.40835430767447695, 'p95': 0.6784585187959586, 'tail_frac_gt4px': 8.185985592665357e-05, 'n_matched': 12216} m02={'12-16': 0.9192618223760092, '16-32': 0.9546000480422772, '32-64': 0.9451172378253028, '64-128': 0.9418457648546145} m04={'accuracy': 0.5408480681074002, 'by_octave': {'12-16': 0.5382685069008782, '16-32': 0.6009058882737796, '32-64': 0.5659760087241004, '64-128': 0.4312080536912752}} diag={'gate3_alpha_mean': 0.28227534890174866, 'gate3_alpha_min': 0.01668548583984375, 'gate3_alpha_max': 0.98779296875, 'gate3_alpha_std': 0.1545737236738205, 'gate3_alpha_p10': 0.0999908447265625, 'gate3_alpha_p50': 0.2621116638183594, 'gate3_alpha_p90': 0.4891357421875, 'block0_attn_entropy': 7.1890082359313965, 'block1_attn_entropy': 7.4866156578063965}
[step 1260/5000] loss=1.7186 lr=2.609e-04 grad_norm=0.642 samples/s=75.20
[step 1270/5000] loss=1.7110 lr=2.602e-04 grad_norm=0.716 samples/s=75.61
[step 1280/5000] loss=1.8169 lr=2.596e-04 grad_norm=0.668 samples/s=75.58
[step 1290/5000] loss=1.7856 lr=2.589e-04 grad_norm=0.942 samples/s=75.61
[step 1300/5000] loss=2.0628 lr=2.582e-04 grad_norm=1.015 samples/s=75.57
[step 1310/5000] loss=2.4201 lr=2.576e-04 grad_norm=0.912 samples/s=75.59
[step 1320/5000] loss=1.7706 lr=2.569e-04 grad_norm=0.914 samples/s=75.45
[step 1330/5000] loss=1.6838 lr=2.562e-04 grad_norm=0.610 samples/s=75.47
[step 1340/5000] loss=1.7341 lr=2.556e-04 grad_norm=0.765 samples/s=75.37
[step 1350/5000] loss=1.8352 lr=2.549e-04 grad_norm=0.656 samples/s=75.51
[step 1360/5000] loss=2.0064 lr=2.542e-04 grad_norm=0.779 samples/s=75.39
[step 1370/5000] loss=2.0828 lr=2.535e-04 grad_norm=0.768 samples/s=75.46
[step 1380/5000] loss=2.1553 lr=2.528e-04 grad_norm=0.752 samples/s=75.37
[step 1390/5000] loss=2.2180 lr=2.521e-04 grad_norm=0.917 samples/s=75.39
[step 1400/5000] loss=1.9110 lr=2.514e-04 grad_norm=0.688 samples/s=75.32
[step 1410/5000] loss=2.4583 lr=2.507e-04 grad_norm=0.868 samples/s=75.35
[step 1420/5000] loss=1.5958 lr=2.500e-04 grad_norm=0.801 samples/s=75.23
[step 1430/5000] loss=1.5885 lr=2.493e-04 grad_norm=0.835 samples/s=75.27
[step 1440/5000] loss=1.8309 lr=2.486e-04 grad_norm=0.926 samples/s=75.23
[step 1450/5000] loss=1.8433 lr=2.478e-04 grad_norm=0.680 samples/s=75.23
[step 1460/5000] loss=2.2124 lr=2.471e-04 grad_norm=0.917 samples/s=75.15
[step 1470/5000] loss=2.5068 lr=2.464e-04 grad_norm=0.643 samples/s=75.20
[step 1480/5000] loss=2.8417 lr=2.456e-04 grad_norm=0.664 samples/s=75.16
[step 1490/5000] loss=2.0588 lr=2.449e-04 grad_norm=0.902 samples/s=75.12
[step 1500/5000] loss=1.6171 lr=2.442e-04 grad_norm=0.926 samples/s=75.10
[val step 1500] loss=2.149691318511963 m01={'mean': 0.4093998113886619, 'median': 0.40835430767447695, 'p95': 0.6784585187959586, 'tail_frac_gt4px': 8.185985592665357e-05, 'n_matched': 12216} m02={'12-16': 0.9192618223760092, '16-32': 0.9546000480422772, '32-64': 0.9451172378253028, '64-128': 0.9418457648546145} m04={'accuracy': 0.5478880157170923, 'by_octave': {'12-16': 0.5457967377666249, '16-32': 0.6092098641167589, '32-64': 0.5730643402399127, '64-128': 0.436241610738255}} diag={'gate3_alpha_mean': 0.28227534890174866, 'gate3_alpha_min': 0.01668548583984375, 'gate3_alpha_max': 0.98779296875, 'gate3_alpha_std': 0.1545737236738205, 'gate3_alpha_p10': 0.0999908447265625, 'gate3_alpha_p50': 0.2621116638183594, 'gate3_alpha_p90': 0.4891357421875, 'block0_attn_entropy': 7.1890082359313965, 'block1_attn_entropy': 7.4866156578063965}
[step 1510/5000] loss=2.0580 lr=2.434e-04 grad_norm=0.815 samples/s=75.52
[step 1520/5000] loss=1.6893 lr=2.427e-04 grad_norm=0.784 samples/s=75.88
[step 1530/5000] loss=2.5045 lr=2.419e-04 grad_norm=0.902 samples/s=75.70
[step 1540/5000] loss=2.2333 lr=2.412e-04 grad_norm=0.777 samples/s=75.70
[step 1550/5000] loss=2.0008 lr=2.404e-04 grad_norm=0.670 samples/s=75.62
[step 1560/5000] loss=2.7716 lr=2.396e-04 grad_norm=0.655 samples/s=75.63
[step 1570/5000] loss=2.1857 lr=2.389e-04 grad_norm=0.738 samples/s=75.57
[step 1580/5000] loss=1.9909 lr=2.381e-04 grad_norm=0.691 samples/s=75.56
[step 1590/5000] loss=2.3609 lr=2.373e-04 grad_norm=0.616 samples/s=75.53
[step 1600/5000] loss=1.6763 lr=2.365e-04 grad_norm=0.884 samples/s=75.55
[step 1610/5000] loss=2.5331 lr=2.358e-04 grad_norm=0.755 samples/s=75.51
[step 1620/5000] loss=1.7058 lr=2.350e-04 grad_norm=0.652 samples/s=75.51
[step 1630/5000] loss=2.2639 lr=2.342e-04 grad_norm=0.941 samples/s=75.50
[step 1640/5000] loss=2.1818 lr=2.334e-04 grad_norm=0.689 samples/s=75.49
[step 1650/5000] loss=1.7018 lr=2.326e-04 grad_norm=0.713 samples/s=75.47
[step 1660/5000] loss=1.8057 lr=2.318e-04 grad_norm=0.821 samples/s=75.38
[step 1670/5000] loss=2.4081 lr=2.310e-04 grad_norm=0.895 samples/s=75.45
[step 1680/5000] loss=1.9293 lr=2.302e-04 grad_norm=0.683 samples/s=75.41
[step 1690/5000] loss=1.5654 lr=2.294e-04 grad_norm=0.868 samples/s=75.40
[step 1700/5000] loss=2.1134 lr=2.286e-04 grad_norm=0.763 samples/s=75.44
[step 1710/5000] loss=2.2281 lr=2.277e-04 grad_norm=0.810 samples/s=75.32
[step 1720/5000] loss=1.9756 lr=2.269e-04 grad_norm=0.902 samples/s=75.39
[step 1730/5000] loss=1.4502 lr=2.261e-04 grad_norm=0.987 samples/s=75.30
[step 1740/5000] loss=1.9276 lr=2.253e-04 grad_norm=0.872 samples/s=75.35
[step 1750/5000] loss=1.7053 lr=2.245e-04 grad_norm=0.934 samples/s=75.23
[val step 1750] loss=2.1425455551147463 m01={'mean': 0.4093998113886619, 'median': 0.40835430767447695, 'p95': 0.6784585187959586, 'tail_frac_gt4px': 8.185985592665357e-05, 'n_matched': 12216} m02={'12-16': 0.9192618223760092, '16-32': 0.9546000480422772, '32-64': 0.9451172378253028, '64-128': 0.9418457648546145} m04={'accuracy': 0.5533726260641781, 'by_octave': {'12-16': 0.5526976160602258, '16-32': 0.6127327629592351, '32-64': 0.5768811341330425, '64-128': 0.44563758389261743}} diag={'gate3_alpha_mean': 0.28227534890174866, 'gate3_alpha_min': 0.01668548583984375, 'gate3_alpha_max': 0.98779296875, 'gate3_alpha_std': 0.1545737236738205, 'gate3_alpha_p10': 0.0999908447265625, 'gate3_alpha_p50': 0.2621116638183594, 'gate3_alpha_p90': 0.4891357421875, 'block0_attn_entropy': 7.1890082359313965, 'block1_attn_entropy': 7.4866156578063965}
[step 1760/5000] loss=1.6616 lr=2.236e-04 grad_norm=0.692 samples/s=75.55
[step 1770/5000] loss=1.9653 lr=2.228e-04 grad_norm=0.710 samples/s=75.86
[step 1780/5000] loss=1.7451 lr=2.220e-04 grad_norm=0.765 samples/s=75.82
[step 1790/5000] loss=2.0203 lr=2.211e-04 grad_norm=0.770 samples/s=75.82
[step 1800/5000] loss=2.0186 lr=2.203e-04 grad_norm=0.599 samples/s=75.81
[step 1810/5000] loss=2.4737 lr=2.194e-04 grad_norm=0.570 samples/s=75.83
[step 1820/5000] loss=2.0746 lr=2.186e-04 grad_norm=0.813 samples/s=75.79
[step 1830/5000] loss=1.8894 lr=2.177e-04 grad_norm=0.609 samples/s=75.81
[step 1840/5000] loss=1.9738 lr=2.169e-04 grad_norm=0.806 samples/s=75.72
[step 1850/5000] loss=2.1124 lr=2.160e-04 grad_norm=0.658 samples/s=75.78
[step 1860/5000] loss=1.9002 lr=2.152e-04 grad_norm=0.704 samples/s=75.70
[step 1870/5000] loss=1.5711 lr=2.143e-04 grad_norm=0.633 samples/s=75.76
[step 1880/5000] loss=1.9090 lr=2.134e-04 grad_norm=0.625 samples/s=75.69
[step 1890/5000] loss=3.0920 lr=2.126e-04 grad_norm=0.628 samples/s=75.73
[step 1900/5000] loss=2.5634 lr=2.117e-04 grad_norm=0.694 samples/s=75.65
[step 1910/5000] loss=1.5238 lr=2.108e-04 grad_norm=0.697 samples/s=75.67
[step 1920/5000] loss=1.9267 lr=2.100e-04 grad_norm=0.718 samples/s=75.59
[step 1930/5000] loss=2.0374 lr=2.091e-04 grad_norm=0.762 samples/s=75.67
[step 1940/5000] loss=2.1028 lr=2.082e-04 grad_norm=0.798 samples/s=75.62
[step 1950/5000] loss=2.0823 lr=2.073e-04 grad_norm=0.685 samples/s=75.56
[step 1960/5000] loss=2.0786 lr=2.064e-04 grad_norm=0.633 samples/s=75.58
[step 1970/5000] loss=1.9806 lr=2.055e-04 grad_norm=0.637 samples/s=75.50
[step 1980/5000] loss=2.1475 lr=2.047e-04 grad_norm=0.830 samples/s=75.53
[step 1990/5000] loss=1.9821 lr=2.038e-04 grad_norm=0.584 samples/s=75.49
[step 2000/5000] loss=2.0232 lr=2.029e-04 grad_norm=0.741 samples/s=75.50
[val step 2000] loss=2.137232339859009 m01={'mean': 0.4093998113886619, 'median': 0.40835430767447695, 'p95': 0.6784585187959586, 'tail_frac_gt4px': 8.185985592665357e-05, 'n_matched': 12216} m02={'12-16': 0.9192618223760092, '16-32': 0.9546000480422772, '32-64': 0.9451172378253028, '64-128': 0.9418457648546145} m04={'accuracy': 0.5591028159790439, 'by_octave': {'12-16': 0.5577164366373902, '16-32': 0.6170105686965274, '32-64': 0.5831515812431843, '64-128': 0.45302013422818793}} diag={'gate3_alpha_mean': 0.28227534890174866, 'gate3_alpha_min': 0.01668548583984375, 'gate3_alpha_max': 0.98779296875, 'gate3_alpha_std': 0.1545737236738205, 'gate3_alpha_p10': 0.0999908447265625, 'gate3_alpha_p50': 0.2621116638183594, 'gate3_alpha_p90': 0.4891357421875, 'block0_attn_entropy': 7.1890082359313965, 'block1_attn_entropy': 7.4866156578063965}
[step 2010/5000] loss=2.1558 lr=2.020e-04 grad_norm=0.775 samples/s=75.78
[step 2020/5000] loss=1.5459 lr=2.011e-04 grad_norm=0.699 samples/s=76.03
[step 2030/5000] loss=1.9336 lr=2.002e-04 grad_norm=0.711 samples/s=75.95
[step 2040/5000] loss=1.6468 lr=1.993e-04 grad_norm=0.723 samples/s=75.97
[step 2050/5000] loss=2.4065 lr=1.984e-04 grad_norm=0.612 samples/s=75.93
[step 2060/5000] loss=2.0369 lr=1.975e-04 grad_norm=0.775 samples/s=75.94
[step 2070/5000] loss=1.7490 lr=1.966e-04 grad_norm=0.895 samples/s=75.90
[step 2080/5000] loss=2.3169 lr=1.957e-04 grad_norm=0.671 samples/s=75.93
[step 2090/5000] loss=2.1449 lr=1.948e-04 grad_norm=0.656 samples/s=75.84
[step 2100/5000] loss=2.1114 lr=1.938e-04 grad_norm=0.927 samples/s=75.83
[step 2110/5000] loss=3.1415 lr=1.929e-04 grad_norm=0.768 samples/s=75.78
[step 2120/5000] loss=2.0201 lr=1.920e-04 grad_norm=0.715 samples/s=75.82
[step 2130/5000] loss=1.9339 lr=1.911e-04 grad_norm=0.718 samples/s=75.76
[step 2140/5000] loss=2.4850 lr=1.902e-04 grad_norm=0.717 samples/s=75.82
[step 2150/5000] loss=2.0063 lr=1.893e-04 grad_norm=0.712 samples/s=75.77
[step 2160/5000] loss=1.7395 lr=1.883e-04 grad_norm=0.668 samples/s=75.81
[step 2170/5000] loss=1.5988 lr=1.874e-04 grad_norm=0.604 samples/s=75.78
[step 2180/5000] loss=2.4470 lr=1.865e-04 grad_norm=0.656 samples/s=75.79
[step 2190/5000] loss=1.9031 lr=1.856e-04 grad_norm=0.729 samples/s=75.77
[step 2200/5000] loss=2.8710 lr=1.846e-04 grad_norm=0.670 samples/s=75.75
[step 2210/5000] loss=2.7173 lr=1.837e-04 grad_norm=0.922 samples/s=75.65
[step 2220/5000] loss=1.7535 lr=1.828e-04 grad_norm=0.793 samples/s=75.70
[step 2230/5000] loss=2.2267 lr=1.818e-04 grad_norm=0.767 samples/s=75.63
[step 2240/5000] loss=2.2272 lr=1.809e-04 grad_norm=0.738 samples/s=75.66
[step 2250/5000] loss=2.2612 lr=1.800e-04 grad_norm=0.800 samples/s=75.58
[val step 2250] loss=2.1336455421447753 m01={'mean': 0.4093998113886619, 'median': 0.40835430767447695, 'p95': 0.6784585187959586, 'tail_frac_gt4px': 8.185985592665357e-05, 'n_matched': 12216} m02={'12-16': 0.9192618223760092, '16-32': 0.9546000480422772, '32-64': 0.9451172378253028, '64-128': 0.9418457648546145} m04={'accuracy': 0.5608218729535036, 'by_octave': {'12-16': 0.5558343789209536, '16-32': 0.6175138399597383, '32-64': 0.5875136314067612, '64-128': 0.45503355704697984}} diag={'gate3_alpha_mean': 0.28227534890174866, 'gate3_alpha_min': 0.01668548583984375, 'gate3_alpha_max': 0.98779296875, 'gate3_alpha_std': 0.1545737236738205, 'gate3_alpha_p10': 0.0999908447265625, 'gate3_alpha_p50': 0.2621116638183594, 'gate3_alpha_p90': 0.4891357421875, 'block0_attn_entropy': 7.1890082359313965, 'block1_attn_entropy': 7.4866156578063965}
[step 2260/5000] loss=1.8962 lr=1.790e-04 grad_norm=0.687 samples/s=75.87
[step 2270/5000] loss=1.7787 lr=1.781e-04 grad_norm=0.764 samples/s=76.10
[step 2280/5000] loss=1.8346 lr=1.772e-04 grad_norm=0.649 samples/s=75.98
[step 2290/5000] loss=2.4117 lr=1.762e-04 grad_norm=0.650 samples/s=76.01
[step 2300/5000] loss=2.2078 lr=1.753e-04 grad_norm=0.681 samples/s=75.96
[step 2310/5000] loss=2.0774 lr=1.744e-04 grad_norm=0.671 samples/s=75.93
[step 2320/5000] loss=1.7960 lr=1.734e-04 grad_norm=0.727 samples/s=75.93
[step 2330/5000] loss=1.8576 lr=1.725e-04 grad_norm=0.799 samples/s=75.90
[step 2340/5000] loss=1.9243 lr=1.715e-04 grad_norm=0.677 samples/s=75.95
[step 2350/5000] loss=2.1846 lr=1.706e-04 grad_norm=0.637 samples/s=75.90
[step 2360/5000] loss=2.1211 lr=1.696e-04 grad_norm=0.601 samples/s=75.88
[step 2370/5000] loss=1.9549 lr=1.687e-04 grad_norm=0.631 samples/s=75.82
[step 2380/5000] loss=2.2529 lr=1.677e-04 grad_norm=1.076 samples/s=75.85
[step 2390/5000] loss=2.5358 lr=1.668e-04 grad_norm=0.930 samples/s=75.79
[step 2400/5000] loss=2.3913 lr=1.659e-04 grad_norm=0.786 samples/s=75.81
[step 2410/5000] loss=2.0458 lr=1.649e-04 grad_norm=0.872 samples/s=75.77
[step 2420/5000] loss=2.5199 lr=1.640e-04 grad_norm=0.737 samples/s=75.81
[step 2430/5000] loss=1.9805 lr=1.630e-04 grad_norm=0.722 samples/s=75.77
[step 2440/5000] loss=1.7708 lr=1.621e-04 grad_norm=0.978 samples/s=75.75
[step 2450/5000] loss=2.3033 lr=1.611e-04 grad_norm=0.916 samples/s=75.74
[step 2460/5000] loss=1.8681 lr=1.602e-04 grad_norm=0.843 samples/s=75.72
[step 2470/5000] loss=1.8197 lr=1.592e-04 grad_norm=0.689 samples/s=75.71
[step 2480/5000] loss=2.1076 lr=1.583e-04 grad_norm=0.840 samples/s=75.69
[step 2490/5000] loss=2.2588 lr=1.573e-04 grad_norm=0.681 samples/s=75.69
[step 2500/5000] loss=1.8092 lr=1.564e-04 grad_norm=0.775 samples/s=75.70
[val step 2500] loss=2.129669771194458 m01={'mean': 0.4093998113886619, 'median': 0.40835430767447695, 'p95': 0.6784585187959586, 'tail_frac_gt4px': 8.185985592665357e-05, 'n_matched': 12216} m02={'12-16': 0.9192618223760092, '16-32': 0.9546000480422772, '32-64': 0.9451172378253028, '64-128': 0.9418457648546145} m04={'accuracy': 0.5633595284872298, 'by_octave': {'12-16': 0.5614805520702635, '16-32': 0.6200301962757927, '32-64': 0.591330425299891, '64-128': 0.45436241610738254}} diag={'gate3_alpha_mean': 0.28227534890174866, 'gate3_alpha_min': 0.01668548583984375, 'gate3_alpha_max': 0.98779296875, 'gate3_alpha_std': 0.1545737236738205, 'gate3_alpha_p10': 0.0999908447265625, 'gate3_alpha_p50': 0.2621116638183594, 'gate3_alpha_p90': 0.4891357421875, 'block0_attn_entropy': 7.1890082359313965, 'block1_attn_entropy': 7.4866156578063965}
[step 2510/5000] loss=1.6894 lr=1.554e-04 grad_norm=0.635 samples/s=75.94
[step 2520/5000] loss=1.6881 lr=1.545e-04 grad_norm=0.645 samples/s=76.16
[step 2530/5000] loss=1.6933 lr=1.535e-04 grad_norm=0.632 samples/s=76.06
[step 2540/5000] loss=2.4227 lr=1.525e-04 grad_norm=0.739 samples/s=76.11
[step 2550/5000] loss=1.7753 lr=1.516e-04 grad_norm=0.898 samples/s=76.05
[step 2560/5000] loss=1.7135 lr=1.506e-04 grad_norm=0.887 samples/s=76.06
[step 2570/5000] loss=1.7176 lr=1.497e-04 grad_norm=0.891 samples/s=76.00
[step 2580/5000] loss=2.1820 lr=1.487e-04 grad_norm=0.688 samples/s=76.04
[step 2590/5000] loss=2.0830 lr=1.478e-04 grad_norm=0.708 samples/s=75.98
[step 2600/5000] loss=1.9072 lr=1.468e-04 grad_norm=0.855 samples/s=76.00
[step 2610/5000] loss=1.9375 lr=1.459e-04 grad_norm=0.831 samples/s=75.93
[step 2620/5000] loss=2.5065 lr=1.449e-04 grad_norm=0.802 samples/s=75.97
[step 2630/5000] loss=1.9793 lr=1.440e-04 grad_norm=0.833 samples/s=75.91
[step 2640/5000] loss=1.7376 lr=1.430e-04 grad_norm=0.660 samples/s=75.95
[step 2650/5000] loss=1.5716 lr=1.421e-04 grad_norm=0.576 samples/s=75.88
[step 2660/5000] loss=1.9721 lr=1.411e-04 grad_norm=0.665 samples/s=75.90
[step 2670/5000] loss=2.5775 lr=1.402e-04 grad_norm=0.671 samples/s=75.83
[step 2680/5000] loss=1.9861 lr=1.392e-04 grad_norm=0.839 samples/s=75.87
[step 2690/5000] loss=2.2448 lr=1.383e-04 grad_norm=0.804 samples/s=75.76
[step 2700/5000] loss=2.0019 lr=1.373e-04 grad_norm=0.927 samples/s=75.82
[step 2710/5000] loss=1.7887 lr=1.364e-04 grad_norm=0.808 samples/s=75.74
[step 2720/5000] loss=2.9485 lr=1.354e-04 grad_norm=0.707 samples/s=75.76
[step 2730/5000] loss=2.4851 lr=1.345e-04 grad_norm=0.707 samples/s=75.73
[step 2740/5000] loss=1.6947 lr=1.335e-04 grad_norm=0.745 samples/s=75.73
[step 2750/5000] loss=1.6314 lr=1.326e-04 grad_norm=0.755 samples/s=75.68
[val step 2750] loss=2.1264893779754637 m01={'mean': 0.4093998113886619, 'median': 0.40835430767447695, 'p95': 0.6784585187959586, 'tail_frac_gt4px': 8.185985592665357e-05, 'n_matched': 12216} m02={'12-16': 0.9192618223760092, '16-32': 0.9546000480422772, '32-64': 0.9451172378253028, '64-128': 0.9418457648546145} m04={'accuracy': 0.5638506876227898, 'by_octave': {'12-16': 0.5583437892095358, '16-32': 0.6235530951182687, '32-64': 0.5886041439476554, '64-128': 0.45671140939597316}} diag={'gate3_alpha_mean': 0.28227534890174866, 'gate3_alpha_min': 0.01668548583984375, 'gate3_alpha_max': 0.98779296875, 'gate3_alpha_std': 0.1545737236738205, 'gate3_alpha_p10': 0.0999908447265625, 'gate3_alpha_p50': 0.2621116638183594, 'gate3_alpha_p90': 0.4891357421875, 'block0_attn_entropy': 7.1890082359313965, 'block1_attn_entropy': 7.4866156578063965}
[step 2760/5000] loss=1.8142 lr=1.317e-04 grad_norm=0.799 samples/s=75.91
[step 2770/5000] loss=1.8293 lr=1.307e-04 grad_norm=0.838 samples/s=76.08
[step 2780/5000] loss=2.0705 lr=1.298e-04 grad_norm=0.625 samples/s=76.00
[step 2790/5000] loss=1.6438 lr=1.288e-04 grad_norm=0.951 samples/s=76.02
[step 2800/5000] loss=2.1091 lr=1.279e-04 grad_norm=0.778 samples/s=75.96
[step 2810/5000] loss=1.7136 lr=1.270e-04 grad_norm=0.585 samples/s=75.97
[step 2820/5000] loss=1.6007 lr=1.260e-04 grad_norm=0.734 samples/s=75.94
[step 2830/5000] loss=2.4290 lr=1.251e-04 grad_norm=0.723 samples/s=75.95
[step 2840/5000] loss=2.0263 lr=1.241e-04 grad_norm=0.608 samples/s=75.91
[step 2850/5000] loss=1.9274 lr=1.232e-04 grad_norm=0.702 samples/s=75.92
[step 2860/5000] loss=1.7567 lr=1.223e-04 grad_norm=0.693 samples/s=75.88
[step 2870/5000] loss=2.1691 lr=1.213e-04 grad_norm=0.869 samples/s=75.89
[step 2880/5000] loss=1.7822 lr=1.204e-04 grad_norm=0.684 samples/s=75.87
[step 2890/5000] loss=1.8575 lr=1.195e-04 grad_norm=0.951 samples/s=75.81
[step 2900/5000] loss=2.0388 lr=1.185e-04 grad_norm=0.644 samples/s=75.85
[step 2910/5000] loss=1.7161 lr=1.176e-04 grad_norm=0.712 samples/s=75.82
[step 2920/5000] loss=1.8356 lr=1.167e-04 grad_norm=0.835 samples/s=75.80
[step 2930/5000] loss=1.7206 lr=1.158e-04 grad_norm=0.572 samples/s=75.79
[step 2940/5000] loss=1.8339 lr=1.148e-04 grad_norm=0.580 samples/s=75.76
[step 2950/5000] loss=1.6757 lr=1.139e-04 grad_norm=0.808 samples/s=75.77
[step 2960/5000] loss=2.1944 lr=1.130e-04 grad_norm=0.848 samples/s=75.71
[step 2970/5000] loss=1.8326 lr=1.121e-04 grad_norm=0.796 samples/s=75.72
[step 2980/5000] loss=1.6802 lr=1.112e-04 grad_norm=0.568 samples/s=75.69
[step 2990/5000] loss=2.3459 lr=1.103e-04 grad_norm=0.667 samples/s=75.66
[step 3000/5000] loss=1.7426 lr=1.093e-04 grad_norm=0.881 samples/s=75.64
[val step 3000] loss=2.1245480251312254 m01={'mean': 0.4093998113886619, 'median': 0.40835430767447695, 'p95': 0.6784585187959586, 'tail_frac_gt4px': 8.185985592665357e-05, 'n_matched': 12216} m02={'12-16': 0.9192618223760092, '16-32': 0.9546000480422772, '32-64': 0.9451172378253028, '64-128': 0.9418457648546145} m04={'accuracy': 0.5656516044531762, 'by_octave': {'12-16': 0.562107904642409, '16-32': 0.6250629089079014, '32-64': 0.5886041439476554, '64-128': 0.46006711409395973}} diag={'gate3_alpha_mean': 0.28227534890174866, 'gate3_alpha_min': 0.01668548583984375, 'gate3_alpha_max': 0.98779296875, 'gate3_alpha_std': 0.1545737236738205, 'gate3_alpha_p10': 0.0999908447265625, 'gate3_alpha_p50': 0.2621116638183594, 'gate3_alpha_p90': 0.4891357421875, 'block0_attn_entropy': 7.1890082359313965, 'block1_attn_entropy': 7.4866156578063965}
[step 3010/5000] loss=1.9135 lr=1.084e-04 grad_norm=0.807 samples/s=75.83
[step 3020/5000] loss=1.7370 lr=1.075e-04 grad_norm=0.653 samples/s=76.00
[step 3030/5000] loss=2.2442 lr=1.066e-04 grad_norm=0.711 samples/s=75.96
[step 3040/5000] loss=1.5463 lr=1.057e-04 grad_norm=0.707 samples/s=76.00
[step 3050/5000] loss=1.7741 lr=1.048e-04 grad_norm=0.852 samples/s=75.98
[step 3060/5000] loss=2.1263 lr=1.039e-04 grad_norm=0.755 samples/s=76.02
[step 3070/5000] loss=1.8908 lr=1.030e-04 grad_norm=0.801 samples/s=75.97
[step 3080/5000] loss=2.1762 lr=1.021e-04 grad_norm=0.830 samples/s=75.99
[step 3090/5000] loss=1.8681 lr=1.012e-04 grad_norm=0.746 samples/s=75.93
[step 3100/5000] loss=1.5796 lr=1.003e-04 grad_norm=0.569 samples/s=75.95
[step 3110/5000] loss=2.1298 lr=9.941e-05 grad_norm=0.859 samples/s=75.89
[step 3120/5000] loss=2.0653 lr=9.852e-05 grad_norm=0.697 samples/s=75.91
[step 3130/5000] loss=2.3338 lr=9.763e-05 grad_norm=0.788 samples/s=75.85
[step 3140/5000] loss=2.3030 lr=9.674e-05 grad_norm=0.912 samples/s=75.87
[step 3150/5000] loss=1.6555 lr=9.586e-05 grad_norm=0.635 samples/s=75.83
[step 3160/5000] loss=2.1093 lr=9.498e-05 grad_norm=0.909 samples/s=75.86
[step 3170/5000] loss=1.8943 lr=9.410e-05 grad_norm=0.825 samples/s=75.83
[step 3180/5000] loss=2.2562 lr=9.322e-05 grad_norm=0.675 samples/s=75.83
[step 3190/5000] loss=1.8492 lr=9.235e-05 grad_norm=0.888 samples/s=75.82
[step 3200/5000] loss=1.7287 lr=9.148e-05 grad_norm=0.675 samples/s=75.78
[step 3210/5000] loss=1.9595 lr=9.061e-05 grad_norm=0.620 samples/s=75.80
[step 3220/5000] loss=1.8945 lr=8.974e-05 grad_norm=0.867 samples/s=75.77
[step 3230/5000] loss=2.0109 lr=8.888e-05 grad_norm=0.575 samples/s=75.78
[step 3240/5000] loss=2.9834 lr=8.801e-05 grad_norm=0.826 samples/s=75.72
[step 3250/5000] loss=2.5789 lr=8.715e-05 grad_norm=0.939 samples/s=75.74
[val step 3250] loss=2.122100269317627 m01={'mean': 0.4093998113886619, 'median': 0.40835430767447695, 'p95': 0.6784585187959586, 'tail_frac_gt4px': 8.185985592665357e-05, 'n_matched': 12216} m02={'12-16': 0.9192618223760092, '16-32': 0.9546000480422772, '32-64': 0.9451172378253028, '64-128': 0.9418457648546145} m04={'accuracy': 0.5677799607072691, 'by_octave': {'12-16': 0.562107904642409, '16-32': 0.6275792652239557, '32-64': 0.5929661941112323, '64-128': 0.46006711409395973}} diag={'gate3_alpha_mean': 0.28227534890174866, 'gate3_alpha_min': 0.01668548583984375, 'gate3_alpha_max': 0.98779296875, 'gate3_alpha_std': 0.1545737236738205, 'gate3_alpha_p10': 0.0999908447265625, 'gate3_alpha_p50': 0.2621116638183594, 'gate3_alpha_p90': 0.4891357421875, 'block0_attn_entropy': 7.1890082359313965, 'block1_attn_entropy': 7.4866156578063965}
[step 3260/5000] loss=1.7114 lr=8.630e-05 grad_norm=0.693 samples/s=75.91
[step 3270/5000] loss=1.8884 lr=8.544e-05 grad_norm=0.608 samples/s=76.07
[step 3280/5000] loss=2.5426 lr=8.459e-05 grad_norm=0.724 samples/s=76.04
[step 3290/5000] loss=2.0333 lr=8.374e-05 grad_norm=0.605 samples/s=76.05
[step 3300/5000] loss=2.0656 lr=8.290e-05 grad_norm=0.713 samples/s=76.02
[step 3310/5000] loss=1.5051 lr=8.205e-05 grad_norm=0.750 samples/s=76.02
[step 3320/5000] loss=1.9614 lr=8.121e-05 grad_norm=0.752 samples/s=75.99
[step 3330/5000] loss=2.4802 lr=8.038e-05 grad_norm=0.864 samples/s=75.98
[step 3340/5000] loss=1.9337 lr=7.954e-05 grad_norm=0.777 samples/s=75.98
[step 3350/5000] loss=2.3673 lr=7.871e-05 grad_norm=0.855 samples/s=75.95
[step 3360/5000] loss=2.3393 lr=7.788e-05 grad_norm=0.854 samples/s=75.96
[step 3370/5000] loss=1.9318 lr=7.706e-05 grad_norm=0.766 samples/s=75.91
[step 3380/5000] loss=2.2091 lr=7.624e-05 grad_norm=0.866 samples/s=75.93
[step 3390/5000] loss=1.7147 lr=7.542e-05 grad_norm=0.751 samples/s=75.89
[step 3400/5000] loss=2.7915 lr=7.460e-05 grad_norm=0.754 samples/s=75.92
[step 3410/5000] loss=1.5747 lr=7.379e-05 grad_norm=0.665 samples/s=75.90
[step 3420/5000] loss=2.0324 lr=7.298e-05 grad_norm=0.692 samples/s=75.90
[step 3430/5000] loss=1.9243 lr=7.217e-05 grad_norm=0.721 samples/s=75.84
[step 3440/5000] loss=1.8197 lr=7.137e-05 grad_norm=0.719 samples/s=75.84
[step 3450/5000] loss=1.7599 lr=7.057e-05 grad_norm=0.619 samples/s=75.80
[step 3460/5000] loss=1.6676 lr=6.977e-05 grad_norm=0.786 samples/s=75.82
[step 3470/5000] loss=2.8565 lr=6.898e-05 grad_norm=0.634 samples/s=75.78
[step 3480/5000] loss=1.7176 lr=6.819e-05 grad_norm=0.577 samples/s=75.80
[step 3490/5000] loss=1.7930 lr=6.740e-05 grad_norm=0.782 samples/s=75.75
[step 3500/5000] loss=2.3043 lr=6.662e-05 grad_norm=0.647 samples/s=75.78
[val step 3500] loss=2.1211540908813475 m01={'mean': 0.4093998113886619, 'median': 0.40835430767447695, 'p95': 0.6784585187959586, 'tail_frac_gt4px': 8.185985592665357e-05, 'n_matched': 12216} m02={'12-16': 0.9192618223760092, '16-32': 0.9546000480422772, '32-64': 0.9451172378253028, '64-128': 0.9418457648546145} m04={'accuracy': 0.5680255402750491, 'by_octave': {'12-16': 0.5595984943538268, '16-32': 0.6280825364871666, '32-64': 0.5943293347873501, '64-128': 0.46006711409395973}} diag={'gate3_alpha_mean': 0.28227534890174866, 'gate3_alpha_min': 0.01668548583984375, 'gate3_alpha_max': 0.98779296875, 'gate3_alpha_std': 0.1545737236738205, 'gate3_alpha_p10': 0.0999908447265625, 'gate3_alpha_p50': 0.2621116638183594, 'gate3_alpha_p90': 0.4891357421875, 'block0_attn_entropy': 7.1890082359313965, 'block1_attn_entropy': 7.4866156578063965}
[step 3510/5000] loss=1.8036 lr=6.584e-05 grad_norm=0.749 samples/s=75.94
[step 3520/5000] loss=1.5192 lr=6.506e-05 grad_norm=0.660 samples/s=76.09
[step 3530/5000] loss=2.1886 lr=6.429e-05 grad_norm=0.726 samples/s=76.07
[step 3540/5000] loss=1.9585 lr=6.352e-05 grad_norm=0.696 samples/s=76.06
[step 3550/5000] loss=1.7924 lr=6.276e-05 grad_norm=0.800 samples/s=76.04
[step 3560/5000] loss=3.1019 lr=6.200e-05 grad_norm=0.737 samples/s=76.04
[step 3570/5000] loss=1.4812 lr=6.124e-05 grad_norm=0.643 samples/s=76.02
[step 3580/5000] loss=1.7901 lr=6.048e-05 grad_norm=0.778 samples/s=76.03
[step 3590/5000] loss=1.8576 lr=5.973e-05 grad_norm=0.646 samples/s=75.99
[step 3600/5000] loss=1.8821 lr=5.899e-05 grad_norm=0.799 samples/s=76.01
[step 3610/5000] loss=2.5064 lr=5.824e-05 grad_norm=0.636 samples/s=75.97
[step 3620/5000] loss=1.6271 lr=5.750e-05 grad_norm=0.627 samples/s=76.00
[step 3630/5000] loss=1.8255 lr=5.677e-05 grad_norm=0.783 samples/s=75.96
[step 3640/5000] loss=1.7062 lr=5.604e-05 grad_norm=0.645 samples/s=75.97
[step 3650/5000] loss=2.0109 lr=5.531e-05 grad_norm=0.846 samples/s=75.93
[step 3660/5000] loss=2.5515 lr=5.459e-05 grad_norm=0.684 samples/s=75.94
[step 3670/5000] loss=1.5348 lr=5.387e-05 grad_norm=0.704 samples/s=75.87
[step 3680/5000] loss=2.0663 lr=5.315e-05 grad_norm=0.655 samples/s=75.90
[step 3690/5000] loss=1.8206 lr=5.244e-05 grad_norm=0.856 samples/s=75.85
[step 3700/5000] loss=2.0969 lr=5.173e-05 grad_norm=0.659 samples/s=75.90
[step 3710/5000] loss=2.0071 lr=5.103e-05 grad_norm=0.695 samples/s=75.88
[step 3720/5000] loss=1.9371 lr=5.033e-05 grad_norm=0.751 samples/s=75.90
[step 3730/5000] loss=2.1464 lr=4.964e-05 grad_norm=0.602 samples/s=75.86
[step 3740/5000] loss=1.9614 lr=4.895e-05 grad_norm=0.737 samples/s=75.87
[step 3750/5000] loss=2.0405 lr=4.826e-05 grad_norm=0.677 samples/s=75.83
[val step 3750] loss=2.11989902305603 m01={'mean': 0.4093998113886619, 'median': 0.40835430767447695, 'p95': 0.6784585187959586, 'tail_frac_gt4px': 8.185985592665357e-05, 'n_matched': 12216} m02={'12-16': 0.9192618223760092, '16-32': 0.9546000480422772, '32-64': 0.9451172378253028, '64-128': 0.9418457648546145} m04={'accuracy': 0.5693352979698756, 'by_octave': {'12-16': 0.5614805520702635, '16-32': 0.6293407146451938, '32-64': 0.593784078516903, '64-128': 0.4634228187919463}} diag={'gate3_alpha_mean': 0.28227534890174866, 'gate3_alpha_min': 0.01668548583984375, 'gate3_alpha_max': 0.98779296875, 'gate3_alpha_std': 0.1545737236738205, 'gate3_alpha_p10': 0.0999908447265625, 'gate3_alpha_p50': 0.2621116638183594, 'gate3_alpha_p90': 0.4891357421875, 'block0_attn_entropy': 7.1890082359313965, 'block1_attn_entropy': 7.4866156578063965}
[step 3760/5000] loss=1.6028 lr=4.758e-05 grad_norm=0.705 samples/s=75.99
[step 3770/5000] loss=1.5203 lr=4.690e-05 grad_norm=0.720 samples/s=76.12
[step 3780/5000] loss=3.0096 lr=4.623e-05 grad_norm=0.668 samples/s=76.10
[step 3790/5000] loss=1.7779 lr=4.556e-05 grad_norm=0.676 samples/s=76.11
[step 3800/5000] loss=2.4594 lr=4.489e-05 grad_norm=0.915 samples/s=76.06
[step 3810/5000] loss=2.2115 lr=4.423e-05 grad_norm=0.724 samples/s=76.09
[step 3820/5000] loss=2.1684 lr=4.357e-05 grad_norm=0.661 samples/s=76.03
[step 3830/5000] loss=2.3493 lr=4.292e-05 grad_norm=0.701 samples/s=76.05
[step 3840/5000] loss=1.7986 lr=4.228e-05 grad_norm=0.755 samples/s=75.99
[step 3850/5000] loss=1.7859 lr=4.163e-05 grad_norm=0.776 samples/s=76.01
[step 3860/5000] loss=1.9833 lr=4.099e-05 grad_norm=0.741 samples/s=75.96
[step 3870/5000] loss=2.8055 lr=4.036e-05 grad_norm=0.617 samples/s=75.96
[step 3880/5000] loss=1.7299 lr=3.973e-05 grad_norm=0.775 samples/s=75.93
[step 3890/5000] loss=1.6590 lr=3.911e-05 grad_norm=0.696 samples/s=75.96
[step 3900/5000] loss=1.5420 lr=3.849e-05 grad_norm=0.578 samples/s=75.93
[step 3910/5000] loss=1.6996 lr=3.787e-05 grad_norm=0.577 samples/s=75.97
[step 3920/5000] loss=2.5838 lr=3.726e-05 grad_norm=0.650 samples/s=75.92
[step 3930/5000] loss=1.8702 lr=3.666e-05 grad_norm=0.658 samples/s=75.95
[step 3940/5000] loss=2.4567 lr=3.605e-05 grad_norm=0.740 samples/s=75.91
[step 3950/5000] loss=1.6081 lr=3.546e-05 grad_norm=0.678 samples/s=75.91
[step 3960/5000] loss=2.1543 lr=3.487e-05 grad_norm=0.595 samples/s=75.89
[step 3970/5000] loss=1.9835 lr=3.428e-05 grad_norm=0.639 samples/s=75.92
[step 3980/5000] loss=1.9789 lr=3.370e-05 grad_norm=0.732 samples/s=75.88
[step 3990/5000] loss=1.6416 lr=3.312e-05 grad_norm=0.803 samples/s=75.91
[step 4000/5000] loss=2.0431 lr=3.255e-05 grad_norm=0.701 samples/s=75.87
[val step 4000] loss=2.1192499046325683 m01={'mean': 0.4093998113886619, 'median': 0.40835430767447695, 'p95': 0.6784585187959586, 'tail_frac_gt4px': 8.185985592665357e-05, 'n_matched': 12216} m02={'12-16': 0.9192618223760092, '16-32': 0.9546000480422772, '32-64': 0.9451172378253028, '64-128': 0.9418457648546145} m04={'accuracy': 0.5696627373935822, 'by_octave': {'12-16': 0.562107904642409, '16-32': 0.6288374433819829, '32-64': 0.5962377317339149, '64-128': 0.4620805369127517}} diag={'gate3_alpha_mean': 0.28227534890174866, 'gate3_alpha_min': 0.01668548583984375, 'gate3_alpha_max': 0.98779296875, 'gate3_alpha_std': 0.1545737236738205, 'gate3_alpha_p10': 0.0999908447265625, 'gate3_alpha_p50': 0.2621116638183594, 'gate3_alpha_p90': 0.4891357421875, 'block0_attn_entropy': 7.1890082359313965, 'block1_attn_entropy': 7.4866156578063965}
[step 4010/5000] loss=2.0335 lr=3.198e-05 grad_norm=0.913 samples/s=76.01
[step 4020/5000] loss=1.8652 lr=3.142e-05 grad_norm=0.592 samples/s=76.11
[step 4030/5000] loss=2.0295 lr=3.086e-05 grad_norm=0.849 samples/s=76.08
[step 4040/5000] loss=1.8435 lr=3.031e-05 grad_norm=0.731 samples/s=76.14
[step 4050/5000] loss=1.8986 lr=2.976e-05 grad_norm=0.657 samples/s=76.10
[step 4060/5000] loss=2.0172 lr=2.922e-05 grad_norm=0.901 samples/s=76.13
[step 4070/5000] loss=2.1078 lr=2.868e-05 grad_norm=0.731 samples/s=76.09
[step 4080/5000] loss=1.7988 lr=2.815e-05 grad_norm=0.671 samples/s=76.10
[step 4090/5000] loss=2.1953 lr=2.762e-05 grad_norm=0.587 samples/s=76.07
[step 4100/5000] loss=2.6806 lr=2.710e-05 grad_norm=0.772 samples/s=76.08
[step 4110/5000] loss=2.4947 lr=2.658e-05 grad_norm=0.725 samples/s=76.05
[step 4120/5000] loss=2.1704 lr=2.607e-05 grad_norm=0.668 samples/s=76.08
[step 4130/5000] loss=2.4166 lr=2.556e-05 grad_norm=0.921 samples/s=76.06
[step 4140/5000] loss=1.9378 lr=2.506e-05 grad_norm=0.670 samples/s=76.05
[step 4150/5000] loss=1.8994 lr=2.456e-05 grad_norm=0.788 samples/s=76.02
[step 4160/5000] loss=2.2122 lr=2.407e-05 grad_norm=0.691 samples/s=76.03
[step 4170/5000] loss=1.7364 lr=2.358e-05 grad_norm=0.703 samples/s=75.99
[step 4180/5000] loss=2.0162 lr=2.310e-05 grad_norm=0.726 samples/s=76.01
[step 4190/5000] loss=1.5986 lr=2.263e-05 grad_norm=0.625 samples/s=75.98
[step 4200/5000] loss=1.8130 lr=2.216e-05 grad_norm=0.791 samples/s=76.00
[step 4210/5000] loss=1.8636 lr=2.169e-05 grad_norm=0.778 samples/s=75.94
[step 4220/5000] loss=2.4781 lr=2.123e-05 grad_norm=0.772 samples/s=75.97
[step 4230/5000] loss=2.1449 lr=2.078e-05 grad_norm=0.891 samples/s=75.92
[step 4240/5000] loss=2.6361 lr=2.033e-05 grad_norm=0.718 samples/s=75.96
[step 4250/5000] loss=2.2301 lr=1.988e-05 grad_norm=0.722 samples/s=75.92
[val step 4250] loss=2.118749853134155 m01={'mean': 0.4093998113886619, 'median': 0.40835430767447695, 'p95': 0.6784585187959586, 'tail_frac_gt4px': 8.185985592665357e-05, 'n_matched': 12216} m02={'12-16': 0.9192618223760092, '16-32': 0.9546000480422772, '32-64': 0.9451172378253028, '64-128': 0.9418457648546145} m04={'accuracy': 0.5688441388343156, 'by_octave': {'12-16': 0.562107904642409, '16-32': 0.6278309008555611, '32-64': 0.5956924754634678, '64-128': 0.46073825503355703}} diag={'gate3_alpha_mean': 0.28227534890174866, 'gate3_alpha_min': 0.01668548583984375, 'gate3_alpha_max': 0.98779296875, 'gate3_alpha_std': 0.1545737236738205, 'gate3_alpha_p10': 0.0999908447265625, 'gate3_alpha_p50': 0.2621116638183594, 'gate3_alpha_p90': 0.4891357421875, 'block0_attn_entropy': 7.1890082359313965, 'block1_attn_entropy': 7.4866156578063965}
[step 4260/5000] loss=2.1498 lr=1.945e-05 grad_norm=0.735 samples/s=76.06
[step 4270/5000] loss=1.7859 lr=1.901e-05 grad_norm=0.897 samples/s=76.18
[step 4280/5000] loss=2.6842 lr=1.859e-05 grad_norm=0.575 samples/s=76.17
[step 4290/5000] loss=2.0114 lr=1.816e-05 grad_norm=0.764 samples/s=76.17
[step 4300/5000] loss=2.3132 lr=1.775e-05 grad_norm=0.857 samples/s=76.14
[step 4310/5000] loss=2.1607 lr=1.734e-05 grad_norm=0.686 samples/s=76.16
[step 4320/5000] loss=2.2906 lr=1.693e-05 grad_norm=0.562 samples/s=76.13
[step 4330/5000] loss=2.2022 lr=1.653e-05 grad_norm=0.741 samples/s=76.14
[step 4340/5000] loss=1.8132 lr=1.614e-05 grad_norm=0.617 samples/s=76.12
[step 4350/5000] loss=1.9852 lr=1.575e-05 grad_norm=0.675 samples/s=76.10
[step 4360/5000] loss=1.6587 lr=1.537e-05 grad_norm=0.952 samples/s=76.10
[step 4370/5000] loss=1.9601 lr=1.499e-05 grad_norm=0.801 samples/s=76.08
[step 4380/5000] loss=1.7465 lr=1.462e-05 grad_norm=0.744 samples/s=76.10
[step 4390/5000] loss=1.9073 lr=1.425e-05 grad_norm=0.682 samples/s=76.07
[step 4400/5000] loss=1.9454 lr=1.389e-05 grad_norm=0.674 samples/s=76.08
[step 4410/5000] loss=1.9442 lr=1.353e-05 grad_norm=0.811 samples/s=76.06
[step 4420/5000] loss=1.6251 lr=1.318e-05 grad_norm=0.874 samples/s=76.04
[step 4430/5000] loss=2.0569 lr=1.284e-05 grad_norm=0.625 samples/s=76.04
[step 4440/5000] loss=1.4334 lr=1.250e-05 grad_norm=0.663 samples/s=76.02
[step 4450/5000] loss=1.7714 lr=1.217e-05 grad_norm=0.708 samples/s=76.02
[step 4460/5000] loss=2.2052 lr=1.184e-05 grad_norm=0.768 samples/s=76.01
[step 4470/5000] loss=2.6902 lr=1.152e-05 grad_norm=0.919 samples/s=76.01
[step 4480/5000] loss=1.6886 lr=1.121e-05 grad_norm=0.673 samples/s=75.99
[step 4490/5000] loss=2.6187 lr=1.090e-05 grad_norm=0.738 samples/s=76.00
[step 4500/5000] loss=1.7277 lr=1.060e-05 grad_norm=0.719 samples/s=75.97
[val step 4500] loss=2.1182797565460203 m01={'mean': 0.4093998113886619, 'median': 0.40835430767447695, 'p95': 0.6784585187959586, 'tail_frac_gt4px': 8.185985592665357e-05, 'n_matched': 12216} m02={'12-16': 0.9192618223760092, '16-32': 0.9546000480422772, '32-64': 0.9451172378253028, '64-128': 0.9418457648546145} m04={'accuracy': 0.5690897184020957, 'by_octave': {'12-16': 0.562107904642409, '16-32': 0.6293407146451938, '32-64': 0.5954198473282443, '64-128': 0.46006711409395973}} diag={'gate3_alpha_mean': 0.28227534890174866, 'gate3_alpha_min': 0.01668548583984375, 'gate3_alpha_max': 0.98779296875, 'gate3_alpha_std': 0.1545737236738205, 'gate3_alpha_p10': 0.0999908447265625, 'gate3_alpha_p50': 0.2621116638183594, 'gate3_alpha_p90': 0.4891357421875, 'block0_attn_entropy': 7.1890082359313965, 'block1_attn_entropy': 7.4866156578063965}
[step 4510/5000] loss=2.1506 lr=1.030e-05 grad_norm=0.822 samples/s=76.10
[step 4520/5000] loss=1.7822 lr=1.001e-05 grad_norm=0.704 samples/s=76.22
[step 4530/5000] loss=1.8208 lr=9.720e-06 grad_norm=0.873 samples/s=76.19
[step 4540/5000] loss=2.1348 lr=9.439e-06 grad_norm=0.584 samples/s=76.20
[step 4550/5000] loss=2.8088 lr=9.165e-06 grad_norm=0.794 samples/s=76.19
[step 4560/5000] loss=1.4481 lr=8.896e-06 grad_norm=0.616 samples/s=76.19
[step 4570/5000] loss=1.7041 lr=8.634e-06 grad_norm=0.712 samples/s=76.14
[step 4580/5000] loss=2.4972 lr=8.377e-06 grad_norm=0.744 samples/s=76.16
[step 4590/5000] loss=1.9378 lr=8.126e-06 grad_norm=0.729 samples/s=76.11
[step 4600/5000] loss=3.0524 lr=7.881e-06 grad_norm=0.693 samples/s=76.15
[step 4610/5000] loss=2.1126 lr=7.642e-06 grad_norm=0.725 samples/s=76.10
[step 4620/5000] loss=2.2361 lr=7.409e-06 grad_norm=0.643 samples/s=76.13
[step 4630/5000] loss=1.9852 lr=7.181e-06 grad_norm=0.612 samples/s=76.10
[step 4640/5000] loss=2.1332 lr=6.960e-06 grad_norm=0.651 samples/s=76.13
[step 4650/5000] loss=1.6583 lr=6.744e-06 grad_norm=0.682 samples/s=76.08
[step 4660/5000] loss=1.4863 lr=6.535e-06 grad_norm=0.627 samples/s=76.10
[step 4670/5000] loss=2.5138 lr=6.331e-06 grad_norm=0.594 samples/s=76.06
[step 4680/5000] loss=1.5629 lr=6.134e-06 grad_norm=0.714 samples/s=76.08
[step 4690/5000] loss=2.0051 lr=5.942e-06 grad_norm=0.688 samples/s=76.03
[step 4700/5000] loss=1.5445 lr=5.757e-06 grad_norm=0.878 samples/s=76.04
[step 4710/5000] loss=1.9175 lr=5.577e-06 grad_norm=0.852 samples/s=76.00
[step 4720/5000] loss=2.3145 lr=5.403e-06 grad_norm=0.781 samples/s=76.01
[step 4730/5000] loss=1.8727 lr=5.236e-06 grad_norm=1.004 samples/s=76.00
[step 4740/5000] loss=1.8627 lr=5.074e-06 grad_norm=0.738 samples/s=76.01
[step 4750/5000] loss=2.5532 lr=4.919e-06 grad_norm=0.762 samples/s=76.00
[val step 4750] loss=2.1181414184570313 m01={'mean': 0.4093998113886619, 'median': 0.40835430767447695, 'p95': 0.6784585187959586, 'tail_frac_gt4px': 8.185985592665357e-05, 'n_matched': 12216} m02={'12-16': 0.9192618223760092, '16-32': 0.9546000480422772, '32-64': 0.9451172378253028, '64-128': 0.9418457648546145} m04={'accuracy': 0.5694990176817288, 'by_octave': {'12-16': 0.562107904642409, '16-32': 0.6288374433819829, '32-64': 0.5962377317339149, '64-128': 0.46140939597315433}} diag={'gate3_alpha_mean': 0.28227534890174866, 'gate3_alpha_min': 0.01668548583984375, 'gate3_alpha_max': 0.98779296875, 'gate3_alpha_std': 0.1545737236738205, 'gate3_alpha_p10': 0.0999908447265625, 'gate3_alpha_p50': 0.2621116638183594, 'gate3_alpha_p90': 0.4891357421875, 'block0_attn_entropy': 7.1890082359313965, 'block1_attn_entropy': 7.4866156578063965}
[step 4760/5000] loss=1.9878 lr=4.769e-06 grad_norm=0.652 samples/s=76.14
[step 4770/5000] loss=1.6909 lr=4.626e-06 grad_norm=0.695 samples/s=76.25
[step 4780/5000] loss=2.3271 lr=4.488e-06 grad_norm=0.736 samples/s=76.20
[step 4790/5000] loss=2.2880 lr=4.357e-06 grad_norm=0.825 samples/s=76.19
[step 4800/5000] loss=1.8177 lr=4.231e-06 grad_norm=0.777 samples/s=76.18
[step 4810/5000] loss=1.9486 lr=4.112e-06 grad_norm=0.825 samples/s=76.17
[step 4820/5000] loss=2.3944 lr=3.999e-06 grad_norm=0.580 samples/s=76.14
[step 4830/5000] loss=2.1050 lr=3.892e-06 grad_norm=0.621 samples/s=76.15
[step 4840/5000] loss=1.9064 lr=3.790e-06 grad_norm=0.683 samples/s=76.14
[step 4850/5000] loss=1.6178 lr=3.695e-06 grad_norm=0.599 samples/s=76.11
[step 4860/5000] loss=1.8630 lr=3.606e-06 grad_norm=0.684 samples/s=76.11
[step 4870/5000] loss=1.5156 lr=3.523e-06 grad_norm=0.560 samples/s=76.09
[step 4880/5000] loss=1.7077 lr=3.447e-06 grad_norm=0.612 samples/s=76.11
[step 4890/5000] loss=2.7366 lr=3.376e-06 grad_norm=0.979 samples/s=76.04
[step 4900/5000] loss=1.9252 lr=3.311e-06 grad_norm=0.728 samples/s=76.07
[step 4910/5000] loss=1.9034 lr=3.253e-06 grad_norm=0.936 samples/s=76.04
[step 4920/5000] loss=1.8080 lr=3.200e-06 grad_norm=0.965 samples/s=76.05
[step 4930/5000] loss=2.2659 lr=3.154e-06 grad_norm=0.646 samples/s=76.03
[step 4940/5000] loss=2.1641 lr=3.114e-06 grad_norm=0.886 samples/s=76.02
[step 4950/5000] loss=1.9215 lr=3.079e-06 grad_norm=0.674 samples/s=76.02
[step 4960/5000] loss=1.5565 lr=3.051e-06 grad_norm=0.756 samples/s=76.01
[step 4970/5000] loss=1.9205 lr=3.029e-06 grad_norm=0.718 samples/s=75.99
[step 4980/5000] loss=2.0843 lr=3.013e-06 grad_norm=0.661 samples/s=76.00
[step 4990/5000] loss=1.6118 lr=3.004e-06 grad_norm=0.699 samples/s=75.97
[step 5000/5000] loss=2.3645 lr=3.000e-06 grad_norm=0.777 samples/s=75.99
[val step 5000] loss=2.1181583671569824 m01={'mean': 0.4093998113886619, 'median': 0.40835430767447695, 'p95': 0.6784585187959586, 'tail_frac_gt4px': 8.185985592665357e-05, 'n_matched': 12216} m02={'12-16': 0.9192618223760092, '16-32': 0.9546000480422772, '32-64': 0.9451172378253028, '64-128': 0.9418457648546145} m04={'accuracy': 0.5688441388343156, 'by_octave': {'12-16': 0.5627352572145545, '16-32': 0.6285858077503774, '32-64': 0.5951472191930207, '64-128': 0.46006711409395973}} diag={'gate3_alpha_mean': 0.28227534890174866, 'gate3_alpha_min': 0.01668548583984375, 'gate3_alpha_max': 0.98779296875, 'gate3_alpha_std': 0.1545737236738205, 'gate3_alpha_p10': 0.0999908447265625, 'gate3_alpha_p50': 0.2621116638183594, 'gate3_alpha_p90': 0.4891357421875, 'block0_attn_entropy': 7.1890082359313965, 'block1_attn_entropy': 7.4866156578063965}
[FULL val step 5000] loss=2.028854128265381 m01={'mean': 0.4067304056193377, 'median': 0.40631786279163173, 'p95': 0.6753019697599334, 'tail_frac_gt4px': 5.646755132497076e-05, 'n_matched': 123965} m02={'12-16': 0.919547348271591, '16-32': 0.9397995688123386, '32-64': 0.954648180594703, '64-128': 0.9569258885807915} m04={'accuracy': 0.574073327148792, 'by_octave': {'12-16': 0.6156860344088655, '16-32': 0.6131390541494404, '32-64': 0.5907966484904907, '64-128': 0.4799631202871349}}
[train_detector] wrote checkpoint runs/ft01_head/ckpt_0005000.pt
[train_detector] done: step=5000 train_elapsed=2105.6s val_elapsed=538.7s samples/s=75.99
