[train_detector] finetune from runs/rel_w882_c2_100k_rev6/ckpt_0100000.pt (step 100000): 42,194 of 882,402 params trainable, lr_mult={'cls.*': 1.0, '*.bias': 1.0, 'blocks.*.n1.weight': 1.0, 'blocks.*.n2.weight': 1.0, 'norm.weight': 1.0}, reinit=[]
[train_detector] stream_seed=2100000 resume_count=0 start_step=0
[step 1/5000] loss=6.0655 lr=0.000e+00 grad_norm=12.582 samples/s=10.06
[step 2/5000] loss=6.3384 lr=3.000e-06 grad_norm=12.807 samples/s=19.23
[step 3/5000] loss=6.7672 lr=6.000e-06 grad_norm=11.724 samples/s=27.56
[step 4/5000] loss=6.6321 lr=9.000e-06 grad_norm=13.618 samples/s=35.17
[step 5/5000] loss=6.1286 lr=1.200e-05 grad_norm=11.357 samples/s=42.10
[step 6/5000] loss=5.6572 lr=1.500e-05 grad_norm=11.756 samples/s=48.53
[step 7/5000] loss=6.9104 lr=1.800e-05 grad_norm=11.664 samples/s=54.50
[step 8/5000] loss=6.1094 lr=2.100e-05 grad_norm=11.349 samples/s=60.07
[step 9/5000] loss=7.6311 lr=2.400e-05 grad_norm=12.803 samples/s=55.39
[step 10/5000] loss=6.7548 lr=2.700e-05 grad_norm=10.442 samples/s=59.74
[step 20/5000] loss=5.8328 lr=5.700e-05 grad_norm=10.204 samples/s=76.70
[step 30/5000] loss=5.3757 lr=8.700e-05 grad_norm=7.992 samples/s=82.32
[step 40/5000] loss=4.6740 lr=1.170e-04 grad_norm=6.710 samples/s=86.23
[step 50/5000] loss=4.4322 lr=1.470e-04 grad_norm=5.641 samples/s=83.22
[step 60/5000] loss=4.3407 lr=1.770e-04 grad_norm=5.502 samples/s=77.90
[step 70/5000] loss=3.4638 lr=2.070e-04 grad_norm=4.829 samples/s=77.48
[step 80/5000] loss=2.8025 lr=2.370e-04 grad_norm=3.289 samples/s=74.51
[step 90/5000] loss=3.1831 lr=2.670e-04 grad_norm=2.676 samples/s=74.61
[step 100/5000] loss=2.5435 lr=2.970e-04 grad_norm=1.381 samples/s=72.46
[step 110/5000] loss=2.2796 lr=3.000e-04 grad_norm=1.205 samples/s=72.52
[step 120/5000] loss=2.3501 lr=3.000e-04 grad_norm=0.976 samples/s=71.43
[step 130/5000] loss=2.2729 lr=3.000e-04 grad_norm=1.177 samples/s=71.60
[step 140/5000] loss=2.6922 lr=3.000e-04 grad_norm=1.121 samples/s=70.25
[step 150/5000] loss=2.4051 lr=2.999e-04 grad_norm=1.302 samples/s=70.99
[step 160/5000] loss=2.4823 lr=2.999e-04 grad_norm=1.112 samples/s=70.02
[step 170/5000] loss=2.5290 lr=2.999e-04 grad_norm=0.821 samples/s=70.71
[step 180/5000] loss=2.2919 lr=2.998e-04 grad_norm=0.583 samples/s=70.02
[step 190/5000] loss=2.1917 lr=2.998e-04 grad_norm=0.727 samples/s=70.51
[step 200/5000] loss=2.9897 lr=2.997e-04 grad_norm=0.723 samples/s=69.61
[step 210/5000] loss=2.7626 lr=2.996e-04 grad_norm=0.767 samples/s=70.01
[step 220/5000] loss=2.0033 lr=2.996e-04 grad_norm=0.731 samples/s=69.13
[step 230/5000] loss=2.5821 lr=2.995e-04 grad_norm=0.776 samples/s=69.47
[step 240/5000] loss=1.8982 lr=2.994e-04 grad_norm=0.724 samples/s=69.34
[step 250/5000] loss=2.2304 lr=2.993e-04 grad_norm=0.702 samples/s=69.73
[val step 250] loss=2.534082815170288 m01={'mean': 0.4083412685441281, 'median': 0.4082529933318253, 'p95': 0.6768104914755959, 'tail_frac_gt4px': 0.0, 'n_matched': 12200} m02={'12-16': 0.9158016147635525, '16-32': 0.9521979341820802, '32-64': 0.9451172378253028, '64-128': 0.9418457648546145} m04={'accuracy': 0.18204918032786885, 'by_octave': {'12-16': 0.15365239294710328, '16-32': 0.18642785065590312, '32-64': 0.19929116684841874, '64-128': 0.17013422818791946}} diag={'gate3_alpha_mean': 0.30733466148376465, 'gate3_alpha_min': 0.018413543701171875, 'gate3_alpha_max': 0.97900390625, 'gate3_alpha_std': 0.15776751935482025, 'gate3_alpha_p10': 0.1147918701171875, 'gate3_alpha_p50': 0.29046630859375, 'gate3_alpha_p90': 0.5201416015625, 'block0_attn_entropy': 7.239345073699951, 'block1_attn_entropy': 7.658949375152588}
[step 260/5000] loss=2.4579 lr=2.992e-04 grad_norm=1.018 samples/s=71.58
[step 270/5000] loss=2.5009 lr=2.991e-04 grad_norm=1.005 samples/s=73.02
[step 280/5000] loss=2.7233 lr=2.990e-04 grad_norm=0.774 samples/s=73.59
[step 290/5000] loss=2.0664 lr=2.989e-04 grad_norm=0.646 samples/s=73.39
[step 300/5000] loss=2.4904 lr=2.988e-04 grad_norm=1.010 samples/s=73.13
[step 310/5000] loss=2.3053 lr=2.987e-04 grad_norm=0.773 samples/s=72.84
[step 320/5000] loss=1.8846 lr=2.985e-04 grad_norm=0.691 samples/s=72.75
[step 330/5000] loss=2.5188 lr=2.984e-04 grad_norm=0.804 samples/s=72.56
[step 340/5000] loss=2.2192 lr=2.983e-04 grad_norm=0.759 samples/s=72.91
[step 350/5000] loss=2.5307 lr=2.981e-04 grad_norm=0.964 samples/s=72.70
[step 360/5000] loss=1.7909 lr=2.980e-04 grad_norm=0.689 samples/s=72.62
[step 370/5000] loss=1.9508 lr=2.978e-04 grad_norm=0.583 samples/s=72.78
[step 380/5000] loss=2.0727 lr=2.976e-04 grad_norm=0.595 samples/s=72.54
[step 390/5000] loss=2.1884 lr=2.975e-04 grad_norm=0.753 samples/s=72.71
[step 400/5000] loss=1.9132 lr=2.973e-04 grad_norm=0.592 samples/s=72.34
[step 410/5000] loss=2.3882 lr=2.971e-04 grad_norm=1.113 samples/s=72.71
[step 420/5000] loss=1.9892 lr=2.969e-04 grad_norm=0.738 samples/s=72.38
[step 430/5000] loss=2.1224 lr=2.967e-04 grad_norm=0.920 samples/s=72.59
[step 440/5000] loss=2.7792 lr=2.965e-04 grad_norm=0.905 samples/s=72.38
[step 450/5000] loss=2.5737 lr=2.963e-04 grad_norm=0.770 samples/s=72.45
[step 460/5000] loss=2.3128 lr=2.961e-04 grad_norm=0.684 samples/s=72.16
[step 470/5000] loss=2.8678 lr=2.959e-04 grad_norm=0.743 samples/s=72.28
[step 480/5000] loss=1.7362 lr=2.956e-04 grad_norm=0.585 samples/s=72.26
[step 490/5000] loss=1.8746 lr=2.954e-04 grad_norm=0.930 samples/s=72.46
[step 500/5000] loss=1.9282 lr=2.952e-04 grad_norm=0.580 samples/s=72.33
[val step 500] loss=2.3163624153137206 m01={'mean': 0.40829887163978995, 'median': 0.40824163836074884, 'p95': 0.6767416077875951, 'tail_frac_gt4px': 0.0, 'n_matched': 12210} m02={'12-16': 0.9175317185697809, '16-32': 0.9533989911121787, '32-64': 0.9448595722751868, '64-128': 0.9427939317319848} m04={'accuracy': 0.38263718263718266, 'by_octave': {'12-16': 0.35135135135135137, '16-32': 0.4509952128999748, '32-64': 0.40114535042268884, '64-128': 0.2856185048608783}} diag={'gate3_alpha_mean': 0.3002804219722748, 'gate3_alpha_min': 0.018032073974609375, 'gate3_alpha_max': 0.980224609375, 'gate3_alpha_std': 0.15669488906860352, 'gate3_alpha_p10': 0.111083984375, 'gate3_alpha_p50': 0.2821044921875, 'gate3_alpha_p90': 0.512054443359375, 'block0_attn_entropy': 7.257643222808838, 'block1_attn_entropy': 7.630331993103027}
[step 510/5000] loss=2.2053 lr=2.949e-04 grad_norm=0.852 samples/s=72.98
[step 520/5000] loss=1.9414 lr=2.947e-04 grad_norm=0.945 samples/s=73.91
[step 530/5000] loss=2.0895 lr=2.944e-04 grad_norm=0.767 samples/s=74.27
[step 540/5000] loss=2.5207 lr=2.942e-04 grad_norm=0.599 samples/s=74.19
[step 550/5000] loss=2.3275 lr=2.939e-04 grad_norm=0.669 samples/s=74.09
[step 560/5000] loss=1.8582 lr=2.936e-04 grad_norm=0.835 samples/s=74.09
[step 570/5000] loss=2.0253 lr=2.933e-04 grad_norm=0.681 samples/s=73.94
[step 580/5000] loss=1.8526 lr=2.931e-04 grad_norm=0.906 samples/s=74.07
[step 590/5000] loss=1.7829 lr=2.928e-04 grad_norm=0.809 samples/s=73.92
[step 600/5000] loss=1.9511 lr=2.925e-04 grad_norm=0.974 samples/s=74.02
[step 610/5000] loss=2.1663 lr=2.922e-04 grad_norm=0.734 samples/s=73.94
[step 620/5000] loss=2.6197 lr=2.919e-04 grad_norm=0.885 samples/s=73.97
[step 630/5000] loss=1.8684 lr=2.915e-04 grad_norm=0.812 samples/s=74.01
[step 640/5000] loss=2.1876 lr=2.912e-04 grad_norm=0.746 samples/s=73.92
[step 650/5000] loss=2.1707 lr=2.909e-04 grad_norm=0.716 samples/s=73.98
[step 660/5000] loss=2.1038 lr=2.906e-04 grad_norm=1.257 samples/s=73.89
[step 670/5000] loss=3.0856 lr=2.902e-04 grad_norm=1.643 samples/s=73.74
[step 680/5000] loss=2.1176 lr=2.899e-04 grad_norm=0.743 samples/s=73.73
[step 690/5000] loss=2.5607 lr=2.895e-04 grad_norm=0.880 samples/s=73.69
[step 700/5000] loss=2.0088 lr=2.892e-04 grad_norm=0.953 samples/s=73.69
[step 710/5000] loss=2.1339 lr=2.888e-04 grad_norm=0.902 samples/s=73.51
[step 720/5000] loss=2.1296 lr=2.885e-04 grad_norm=0.669 samples/s=73.59
[step 730/5000] loss=1.6336 lr=2.881e-04 grad_norm=0.697 samples/s=73.49
[step 740/5000] loss=1.5990 lr=2.877e-04 grad_norm=0.725 samples/s=73.53
[step 750/5000] loss=2.3703 lr=2.873e-04 grad_norm=0.884 samples/s=73.43
[val step 750] loss=2.2247208023071288 m01={'mean': 0.40850145969124185, 'median': 0.4083102032602793, 'p95': 0.67713052433071, 'tail_frac_gt4px': 0.0, 'n_matched': 12214} m02={'12-16': 0.9175317185697809, '16-32': 0.9538794138842182, '32-64': 0.9453749033754187, '64-128': 0.9427939317319848} m04={'accuracy': 0.4901752087768135, 'by_octave': {'12-16': 0.4996857322438718, '16-32': 0.569377990430622, '32-64': 0.5042245843554102, '64-128': 0.3623868588669125}} diag={'gate3_alpha_mean': 0.2907245457172394, 'gate3_alpha_min': 0.01715850830078125, 'gate3_alpha_max': 0.984619140625, 'gate3_alpha_std': 0.15635047852993011, 'gate3_alpha_p10': 0.1050567626953125, 'gate3_alpha_p50': 0.270538330078125, 'gate3_alpha_p90': 0.502197265625, 'block0_attn_entropy': 7.253579139709473, 'block1_attn_entropy': 7.52628755569458}
[step 760/5000] loss=2.0397 lr=2.869e-04 grad_norm=0.863 samples/s=73.86
[step 770/5000] loss=1.8510 lr=2.865e-04 grad_norm=0.679 samples/s=74.47
[step 780/5000] loss=2.0509 lr=2.861e-04 grad_norm=0.721 samples/s=74.56
[step 790/5000] loss=2.6562 lr=2.857e-04 grad_norm=1.157 samples/s=74.70
[step 800/5000] loss=2.0861 lr=2.853e-04 grad_norm=0.913 samples/s=74.59
[step 810/5000] loss=2.9229 lr=2.849e-04 grad_norm=0.814 samples/s=74.60
[step 820/5000] loss=1.7705 lr=2.845e-04 grad_norm=0.796 samples/s=74.52
[step 830/5000] loss=1.8188 lr=2.841e-04 grad_norm=0.810 samples/s=74.45
[step 840/5000] loss=1.5801 lr=2.836e-04 grad_norm=0.733 samples/s=74.37
[step 850/5000] loss=2.4132 lr=2.832e-04 grad_norm=0.882 samples/s=74.44
[step 860/5000] loss=1.9863 lr=2.828e-04 grad_norm=0.738 samples/s=74.14
[step 870/5000] loss=2.2901 lr=2.823e-04 grad_norm=0.747 samples/s=74.26
[step 880/5000] loss=2.3224 lr=2.819e-04 grad_norm=0.774 samples/s=74.14
[step 890/5000] loss=1.7621 lr=2.814e-04 grad_norm=0.886 samples/s=74.32
[step 900/5000] loss=1.7819 lr=2.809e-04 grad_norm=0.784 samples/s=74.32
[step 910/5000] loss=1.7960 lr=2.805e-04 grad_norm=1.074 samples/s=74.46
[step 920/5000] loss=2.2264 lr=2.800e-04 grad_norm=0.781 samples/s=74.39
[step 930/5000] loss=1.9555 lr=2.795e-04 grad_norm=1.032 samples/s=74.50
[step 940/5000] loss=1.7653 lr=2.790e-04 grad_norm=0.842 samples/s=74.41
[step 950/5000] loss=1.4009 lr=2.785e-04 grad_norm=0.873 samples/s=74.39
[step 960/5000] loss=2.8930 lr=2.780e-04 grad_norm=1.072 samples/s=74.35
[step 970/5000] loss=2.2725 lr=2.775e-04 grad_norm=0.914 samples/s=74.36
[step 980/5000] loss=2.2159 lr=2.770e-04 grad_norm=0.795 samples/s=74.14
[step 990/5000] loss=1.6413 lr=2.765e-04 grad_norm=0.867 samples/s=74.21
[step 1000/5000] loss=1.8387 lr=2.760e-04 grad_norm=1.123 samples/s=74.16
[val step 1000] loss=2.156722316741943 m01={'mean': 0.4087879517702531, 'median': 0.40837723366577183, 'p95': 0.6768365260710317, 'tail_frac_gt4px': 8.185315543914218e-05, 'n_matched': 12217} m02={'12-16': 0.9175317185697809, '16-32': 0.9548402594282969, '32-64': 0.9453749033754187, '64-128': 0.9424778761061947} m04={'accuracy': 0.5462879594008349, 'by_octave': {'12-16': 0.5417976115650535, '16-32': 0.6093081761006289, '32-64': 0.570727718724448, '64-128': 0.4346076458752515}} diag={'gate3_alpha_mean': 0.2870956361293793, 'gate3_alpha_min': 0.016628265380859375, 'gate3_alpha_max': 0.986083984375, 'gate3_alpha_std': 0.1578097939491272, 'gate3_alpha_p10': 0.10135650634765625, 'gate3_alpha_p50': 0.26544189453125, 'gate3_alpha_p90': 0.501220703125, 'block0_attn_entropy': 7.260608673095703, 'block1_attn_entropy': 7.492611885070801}
[step 1010/5000] loss=2.3307 lr=2.755e-04 grad_norm=1.007 samples/s=74.57
[step 1020/5000] loss=2.3523 lr=2.750e-04 grad_norm=1.271 samples/s=75.04
[step 1030/5000] loss=2.5457 lr=2.744e-04 grad_norm=0.845 samples/s=75.15
[step 1040/5000] loss=1.9752 lr=2.739e-04 grad_norm=0.877 samples/s=75.16
[step 1050/5000] loss=2.1566 lr=2.734e-04 grad_norm=0.960 samples/s=75.13
[step 1060/5000] loss=1.8870 lr=2.728e-04 grad_norm=0.834 samples/s=75.18
[step 1070/5000] loss=1.8664 lr=2.723e-04 grad_norm=0.800 samples/s=75.00
[step 1080/5000] loss=1.6411 lr=2.717e-04 grad_norm=0.825 samples/s=74.97
[step 1090/5000] loss=1.8490 lr=2.711e-04 grad_norm=0.813 samples/s=74.81
[step 1100/5000] loss=2.0846 lr=2.706e-04 grad_norm=0.774 samples/s=74.83
[step 1110/5000] loss=2.7546 lr=2.700e-04 grad_norm=0.886 samples/s=74.68
[step 1120/5000] loss=1.5045 lr=2.694e-04 grad_norm=1.346 samples/s=74.82
[step 1130/5000] loss=1.7180 lr=2.688e-04 grad_norm=0.833 samples/s=74.76
[step 1140/5000] loss=1.7841 lr=2.683e-04 grad_norm=1.034 samples/s=74.71
[step 1150/5000] loss=1.8725 lr=2.677e-04 grad_norm=0.815 samples/s=74.55
[step 1160/5000] loss=1.4810 lr=2.671e-04 grad_norm=0.818 samples/s=74.63
[step 1170/5000] loss=2.4222 lr=2.665e-04 grad_norm=0.923 samples/s=74.56
[step 1180/5000] loss=2.0132 lr=2.659e-04 grad_norm=1.033 samples/s=74.61
[step 1190/5000] loss=1.6272 lr=2.653e-04 grad_norm=0.767 samples/s=74.55
[step 1200/5000] loss=2.5936 lr=2.646e-04 grad_norm=1.054 samples/s=74.62
[step 1210/5000] loss=1.9507 lr=2.640e-04 grad_norm=0.821 samples/s=74.54
[step 1220/5000] loss=1.6487 lr=2.634e-04 grad_norm=1.239 samples/s=74.60
[step 1230/5000] loss=1.5470 lr=2.628e-04 grad_norm=1.028 samples/s=74.46
[step 1240/5000] loss=2.1692 lr=2.621e-04 grad_norm=1.065 samples/s=74.52
[step 1250/5000] loss=2.1353 lr=2.615e-04 grad_norm=0.738 samples/s=74.49
[val step 1250] loss=2.1061697959899903 m01={'mean': 0.4095148041321827, 'median': 0.40869065728572457, 'p95': 0.6781066047990212, 'tail_frac_gt4px': 0.0001637465203864418, 'n_matched': 12214} m02={'12-16': 0.9186851211072664, '16-32': 0.9541196252702379, '32-64': 0.9453749033754187, '64-128': 0.9418457648546145} m04={'accuracy': 0.5838382184378582, 'by_octave': {'12-16': 0.549278091650973, '16-32': 0.6273917421953675, '32-64': 0.6151539929136004, '64-128': 0.5057046979865771}} diag={'gate3_alpha_mean': 0.27925458550453186, 'gate3_alpha_min': 0.01586151123046875, 'gate3_alpha_max': 0.983642578125, 'gate3_alpha_std': 0.15618279576301575, 'gate3_alpha_p10': 0.0965423583984375, 'gate3_alpha_p50': 0.25726318359375, 'gate3_alpha_p90': 0.49072265625, 'block0_attn_entropy': 7.263245582580566, 'block1_attn_entropy': 7.448142051696777}
[step 1260/5000] loss=1.6712 lr=2.609e-04 grad_norm=0.744 samples/s=74.78
[step 1270/5000] loss=1.6498 lr=2.602e-04 grad_norm=0.800 samples/s=75.16
[step 1280/5000] loss=1.7844 lr=2.596e-04 grad_norm=0.748 samples/s=75.33
[step 1290/5000] loss=1.7383 lr=2.589e-04 grad_norm=0.892 samples/s=75.32
[step 1300/5000] loss=2.0528 lr=2.582e-04 grad_norm=1.196 samples/s=75.32
[step 1310/5000] loss=2.3843 lr=2.576e-04 grad_norm=1.173 samples/s=75.34
[step 1320/5000] loss=1.6846 lr=2.569e-04 grad_norm=0.973 samples/s=75.26
[step 1330/5000] loss=1.5692 lr=2.562e-04 grad_norm=0.816 samples/s=75.27
[step 1340/5000] loss=1.6273 lr=2.556e-04 grad_norm=0.886 samples/s=75.19
[step 1350/5000] loss=1.8076 lr=2.549e-04 grad_norm=0.816 samples/s=75.25
[step 1360/5000] loss=1.9339 lr=2.542e-04 grad_norm=1.010 samples/s=75.19
[step 1370/5000] loss=1.9884 lr=2.535e-04 grad_norm=0.822 samples/s=75.24
[step 1380/5000] loss=2.0977 lr=2.528e-04 grad_norm=1.000 samples/s=75.17
[step 1390/5000] loss=2.1395 lr=2.521e-04 grad_norm=0.986 samples/s=75.14
[step 1400/5000] loss=1.8592 lr=2.514e-04 grad_norm=0.859 samples/s=75.08
[step 1410/5000] loss=2.4100 lr=2.507e-04 grad_norm=1.174 samples/s=75.10
[step 1420/5000] loss=1.5433 lr=2.500e-04 grad_norm=0.911 samples/s=75.07
[step 1430/5000] loss=1.4767 lr=2.493e-04 grad_norm=0.899 samples/s=75.13
[step 1440/5000] loss=1.7630 lr=2.486e-04 grad_norm=1.053 samples/s=75.10
[step 1450/5000] loss=1.7705 lr=2.478e-04 grad_norm=0.843 samples/s=75.14
[step 1460/5000] loss=2.1216 lr=2.471e-04 grad_norm=1.016 samples/s=75.09
[step 1470/5000] loss=2.4565 lr=2.464e-04 grad_norm=0.757 samples/s=75.10
[step 1480/5000] loss=2.8627 lr=2.456e-04 grad_norm=1.164 samples/s=75.03
[step 1490/5000] loss=1.9018 lr=2.449e-04 grad_norm=0.909 samples/s=75.01
[step 1500/5000] loss=1.4721 lr=2.442e-04 grad_norm=1.076 samples/s=75.01
[val step 1500] loss=2.0598289699554444 m01={'mean': 0.4093127922435417, 'median': 0.4087474996963729, 'p95': 0.6781430992066545, 'tail_frac_gt4px': 0.00016384041943147374, 'n_matched': 12207} m02={'12-16': 0.916955017301038, '16-32': 0.9538794138842182, '32-64': 0.9451172378253028, '64-128': 0.9412136536030341} m04={'accuracy': 0.6150569345457524, 'by_octave': {'12-16': 0.559748427672956, '16-32': 0.6429111055149836, '32-64': 0.6589422028353326, '64-128': 0.5533915379449295}} diag={'gate3_alpha_mean': 0.2751067578792572, 'gate3_alpha_min': 0.01563262939453125, 'gate3_alpha_max': 0.984130859375, 'gate3_alpha_std': 0.1556355506181717, 'gate3_alpha_p10': 0.0936431884765625, 'gate3_alpha_p50': 0.25286865234375, 'gate3_alpha_p90': 0.485107421875, 'block0_attn_entropy': 7.269506931304932, 'block1_attn_entropy': 7.4576191902160645}
[step 1510/5000] loss=1.9212 lr=2.434e-04 grad_norm=0.981 samples/s=75.23
[step 1520/5000] loss=1.6568 lr=2.427e-04 grad_norm=0.952 samples/s=75.54
[step 1530/5000] loss=2.4756 lr=2.419e-04 grad_norm=1.157 samples/s=75.64
[step 1540/5000] loss=2.1408 lr=2.412e-04 grad_norm=0.875 samples/s=75.68
[step 1550/5000] loss=1.9108 lr=2.404e-04 grad_norm=1.031 samples/s=75.60
[step 1560/5000] loss=2.6789 lr=2.396e-04 grad_norm=0.906 samples/s=75.61
[step 1570/5000] loss=2.0663 lr=2.389e-04 grad_norm=0.980 samples/s=75.51
[step 1580/5000] loss=1.8703 lr=2.381e-04 grad_norm=0.776 samples/s=75.55
[step 1590/5000] loss=2.2797 lr=2.373e-04 grad_norm=0.811 samples/s=75.52
[step 1600/5000] loss=1.5682 lr=2.365e-04 grad_norm=0.827 samples/s=75.48
[step 1610/5000] loss=2.4604 lr=2.358e-04 grad_norm=1.192 samples/s=75.47
[step 1620/5000] loss=1.5702 lr=2.350e-04 grad_norm=0.788 samples/s=75.43
[step 1630/5000] loss=2.1844 lr=2.342e-04 grad_norm=1.055 samples/s=75.44
[step 1640/5000] loss=2.1507 lr=2.334e-04 grad_norm=1.002 samples/s=75.44
[step 1650/5000] loss=1.6441 lr=2.326e-04 grad_norm=0.962 samples/s=75.45
[step 1660/5000] loss=1.6450 lr=2.318e-04 grad_norm=0.895 samples/s=75.39
[step 1670/5000] loss=2.2877 lr=2.310e-04 grad_norm=0.966 samples/s=75.44
[step 1680/5000] loss=1.8096 lr=2.302e-04 grad_norm=0.881 samples/s=75.35
[step 1690/5000] loss=1.4015 lr=2.294e-04 grad_norm=0.974 samples/s=75.40
[step 1700/5000] loss=2.0015 lr=2.286e-04 grad_norm=0.865 samples/s=75.34
[step 1710/5000] loss=2.1637 lr=2.277e-04 grad_norm=0.915 samples/s=75.36
[step 1720/5000] loss=1.8653 lr=2.269e-04 grad_norm=0.933 samples/s=75.30
[step 1730/5000] loss=1.3556 lr=2.261e-04 grad_norm=1.090 samples/s=75.32
[step 1740/5000] loss=1.8117 lr=2.253e-04 grad_norm=0.879 samples/s=75.29
[step 1750/5000] loss=1.6287 lr=2.245e-04 grad_norm=1.111 samples/s=75.28
[val step 1750] loss=2.0214448394775393 m01={'mean': 0.4085634550604503, 'median': 0.4085989121630193, 'p95': 0.6771297886970103, 'tail_frac_gt4px': 8.19336337566571e-05, 'n_matched': 12205} m02={'12-16': 0.9186851211072664, '16-32': 0.9533989911121787, '32-64': 0.9446019067250708, '64-128': 0.940897597977244} m04={'accuracy': 0.6391642769356821, 'by_octave': {'12-16': 0.5731324544883867, '16-32': 0.6530612244897959, '32-64': 0.6879432624113475, '64-128': 0.5959019146792073}} diag={'gate3_alpha_mean': 0.2785354554653168, 'gate3_alpha_min': 0.01595306396484375, 'gate3_alpha_max': 0.98486328125, 'gate3_alpha_std': 0.1568949967622757, 'gate3_alpha_p10': 0.09545746445655823, 'gate3_alpha_p50': 0.256103515625, 'gate3_alpha_p90': 0.490966796875, 'block0_attn_entropy': 7.27790641784668, 'block1_attn_entropy': 7.453240871429443}
[step 1760/5000] loss=1.5235 lr=2.236e-04 grad_norm=0.907 samples/s=75.47
[step 1770/5000] loss=1.8262 lr=2.228e-04 grad_norm=0.924 samples/s=75.71
[step 1780/5000] loss=1.5991 lr=2.220e-04 grad_norm=0.873 samples/s=75.83
[step 1790/5000] loss=1.9403 lr=2.211e-04 grad_norm=1.004 samples/s=75.82
[step 1800/5000] loss=1.9062 lr=2.203e-04 grad_norm=0.745 samples/s=75.84
[step 1810/5000] loss=2.2954 lr=2.194e-04 grad_norm=0.720 samples/s=75.80
[step 1820/5000] loss=2.1262 lr=2.186e-04 grad_norm=1.097 samples/s=75.80
[step 1830/5000] loss=1.7611 lr=2.177e-04 grad_norm=0.798 samples/s=75.80
[step 1840/5000] loss=1.8083 lr=2.169e-04 grad_norm=1.093 samples/s=75.81
[step 1850/5000] loss=2.0315 lr=2.160e-04 grad_norm=0.922 samples/s=75.82
[step 1860/5000] loss=1.7671 lr=2.152e-04 grad_norm=1.124 samples/s=75.80
[step 1870/5000] loss=1.4398 lr=2.143e-04 grad_norm=0.727 samples/s=75.80
[step 1880/5000] loss=1.7799 lr=2.134e-04 grad_norm=0.849 samples/s=75.74
[step 1890/5000] loss=3.2329 lr=2.126e-04 grad_norm=1.779 samples/s=75.77
[step 1900/5000] loss=2.5040 lr=2.117e-04 grad_norm=0.790 samples/s=75.74
[step 1910/5000] loss=1.4233 lr=2.108e-04 grad_norm=0.825 samples/s=75.74
[step 1920/5000] loss=1.8381 lr=2.100e-04 grad_norm=0.913 samples/s=75.74
[step 1930/5000] loss=1.8834 lr=2.091e-04 grad_norm=0.808 samples/s=75.74
[step 1940/5000] loss=2.0027 lr=2.082e-04 grad_norm=1.063 samples/s=75.72
[step 1950/5000] loss=2.0091 lr=2.073e-04 grad_norm=1.073 samples/s=75.67
[step 1960/5000] loss=1.9420 lr=2.064e-04 grad_norm=0.904 samples/s=75.71
[step 1970/5000] loss=1.8218 lr=2.055e-04 grad_norm=0.790 samples/s=75.62
[step 1980/5000] loss=1.9961 lr=2.047e-04 grad_norm=1.080 samples/s=75.64
[step 1990/5000] loss=1.8894 lr=2.038e-04 grad_norm=0.973 samples/s=75.61
[step 2000/5000] loss=1.8802 lr=2.029e-04 grad_norm=0.893 samples/s=75.64
[val step 2000] loss=1.9905905494689942 m01={'mean': 0.40870581741471174, 'median': 0.40874247641102684, 'p95': 0.6783816391680664, 'tail_frac_gt4px': 8.19000819000819e-05, 'n_matched': 12210} m02={'12-16': 0.9192618223760092, '16-32': 0.9538794138842182, '32-64': 0.9446019067250708, '64-128': 0.9415297092288243} m04={'accuracy': 0.6610974610974611, 'by_octave': {'12-16': 0.5853199498117942, '16-32': 0.6660790732812893, '32-64': 0.7097654118930715, '64-128': 0.6351124538435716}} diag={'gate3_alpha_mean': 0.284824013710022, 'gate3_alpha_min': 0.016448974609375, 'gate3_alpha_max': 0.985595703125, 'gate3_alpha_std': 0.15948812663555145, 'gate3_alpha_p10': 0.09808349609375, 'gate3_alpha_p50': 0.261962890625, 'gate3_alpha_p90': 0.501953125, 'block0_attn_entropy': 7.281798839569092, 'block1_attn_entropy': 7.45443058013916}
[step 2010/5000] loss=2.1183 lr=2.020e-04 grad_norm=0.972 samples/s=75.85
[step 2020/5000] loss=1.4400 lr=2.011e-04 grad_norm=0.943 samples/s=76.08
[step 2030/5000] loss=1.7658 lr=2.002e-04 grad_norm=0.772 samples/s=76.06
[step 2040/5000] loss=1.4930 lr=1.993e-04 grad_norm=0.928 samples/s=76.11
[step 2050/5000] loss=2.2982 lr=1.984e-04 grad_norm=0.702 samples/s=76.10
[step 2060/5000] loss=1.9348 lr=1.975e-04 grad_norm=0.881 samples/s=76.09
[step 2070/5000] loss=1.5382 lr=1.966e-04 grad_norm=0.886 samples/s=76.13
[step 2080/5000] loss=2.1802 lr=1.957e-04 grad_norm=1.044 samples/s=76.08
[step 2090/5000] loss=2.0135 lr=1.948e-04 grad_norm=0.973 samples/s=76.04
[step 2100/5000] loss=2.0808 lr=1.938e-04 grad_norm=1.146 samples/s=76.02
[step 2110/5000] loss=3.0434 lr=1.929e-04 grad_norm=1.557 samples/s=75.98
[step 2120/5000] loss=1.8727 lr=1.920e-04 grad_norm=0.989 samples/s=76.00
[step 2130/5000] loss=1.8136 lr=1.911e-04 grad_norm=0.963 samples/s=75.96
[step 2140/5000] loss=2.3072 lr=1.902e-04 grad_norm=0.864 samples/s=76.00
[step 2150/5000] loss=1.8813 lr=1.893e-04 grad_norm=0.895 samples/s=75.98
[step 2160/5000] loss=1.5993 lr=1.883e-04 grad_norm=0.898 samples/s=76.01
[step 2170/5000] loss=1.4149 lr=1.874e-04 grad_norm=0.908 samples/s=75.97
[step 2180/5000] loss=2.3721 lr=1.865e-04 grad_norm=0.958 samples/s=75.98
[step 2190/5000] loss=1.6893 lr=1.856e-04 grad_norm=0.822 samples/s=75.90
[step 2200/5000] loss=2.7645 lr=1.846e-04 grad_norm=0.918 samples/s=75.94
[step 2210/5000] loss=2.7455 lr=1.837e-04 grad_norm=1.322 samples/s=75.83
[step 2220/5000] loss=1.5679 lr=1.828e-04 grad_norm=0.984 samples/s=75.88
[step 2230/5000] loss=2.0875 lr=1.818e-04 grad_norm=0.838 samples/s=75.82
[step 2240/5000] loss=2.1401 lr=1.809e-04 grad_norm=0.973 samples/s=75.82
[step 2250/5000] loss=2.1180 lr=1.800e-04 grad_norm=0.952 samples/s=75.78
[val step 2250] loss=1.9632372827529907 m01={'mean': 0.40859228267401354, 'median': 0.40862138680439386, 'p95': 0.678394001383408, 'tail_frac_gt4px': 8.1913499344692e-05, 'n_matched': 12208} m02={'12-16': 0.9175317185697809, '16-32': 0.9536392024981984, '32-64': 0.9448595722751868, '64-128': 0.9418457648546145} m04={'accuracy': 0.6749672346002621, 'by_octave': {'12-16': 0.5971087366436204, '16-32': 0.6690176322418137, '32-64': 0.7240250886283065, '64-128': 0.6640939597315436}} diag={'gate3_alpha_mean': 0.2831346094608307, 'gate3_alpha_min': 0.0167236328125, 'gate3_alpha_max': 0.986328125, 'gate3_alpha_std': 0.15857957303524017, 'gate3_alpha_p10': 0.0975494384765625, 'gate3_alpha_p50': 0.2606201171875, 'gate3_alpha_p90': 0.498046875, 'block0_attn_entropy': 7.27943229675293, 'block1_attn_entropy': 7.468170642852783}
[step 2260/5000] loss=1.7565 lr=1.790e-04 grad_norm=0.819 samples/s=75.92
[step 2270/5000] loss=1.5664 lr=1.781e-04 grad_norm=0.873 samples/s=76.13
[step 2280/5000] loss=1.6156 lr=1.772e-04 grad_norm=0.858 samples/s=76.20
[step 2290/5000] loss=2.3297 lr=1.762e-04 grad_norm=0.978 samples/s=76.20
[step 2300/5000] loss=2.0626 lr=1.753e-04 grad_norm=0.954 samples/s=76.18
[step 2310/5000] loss=1.8602 lr=1.744e-04 grad_norm=0.871 samples/s=76.15
[step 2320/5000] loss=1.5849 lr=1.734e-04 grad_norm=0.847 samples/s=76.14
[step 2330/5000] loss=1.6506 lr=1.725e-04 grad_norm=0.930 samples/s=76.09
[step 2340/5000] loss=1.8408 lr=1.715e-04 grad_norm=1.022 samples/s=76.13
[step 2350/5000] loss=2.0493 lr=1.706e-04 grad_norm=0.795 samples/s=76.11
[step 2360/5000] loss=2.0330 lr=1.696e-04 grad_norm=0.995 samples/s=76.13
[step 2370/5000] loss=1.8097 lr=1.687e-04 grad_norm=0.859 samples/s=76.05
[step 2380/5000] loss=2.1385 lr=1.677e-04 grad_norm=1.261 samples/s=76.08
[step 2390/5000] loss=2.3825 lr=1.668e-04 grad_norm=1.009 samples/s=76.01
[step 2400/5000] loss=2.3143 lr=1.659e-04 grad_norm=0.859 samples/s=76.01
[step 2410/5000] loss=1.8086 lr=1.649e-04 grad_norm=0.902 samples/s=75.98
[step 2420/5000] loss=2.3554 lr=1.640e-04 grad_norm=1.008 samples/s=75.99
[step 2430/5000] loss=1.8594 lr=1.630e-04 grad_norm=1.012 samples/s=75.94
[step 2440/5000] loss=1.5657 lr=1.621e-04 grad_norm=1.123 samples/s=75.95
[step 2450/5000] loss=2.2177 lr=1.611e-04 grad_norm=1.181 samples/s=75.89
[step 2460/5000] loss=1.8081 lr=1.602e-04 grad_norm=1.032 samples/s=75.86
[step 2470/5000] loss=1.6484 lr=1.592e-04 grad_norm=0.755 samples/s=75.84
[step 2480/5000] loss=1.9675 lr=1.583e-04 grad_norm=1.036 samples/s=75.86
[step 2490/5000] loss=2.0980 lr=1.573e-04 grad_norm=0.881 samples/s=75.80
[step 2500/5000] loss=1.6152 lr=1.564e-04 grad_norm=1.038 samples/s=75.83
[val step 2500] loss=1.9417799806594849 m01={'mean': 0.40931673479090647, 'median': 0.40869065728572457, 'p95': 0.6790285707364788, 'tail_frac_gt4px': 0.0001638001638001638, 'n_matched': 12210} m02={'12-16': 0.9181084198385236, '16-32': 0.9538794138842182, '32-64': 0.9446019067250708, '64-128': 0.9421618204804045} m04={'accuracy': 0.6874692874692875, 'by_octave': {'12-16': 0.6017587939698492, '16-32': 0.6776630571644422, '32-64': 0.743316966721222, '64-128': 0.6776249580677625}} diag={'gate3_alpha_mean': 0.2839828133583069, 'gate3_alpha_min': 0.01688385009765625, 'gate3_alpha_max': 0.9853515625, 'gate3_alpha_std': 0.15847082436084747, 'gate3_alpha_p10': 0.0983428955078125, 'gate3_alpha_p50': 0.261474609375, 'gate3_alpha_p90': 0.498779296875, 'block0_attn_entropy': 7.277858257293701, 'block1_attn_entropy': 7.46588134765625}
[step 2510/5000] loss=1.4906 lr=1.554e-04 grad_norm=0.729 samples/s=75.96
[step 2520/5000] loss=1.4430 lr=1.545e-04 grad_norm=0.738 samples/s=76.14
[step 2530/5000] loss=1.5866 lr=1.535e-04 grad_norm=0.724 samples/s=76.18
[step 2540/5000] loss=2.2798 lr=1.525e-04 grad_norm=1.099 samples/s=76.23
[step 2550/5000] loss=1.5911 lr=1.516e-04 grad_norm=0.814 samples/s=76.19
[step 2560/5000] loss=1.4435 lr=1.506e-04 grad_norm=0.970 samples/s=76.21
[step 2570/5000] loss=1.4451 lr=1.497e-04 grad_norm=0.952 samples/s=76.15
[step 2580/5000] loss=1.9281 lr=1.487e-04 grad_norm=0.863 samples/s=76.17
[step 2590/5000] loss=1.8822 lr=1.478e-04 grad_norm=0.825 samples/s=76.13
[step 2600/5000] loss=1.8872 lr=1.468e-04 grad_norm=1.304 samples/s=76.14
[step 2610/5000] loss=1.8491 lr=1.459e-04 grad_norm=1.095 samples/s=76.06
[step 2620/5000] loss=2.3690 lr=1.449e-04 grad_norm=0.973 samples/s=76.10
[step 2630/5000] loss=1.8050 lr=1.440e-04 grad_norm=0.842 samples/s=76.07
[step 2640/5000] loss=1.4930 lr=1.430e-04 grad_norm=0.702 samples/s=76.08
[step 2650/5000] loss=1.3289 lr=1.421e-04 grad_norm=0.696 samples/s=76.05
[step 2660/5000] loss=1.7656 lr=1.411e-04 grad_norm=0.926 samples/s=76.06
[step 2670/5000] loss=2.4059 lr=1.402e-04 grad_norm=1.128 samples/s=76.03
[step 2680/5000] loss=1.7077 lr=1.392e-04 grad_norm=0.948 samples/s=76.07
[step 2690/5000] loss=2.0483 lr=1.383e-04 grad_norm=0.905 samples/s=76.01
[step 2700/5000] loss=1.7531 lr=1.373e-04 grad_norm=1.085 samples/s=76.02
[step 2710/5000] loss=1.5617 lr=1.364e-04 grad_norm=0.897 samples/s=76.00
[step 2720/5000] loss=2.9193 lr=1.354e-04 grad_norm=1.034 samples/s=76.02
[step 2730/5000] loss=2.2259 lr=1.345e-04 grad_norm=0.898 samples/s=75.97
[step 2740/5000] loss=1.4703 lr=1.335e-04 grad_norm=1.016 samples/s=75.96
[step 2750/5000] loss=1.4045 lr=1.326e-04 grad_norm=1.025 samples/s=75.91
[val step 2750] loss=1.9248965454101563 m01={'mean': 0.4097615595815279, 'median': 0.4088226806099023, 'p95': 0.679616349818927, 'tail_frac_gt4px': 0.00016381358014579407, 'n_matched': 12209} m02={'12-16': 0.9192618223760092, '16-32': 0.9533989911121787, '32-64': 0.9446019067250708, '64-128': 0.9418457648546145} m04={'accuracy': 0.6955524612990417, 'by_octave': {'12-16': 0.6028858218318696, '16-32': 0.6870748299319728, '32-64': 0.7515002727768685, '64-128': 0.6875838926174497}} diag={'gate3_alpha_mean': 0.2863967716693878, 'gate3_alpha_min': 0.01709747314453125, 'gate3_alpha_max': 0.986328125, 'gate3_alpha_std': 0.1590740978717804, 'gate3_alpha_p10': 0.09994354844093323, 'gate3_alpha_p50': 0.2637939453125, 'gate3_alpha_p90': 0.501953125, 'block0_attn_entropy': 7.2673749923706055, 'block1_attn_entropy': 7.453821659088135}
[step 2760/5000] loss=1.7069 lr=1.317e-04 grad_norm=1.204 samples/s=76.06
[step 2770/5000] loss=1.6452 lr=1.307e-04 grad_norm=0.953 samples/s=76.19
[step 2780/5000] loss=1.8680 lr=1.298e-04 grad_norm=0.792 samples/s=76.22
[step 2790/5000] loss=1.4552 lr=1.288e-04 grad_norm=1.051 samples/s=76.25
[step 2800/5000] loss=2.0390 lr=1.279e-04 grad_norm=0.977 samples/s=76.20
[step 2810/5000] loss=1.5806 lr=1.270e-04 grad_norm=0.962 samples/s=76.16
[step 2820/5000] loss=1.4089 lr=1.260e-04 grad_norm=0.874 samples/s=76.18
[step 2830/5000] loss=2.2819 lr=1.251e-04 grad_norm=0.968 samples/s=76.16
[step 2840/5000] loss=1.8542 lr=1.241e-04 grad_norm=0.869 samples/s=76.14
[step 2850/5000] loss=1.8230 lr=1.232e-04 grad_norm=0.713 samples/s=76.12
[step 2860/5000] loss=1.6133 lr=1.223e-04 grad_norm=1.021 samples/s=76.14
[step 2870/5000] loss=2.0215 lr=1.213e-04 grad_norm=1.055 samples/s=76.11
[step 2880/5000] loss=1.5063 lr=1.204e-04 grad_norm=0.902 samples/s=76.13
[step 2890/5000] loss=1.6269 lr=1.195e-04 grad_norm=1.016 samples/s=76.04
[step 2900/5000] loss=1.8846 lr=1.185e-04 grad_norm=0.879 samples/s=76.06
[step 2910/5000] loss=1.4826 lr=1.176e-04 grad_norm=0.921 samples/s=76.05
[step 2920/5000] loss=1.6372 lr=1.167e-04 grad_norm=0.897 samples/s=76.07
[step 2930/5000] loss=1.5106 lr=1.158e-04 grad_norm=0.806 samples/s=76.05
[step 2940/5000] loss=1.5481 lr=1.148e-04 grad_norm=0.743 samples/s=75.98
[step 2950/5000] loss=1.4476 lr=1.139e-04 grad_norm=0.975 samples/s=75.97
[step 2960/5000] loss=1.9493 lr=1.130e-04 grad_norm=1.039 samples/s=75.99
[step 2970/5000] loss=1.6285 lr=1.121e-04 grad_norm=1.048 samples/s=75.86
[step 2980/5000] loss=1.5062 lr=1.112e-04 grad_norm=0.763 samples/s=75.89
[step 2990/5000] loss=2.2167 lr=1.103e-04 grad_norm=0.966 samples/s=75.82
[step 3000/5000] loss=1.4371 lr=1.093e-04 grad_norm=0.833 samples/s=75.84
[val step 3000] loss=1.9099848442077636 m01={'mean': 0.40942786994349256, 'median': 0.40858137532990735, 'p95': 0.6787575281309094, 'tail_frac_gt4px': 0.00016390755613833797, 'n_matched': 12202} m02={'12-16': 0.9186851211072664, '16-32': 0.9533989911121787, '32-64': 0.9435712445246071, '64-128': 0.9412136536030341} m04={'accuracy': 0.7035731847238158, 'by_octave': {'12-16': 0.6070307595731325, '16-32': 0.6923658352229781, '32-64': 0.7588749317312944, '64-128': 0.7021490933512424}} diag={'gate3_alpha_mean': 0.29449567198753357, 'gate3_alpha_min': 0.018222808837890625, 'gate3_alpha_max': 0.987060546875, 'gate3_alpha_std': 0.16104447841644287, 'gate3_alpha_p10': 0.104248046875, 'gate3_alpha_p50': 0.2725830078125, 'gate3_alpha_p90': 0.51318359375, 'block0_attn_entropy': 7.273570537567139, 'block1_attn_entropy': 7.453699588775635}
[step 3010/5000] loss=1.8785 lr=1.084e-04 grad_norm=1.421 samples/s=75.98
[step 3020/5000] loss=1.5148 lr=1.075e-04 grad_norm=0.740 samples/s=76.14
[step 3030/5000] loss=2.0765 lr=1.066e-04 grad_norm=0.916 samples/s=76.12
[step 3040/5000] loss=1.2820 lr=1.057e-04 grad_norm=0.899 samples/s=76.13
[step 3050/5000] loss=1.5123 lr=1.048e-04 grad_norm=0.910 samples/s=76.05
[step 3060/5000] loss=1.9026 lr=1.039e-04 grad_norm=0.937 samples/s=76.09
[step 3070/5000] loss=1.8299 lr=1.030e-04 grad_norm=1.045 samples/s=76.06
[step 3080/5000] loss=2.0719 lr=1.021e-04 grad_norm=1.284 samples/s=76.07
[step 3090/5000] loss=1.6540 lr=1.012e-04 grad_norm=1.160 samples/s=75.95
[step 3100/5000] loss=1.3056 lr=1.003e-04 grad_norm=0.770 samples/s=75.96
[step 3110/5000] loss=2.0012 lr=9.941e-05 grad_norm=1.077 samples/s=75.92
[step 3120/5000] loss=1.8569 lr=9.852e-05 grad_norm=0.912 samples/s=75.96
[step 3130/5000] loss=2.1916 lr=9.763e-05 grad_norm=1.075 samples/s=75.92
[step 3140/5000] loss=2.2981 lr=9.674e-05 grad_norm=1.283 samples/s=75.96
[step 3150/5000] loss=1.4367 lr=9.586e-05 grad_norm=0.880 samples/s=75.93
[step 3160/5000] loss=1.8375 lr=9.498e-05 grad_norm=0.918 samples/s=75.94
[step 3170/5000] loss=1.6325 lr=9.410e-05 grad_norm=0.970 samples/s=75.88
[step 3180/5000] loss=2.1102 lr=9.322e-05 grad_norm=0.898 samples/s=75.93
[step 3190/5000] loss=1.6626 lr=9.235e-05 grad_norm=1.082 samples/s=75.90
[step 3200/5000] loss=1.5158 lr=9.148e-05 grad_norm=0.806 samples/s=75.90
[step 3210/5000] loss=1.8266 lr=9.061e-05 grad_norm=0.844 samples/s=75.85
[step 3220/5000] loss=1.6683 lr=8.974e-05 grad_norm=1.035 samples/s=75.83
[step 3230/5000] loss=1.8104 lr=8.888e-05 grad_norm=0.814 samples/s=75.82
[step 3240/5000] loss=2.8196 lr=8.801e-05 grad_norm=1.144 samples/s=75.87
[step 3250/5000] loss=2.3840 lr=8.715e-05 grad_norm=1.075 samples/s=75.75
[val step 3250] loss=1.8976414928436278 m01={'mean': 0.4094940030829584, 'median': 0.40862138680439386, 'p95': 0.6787575281309094, 'tail_frac_gt4px': 0.00016390755613833797, 'n_matched': 12202} m02={'12-16': 0.9186851211072664, '16-32': 0.9533989911121787, '32-64': 0.943828910074723, '64-128': 0.940897597977244} m04={'accuracy': 0.7088182265202426, 'by_octave': {'12-16': 0.6101694915254238, '16-32': 0.6986646510456034, '32-64': 0.7646737646737647, '64-128': 0.7064158548874706}} diag={'gate3_alpha_mean': 0.2969103157520294, 'gate3_alpha_min': 0.0185546875, 'gate3_alpha_max': 0.987060546875, 'gate3_alpha_std': 0.16101792454719543, 'gate3_alpha_p10': 0.1061248779296875, 'gate3_alpha_p50': 0.2755126953125, 'gate3_alpha_p90': 0.5150146484375, 'block0_attn_entropy': 7.270853042602539, 'block1_attn_entropy': 7.472888946533203}
[step 3260/5000] loss=1.5086 lr=8.630e-05 grad_norm=0.793 samples/s=75.90
[step 3270/5000] loss=1.6306 lr=8.544e-05 grad_norm=0.828 samples/s=76.06
[step 3280/5000] loss=2.3415 lr=8.459e-05 grad_norm=0.921 samples/s=76.00
[step 3290/5000] loss=1.8507 lr=8.374e-05 grad_norm=0.867 samples/s=76.03
[step 3300/5000] loss=1.8824 lr=8.290e-05 grad_norm=0.978 samples/s=75.94
[step 3310/5000] loss=1.2398 lr=8.205e-05 grad_norm=0.832 samples/s=75.95
[step 3320/5000] loss=1.6642 lr=8.121e-05 grad_norm=0.738 samples/s=75.90
[step 3330/5000] loss=2.3070 lr=8.038e-05 grad_norm=1.001 samples/s=75.89
[step 3340/5000] loss=1.7610 lr=7.954e-05 grad_norm=1.009 samples/s=75.85
[step 3350/5000] loss=2.1596 lr=7.871e-05 grad_norm=0.965 samples/s=75.89
[step 3360/5000] loss=2.1865 lr=7.788e-05 grad_norm=1.022 samples/s=75.86
[step 3370/5000] loss=1.7217 lr=7.706e-05 grad_norm=1.083 samples/s=75.89
[step 3380/5000] loss=2.0227 lr=7.624e-05 grad_norm=1.045 samples/s=75.89
[step 3390/5000] loss=1.5143 lr=7.542e-05 grad_norm=0.992 samples/s=75.93
[step 3400/5000] loss=2.5893 lr=7.460e-05 grad_norm=1.025 samples/s=75.93
[step 3410/5000] loss=1.4188 lr=7.379e-05 grad_norm=0.818 samples/s=75.95
[step 3420/5000] loss=1.8183 lr=7.298e-05 grad_norm=1.011 samples/s=75.92
[step 3430/5000] loss=1.7235 lr=7.217e-05 grad_norm=0.934 samples/s=75.93
[step 3440/5000] loss=1.5004 lr=7.137e-05 grad_norm=0.790 samples/s=75.91
[step 3450/5000] loss=1.5682 lr=7.057e-05 grad_norm=0.836 samples/s=75.92
[step 3460/5000] loss=1.4611 lr=6.977e-05 grad_norm=0.932 samples/s=75.87
[step 3470/5000] loss=2.6554 lr=6.898e-05 grad_norm=0.830 samples/s=75.90
[step 3480/5000] loss=1.5273 lr=6.819e-05 grad_norm=0.785 samples/s=75.84
[step 3490/5000] loss=1.4926 lr=6.740e-05 grad_norm=0.975 samples/s=75.88
[step 3500/5000] loss=2.1559 lr=6.662e-05 grad_norm=0.763 samples/s=75.85
[val step 3500] loss=1.8896037836074828 m01={'mean': 0.4090620062265702, 'median': 0.40873745312568077, 'p95': 0.6784457690006456, 'tail_frac_gt4px': 8.197393228953193e-05, 'n_matched': 12199} m02={'12-16': 0.9175317185697809, '16-32': 0.9529185683401393, '32-64': 0.9443442411749549, '64-128': 0.9405815423514539} m04={'accuracy': 0.7130912369866382, 'by_octave': {'12-16': 0.6128221244500315, '16-32': 0.7012856062515755, '32-64': 0.7691678035470668, '64-128': 0.7133736559139785}} diag={'gate3_alpha_mean': 0.29447245597839355, 'gate3_alpha_min': 0.0185546875, 'gate3_alpha_max': 0.986083984375, 'gate3_alpha_std': 0.15972600877285004, 'gate3_alpha_p10': 0.10565185546875, 'gate3_alpha_p50': 0.2730712890625, 'gate3_alpha_p90': 0.5107421875, 'block0_attn_entropy': 7.267046928405762, 'block1_attn_entropy': 7.475058555603027}
[step 3510/5000] loss=1.4886 lr=6.584e-05 grad_norm=0.996 samples/s=75.95
[step 3520/5000] loss=1.2418 lr=6.506e-05 grad_norm=0.748 samples/s=76.09
[step 3530/5000] loss=1.9771 lr=6.429e-05 grad_norm=0.851 samples/s=76.08
[step 3540/5000] loss=1.7662 lr=6.352e-05 grad_norm=0.875 samples/s=76.05
[step 3550/5000] loss=1.4879 lr=6.276e-05 grad_norm=1.001 samples/s=76.06
[step 3560/5000] loss=2.9439 lr=6.200e-05 grad_norm=0.934 samples/s=75.98
[step 3570/5000] loss=1.1767 lr=6.124e-05 grad_norm=0.878 samples/s=75.98
[step 3580/5000] loss=1.4228 lr=6.048e-05 grad_norm=0.831 samples/s=75.96
[step 3590/5000] loss=1.6082 lr=5.973e-05 grad_norm=0.851 samples/s=75.99
[step 3600/5000] loss=1.6779 lr=5.899e-05 grad_norm=1.217 samples/s=75.97
[step 3610/5000] loss=2.3487 lr=5.824e-05 grad_norm=0.902 samples/s=75.96
[step 3620/5000] loss=1.4205 lr=5.750e-05 grad_norm=0.849 samples/s=75.92
[step 3630/5000] loss=1.5826 lr=5.677e-05 grad_norm=0.971 samples/s=75.95
[step 3640/5000] loss=1.5213 lr=5.604e-05 grad_norm=0.962 samples/s=75.93
[step 3650/5000] loss=1.8638 lr=5.531e-05 grad_norm=0.987 samples/s=75.92
[step 3660/5000] loss=2.4064 lr=5.459e-05 grad_norm=0.990 samples/s=75.94
[step 3670/5000] loss=1.2932 lr=5.387e-05 grad_norm=0.858 samples/s=75.90
[step 3680/5000] loss=1.7082 lr=5.315e-05 grad_norm=0.818 samples/s=75.93
[step 3690/5000] loss=1.4584 lr=5.244e-05 grad_norm=1.025 samples/s=75.90
[step 3700/5000] loss=1.9143 lr=5.173e-05 grad_norm=0.966 samples/s=75.90
[step 3710/5000] loss=1.7693 lr=5.103e-05 grad_norm=0.886 samples/s=75.91
[step 3720/5000] loss=1.7264 lr=5.033e-05 grad_norm=0.913 samples/s=75.89
[step 3730/5000] loss=1.9922 lr=4.964e-05 grad_norm=0.863 samples/s=75.90
[step 3740/5000] loss=1.6572 lr=4.895e-05 grad_norm=1.042 samples/s=75.91
[step 3750/5000] loss=1.7848 lr=4.826e-05 grad_norm=0.834 samples/s=75.84
[val step 3750] loss=1.8832525186538696 m01={'mean': 0.4092892112189013, 'median': 0.4088217158770179, 'p95': 0.6800361252425171, 'tail_frac_gt4px': 8.194034742707309e-05, 'n_matched': 12204} m02={'12-16': 0.9186851211072664, '16-32': 0.953158779726159, '32-64': 0.944086575624839, '64-128': 0.9415297092288243} m04={'accuracy': 0.7162405768600459, 'by_octave': {'12-16': 0.6126804770872567, '16-32': 0.7051411290322581, '32-64': 0.7712882096069869, '64-128': 0.7186975495132595}} diag={'gate3_alpha_mean': 0.29340261220932007, 'gate3_alpha_min': 0.018383026123046875, 'gate3_alpha_max': 0.986083984375, 'gate3_alpha_std': 0.15919503569602966, 'gate3_alpha_p10': 0.10516357421875, 'gate3_alpha_p50': 0.27227783203125, 'gate3_alpha_p90': 0.5081787109375, 'block0_attn_entropy': 7.2606024742126465, 'block1_attn_entropy': 7.48251485824585}
[step 3760/5000] loss=1.3490 lr=4.758e-05 grad_norm=0.797 samples/s=75.98
[step 3770/5000] loss=1.2675 lr=4.690e-05 grad_norm=0.882 samples/s=76.10
[step 3780/5000] loss=2.9530 lr=4.623e-05 grad_norm=1.073 samples/s=76.08
[step 3790/5000] loss=1.5473 lr=4.556e-05 grad_norm=0.843 samples/s=76.08
[step 3800/5000] loss=2.2470 lr=4.489e-05 grad_norm=1.178 samples/s=76.01
[step 3810/5000] loss=2.0832 lr=4.423e-05 grad_norm=0.990 samples/s=76.02
[step 3820/5000] loss=2.0040 lr=4.357e-05 grad_norm=0.909 samples/s=76.02
[step 3830/5000] loss=2.1363 lr=4.292e-05 grad_norm=1.018 samples/s=76.03
[step 3840/5000] loss=1.5259 lr=4.228e-05 grad_norm=0.875 samples/s=75.97
[step 3850/5000] loss=1.5831 lr=4.163e-05 grad_norm=0.920 samples/s=75.97
[step 3860/5000] loss=1.7853 lr=4.099e-05 grad_norm=0.970 samples/s=75.95
[step 3870/5000] loss=2.6348 lr=4.036e-05 grad_norm=0.912 samples/s=75.98
[step 3880/5000] loss=1.4986 lr=3.973e-05 grad_norm=0.950 samples/s=75.93
[step 3890/5000] loss=1.4768 lr=3.911e-05 grad_norm=0.832 samples/s=75.93
[step 3900/5000] loss=1.3025 lr=3.849e-05 grad_norm=0.701 samples/s=75.90
[step 3910/5000] loss=1.4267 lr=3.787e-05 grad_norm=0.766 samples/s=75.88
[step 3920/5000] loss=2.3716 lr=3.726e-05 grad_norm=0.922 samples/s=75.88
[step 3930/5000] loss=1.6596 lr=3.666e-05 grad_norm=0.816 samples/s=75.86
[step 3940/5000] loss=2.2412 lr=3.605e-05 grad_norm=0.916 samples/s=75.88
[step 3950/5000] loss=1.4998 lr=3.546e-05 grad_norm=1.055 samples/s=75.86
[step 3960/5000] loss=2.0184 lr=3.487e-05 grad_norm=0.938 samples/s=75.87
[step 3970/5000] loss=1.7946 lr=3.428e-05 grad_norm=0.886 samples/s=75.86
[step 3980/5000] loss=1.7939 lr=3.370e-05 grad_norm=1.008 samples/s=75.89
[step 3990/5000] loss=1.5730 lr=3.312e-05 grad_norm=1.016 samples/s=75.87
[step 4000/5000] loss=1.7609 lr=3.255e-05 grad_norm=1.025 samples/s=75.89
[val step 4000] loss=1.8781712055206299 m01={'mean': 0.40978256579998995, 'median': 0.4088207511441335, 'p95': 0.6803873991469116, 'tail_frac_gt4px': 0.0001638672675133142, 'n_matched': 12205} m02={'12-16': 0.9186851211072664, '16-32': 0.9536392024981984, '32-64': 0.9443442411749549, '64-128': 0.940897597977244} m04={'accuracy': 0.7205243752560426, 'by_octave': {'12-16': 0.6164469554300063, '16-32': 0.7083123425692696, '32-64': 0.7757162346521146, '64-128': 0.7245549210614712}} diag={'gate3_alpha_mean': 0.29271605610847473, 'gate3_alpha_min': 0.018383026123046875, 'gate3_alpha_max': 0.986083984375, 'gate3_alpha_std': 0.15890520811080933, 'gate3_alpha_p10': 0.10493317246437073, 'gate3_alpha_p50': 0.27154541015625, 'gate3_alpha_p90': 0.5068359375, 'block0_attn_entropy': 7.270092010498047, 'block1_attn_entropy': 7.487152099609375}
[step 4010/5000] loss=1.8143 lr=3.198e-05 grad_norm=0.932 samples/s=76.01
[step 4020/5000] loss=1.6556 lr=3.142e-05 grad_norm=0.773 samples/s=76.13
[step 4030/5000] loss=1.7656 lr=3.086e-05 grad_norm=1.025 samples/s=76.09
[step 4040/5000] loss=1.6824 lr=3.031e-05 grad_norm=1.384 samples/s=76.11
[step 4050/5000] loss=1.6739 lr=2.976e-05 grad_norm=0.844 samples/s=76.09
[step 4060/5000] loss=1.8942 lr=2.922e-05 grad_norm=0.986 samples/s=76.09
[step 4070/5000] loss=1.7985 lr=2.868e-05 grad_norm=0.734 samples/s=76.05
[step 4080/5000] loss=1.5456 lr=2.815e-05 grad_norm=0.814 samples/s=76.05
[step 4090/5000] loss=2.0389 lr=2.762e-05 grad_norm=0.736 samples/s=76.05
[step 4100/5000] loss=2.5033 lr=2.710e-05 grad_norm=0.936 samples/s=76.01
[step 4110/5000] loss=2.3202 lr=2.658e-05 grad_norm=0.982 samples/s=76.02
[step 4120/5000] loss=2.1305 lr=2.607e-05 grad_norm=1.055 samples/s=75.99
[step 4130/5000] loss=2.1618 lr=2.556e-05 grad_norm=1.091 samples/s=76.00
[step 4140/5000] loss=1.6459 lr=2.506e-05 grad_norm=1.055 samples/s=75.95
[step 4150/5000] loss=1.7445 lr=2.456e-05 grad_norm=1.208 samples/s=75.97
[step 4160/5000] loss=1.9863 lr=2.407e-05 grad_norm=1.046 samples/s=75.95
[step 4170/5000] loss=1.4682 lr=2.358e-05 grad_norm=0.857 samples/s=75.91
[step 4180/5000] loss=1.7792 lr=2.310e-05 grad_norm=0.821 samples/s=75.95
[step 4190/5000] loss=1.4255 lr=2.263e-05 grad_norm=0.842 samples/s=75.94
[step 4200/5000] loss=1.5947 lr=2.216e-05 grad_norm=1.095 samples/s=75.96
[step 4210/5000] loss=1.5761 lr=2.169e-05 grad_norm=0.926 samples/s=75.94
[step 4220/5000] loss=2.3547 lr=2.123e-05 grad_norm=1.029 samples/s=75.96
[step 4230/5000] loss=1.9595 lr=2.078e-05 grad_norm=1.161 samples/s=75.95
[step 4240/5000] loss=2.4759 lr=2.033e-05 grad_norm=1.417 samples/s=75.95
[step 4250/5000] loss=1.9862 lr=1.988e-05 grad_norm=1.080 samples/s=75.92
[val step 4250] loss=1.8745548715591431 m01={'mean': 0.40910540931627826, 'median': 0.40864386144576836, 'p95': 0.6791664061384584, 'tail_frac_gt4px': 8.194706219782021e-05, 'n_matched': 12203} m02={'12-16': 0.9181084198385236, '16-32': 0.9529185683401393, '32-64': 0.9446019067250708, '64-128': 0.9412136536030341} m04={'accuracy': 0.7200688355322462, 'by_octave': {'12-16': 0.6193467336683417, '16-32': 0.7075875976808672, '32-64': 0.7746863066012002, '64-128': 0.7233042310275353}} diag={'gate3_alpha_mean': 0.2924226224422455, 'gate3_alpha_min': 0.018383026123046875, 'gate3_alpha_max': 0.986083984375, 'gate3_alpha_std': 0.15873514115810394, 'gate3_alpha_p10': 0.10491943359375, 'gate3_alpha_p50': 0.27117919921875, 'gate3_alpha_p90': 0.506591796875, 'block0_attn_entropy': 7.262640953063965, 'block1_attn_entropy': 7.487351894378662}
[step 4260/5000] loss=1.9436 lr=1.945e-05 grad_norm=0.879 samples/s=76.02
[step 4270/5000] loss=1.5001 lr=1.901e-05 grad_norm=1.068 samples/s=76.13
[step 4280/5000] loss=2.3848 lr=1.859e-05 grad_norm=0.791 samples/s=76.13
[step 4290/5000] loss=1.9019 lr=1.816e-05 grad_norm=1.009 samples/s=76.14
[step 4300/5000] loss=2.1430 lr=1.775e-05 grad_norm=1.043 samples/s=76.09
[step 4310/5000] loss=2.0893 lr=1.734e-05 grad_norm=0.985 samples/s=76.08
[step 4320/5000] loss=2.0580 lr=1.693e-05 grad_norm=0.917 samples/s=76.04
[step 4330/5000] loss=1.9467 lr=1.653e-05 grad_norm=1.453 samples/s=76.04
[step 4340/5000] loss=1.5461 lr=1.614e-05 grad_norm=0.956 samples/s=76.00
[step 4350/5000] loss=1.7962 lr=1.575e-05 grad_norm=0.905 samples/s=76.03
[step 4360/5000] loss=1.4542 lr=1.537e-05 grad_norm=1.103 samples/s=75.99
[step 4370/5000] loss=1.8247 lr=1.499e-05 grad_norm=0.902 samples/s=76.02
[step 4380/5000] loss=1.6144 lr=1.462e-05 grad_norm=1.095 samples/s=76.02
[step 4390/5000] loss=1.7220 lr=1.425e-05 grad_norm=0.946 samples/s=76.00
[step 4400/5000] loss=1.7703 lr=1.389e-05 grad_norm=1.012 samples/s=75.97
[step 4410/5000] loss=1.8140 lr=1.353e-05 grad_norm=1.004 samples/s=75.98
[step 4420/5000] loss=1.3439 lr=1.318e-05 grad_norm=0.939 samples/s=75.97
[step 4430/5000] loss=1.7809 lr=1.284e-05 grad_norm=0.791 samples/s=75.98
[step 4440/5000] loss=1.0312 lr=1.250e-05 grad_norm=0.707 samples/s=76.00
[step 4450/5000] loss=1.4757 lr=1.217e-05 grad_norm=0.704 samples/s=75.97
[step 4460/5000] loss=1.9410 lr=1.184e-05 grad_norm=1.043 samples/s=75.97
[step 4470/5000] loss=2.5783 lr=1.152e-05 grad_norm=1.256 samples/s=75.97
[step 4480/5000] loss=1.4443 lr=1.121e-05 grad_norm=0.703 samples/s=75.92
[step 4490/5000] loss=2.4783 lr=1.090e-05 grad_norm=0.970 samples/s=75.92
[step 4500/5000] loss=1.4777 lr=1.060e-05 grad_norm=0.859 samples/s=75.92
[val step 4500] loss=1.8734851236343384 m01={'mean': 0.40938875946096437, 'median': 0.40886697895715307, 'p95': 0.6799782221182551, 'tail_frac_gt4px': 8.194034742707309e-05, 'n_matched': 12204} m02={'12-16': 0.9181084198385236, '16-32': 0.9533989911121787, '32-64': 0.9443442411749549, '64-128': 0.9412136536030341} m04={'accuracy': 0.7206653556211078, 'by_octave': {'12-16': 0.6199748743718593, '16-32': 0.7072310405643739, '32-64': 0.7759890859481583, '64-128': 0.7243116185359302}} diag={'gate3_alpha_mean': 0.2928789258003235, 'gate3_alpha_min': 0.018383026123046875, 'gate3_alpha_max': 0.986083984375, 'gate3_alpha_std': 0.1590125858783722, 'gate3_alpha_p10': 0.10504150390625, 'gate3_alpha_p50': 0.2716064453125, 'gate3_alpha_p90': 0.5076904296875, 'block0_attn_entropy': 7.2618184089660645, 'block1_attn_entropy': 7.485590934753418}
[step 4510/5000] loss=2.0316 lr=1.030e-05 grad_norm=1.060 samples/s=76.01
[step 4520/5000] loss=1.5485 lr=1.001e-05 grad_norm=0.858 samples/s=76.11
[step 4530/5000] loss=1.5111 lr=9.720e-06 grad_norm=1.109 samples/s=76.11
[step 4540/5000] loss=1.9896 lr=9.439e-06 grad_norm=0.866 samples/s=76.11
[step 4550/5000] loss=2.6118 lr=9.165e-06 grad_norm=1.216 samples/s=76.10
[step 4560/5000] loss=1.1425 lr=8.896e-06 grad_norm=0.788 samples/s=76.09
[step 4570/5000] loss=1.5336 lr=8.634e-06 grad_norm=0.763 samples/s=76.08
[step 4580/5000] loss=2.1863 lr=8.377e-06 grad_norm=1.077 samples/s=76.08
[step 4590/5000] loss=1.6123 lr=8.126e-06 grad_norm=0.942 samples/s=76.05
[step 4600/5000] loss=2.8840 lr=7.881e-06 grad_norm=0.928 samples/s=76.06
[step 4610/5000] loss=1.9896 lr=7.642e-06 grad_norm=1.140 samples/s=76.01
[step 4620/5000] loss=2.1255 lr=7.409e-06 grad_norm=0.942 samples/s=76.03
[step 4630/5000] loss=1.7813 lr=7.181e-06 grad_norm=0.837 samples/s=75.99
[step 4640/5000] loss=1.8814 lr=6.960e-06 grad_norm=0.820 samples/s=76.02
[step 4650/5000] loss=1.3654 lr=6.744e-06 grad_norm=0.790 samples/s=76.01
[step 4660/5000] loss=1.2389 lr=6.535e-06 grad_norm=0.790 samples/s=76.02
[step 4670/5000] loss=2.4080 lr=6.331e-06 grad_norm=0.898 samples/s=75.99
[step 4680/5000] loss=1.3980 lr=6.134e-06 grad_norm=0.999 samples/s=76.02
[step 4690/5000] loss=1.8315 lr=5.942e-06 grad_norm=0.894 samples/s=75.98
[step 4700/5000] loss=1.2100 lr=5.757e-06 grad_norm=0.891 samples/s=75.98
[step 4710/5000] loss=1.7073 lr=5.577e-06 grad_norm=1.044 samples/s=75.96
[step 4720/5000] loss=2.1224 lr=5.403e-06 grad_norm=0.950 samples/s=75.96
[step 4730/5000] loss=1.6496 lr=5.236e-06 grad_norm=1.113 samples/s=75.93
[step 4740/5000] loss=1.6720 lr=5.074e-06 grad_norm=0.989 samples/s=75.95
[step 4750/5000] loss=2.3662 lr=4.919e-06 grad_norm=0.933 samples/s=75.83
[val step 4750] loss=1.8716968803405762 m01={'mean': 0.40944447051264626, 'median': 0.4088558660896236, 'p95': 0.6802266091790818, 'tail_frac_gt4px': 8.19336337566571e-05, 'n_matched': 12205} m02={'12-16': 0.9192618223760092, '16-32': 0.9536392024981984, '32-64': 0.944086575624839, '64-128': 0.940897597977244} m04={'accuracy': 0.7211798443260958, 'by_octave': {'12-16': 0.6166875784190715, '16-32': 0.7098236775818639, '32-64': 0.7756550218340611, '64-128': 0.725226738327175}} diag={'gate3_alpha_mean': 0.2928376793861389, 'gate3_alpha_min': 0.018383026123046875, 'gate3_alpha_max': 0.9853515625, 'gate3_alpha_std': 0.15910863876342773, 'gate3_alpha_p10': 0.10487213730812073, 'gate3_alpha_p50': 0.2716064453125, 'gate3_alpha_p90': 0.5078125, 'block0_attn_entropy': 7.262505054473877, 'block1_attn_entropy': 7.48507833480835}
[step 4760/5000] loss=1.8251 lr=4.769e-06 grad_norm=0.845 samples/s=75.93
[step 4770/5000] loss=1.4491 lr=4.626e-06 grad_norm=0.772 samples/s=76.03
[step 4780/5000] loss=2.1084 lr=4.488e-06 grad_norm=0.954 samples/s=76.00
[step 4790/5000] loss=2.0426 lr=4.357e-06 grad_norm=1.032 samples/s=76.03
[step 4800/5000] loss=1.5662 lr=4.231e-06 grad_norm=0.980 samples/s=75.99
[step 4810/5000] loss=1.6707 lr=4.112e-06 grad_norm=0.895 samples/s=76.01
[step 4820/5000] loss=2.0254 lr=3.999e-06 grad_norm=0.951 samples/s=75.97
[step 4830/5000] loss=1.9334 lr=3.892e-06 grad_norm=0.900 samples/s=75.97
[step 4840/5000] loss=1.7231 lr=3.790e-06 grad_norm=0.863 samples/s=75.94
[step 4850/5000] loss=1.4133 lr=3.695e-06 grad_norm=1.031 samples/s=75.95
[step 4860/5000] loss=1.6704 lr=3.606e-06 grad_norm=0.950 samples/s=75.94
[step 4870/5000] loss=1.2198 lr=3.523e-06 grad_norm=0.607 samples/s=75.94
[step 4880/5000] loss=1.5156 lr=3.447e-06 grad_norm=0.860 samples/s=75.94
[step 4890/5000] loss=2.4059 lr=3.376e-06 grad_norm=1.157 samples/s=75.90
[step 4900/5000] loss=1.7194 lr=3.311e-06 grad_norm=0.829 samples/s=75.93
[step 4910/5000] loss=1.6153 lr=3.253e-06 grad_norm=1.087 samples/s=75.91
[step 4920/5000] loss=1.6121 lr=3.200e-06 grad_norm=1.372 samples/s=75.91
[step 4930/5000] loss=2.0487 lr=3.154e-06 grad_norm=0.879 samples/s=75.90
[step 4940/5000] loss=1.9272 lr=3.114e-06 grad_norm=1.065 samples/s=75.86
[step 4950/5000] loss=1.7095 lr=3.079e-06 grad_norm=0.865 samples/s=75.89
[step 4960/5000] loss=1.2824 lr=3.051e-06 grad_norm=0.941 samples/s=75.86
[step 4970/5000] loss=1.7007 lr=3.029e-06 grad_norm=0.889 samples/s=75.88
[step 4980/5000] loss=1.8369 lr=3.013e-06 grad_norm=0.785 samples/s=75.87
[step 4990/5000] loss=1.3147 lr=3.004e-06 grad_norm=0.734 samples/s=75.87
[step 5000/5000] loss=2.1378 lr=3.000e-06 grad_norm=1.106 samples/s=75.77
[val step 5000] loss=1.8727773313522338 m01={'mean': 0.4093713726529937, 'median': 0.4088207511441335, 'p95': 0.6803203899313017, 'tail_frac_gt4px': 8.196049504139005e-05, 'n_matched': 12201} m02={'12-16': 0.9175317185697809, '16-32': 0.953158779726159, '32-64': 0.944086575624839, '64-128': 0.9412136536030341} m04={'accuracy': 0.7210884353741497, 'by_octave': {'12-16': 0.6178504085480829, '16-32': 0.7089213709677419, '32-64': 0.7756550218340611, '64-128': 0.7253190060443251}} diag={'gate3_alpha_mean': 0.2928487956523895, 'gate3_alpha_min': 0.018276214599609375, 'gate3_alpha_max': 0.9853515625, 'gate3_alpha_std': 0.15918587148189545, 'gate3_alpha_p10': 0.10479736328125, 'gate3_alpha_p50': 0.27154541015625, 'gate3_alpha_p90': 0.508056640625, 'block0_attn_entropy': 7.262933254241943, 'block1_attn_entropy': 7.486302375793457}
[FULL val step 5000] loss=1.7861317814826965 m01={'mean': 0.40686251805629536, 'median': 0.4064462517482397, 'p95': 0.675859709445784, 'tail_frac_gt4px': 6.455569542622898e-05, 'n_matched': 123924} m02={'12-16': 0.9188717486769508, '16-32': 0.9399891018503163, '32-64': 0.9540895355628348, '64-128': 0.9564532392235947} m04={'accuracy': 0.732739420935412, 'by_octave': {'12-16': 0.6603149316831076, '16-32': 0.713882447827402, '32-64': 0.7890506480717536, '64-128': 0.7266258153785333}}
[train_detector] wrote checkpoint runs/ft08_bitfit/ckpt_0005000.pt
[train_detector] done: step=5000 train_elapsed=2111.7s val_elapsed=512.1s samples/s=75.77
