[train_detector] finetune from runs/mb3_base_30k/ckpt_0030000.pt (step 30000): 437,105 of 882,402 params trainable, lr_mult={'cls.*': 1.0, 'blocks.*': 1.0, 'norm.*': 1.0, 'hm.*': 1.0}, reinit=[]
[train_detector] stream_seed=2100000 resume_count=0 start_step=0
[step 1/5000] loss=4.4124 lr=0.000e+00 grad_norm=28.931 samples/s=7.61
[step 2/5000] loss=4.6912 lr=3.000e-06 grad_norm=25.387 samples/s=14.83
[step 3/5000] loss=6.2094 lr=6.000e-06 grad_norm=29.606 samples/s=21.69
[step 4/5000] loss=5.3847 lr=9.000e-06 grad_norm=40.025 samples/s=28.23
[step 5/5000] loss=4.0277 lr=1.200e-05 grad_norm=19.719 samples/s=31.17
[step 6/5000] loss=5.2407 lr=1.500e-05 grad_norm=34.106 samples/s=35.90
[step 7/5000] loss=3.4977 lr=1.800e-05 grad_norm=16.733 samples/s=41.06
[step 8/5000] loss=3.8678 lr=2.100e-05 grad_norm=22.621 samples/s=43.59
[step 9/5000] loss=4.0655 lr=2.400e-05 grad_norm=16.150 samples/s=41.75
[step 10/5000] loss=4.4847 lr=2.700e-05 grad_norm=20.361 samples/s=45.48
[step 20/5000] loss=2.3594 lr=5.700e-05 grad_norm=6.471 samples/s=53.48
[step 30/5000] loss=2.4688 lr=8.700e-05 grad_norm=2.739 samples/s=58.43
[step 40/5000] loss=2.4715 lr=1.170e-04 grad_norm=2.030 samples/s=61.62
[step 50/5000] loss=2.9785 lr=1.470e-04 grad_norm=2.014 samples/s=62.71
[step 60/5000] loss=2.8984 lr=1.770e-04 grad_norm=2.104 samples/s=66.26
[step 70/5000] loss=2.1701 lr=2.070e-04 grad_norm=1.798 samples/s=66.33
[step 80/5000] loss=2.2111 lr=2.370e-04 grad_norm=3.007 samples/s=68.33
[step 90/5000] loss=2.5865 lr=2.670e-04 grad_norm=1.595 samples/s=68.48
[step 100/5000] loss=2.5007 lr=2.970e-04 grad_norm=1.942 samples/s=69.55
[step 110/5000] loss=2.0820 lr=3.000e-04 grad_norm=1.877 samples/s=70.02
[step 120/5000] loss=2.4523 lr=3.000e-04 grad_norm=2.213 samples/s=70.13
[step 130/5000] loss=2.2199 lr=3.000e-04 grad_norm=2.231 samples/s=70.16
[step 140/5000] loss=2.7542 lr=3.000e-04 grad_norm=2.389 samples/s=70.25
[step 150/5000] loss=2.6056 lr=2.999e-04 grad_norm=4.406 samples/s=69.82
[step 160/5000] loss=2.4777 lr=2.999e-04 grad_norm=2.326 samples/s=70.42
[step 170/5000] loss=2.5552 lr=2.999e-04 grad_norm=1.935 samples/s=70.57
[step 180/5000] loss=2.3578 lr=2.998e-04 grad_norm=1.908 samples/s=70.73
[step 190/5000] loss=2.2117 lr=2.998e-04 grad_norm=2.381 samples/s=70.91
[step 200/5000] loss=3.0419 lr=2.997e-04 grad_norm=2.373 samples/s=70.48
[step 210/5000] loss=2.9770 lr=2.996e-04 grad_norm=4.460 samples/s=70.92
[step 220/5000] loss=1.9568 lr=2.996e-04 grad_norm=2.442 samples/s=69.89
[step 230/5000] loss=2.6961 lr=2.995e-04 grad_norm=2.600 samples/s=69.99
[step 240/5000] loss=1.7780 lr=2.994e-04 grad_norm=2.154 samples/s=69.60
[step 250/5000] loss=2.3052 lr=2.993e-04 grad_norm=3.467 samples/s=70.27
[val step 250] loss=2.4623489627838135 m01={'mean': 0.4162767145364584, 'median': 0.4117807914172929, 'p95': 0.7014469376612692, 'tail_frac_gt4px': 0.00016556291390728477, 'n_matched': 12080} m02={'12-16': 0.8996539792387543, '16-32': 0.9466730723036272, '32-64': 0.9373872713218243, '64-128': 0.929519595448799} m04={'accuracy': 0.39437086092715234, 'by_octave': {'12-16': 0.3576923076923077, '16-32': 0.4234965744734839, '32-64': 0.4084661902144035, '64-128': 0.3573614416865012}} diag={'gate3_alpha_mean': 0.3104052245616913, 'gate3_alpha_min': 0.027008056640625, 'gate3_alpha_max': 0.9365234375, 'gate3_alpha_std': 0.16451603174209595, 'gate3_alpha_p10': 0.11309662461280823, 'gate3_alpha_p50': 0.28875732421875, 'gate3_alpha_p90': 0.5498046875, 'block0_attn_entropy': 7.541234016418457, 'block1_attn_entropy': 7.0336995124816895}
[step 260/5000] loss=2.4699 lr=2.992e-04 grad_norm=3.245 samples/s=72.28
[step 270/5000] loss=2.4762 lr=2.991e-04 grad_norm=2.931 samples/s=74.15
[step 280/5000] loss=2.9864 lr=2.990e-04 grad_norm=4.086 samples/s=73.60
[step 290/5000] loss=1.9743 lr=2.989e-04 grad_norm=4.265 samples/s=73.61
[step 300/5000] loss=2.5975 lr=2.988e-04 grad_norm=4.767 samples/s=73.52
[step 310/5000] loss=2.1166 lr=2.987e-04 grad_norm=2.819 samples/s=73.55
[step 320/5000] loss=1.7321 lr=2.985e-04 grad_norm=4.245 samples/s=73.09
[step 330/5000] loss=2.5187 lr=2.984e-04 grad_norm=4.048 samples/s=73.49
[step 340/5000] loss=2.0152 lr=2.983e-04 grad_norm=2.637 samples/s=73.40
[step 350/5000] loss=2.5395 lr=2.981e-04 grad_norm=3.103 samples/s=73.53
[step 360/5000] loss=1.6537 lr=2.980e-04 grad_norm=5.947 samples/s=73.18
[step 370/5000] loss=1.9781 lr=2.978e-04 grad_norm=4.918 samples/s=73.46
[step 380/5000] loss=1.9691 lr=2.976e-04 grad_norm=4.870 samples/s=73.11
[step 390/5000] loss=2.0241 lr=2.975e-04 grad_norm=3.017 samples/s=73.34
[step 400/5000] loss=1.7294 lr=2.973e-04 grad_norm=4.887 samples/s=72.82
[step 410/5000] loss=2.2580 lr=2.971e-04 grad_norm=3.105 samples/s=73.06
[step 420/5000] loss=1.8874 lr=2.969e-04 grad_norm=5.022 samples/s=72.63
[step 430/5000] loss=1.9578 lr=2.967e-04 grad_norm=3.862 samples/s=72.84
[step 440/5000] loss=2.6365 lr=2.965e-04 grad_norm=5.106 samples/s=72.57
[step 450/5000] loss=2.3951 lr=2.963e-04 grad_norm=3.786 samples/s=72.89
[step 460/5000] loss=2.0156 lr=2.961e-04 grad_norm=3.080 samples/s=72.52
[step 470/5000] loss=2.8534 lr=2.959e-04 grad_norm=3.806 samples/s=72.66
[step 480/5000] loss=1.5084 lr=2.956e-04 grad_norm=4.915 samples/s=72.58
[step 490/5000] loss=1.6609 lr=2.954e-04 grad_norm=6.822 samples/s=72.79
[step 500/5000] loss=1.6918 lr=2.952e-04 grad_norm=2.683 samples/s=72.50
[val step 500] loss=2.149341871261597 m01={'mean': 0.4172337711572444, 'median': 0.41196573428160804, 'p95': 0.7036558906558174, 'tail_frac_gt4px': 0.00016553550736633007, 'n_matched': 12082} m02={'12-16': 0.9013840830449827, '16-32': 0.9473937064616863, '32-64': 0.9360989435712446, '64-128': 0.9298356510745891} m04={'accuracy': 0.6484853501075981, 'by_octave': {'12-16': 0.3838771593090211, '16-32': 0.6315922920892495, '32-64': 0.7916322598403523, '64-128': 0.6349422161794698}} diag={'gate3_alpha_mean': 0.31525829434394836, 'gate3_alpha_min': 0.02433013916015625, 'gate3_alpha_max': 0.943359375, 'gate3_alpha_std': 0.15684615075588226, 'gate3_alpha_p10': 0.120697021484375, 'gate3_alpha_p50': 0.2999267578125, 'gate3_alpha_p90': 0.53564453125, 'block0_attn_entropy': 7.527037143707275, 'block1_attn_entropy': 6.911870956420898}
[step 510/5000] loss=2.1533 lr=2.949e-04 grad_norm=3.083 samples/s=73.52
[step 520/5000] loss=1.5993 lr=2.947e-04 grad_norm=3.563 samples/s=74.48
[step 530/5000] loss=1.9327 lr=2.944e-04 grad_norm=3.155 samples/s=74.26
[step 540/5000] loss=2.5546 lr=2.942e-04 grad_norm=3.559 samples/s=74.25
[step 550/5000] loss=2.3093 lr=2.939e-04 grad_norm=3.290 samples/s=73.95
[step 560/5000] loss=1.8008 lr=2.936e-04 grad_norm=4.751 samples/s=74.07
[step 570/5000] loss=1.7973 lr=2.933e-04 grad_norm=3.017 samples/s=74.11
[step 580/5000] loss=1.5709 lr=2.931e-04 grad_norm=3.962 samples/s=74.01
[step 590/5000] loss=1.2062 lr=2.928e-04 grad_norm=3.951 samples/s=74.01
[step 600/5000] loss=1.8065 lr=2.925e-04 grad_norm=3.575 samples/s=73.98
[step 610/5000] loss=2.0333 lr=2.922e-04 grad_norm=5.085 samples/s=74.10
[step 620/5000] loss=2.5749 lr=2.919e-04 grad_norm=3.010 samples/s=73.92
[step 630/5000] loss=1.5317 lr=2.915e-04 grad_norm=2.420 samples/s=74.05
[step 640/5000] loss=2.0990 lr=2.912e-04 grad_norm=4.077 samples/s=74.08
[step 650/5000] loss=2.0758 lr=2.909e-04 grad_norm=2.934 samples/s=74.03
[step 660/5000] loss=1.8667 lr=2.906e-04 grad_norm=3.761 samples/s=73.89
[step 670/5000] loss=3.0506 lr=2.902e-04 grad_norm=5.775 samples/s=73.55
[step 680/5000] loss=2.0388 lr=2.899e-04 grad_norm=3.812 samples/s=73.47
[step 690/5000] loss=2.4807 lr=2.895e-04 grad_norm=4.928 samples/s=73.38
[step 700/5000] loss=1.7337 lr=2.892e-04 grad_norm=3.513 samples/s=73.55
[step 710/5000] loss=2.1738 lr=2.888e-04 grad_norm=6.027 samples/s=73.44
[step 720/5000] loss=1.9562 lr=2.885e-04 grad_norm=5.873 samples/s=73.58
[step 730/5000] loss=1.3000 lr=2.881e-04 grad_norm=2.964 samples/s=73.34
[step 740/5000] loss=1.2990 lr=2.877e-04 grad_norm=3.778 samples/s=73.49
[step 750/5000] loss=2.0401 lr=2.873e-04 grad_norm=3.382 samples/s=73.36
[val step 750] loss=2.0050047178268433 m01={'mean': 0.4171695650533833, 'median': 0.41199303252506536, 'p95': 0.70365641050922, 'tail_frac_gt4px': 0.00016553550736633007, 'n_matched': 12082} m02={'12-16': 0.8990772779700116, '16-32': 0.9469132836896469, '32-64': 0.9371296057717083, '64-128': 0.9304677623261695} m04={'accuracy': 0.7228935606687634, 'by_octave': {'12-16': 0.4207825529185375, '16-32': 0.6991374936580416, '32-64': 0.871872422326093, '64-128': 0.7306385869565217}} diag={'gate3_alpha_mean': 0.33153629302978516, 'gate3_alpha_min': 0.0213623046875, 'gate3_alpha_max': 0.9521484375, 'gate3_alpha_std': 0.16409079730510712, 'gate3_alpha_p10': 0.12371826171875, 'gate3_alpha_p50': 0.318359375, 'gate3_alpha_p90': 0.5615234375, 'block0_attn_entropy': 7.505823612213135, 'block1_attn_entropy': 7.005171298980713}
[step 760/5000] loss=2.0022 lr=2.869e-04 grad_norm=5.297 samples/s=74.05
[step 770/5000] loss=1.6036 lr=2.865e-04 grad_norm=3.255 samples/s=74.67
[step 780/5000] loss=1.9919 lr=2.861e-04 grad_norm=4.381 samples/s=74.33
[step 790/5000] loss=2.5862 lr=2.857e-04 grad_norm=4.991 samples/s=74.38
[step 800/5000] loss=1.8543 lr=2.853e-04 grad_norm=6.991 samples/s=74.25
[step 810/5000] loss=2.7573 lr=2.849e-04 grad_norm=3.910 samples/s=74.26
[step 820/5000] loss=1.5096 lr=2.845e-04 grad_norm=3.253 samples/s=74.05
[step 830/5000] loss=1.6751 lr=2.841e-04 grad_norm=5.588 samples/s=73.99
[step 840/5000] loss=1.4502 lr=2.836e-04 grad_norm=4.927 samples/s=73.72
[step 850/5000] loss=2.2563 lr=2.832e-04 grad_norm=3.344 samples/s=73.85
[step 860/5000] loss=1.8859 lr=2.828e-04 grad_norm=3.222 samples/s=73.66
[step 870/5000] loss=2.3469 lr=2.823e-04 grad_norm=5.891 samples/s=73.66
[step 880/5000] loss=2.3895 lr=2.819e-04 grad_norm=3.904 samples/s=73.60
[step 890/5000] loss=1.5514 lr=2.814e-04 grad_norm=4.558 samples/s=73.72
[step 900/5000] loss=1.5890 lr=2.809e-04 grad_norm=3.969 samples/s=73.67
[step 910/5000] loss=1.5445 lr=2.805e-04 grad_norm=2.830 samples/s=73.79
[step 920/5000] loss=2.2907 lr=2.800e-04 grad_norm=3.055 samples/s=73.67
[step 930/5000] loss=1.9396 lr=2.795e-04 grad_norm=6.177 samples/s=73.83
[step 940/5000] loss=1.6872 lr=2.790e-04 grad_norm=6.477 samples/s=73.57
[step 950/5000] loss=1.1097 lr=2.785e-04 grad_norm=3.776 samples/s=73.71
[step 960/5000] loss=2.7507 lr=2.780e-04 grad_norm=3.432 samples/s=73.48
[step 970/5000] loss=2.0921 lr=2.775e-04 grad_norm=5.611 samples/s=73.58
[step 980/5000] loss=2.0587 lr=2.770e-04 grad_norm=3.833 samples/s=73.46
[step 990/5000] loss=1.3583 lr=2.765e-04 grad_norm=3.426 samples/s=73.50
[step 1000/5000] loss=1.6728 lr=2.760e-04 grad_norm=5.227 samples/s=73.42
[val step 1000] loss=1.9238535594940185 m01={'mean': 0.41684279964871446, 'median': 0.4117807914172929, 'p95': 0.7023738517260588, 'tail_frac_gt4px': 0.00016564518800728838, 'n_matched': 12074} m02={'12-16': 0.8996539792387543, '16-32': 0.9466730723036272, '32-64': 0.9360989435712446, '64-128': 0.9292035398230089} m04={'accuracy': 0.7634586715255922, 'by_octave': {'12-16': 0.45256410256410257, '16-32': 0.7564070032986552, '32-64': 0.8948527387833746, '64-128': 0.7755102040816326}} diag={'gate3_alpha_mean': 0.3300073742866516, 'gate3_alpha_min': 0.02059173583984375, 'gate3_alpha_max': 0.9580078125, 'gate3_alpha_std': 0.1672859936952591, 'gate3_alpha_p10': 0.1177978515625, 'gate3_alpha_p50': 0.317626953125, 'gate3_alpha_p90': 0.5634765625, 'block0_attn_entropy': 7.4946160316467285, 'block1_attn_entropy': 6.849930286407471}
[step 1010/5000] loss=2.3540 lr=2.755e-04 grad_norm=4.654 samples/s=73.94
[step 1020/5000] loss=2.3642 lr=2.750e-04 grad_norm=4.403 samples/s=74.42
[step 1030/5000] loss=2.5825 lr=2.744e-04 grad_norm=4.033 samples/s=74.32
[step 1040/5000] loss=1.8361 lr=2.739e-04 grad_norm=4.160 samples/s=74.32
[step 1050/5000] loss=2.1879 lr=2.734e-04 grad_norm=4.845 samples/s=74.25
[step 1060/5000] loss=1.5825 lr=2.728e-04 grad_norm=3.838 samples/s=74.27
[step 1070/5000] loss=1.6117 lr=2.723e-04 grad_norm=3.548 samples/s=74.33
[step 1080/5000] loss=1.5107 lr=2.717e-04 grad_norm=3.143 samples/s=74.29
[step 1090/5000] loss=1.5793 lr=2.711e-04 grad_norm=4.246 samples/s=74.28
[step 1100/5000] loss=2.0655 lr=2.706e-04 grad_norm=3.535 samples/s=74.19
[step 1110/5000] loss=2.8631 lr=2.700e-04 grad_norm=3.972 samples/s=74.26
[step 1120/5000] loss=1.2812 lr=2.694e-04 grad_norm=5.560 samples/s=73.97
[step 1130/5000] loss=1.5446 lr=2.688e-04 grad_norm=7.266 samples/s=73.85
[step 1140/5000] loss=1.4676 lr=2.683e-04 grad_norm=6.511 samples/s=73.73
[step 1150/5000] loss=1.6241 lr=2.677e-04 grad_norm=3.417 samples/s=73.72
[step 1160/5000] loss=0.8926 lr=2.671e-04 grad_norm=3.240 samples/s=73.82
[step 1170/5000] loss=2.3723 lr=2.665e-04 grad_norm=5.540 samples/s=73.77
[step 1180/5000] loss=2.0048 lr=2.659e-04 grad_norm=4.688 samples/s=73.74
[step 1190/5000] loss=1.4919 lr=2.653e-04 grad_norm=5.597 samples/s=73.78
[step 1200/5000] loss=2.6165 lr=2.646e-04 grad_norm=4.347 samples/s=73.63
[step 1210/5000] loss=1.6904 lr=2.640e-04 grad_norm=4.598 samples/s=73.67
[step 1220/5000] loss=1.4926 lr=2.634e-04 grad_norm=5.505 samples/s=73.56
[step 1230/5000] loss=1.2799 lr=2.628e-04 grad_norm=5.537 samples/s=73.67
[step 1240/5000] loss=2.1076 lr=2.621e-04 grad_norm=5.559 samples/s=73.56
[step 1250/5000] loss=1.9442 lr=2.615e-04 grad_norm=3.773 samples/s=73.63
[val step 1250] loss=1.875561644554138 m01={'mean': 0.41605742793762446, 'median': 0.41169776255007606, 'p95': 0.7012510980955943, 'tail_frac_gt4px': 8.272667107875579e-05, 'n_matched': 12088} m02={'12-16': 0.9008073817762399, '16-32': 0.9483545520057651, '32-64': 0.9373872713218243, '64-128': 0.9292035398230089} m04={'accuracy': 0.7872270019854402, 'by_octave': {'12-16': 0.4647887323943662, '16-32': 0.7869807497467072, '32-64': 0.9101154480483782, '64-128': 0.8068027210884354}} diag={'gate3_alpha_mean': 0.3158797323703766, 'gate3_alpha_min': 0.02008819580078125, 'gate3_alpha_max': 0.962890625, 'gate3_alpha_std': 0.16328303515911102, 'gate3_alpha_p10': 0.109039306640625, 'gate3_alpha_p50': 0.3037109375, 'gate3_alpha_p90': 0.5399169921875, 'block0_attn_entropy': 7.482785701751709, 'block1_attn_entropy': 6.996763706207275}
[step 1260/5000] loss=1.4570 lr=2.609e-04 grad_norm=4.757 samples/s=74.04
[step 1270/5000] loss=1.3768 lr=2.602e-04 grad_norm=3.125 samples/s=74.45
[step 1280/5000] loss=1.7427 lr=2.596e-04 grad_norm=3.613 samples/s=74.38
[step 1290/5000] loss=1.4650 lr=2.589e-04 grad_norm=3.183 samples/s=74.41
[step 1300/5000] loss=2.1419 lr=2.582e-04 grad_norm=3.658 samples/s=74.36
[step 1310/5000] loss=2.3270 lr=2.576e-04 grad_norm=4.164 samples/s=74.32
[step 1320/5000] loss=1.5458 lr=2.569e-04 grad_norm=5.770 samples/s=74.27
[step 1330/5000] loss=1.4289 lr=2.562e-04 grad_norm=5.687 samples/s=74.36
[step 1340/5000] loss=1.4606 lr=2.556e-04 grad_norm=3.057 samples/s=74.29
[step 1350/5000] loss=1.8041 lr=2.549e-04 grad_norm=3.324 samples/s=74.33
[step 1360/5000] loss=1.9079 lr=2.542e-04 grad_norm=4.335 samples/s=74.34
[step 1370/5000] loss=1.9421 lr=2.535e-04 grad_norm=5.216 samples/s=74.30
[step 1380/5000] loss=1.8287 lr=2.528e-04 grad_norm=2.836 samples/s=74.31
[step 1390/5000] loss=1.7760 lr=2.521e-04 grad_norm=2.902 samples/s=74.15
[step 1400/5000] loss=2.0138 lr=2.514e-04 grad_norm=3.103 samples/s=74.30
[step 1410/5000] loss=2.0530 lr=2.507e-04 grad_norm=2.870 samples/s=74.32
[step 1420/5000] loss=1.2039 lr=2.500e-04 grad_norm=3.838 samples/s=74.27
[step 1430/5000] loss=0.9954 lr=2.493e-04 grad_norm=2.464 samples/s=74.30
[step 1440/5000] loss=1.3545 lr=2.486e-04 grad_norm=3.223 samples/s=74.21
[step 1450/5000] loss=1.5008 lr=2.478e-04 grad_norm=5.874 samples/s=74.32
[step 1460/5000] loss=1.8890 lr=2.471e-04 grad_norm=4.699 samples/s=74.11
[step 1470/5000] loss=2.3785 lr=2.464e-04 grad_norm=3.395 samples/s=74.21
[step 1480/5000] loss=2.8843 lr=2.456e-04 grad_norm=5.488 samples/s=74.12
[step 1490/5000] loss=1.7750 lr=2.449e-04 grad_norm=3.067 samples/s=74.15
[step 1500/5000] loss=1.3432 lr=2.442e-04 grad_norm=2.576 samples/s=74.10
[val step 1500] loss=1.837490662574768 m01={'mean': 0.41595526021699814, 'median': 0.4117807914172929, 'p95': 0.7003234604441262, 'tail_frac_gt4px': 8.282259400364419e-05, 'n_matched': 12074} m02={'12-16': 0.9002306805074971, '16-32': 0.9459524381455681, '32-64': 0.9368719402215924, '64-128': 0.9288874841972187} m04={'accuracy': 0.8057810170614543, 'by_octave': {'12-16': 0.48302370275464446, '16-32': 0.808278313864906, '32-64': 0.9202420242024203, '64-128': 0.8322558693433141}} diag={'gate3_alpha_mean': 0.311661034822464, 'gate3_alpha_min': 0.0189361572265625, 'gate3_alpha_max': 0.9609375, 'gate3_alpha_std': 0.16210302710533142, 'gate3_alpha_p10': 0.105987548828125, 'gate3_alpha_p50': 0.3011474609375, 'gate3_alpha_p90': 0.53302001953125, 'block0_attn_entropy': 7.49845552444458, 'block1_attn_entropy': 7.015960693359375}
[step 1510/5000] loss=1.6275 lr=2.434e-04 grad_norm=5.251 samples/s=74.45
[step 1520/5000] loss=1.3749 lr=2.427e-04 grad_norm=4.756 samples/s=74.78
[step 1530/5000] loss=2.3225 lr=2.419e-04 grad_norm=3.597 samples/s=74.63
[step 1540/5000] loss=2.0122 lr=2.412e-04 grad_norm=3.465 samples/s=74.72
[step 1550/5000] loss=1.8588 lr=2.404e-04 grad_norm=6.298 samples/s=74.60
[step 1560/5000] loss=2.7243 lr=2.396e-04 grad_norm=2.608 samples/s=74.68
[step 1570/5000] loss=1.6454 lr=2.389e-04 grad_norm=3.985 samples/s=74.56
[step 1580/5000] loss=1.7602 lr=2.381e-04 grad_norm=3.311 samples/s=74.64
[step 1590/5000] loss=2.3580 lr=2.373e-04 grad_norm=3.729 samples/s=74.51
[step 1600/5000] loss=1.2038 lr=2.365e-04 grad_norm=2.793 samples/s=74.36
[step 1610/5000] loss=2.2622 lr=2.358e-04 grad_norm=4.042 samples/s=74.36
[step 1620/5000] loss=1.6060 lr=2.350e-04 grad_norm=4.280 samples/s=74.36
[step 1630/5000] loss=1.9581 lr=2.342e-04 grad_norm=3.154 samples/s=74.48
[step 1640/5000] loss=1.9734 lr=2.334e-04 grad_norm=3.104 samples/s=74.48
[step 1650/5000] loss=1.3849 lr=2.326e-04 grad_norm=3.583 samples/s=74.56
[step 1660/5000] loss=1.4180 lr=2.318e-04 grad_norm=3.089 samples/s=74.47
[step 1670/5000] loss=2.1376 lr=2.310e-04 grad_norm=3.656 samples/s=74.52
[step 1680/5000] loss=1.4996 lr=2.302e-04 grad_norm=2.624 samples/s=74.50
[step 1690/5000] loss=1.3218 lr=2.294e-04 grad_norm=4.623 samples/s=74.45
[step 1700/5000] loss=2.0628 lr=2.286e-04 grad_norm=3.916 samples/s=74.48
[step 1710/5000] loss=2.1340 lr=2.277e-04 grad_norm=2.915 samples/s=74.40
[step 1720/5000] loss=1.7002 lr=2.269e-04 grad_norm=3.305 samples/s=74.45
[step 1730/5000] loss=1.1639 lr=2.261e-04 grad_norm=3.583 samples/s=74.42
[step 1740/5000] loss=1.6312 lr=2.253e-04 grad_norm=3.633 samples/s=74.44
[step 1750/5000] loss=1.3783 lr=2.245e-04 grad_norm=4.817 samples/s=74.38
[val step 1750] loss=1.8011919088363648 m01={'mean': 0.41667053900784706, 'median': 0.4119053399833479, 'p95': 0.701439048452285, 'tail_frac_gt4px': 8.277460475126231e-05, 'n_matched': 12081} m02={'12-16': 0.9002306805074971, '16-32': 0.9471534950756666, '32-64': 0.9373872713218243, '64-128': 0.9288874841972187} m04={'accuracy': 0.8212068537372734, 'by_octave': {'12-16': 0.5124919923126201, '16-32': 0.8196804463606391, '32-64': 0.9224848818031886, '64-128': 0.8618577747533175}} diag={'gate3_alpha_mean': 0.30119025707244873, 'gate3_alpha_min': 0.018085479736328125, 'gate3_alpha_max': 0.9658203125, 'gate3_alpha_std': 0.15450645983219147, 'gate3_alpha_p10': 0.106231689453125, 'gate3_alpha_p50': 0.292236328125, 'gate3_alpha_p90': 0.5078487396240234, 'block0_attn_entropy': 7.489714622497559, 'block1_attn_entropy': 6.9462175369262695}
[step 1760/5000] loss=1.2920 lr=2.236e-04 grad_norm=2.370 samples/s=74.70
[step 1770/5000] loss=1.8409 lr=2.228e-04 grad_norm=3.992 samples/s=74.98
[step 1780/5000] loss=1.3990 lr=2.220e-04 grad_norm=2.929 samples/s=74.90
[step 1790/5000] loss=1.6846 lr=2.211e-04 grad_norm=4.762 samples/s=74.96
[step 1800/5000] loss=1.8169 lr=2.203e-04 grad_norm=3.095 samples/s=74.92
[step 1810/5000] loss=2.0875 lr=2.194e-04 grad_norm=2.945 samples/s=74.98
[step 1820/5000] loss=1.8797 lr=2.186e-04 grad_norm=4.273 samples/s=74.90
[step 1830/5000] loss=1.8702 lr=2.177e-04 grad_norm=3.462 samples/s=74.96
[step 1840/5000] loss=1.8810 lr=2.169e-04 grad_norm=7.417 samples/s=74.97
[step 1850/5000] loss=1.7981 lr=2.160e-04 grad_norm=3.682 samples/s=74.99
[step 1860/5000] loss=1.5691 lr=2.152e-04 grad_norm=3.518 samples/s=74.92
[step 1870/5000] loss=1.1952 lr=2.143e-04 grad_norm=4.354 samples/s=75.01
[step 1880/5000] loss=1.7749 lr=2.134e-04 grad_norm=4.930 samples/s=74.95
[step 1890/5000] loss=2.8429 lr=2.126e-04 grad_norm=4.627 samples/s=75.03
[step 1900/5000] loss=2.4058 lr=2.117e-04 grad_norm=2.889 samples/s=74.99
[step 1910/5000] loss=1.2633 lr=2.108e-04 grad_norm=3.678 samples/s=75.03
[step 1920/5000] loss=1.6494 lr=2.100e-04 grad_norm=3.016 samples/s=75.01
[step 1930/5000] loss=1.8246 lr=2.091e-04 grad_norm=6.394 samples/s=75.04
[step 1940/5000] loss=1.7993 lr=2.082e-04 grad_norm=5.879 samples/s=75.03
[step 1950/5000] loss=1.7499 lr=2.073e-04 grad_norm=5.206 samples/s=75.07
[step 1960/5000] loss=1.8754 lr=2.064e-04 grad_norm=5.806 samples/s=75.02
[step 1970/5000] loss=1.6649 lr=2.055e-04 grad_norm=3.566 samples/s=75.07
[step 1980/5000] loss=1.8271 lr=2.047e-04 grad_norm=2.636 samples/s=75.02
[step 1990/5000] loss=1.7760 lr=2.038e-04 grad_norm=3.668 samples/s=75.02
[step 2000/5000] loss=1.5854 lr=2.029e-04 grad_norm=3.114 samples/s=74.98
[val step 2000] loss=1.7750320014953613 m01={'mean': 0.41614371523359545, 'median': 0.41178713515603865, 'p95': 0.7011865492028131, 'tail_frac_gt4px': 8.284317786430287e-05, 'n_matched': 12071} m02={'12-16': 0.8996539792387543, '16-32': 0.9466730723036272, '32-64': 0.9350682813707807, '64-128': 0.929519595448799} m04={'accuracy': 0.8334852124927512, 'by_octave': {'12-16': 0.533974358974359, '16-32': 0.8358284699314895, '32-64': 0.931661614769909, '64-128': 0.8680720843250596}} diag={'gate3_alpha_mean': 0.3037702143192291, 'gate3_alpha_min': 0.017276763916015625, 'gate3_alpha_max': 0.9658203125, 'gate3_alpha_std': 0.15351460874080658, 'gate3_alpha_p10': 0.109100341796875, 'gate3_alpha_p50': 0.294677734375, 'gate3_alpha_p90': 0.5078125, 'block0_attn_entropy': 7.488121032714844, 'block1_attn_entropy': 6.91293478012085}
[step 2010/5000] loss=1.9917 lr=2.020e-04 grad_norm=5.815 samples/s=75.24
[step 2020/5000] loss=1.1416 lr=2.011e-04 grad_norm=4.463 samples/s=75.49
[step 2030/5000] loss=1.6876 lr=2.002e-04 grad_norm=4.279 samples/s=75.38
[step 2040/5000] loss=1.2683 lr=1.993e-04 grad_norm=5.249 samples/s=75.43
[step 2050/5000] loss=2.2250 lr=1.984e-04 grad_norm=3.292 samples/s=75.37
[step 2060/5000] loss=1.9345 lr=1.975e-04 grad_norm=4.246 samples/s=75.40
[step 2070/5000] loss=1.3851 lr=1.966e-04 grad_norm=5.108 samples/s=75.38
[step 2080/5000] loss=2.0682 lr=1.957e-04 grad_norm=2.598 samples/s=75.37
[step 2090/5000] loss=2.0870 lr=1.948e-04 grad_norm=4.904 samples/s=75.13
[step 2100/5000] loss=1.8246 lr=1.938e-04 grad_norm=3.070 samples/s=75.16
[step 2110/5000] loss=2.7267 lr=1.929e-04 grad_norm=4.137 samples/s=75.16
[step 2120/5000] loss=1.7249 lr=1.920e-04 grad_norm=3.017 samples/s=75.20
[step 2130/5000] loss=1.6796 lr=1.911e-04 grad_norm=2.362 samples/s=75.21
[step 2140/5000] loss=2.4780 lr=1.902e-04 grad_norm=4.085 samples/s=75.15
[step 2150/5000] loss=1.7979 lr=1.893e-04 grad_norm=3.423 samples/s=75.18
[step 2160/5000] loss=1.3163 lr=1.883e-04 grad_norm=2.975 samples/s=75.13
[step 2170/5000] loss=1.1733 lr=1.874e-04 grad_norm=3.191 samples/s=75.18
[step 2180/5000] loss=2.1350 lr=1.865e-04 grad_norm=3.468 samples/s=75.16
[step 2190/5000] loss=1.6279 lr=1.856e-04 grad_norm=2.999 samples/s=75.15
[step 2200/5000] loss=2.8139 lr=1.846e-04 grad_norm=5.309 samples/s=75.13
[step 2210/5000] loss=2.6235 lr=1.837e-04 grad_norm=3.030 samples/s=75.08
[step 2220/5000] loss=1.3335 lr=1.828e-04 grad_norm=3.163 samples/s=75.10
[step 2230/5000] loss=1.8468 lr=1.818e-04 grad_norm=3.075 samples/s=75.05
[step 2240/5000] loss=1.9527 lr=1.809e-04 grad_norm=3.291 samples/s=75.08
[step 2250/5000] loss=2.1043 lr=1.800e-04 grad_norm=3.151 samples/s=75.01
[val step 2250] loss=1.7559743032455444 m01={'mean': 0.41578464027646417, 'median': 0.411537142409636, 'p95': 0.6998985758067983, 'tail_frac_gt4px': 8.287063893262616e-05, 'n_matched': 12067} m02={'12-16': 0.8990772779700116, '16-32': 0.9459524381455681, '32-64': 0.9360989435712446, '64-128': 0.9282553729456384} m04={'accuracy': 0.8432916217784039, 'by_octave': {'12-16': 0.5529185375240538, '16-32': 0.8471305231081767, '32-64': 0.9344894026974951, '64-128': 0.8794688457609806}} diag={'gate3_alpha_mean': 0.2846398949623108, 'gate3_alpha_min': 0.01927947998046875, 'gate3_alpha_max': 0.970703125, 'gate3_alpha_std': 0.14551560580730438, 'gate3_alpha_p10': 0.10357666015625, 'gate3_alpha_p50': 0.2744140625, 'gate3_alpha_p90': 0.4769287109375, 'block0_attn_entropy': 7.483191967010498, 'block1_attn_entropy': 6.876204013824463}
[step 2260/5000] loss=1.4259 lr=1.790e-04 grad_norm=2.775 samples/s=75.24
[step 2270/5000] loss=1.3001 lr=1.781e-04 grad_norm=2.664 samples/s=75.47
[step 2280/5000] loss=1.6412 lr=1.772e-04 grad_norm=3.767 samples/s=75.41
[step 2290/5000] loss=2.2299 lr=1.762e-04 grad_norm=2.439 samples/s=75.40
[step 2300/5000] loss=1.8855 lr=1.753e-04 grad_norm=3.411 samples/s=75.41
[step 2310/5000] loss=1.5381 lr=1.744e-04 grad_norm=3.744 samples/s=75.39
[step 2320/5000] loss=1.5343 lr=1.734e-04 grad_norm=4.147 samples/s=75.35
[step 2330/5000] loss=1.5174 lr=1.725e-04 grad_norm=3.501 samples/s=75.37
[step 2340/5000] loss=1.6812 lr=1.715e-04 grad_norm=3.530 samples/s=75.36
[step 2350/5000] loss=1.8181 lr=1.706e-04 grad_norm=3.241 samples/s=75.38
[step 2360/5000] loss=1.9004 lr=1.696e-04 grad_norm=5.543 samples/s=75.33
[step 2370/5000] loss=1.4838 lr=1.687e-04 grad_norm=2.563 samples/s=75.36
[step 2380/5000] loss=1.8079 lr=1.677e-04 grad_norm=3.252 samples/s=75.30
[step 2390/5000] loss=2.4488 lr=1.668e-04 grad_norm=4.846 samples/s=75.31
[step 2400/5000] loss=2.0637 lr=1.659e-04 grad_norm=3.631 samples/s=75.26
[step 2410/5000] loss=1.6464 lr=1.649e-04 grad_norm=3.855 samples/s=75.28
[step 2420/5000] loss=2.4489 lr=1.640e-04 grad_norm=4.754 samples/s=75.25
[step 2430/5000] loss=1.5157 lr=1.630e-04 grad_norm=3.648 samples/s=75.28
[step 2440/5000] loss=1.4177 lr=1.621e-04 grad_norm=3.365 samples/s=75.20
[step 2450/5000] loss=2.2725 lr=1.611e-04 grad_norm=3.761 samples/s=75.20
[step 2460/5000] loss=1.4085 lr=1.602e-04 grad_norm=2.618 samples/s=75.13
[step 2470/5000] loss=1.6194 lr=1.592e-04 grad_norm=3.616 samples/s=75.17
[step 2480/5000] loss=1.6874 lr=1.583e-04 grad_norm=3.458 samples/s=75.11
[step 2490/5000] loss=2.0505 lr=1.573e-04 grad_norm=3.194 samples/s=75.15
[step 2500/5000] loss=1.4517 lr=1.564e-04 grad_norm=4.678 samples/s=75.12
[val step 2500] loss=1.7384716787338257 m01={'mean': 0.41594934191511934, 'median': 0.4116143655465955, 'p95': 0.7005940736740403, 'tail_frac_gt4px': 8.285004142502072e-05, 'n_matched': 12070} m02={'12-16': 0.8973471741637832, '16-32': 0.9464328609176075, '32-64': 0.9368719402215924, '64-128': 0.9285714285714286} m04={'accuracy': 0.8512013256006628, 'by_octave': {'12-16': 0.5726221079691517, '16-32': 0.8548223350253807, '32-64': 0.9427942794279428, '64-128': 0.8805309734513275}} diag={'gate3_alpha_mean': 0.29256173968315125, 'gate3_alpha_min': 0.021697998046875, 'gate3_alpha_max': 0.9677734375, 'gate3_alpha_std': 0.14354149997234344, 'gate3_alpha_p10': 0.11053466796875, 'gate3_alpha_p50': 0.28607177734375, 'gate3_alpha_p90': 0.4793701171875, 'block0_attn_entropy': 7.4862542152404785, 'block1_attn_entropy': 6.9561767578125}
[step 2510/5000] loss=1.3698 lr=1.554e-04 grad_norm=3.282 samples/s=75.33
[step 2520/5000] loss=1.3504 lr=1.545e-04 grad_norm=4.261 samples/s=75.54
[step 2530/5000] loss=1.2924 lr=1.535e-04 grad_norm=4.063 samples/s=75.49
[step 2540/5000] loss=2.2694 lr=1.525e-04 grad_norm=8.476 samples/s=75.48
[step 2550/5000] loss=1.4560 lr=1.516e-04 grad_norm=3.185 samples/s=75.38
[step 2560/5000] loss=1.1655 lr=1.506e-04 grad_norm=3.712 samples/s=75.24
[step 2570/5000] loss=1.3431 lr=1.497e-04 grad_norm=5.623 samples/s=75.27
[step 2580/5000] loss=1.6937 lr=1.487e-04 grad_norm=3.397 samples/s=75.26
[step 2590/5000] loss=1.6776 lr=1.478e-04 grad_norm=2.561 samples/s=75.31
[step 2600/5000] loss=1.6302 lr=1.468e-04 grad_norm=5.041 samples/s=75.29
[step 2610/5000] loss=1.5893 lr=1.459e-04 grad_norm=2.856 samples/s=75.31
[step 2620/5000] loss=2.2337 lr=1.449e-04 grad_norm=3.954 samples/s=75.27
[step 2630/5000] loss=1.8133 lr=1.440e-04 grad_norm=3.571 samples/s=75.33
[step 2640/5000] loss=1.2480 lr=1.430e-04 grad_norm=4.023 samples/s=75.25
[step 2650/5000] loss=1.2260 lr=1.421e-04 grad_norm=3.564 samples/s=75.30
[step 2660/5000] loss=1.4399 lr=1.411e-04 grad_norm=3.191 samples/s=75.20
[step 2670/5000] loss=1.9543 lr=1.402e-04 grad_norm=3.512 samples/s=75.25
[step 2680/5000] loss=1.7110 lr=1.392e-04 grad_norm=4.245 samples/s=75.22
[step 2690/5000] loss=2.1322 lr=1.383e-04 grad_norm=5.168 samples/s=75.26
[step 2700/5000] loss=1.6188 lr=1.373e-04 grad_norm=3.089 samples/s=75.20
[step 2710/5000] loss=1.5813 lr=1.364e-04 grad_norm=5.154 samples/s=75.25
[step 2720/5000] loss=2.8395 lr=1.354e-04 grad_norm=4.027 samples/s=75.17
[step 2730/5000] loss=1.9412 lr=1.345e-04 grad_norm=2.204 samples/s=75.20
[step 2740/5000] loss=1.2608 lr=1.335e-04 grad_norm=7.030 samples/s=75.12
[step 2750/5000] loss=1.3383 lr=1.326e-04 grad_norm=2.928 samples/s=75.14
[val step 2750] loss=1.7217404680252075 m01={'mean': 0.41555606505908776, 'median': 0.41153377670866076, 'p95': 0.6997065396020231, 'tail_frac_gt4px': 8.296001327360213e-05, 'n_matched': 12054} m02={'12-16': 0.8967704728950404, '16-32': 0.9454720153735287, '32-64': 0.9348106158206648, '64-128': 0.9276232616940582} m04={'accuracy': 0.8545710967313754, 'by_octave': {'12-16': 0.5755627009646302, '16-32': 0.8567073170731707, '32-64': 0.9440463065049615, '64-128': 0.8889267461669506}} diag={'gate3_alpha_mean': 0.28403279185295105, 'gate3_alpha_min': 0.01927947998046875, 'gate3_alpha_max': 0.9716796875, 'gate3_alpha_std': 0.14458134770393372, 'gate3_alpha_p10': 0.102447509765625, 'gate3_alpha_p50': 0.27630615234375, 'gate3_alpha_p90': 0.4725341796875, 'block0_attn_entropy': 7.486053466796875, 'block1_attn_entropy': 6.9819793701171875}
[step 2760/5000] loss=1.4926 lr=1.317e-04 grad_norm=3.368 samples/s=75.33
[step 2770/5000] loss=1.4728 lr=1.307e-04 grad_norm=4.319 samples/s=75.49
[step 2780/5000] loss=1.7047 lr=1.298e-04 grad_norm=4.535 samples/s=75.45
[step 2790/5000] loss=1.2504 lr=1.288e-04 grad_norm=5.750 samples/s=75.45
[step 2800/5000] loss=1.7411 lr=1.279e-04 grad_norm=3.409 samples/s=75.42
[step 2810/5000] loss=1.4617 lr=1.270e-04 grad_norm=3.640 samples/s=75.37
[step 2820/5000] loss=1.1379 lr=1.260e-04 grad_norm=3.250 samples/s=75.38
[step 2830/5000] loss=2.1219 lr=1.251e-04 grad_norm=4.440 samples/s=75.35
[step 2840/5000] loss=1.7946 lr=1.241e-04 grad_norm=6.889 samples/s=75.38
[step 2850/5000] loss=1.6604 lr=1.232e-04 grad_norm=3.003 samples/s=75.33
[step 2860/5000] loss=1.1574 lr=1.223e-04 grad_norm=2.911 samples/s=75.35
[step 2870/5000] loss=1.9600 lr=1.213e-04 grad_norm=3.573 samples/s=75.31
[step 2880/5000] loss=1.2169 lr=1.204e-04 grad_norm=2.608 samples/s=75.33
[step 2890/5000] loss=1.4743 lr=1.195e-04 grad_norm=3.615 samples/s=75.26
[step 2900/5000] loss=1.9193 lr=1.185e-04 grad_norm=5.742 samples/s=75.27
[step 2910/5000] loss=1.5640 lr=1.176e-04 grad_norm=7.634 samples/s=75.28
[step 2920/5000] loss=1.5035 lr=1.167e-04 grad_norm=4.112 samples/s=75.28
[step 2930/5000] loss=1.1610 lr=1.158e-04 grad_norm=3.206 samples/s=75.23
[step 2940/5000] loss=1.4485 lr=1.148e-04 grad_norm=2.936 samples/s=75.15
[step 2950/5000] loss=1.0767 lr=1.139e-04 grad_norm=2.282 samples/s=75.18
[step 2960/5000] loss=1.8845 lr=1.130e-04 grad_norm=3.577 samples/s=75.12
[step 2970/5000] loss=1.4369 lr=1.121e-04 grad_norm=5.275 samples/s=75.15
[step 2980/5000] loss=1.2689 lr=1.112e-04 grad_norm=6.178 samples/s=75.14
[step 2990/5000] loss=1.9466 lr=1.103e-04 grad_norm=2.565 samples/s=75.17
[step 3000/5000] loss=1.1409 lr=1.093e-04 grad_norm=2.894 samples/s=75.15
[val step 3000] loss=1.708398320198059 m01={'mean': 0.41609961316925476, 'median': 0.41176419624988525, 'p95': 0.7009090927704799, 'tail_frac_gt4px': 8.286377195889956e-05, 'n_matched': 12068} m02={'12-16': 0.8990772779700116, '16-32': 0.9461926495315878, '32-64': 0.9366142746714764, '64-128': 0.9276232616940582} m04={'accuracy': 0.8610374544249254, 'by_octave': {'12-16': 0.5978191148171905, '16-32': 0.8657019548108656, '32-64': 0.9447042640990372, '64-128': 0.8909710391822828}} diag={'gate3_alpha_mean': 0.29905569553375244, 'gate3_alpha_min': 0.01910400390625, 'gate3_alpha_max': 0.9677734375, 'gate3_alpha_std': 0.1494380235671997, 'gate3_alpha_p10': 0.10797119140625, 'gate3_alpha_p50': 0.2935791015625, 'gate3_alpha_p90': 0.4940185546875, 'block0_attn_entropy': 7.4786787033081055, 'block1_attn_entropy': 6.918048858642578}
[step 3010/5000] loss=1.4747 lr=1.084e-04 grad_norm=2.870 samples/s=75.33
[step 3020/5000] loss=1.3656 lr=1.075e-04 grad_norm=3.642 samples/s=75.43
[step 3030/5000] loss=1.9056 lr=1.066e-04 grad_norm=2.854 samples/s=75.32
[step 3040/5000] loss=1.1783 lr=1.057e-04 grad_norm=2.664 samples/s=75.38
[step 3050/5000] loss=1.4224 lr=1.048e-04 grad_norm=4.315 samples/s=75.35
[step 3060/5000] loss=1.8168 lr=1.039e-04 grad_norm=3.604 samples/s=75.40
[step 3070/5000] loss=1.4513 lr=1.030e-04 grad_norm=2.549 samples/s=75.38
[step 3080/5000] loss=1.7905 lr=1.021e-04 grad_norm=5.275 samples/s=75.42
[step 3090/5000] loss=1.5619 lr=1.012e-04 grad_norm=3.181 samples/s=75.38
[step 3100/5000] loss=0.9580 lr=1.003e-04 grad_norm=2.891 samples/s=75.42
[step 3110/5000] loss=1.6634 lr=9.941e-05 grad_norm=4.726 samples/s=75.38
[step 3120/5000] loss=1.7530 lr=9.852e-05 grad_norm=3.218 samples/s=75.40
[step 3130/5000] loss=1.8807 lr=9.763e-05 grad_norm=4.050 samples/s=75.35
[step 3140/5000] loss=2.0265 lr=9.674e-05 grad_norm=3.911 samples/s=75.36
[step 3150/5000] loss=1.2195 lr=9.586e-05 grad_norm=5.063 samples/s=75.35
[step 3160/5000] loss=1.6097 lr=9.498e-05 grad_norm=3.714 samples/s=75.30
[step 3170/5000] loss=1.4164 lr=9.410e-05 grad_norm=2.202 samples/s=75.34
[step 3180/5000] loss=2.0203 lr=9.322e-05 grad_norm=4.098 samples/s=75.24
[step 3190/5000] loss=1.4774 lr=9.235e-05 grad_norm=3.998 samples/s=75.27
[step 3200/5000] loss=1.3858 lr=9.148e-05 grad_norm=2.472 samples/s=75.22
[step 3210/5000] loss=1.5501 lr=9.061e-05 grad_norm=2.164 samples/s=75.22
[step 3220/5000] loss=1.6516 lr=8.974e-05 grad_norm=4.856 samples/s=75.17
[step 3230/5000] loss=1.5843 lr=8.888e-05 grad_norm=3.827 samples/s=75.18
[step 3240/5000] loss=2.5961 lr=8.801e-05 grad_norm=3.698 samples/s=75.18
[step 3250/5000] loss=2.2761 lr=8.715e-05 grad_norm=3.209 samples/s=75.17
[val step 3250] loss=1.698118169784546 m01={'mean': 0.4160966056589768, 'median': 0.41180791070015055, 'p95': 0.7005174902195422, 'tail_frac_gt4px': 8.286377195889956e-05, 'n_matched': 12068} m02={'12-16': 0.8985005767012687, '16-32': 0.9459524381455681, '32-64': 0.9366142746714764, '64-128': 0.9282553729456384} m04={'accuracy': 0.8659264169705005, 'by_octave': {'12-16': 0.5994865211810013, '16-32': 0.8707465718638903, '32-64': 0.9469050894085282, '64-128': 0.9005788219271366}} diag={'gate3_alpha_mean': 0.29471880197525024, 'gate3_alpha_min': 0.0190277099609375, 'gate3_alpha_max': 0.9677734375, 'gate3_alpha_std': 0.14726009964942932, 'gate3_alpha_p10': 0.106964111328125, 'gate3_alpha_p50': 0.289306640625, 'gate3_alpha_p90': 0.4857177734375, 'block0_attn_entropy': 7.4736199378967285, 'block1_attn_entropy': 6.9229207038879395}
[step 3260/5000] loss=1.5176 lr=8.630e-05 grad_norm=3.385 samples/s=75.33
[step 3270/5000] loss=1.3827 lr=8.544e-05 grad_norm=3.607 samples/s=75.49
[step 3280/5000] loss=2.2757 lr=8.459e-05 grad_norm=3.905 samples/s=75.45
[step 3290/5000] loss=1.7127 lr=8.374e-05 grad_norm=2.671 samples/s=75.43
[step 3300/5000] loss=1.4533 lr=8.290e-05 grad_norm=2.577 samples/s=75.43
[step 3310/5000] loss=1.1093 lr=8.205e-05 grad_norm=3.304 samples/s=75.40
[step 3320/5000] loss=1.6359 lr=8.121e-05 grad_norm=5.606 samples/s=75.42
[step 3330/5000] loss=2.1644 lr=8.038e-05 grad_norm=4.050 samples/s=75.40
[step 3340/5000] loss=1.5897 lr=7.954e-05 grad_norm=5.155 samples/s=75.42
[step 3350/5000] loss=2.0557 lr=7.871e-05 grad_norm=4.361 samples/s=75.36
[step 3360/5000] loss=1.8866 lr=7.788e-05 grad_norm=3.209 samples/s=75.38
[step 3370/5000] loss=1.4227 lr=7.706e-05 grad_norm=3.292 samples/s=75.35
[step 3380/5000] loss=1.9673 lr=7.624e-05 grad_norm=3.298 samples/s=75.35
[step 3390/5000] loss=1.2910 lr=7.542e-05 grad_norm=3.156 samples/s=75.29
[step 3400/5000] loss=2.4759 lr=7.460e-05 grad_norm=3.858 samples/s=75.32
[step 3410/5000] loss=1.2073 lr=7.379e-05 grad_norm=3.830 samples/s=75.26
[step 3420/5000] loss=1.7092 lr=7.298e-05 grad_norm=2.993 samples/s=75.30
[step 3430/5000] loss=1.4521 lr=7.217e-05 grad_norm=3.106 samples/s=75.27
[step 3440/5000] loss=1.3093 lr=7.137e-05 grad_norm=1.955 samples/s=75.28
[step 3450/5000] loss=1.4050 lr=7.057e-05 grad_norm=3.488 samples/s=75.26
[step 3460/5000] loss=1.3225 lr=6.977e-05 grad_norm=3.000 samples/s=75.28
[step 3470/5000] loss=2.6477 lr=6.898e-05 grad_norm=2.670 samples/s=75.21
[step 3480/5000] loss=1.0779 lr=6.819e-05 grad_norm=2.072 samples/s=75.24
[step 3490/5000] loss=1.3107 lr=6.740e-05 grad_norm=3.319 samples/s=75.21
[step 3500/5000] loss=1.9240 lr=6.662e-05 grad_norm=2.458 samples/s=75.16
[val step 3500] loss=1.6919385652542114 m01={'mean': 0.41621518555960263, 'median': 0.4116717270105938, 'p95': 0.7009520457003627, 'tail_frac_gt4px': 8.284317786430287e-05, 'n_matched': 12071} m02={'12-16': 0.9002306805074971, '16-32': 0.9464328609176075, '32-64': 0.9360989435712446, '64-128': 0.9282553729456384} m04={'accuracy': 0.8664567972827437, 'by_octave': {'12-16': 0.6085842408712364, '16-32': 0.868020304568528, '32-64': 0.947701624002202, '64-128': 0.9009193054136875}} diag={'gate3_alpha_mean': 0.2819423973560333, 'gate3_alpha_min': 0.0177459716796875, 'gate3_alpha_max': 0.9677734375, 'gate3_alpha_std': 0.14361955225467682, 'gate3_alpha_p10': 0.100982666015625, 'gate3_alpha_p50': 0.27532958984375, 'gate3_alpha_p90': 0.467041015625, 'block0_attn_entropy': 7.473585605621338, 'block1_attn_entropy': 6.917806148529053}
[step 3510/5000] loss=1.1945 lr=6.584e-05 grad_norm=3.339 samples/s=75.32
[step 3520/5000] loss=0.9164 lr=6.506e-05 grad_norm=3.717 samples/s=75.46
[step 3530/5000] loss=1.9436 lr=6.429e-05 grad_norm=2.699 samples/s=75.39
[step 3540/5000] loss=1.5125 lr=6.352e-05 grad_norm=2.772 samples/s=75.38
[step 3550/5000] loss=1.5087 lr=6.276e-05 grad_norm=3.686 samples/s=75.32
[step 3560/5000] loss=2.9794 lr=6.200e-05 grad_norm=4.935 samples/s=75.30
[step 3570/5000] loss=1.0247 lr=6.124e-05 grad_norm=2.636 samples/s=75.31
[step 3580/5000] loss=1.2082 lr=6.048e-05 grad_norm=2.452 samples/s=75.30
[step 3590/5000] loss=1.3443 lr=5.973e-05 grad_norm=2.945 samples/s=75.25
[step 3600/5000] loss=1.6205 lr=5.899e-05 grad_norm=4.998 samples/s=75.28
[step 3610/5000] loss=2.1255 lr=5.824e-05 grad_norm=3.068 samples/s=75.23
[step 3620/5000] loss=1.2218 lr=5.750e-05 grad_norm=2.495 samples/s=75.26
[step 3630/5000] loss=1.3948 lr=5.677e-05 grad_norm=2.950 samples/s=75.22
[step 3640/5000] loss=1.2875 lr=5.604e-05 grad_norm=3.634 samples/s=75.23
[step 3650/5000] loss=1.6068 lr=5.531e-05 grad_norm=3.121 samples/s=75.19
[step 3660/5000] loss=2.2253 lr=5.459e-05 grad_norm=2.712 samples/s=75.22
[step 3670/5000] loss=1.1110 lr=5.387e-05 grad_norm=5.459 samples/s=75.15
[step 3680/5000] loss=1.7571 lr=5.315e-05 grad_norm=5.079 samples/s=75.16
[step 3690/5000] loss=1.1475 lr=5.244e-05 grad_norm=4.104 samples/s=75.16
[step 3700/5000] loss=1.5337 lr=5.173e-05 grad_norm=2.534 samples/s=75.21
[step 3710/5000] loss=1.5012 lr=5.103e-05 grad_norm=3.707 samples/s=75.19
[step 3720/5000] loss=1.5416 lr=5.033e-05 grad_norm=4.290 samples/s=75.23
[step 3730/5000] loss=1.9132 lr=4.964e-05 grad_norm=6.327 samples/s=75.18
[step 3740/5000] loss=1.4786 lr=4.895e-05 grad_norm=5.099 samples/s=75.18
[step 3750/5000] loss=1.4865 lr=4.826e-05 grad_norm=2.931 samples/s=75.18
[val step 3750] loss=1.6883024282455443 m01={'mean': 0.41650458335636714, 'median': 0.4117388714553908, 'p95': 0.7022482057845965, 'tail_frac_gt4px': 8.286377195889956e-05, 'n_matched': 12068} m02={'12-16': 0.9002306805074971, '16-32': 0.9464328609176075, '32-64': 0.9363566091213604, '64-128': 0.9269911504424779} m04={'accuracy': 0.8684123301292674, 'by_octave': {'12-16': 0.6085842408712364, '16-32': 0.8718274111675127, '32-64': 0.9490919097413318, '64-128': 0.9021479713603818}} diag={'gate3_alpha_mean': 0.2846778929233551, 'gate3_alpha_min': 0.0178375244140625, 'gate3_alpha_max': 0.9736328125, 'gate3_alpha_std': 0.14465099573135376, 'gate3_alpha_p10': 0.10192032158374786, 'gate3_alpha_p50': 0.2784423828125, 'gate3_alpha_p90': 0.470458984375, 'block0_attn_entropy': 7.469562530517578, 'block1_attn_entropy': 6.900928020477295}
[step 3760/5000] loss=1.1268 lr=4.758e-05 grad_norm=2.428 samples/s=75.32
[step 3770/5000] loss=1.0502 lr=4.690e-05 grad_norm=3.525 samples/s=75.46
[step 3780/5000] loss=2.7168 lr=4.623e-05 grad_norm=2.414 samples/s=75.44
[step 3790/5000] loss=1.3476 lr=4.556e-05 grad_norm=4.001 samples/s=75.41
[step 3800/5000] loss=2.0855 lr=4.489e-05 grad_norm=3.557 samples/s=75.39
[step 3810/5000] loss=1.9391 lr=4.423e-05 grad_norm=4.564 samples/s=75.43
[step 3820/5000] loss=1.7457 lr=4.357e-05 grad_norm=2.852 samples/s=75.40
[step 3830/5000] loss=1.8634 lr=4.292e-05 grad_norm=2.789 samples/s=75.44
[step 3840/5000] loss=1.4836 lr=4.228e-05 grad_norm=3.099 samples/s=75.42
[step 3850/5000] loss=1.3609 lr=4.163e-05 grad_norm=3.102 samples/s=75.44
[step 3860/5000] loss=1.4812 lr=4.099e-05 grad_norm=3.009 samples/s=75.40
[step 3870/5000] loss=2.6367 lr=4.036e-05 grad_norm=4.827 samples/s=75.41
[step 3880/5000] loss=1.2903 lr=3.973e-05 grad_norm=3.581 samples/s=75.38
[step 3890/5000] loss=1.0266 lr=3.911e-05 grad_norm=3.229 samples/s=75.39
[step 3900/5000] loss=1.0805 lr=3.849e-05 grad_norm=2.810 samples/s=75.39
[step 3910/5000] loss=1.1852 lr=3.787e-05 grad_norm=2.541 samples/s=75.33
[step 3920/5000] loss=2.3329 lr=3.726e-05 grad_norm=4.349 samples/s=75.36
[step 3930/5000] loss=1.6274 lr=3.666e-05 grad_norm=4.076 samples/s=75.34
[step 3940/5000] loss=2.1994 lr=3.605e-05 grad_norm=4.600 samples/s=75.34
[step 3950/5000] loss=1.2393 lr=3.546e-05 grad_norm=5.519 samples/s=75.35
[step 3960/5000] loss=1.9089 lr=3.487e-05 grad_norm=3.284 samples/s=75.28
[step 3970/5000] loss=1.6217 lr=3.428e-05 grad_norm=3.233 samples/s=75.26
[step 3980/5000] loss=1.4381 lr=3.370e-05 grad_norm=2.201 samples/s=75.18
[step 3990/5000] loss=1.2408 lr=3.312e-05 grad_norm=4.140 samples/s=75.17
[step 4000/5000] loss=1.5624 lr=3.255e-05 grad_norm=2.983 samples/s=75.20
[val step 4000] loss=1.6811100206375122 m01={'mean': 0.4163239193238297, 'median': 0.4117807914172929, 'p95': 0.7014412669995606, 'tail_frac_gt4px': 8.291873963515754e-05, 'n_matched': 12060} m02={'12-16': 0.8990772779700116, '16-32': 0.9459524381455681, '32-64': 0.9350682813707807, '64-128': 0.927307206068268} m04={'accuracy': 0.8709784411276948, 'by_octave': {'12-16': 0.6080821039127646, '16-32': 0.8768410360589132, '32-64': 0.9481950950675118, '64-128': 0.907293796864349}} diag={'gate3_alpha_mean': 0.28154993057250977, 'gate3_alpha_min': 0.0177459716796875, 'gate3_alpha_max': 0.9736328125, 'gate3_alpha_std': 0.14305301010608673, 'gate3_alpha_p10': 0.100982666015625, 'gate3_alpha_p50': 0.27508544921875, 'gate3_alpha_p90': 0.46484375, 'block0_attn_entropy': 7.475747108459473, 'block1_attn_entropy': 6.9077067375183105}
[step 4010/5000] loss=1.6726 lr=3.198e-05 grad_norm=2.383 samples/s=75.33
[step 4020/5000] loss=1.4312 lr=3.142e-05 grad_norm=2.240 samples/s=75.45
[step 4030/5000] loss=1.5520 lr=3.086e-05 grad_norm=3.950 samples/s=75.41
[step 4040/5000] loss=1.1499 lr=3.031e-05 grad_norm=3.452 samples/s=75.42
[step 4050/5000] loss=1.6234 lr=2.976e-05 grad_norm=2.876 samples/s=75.42
[step 4060/5000] loss=1.8969 lr=2.922e-05 grad_norm=3.515 samples/s=75.41
[step 4070/5000] loss=1.4899 lr=2.868e-05 grad_norm=2.592 samples/s=75.39
[step 4080/5000] loss=1.3065 lr=2.815e-05 grad_norm=3.106 samples/s=75.38
[step 4090/5000] loss=1.9286 lr=2.762e-05 grad_norm=3.013 samples/s=75.38
[step 4100/5000] loss=2.4144 lr=2.710e-05 grad_norm=3.713 samples/s=75.32
[step 4110/5000] loss=2.1848 lr=2.658e-05 grad_norm=3.306 samples/s=75.31
[step 4120/5000] loss=1.7228 lr=2.607e-05 grad_norm=3.560 samples/s=75.30
[step 4130/5000] loss=1.9604 lr=2.556e-05 grad_norm=2.370 samples/s=75.31
[step 4140/5000] loss=1.3850 lr=2.506e-05 grad_norm=3.385 samples/s=75.27
[step 4150/5000] loss=1.5057 lr=2.456e-05 grad_norm=3.264 samples/s=75.29
[step 4160/5000] loss=1.9018 lr=2.407e-05 grad_norm=4.096 samples/s=75.25
[step 4170/5000] loss=1.4249 lr=2.358e-05 grad_norm=2.565 samples/s=75.28
[step 4180/5000] loss=1.6986 lr=2.310e-05 grad_norm=2.360 samples/s=75.28
[step 4190/5000] loss=1.2439 lr=2.263e-05 grad_norm=3.764 samples/s=75.28
[step 4200/5000] loss=1.2725 lr=2.216e-05 grad_norm=2.155 samples/s=75.26
[step 4210/5000] loss=1.4856 lr=2.169e-05 grad_norm=3.028 samples/s=75.26
[step 4220/5000] loss=2.1265 lr=2.123e-05 grad_norm=3.216 samples/s=75.23
[step 4230/5000] loss=1.6088 lr=2.078e-05 grad_norm=2.925 samples/s=75.24
[step 4240/5000] loss=2.0941 lr=2.033e-05 grad_norm=2.537 samples/s=75.22
[step 4250/5000] loss=1.8551 lr=1.988e-05 grad_norm=3.848 samples/s=75.21
[val step 4250] loss=1.6769031791687012 m01={'mean': 0.4166007258018815, 'median': 0.411877108154578, 'p95': 0.7021842388872073, 'tail_frac_gt4px': 8.28363154406892e-05, 'n_matched': 12072} m02={'12-16': 0.9008073817762399, '16-32': 0.9466730723036272, '32-64': 0.9360989435712446, '64-128': 0.9279393173198482} m04={'accuracy': 0.872846255798542, 'by_octave': {'12-16': 0.618437900128041, '16-32': 0.8784572443542248, '32-64': 0.9493531516652904, '64-128': 0.9059945504087193}} diag={'gate3_alpha_mean': 0.2809840738773346, 'gate3_alpha_min': 0.017520904541015625, 'gate3_alpha_max': 0.974609375, 'gate3_alpha_std': 0.1432105004787445, 'gate3_alpha_p10': 0.1002655029296875, 'gate3_alpha_p50': 0.274658203125, 'gate3_alpha_p90': 0.4640226364135742, 'block0_attn_entropy': 7.476994037628174, 'block1_attn_entropy': 6.947653293609619}
[step 4260/5000] loss=1.7004 lr=1.945e-05 grad_norm=3.618 samples/s=75.34
[step 4270/5000] loss=1.2373 lr=1.901e-05 grad_norm=5.174 samples/s=75.46
[step 4280/5000] loss=2.2109 lr=1.859e-05 grad_norm=3.042 samples/s=75.46
[step 4290/5000] loss=1.7292 lr=1.816e-05 grad_norm=3.226 samples/s=75.45
[step 4300/5000] loss=1.9050 lr=1.775e-05 grad_norm=3.189 samples/s=75.40
[step 4310/5000] loss=1.9596 lr=1.734e-05 grad_norm=3.393 samples/s=75.40
[step 4320/5000] loss=1.9448 lr=1.693e-05 grad_norm=4.263 samples/s=75.36
[step 4330/5000] loss=1.8515 lr=1.653e-05 grad_norm=3.612 samples/s=75.38
[step 4340/5000] loss=1.2875 lr=1.614e-05 grad_norm=4.638 samples/s=75.36
[step 4350/5000] loss=1.6479 lr=1.575e-05 grad_norm=2.374 samples/s=75.38
[step 4360/5000] loss=1.0462 lr=1.537e-05 grad_norm=3.832 samples/s=75.34
[step 4370/5000] loss=1.6649 lr=1.499e-05 grad_norm=3.798 samples/s=75.34
[step 4380/5000] loss=1.3856 lr=1.462e-05 grad_norm=7.877 samples/s=75.29
[step 4390/5000] loss=1.4043 lr=1.425e-05 grad_norm=3.065 samples/s=75.32
[step 4400/5000] loss=1.5547 lr=1.389e-05 grad_norm=3.700 samples/s=75.31
[step 4410/5000] loss=1.5495 lr=1.353e-05 grad_norm=2.604 samples/s=75.33
[step 4420/5000] loss=1.1182 lr=1.318e-05 grad_norm=7.004 samples/s=75.28
[step 4430/5000] loss=1.5335 lr=1.284e-05 grad_norm=3.067 samples/s=75.30
[step 4440/5000] loss=0.8353 lr=1.250e-05 grad_norm=2.400 samples/s=75.19
[step 4450/5000] loss=1.3548 lr=1.217e-05 grad_norm=2.674 samples/s=75.21
[step 4460/5000] loss=1.7032 lr=1.184e-05 grad_norm=2.800 samples/s=75.19
[step 4470/5000] loss=2.6820 lr=1.152e-05 grad_norm=3.882 samples/s=75.23
[step 4480/5000] loss=1.1724 lr=1.121e-05 grad_norm=2.118 samples/s=75.20
[step 4490/5000] loss=2.3468 lr=1.090e-05 grad_norm=2.636 samples/s=75.22
[step 4500/5000] loss=1.1951 lr=1.060e-05 grad_norm=3.162 samples/s=75.20
[val step 4500] loss=1.672831286430359 m01={'mean': 0.4166112619711713, 'median': 0.4118956749065629, 'p95': 0.7024039174794999, 'tail_frac_gt4px': 8.282259400364419e-05, 'n_matched': 12074} m02={'12-16': 0.9002306805074971, '16-32': 0.9457122267595484, '32-64': 0.9368719402215924, '64-128': 0.9292035398230089} m04={'accuracy': 0.873612721550439, 'by_octave': {'12-16': 0.6117873158231902, '16-32': 0.8790957581915164, '32-64': 0.9510451045104511, '64-128': 0.9095238095238095}} diag={'gate3_alpha_mean': 0.2826293110847473, 'gate3_alpha_min': 0.01673126220703125, 'gate3_alpha_max': 0.974609375, 'gate3_alpha_std': 0.14411717653274536, 'gate3_alpha_p10': 0.10055465996265411, 'gate3_alpha_p50': 0.2764892578125, 'gate3_alpha_p90': 0.4666748046875, 'block0_attn_entropy': 7.476743221282959, 'block1_attn_entropy': 6.953410625457764}
[step 4510/5000] loss=1.8364 lr=1.030e-05 grad_norm=5.829 samples/s=75.32
[step 4520/5000] loss=1.3848 lr=1.001e-05 grad_norm=3.164 samples/s=75.42
[step 4530/5000] loss=1.2442 lr=9.720e-06 grad_norm=2.747 samples/s=75.39
[step 4540/5000] loss=1.9224 lr=9.439e-06 grad_norm=2.400 samples/s=75.39
[step 4550/5000] loss=2.4384 lr=9.165e-06 grad_norm=4.099 samples/s=75.36
[step 4560/5000] loss=1.0251 lr=8.896e-06 grad_norm=3.574 samples/s=75.35
[step 4570/5000] loss=1.3169 lr=8.634e-06 grad_norm=2.918 samples/s=75.31
[step 4580/5000] loss=1.7696 lr=8.377e-06 grad_norm=4.769 samples/s=75.31
[step 4590/5000] loss=1.3351 lr=8.126e-06 grad_norm=2.265 samples/s=75.28
[step 4600/5000] loss=2.8562 lr=7.881e-06 grad_norm=6.500 samples/s=75.32
[step 4610/5000] loss=1.8420 lr=7.642e-06 grad_norm=4.483 samples/s=75.32
[step 4620/5000] loss=2.0828 lr=7.409e-06 grad_norm=2.950 samples/s=75.35
[step 4630/5000] loss=1.5512 lr=7.181e-06 grad_norm=3.196 samples/s=75.34
[step 4640/5000] loss=1.7604 lr=6.960e-06 grad_norm=2.745 samples/s=75.37
[step 4650/5000] loss=1.1394 lr=6.744e-06 grad_norm=3.198 samples/s=75.38
[step 4660/5000] loss=0.9819 lr=6.535e-06 grad_norm=2.597 samples/s=75.36
[step 4670/5000] loss=2.2252 lr=6.331e-06 grad_norm=3.048 samples/s=75.36
[step 4680/5000] loss=1.1606 lr=6.134e-06 grad_norm=3.048 samples/s=75.31
[step 4690/5000] loss=1.6895 lr=5.942e-06 grad_norm=3.138 samples/s=75.34
[step 4700/5000] loss=0.9802 lr=5.757e-06 grad_norm=2.574 samples/s=75.30
[step 4710/5000] loss=1.3588 lr=5.577e-06 grad_norm=3.596 samples/s=75.32
[step 4720/5000] loss=2.0287 lr=5.403e-06 grad_norm=3.357 samples/s=75.28
[step 4730/5000] loss=1.3879 lr=5.236e-06 grad_norm=2.502 samples/s=75.27
[step 4740/5000] loss=1.4203 lr=5.074e-06 grad_norm=3.000 samples/s=75.24
[step 4750/5000] loss=2.3049 lr=4.919e-06 grad_norm=2.577 samples/s=75.25
[val step 4750] loss=1.6711344709396363 m01={'mean': 0.4165034356419761, 'median': 0.4118956749065629, 'p95': 0.7024039174794999, 'tail_frac_gt4px': 8.282259400364419e-05, 'n_matched': 12074} m02={'12-16': 0.9013840830449827, '16-32': 0.9459524381455681, '32-64': 0.9368719402215924, '64-128': 0.9282553729456384} m04={'accuracy': 0.8730329633924134, 'by_octave': {'12-16': 0.6142034548944337, '16-32': 0.8791264601320468, '32-64': 0.9493949394939494, '64-128': 0.9080694586312564}} diag={'gate3_alpha_mean': 0.2825319766998291, 'gate3_alpha_min': 0.01673126220703125, 'gate3_alpha_max': 0.974609375, 'gate3_alpha_std': 0.14360882341861725, 'gate3_alpha_p10': 0.100738525390625, 'gate3_alpha_p50': 0.276611328125, 'gate3_alpha_p90': 0.46630859375, 'block0_attn_entropy': 7.474827766418457, 'block1_attn_entropy': 6.961802005767822}
[step 4760/5000] loss=1.7720 lr=4.769e-06 grad_norm=2.717 samples/s=75.36
[step 4770/5000] loss=1.3012 lr=4.626e-06 grad_norm=3.932 samples/s=75.47
[step 4780/5000] loss=2.1058 lr=4.488e-06 grad_norm=3.705 samples/s=75.41
[step 4790/5000] loss=1.9531 lr=4.357e-06 grad_norm=4.167 samples/s=75.42
[step 4800/5000] loss=1.3271 lr=4.231e-06 grad_norm=2.973 samples/s=75.39
[step 4810/5000] loss=1.5496 lr=4.112e-06 grad_norm=3.977 samples/s=75.40
[step 4820/5000] loss=1.8464 lr=3.999e-06 grad_norm=3.495 samples/s=75.35
[step 4830/5000] loss=1.8197 lr=3.892e-06 grad_norm=4.238 samples/s=75.36
[step 4840/5000] loss=1.4815 lr=3.790e-06 grad_norm=2.668 samples/s=75.35
[step 4850/5000] loss=1.1488 lr=3.695e-06 grad_norm=3.114 samples/s=75.37
[step 4860/5000] loss=1.4401 lr=3.606e-06 grad_norm=2.852 samples/s=75.34
[step 4870/5000] loss=1.1809 lr=3.523e-06 grad_norm=3.218 samples/s=75.35
[step 4880/5000] loss=1.2766 lr=3.447e-06 grad_norm=2.303 samples/s=75.32
[step 4890/5000] loss=2.3530 lr=3.376e-06 grad_norm=3.077 samples/s=75.34
[step 4900/5000] loss=1.6235 lr=3.311e-06 grad_norm=4.271 samples/s=75.31
[step 4910/5000] loss=1.4422 lr=3.253e-06 grad_norm=4.465 samples/s=75.25
[step 4920/5000] loss=1.1629 lr=3.200e-06 grad_norm=2.388 samples/s=75.19
[step 4930/5000] loss=2.0365 lr=3.154e-06 grad_norm=4.699 samples/s=75.21
[step 4940/5000] loss=1.7150 lr=3.114e-06 grad_norm=4.480 samples/s=75.21
[step 4950/5000] loss=1.4853 lr=3.079e-06 grad_norm=3.981 samples/s=75.22
[step 4960/5000] loss=1.0025 lr=3.051e-06 grad_norm=3.419 samples/s=75.21
[step 4970/5000] loss=1.3958 lr=3.029e-06 grad_norm=2.970 samples/s=75.23
[step 4980/5000] loss=1.6485 lr=3.013e-06 grad_norm=2.356 samples/s=75.19
[step 4990/5000] loss=1.2122 lr=3.004e-06 grad_norm=3.110 samples/s=75.21
[step 5000/5000] loss=2.0026 lr=3.000e-06 grad_norm=3.036 samples/s=75.17
[val step 5000] loss=1.6714849157333374 m01={'mean': 0.41623897328663123, 'median': 0.41176419624988525, 'p95': 0.7009023463695169, 'tail_frac_gt4px': 8.285004142502072e-05, 'n_matched': 12070} m02={'12-16': 0.9002306805074971, '16-32': 0.9459524381455681, '32-64': 0.9360989435712446, '64-128': 0.9285714285714286} m04={'accuracy': 0.8742336371168186, 'by_octave': {'12-16': 0.6169122357463165, '16-32': 0.8811579481970544, '32-64': 0.9501789154968345, '64-128': 0.9077603812117087}} diag={'gate3_alpha_mean': 0.28068655729293823, 'gate3_alpha_min': 0.01663970947265625, 'gate3_alpha_max': 0.9736328125, 'gate3_alpha_std': 0.1433182805776596, 'gate3_alpha_p10': 0.09954833984375, 'gate3_alpha_p50': 0.2745361328125, 'gate3_alpha_p90': 0.4644193649291992, 'block0_attn_entropy': 7.474303722381592, 'block1_attn_entropy': 6.956704139709473}
[FULL val step 5000] loss=1.6017176815032959 m01={'mean': 0.4129987350531318, 'median': 0.40929420740615857, 'p95': 0.6993367933087845, 'tail_frac_gt4px': 0.00011411710044750206, 'n_matched': 122681} m02={'12-16': 0.9038396576962053, '16-32': 0.9301807671349712, '32-64': 0.9465732205886087, '64-128': 0.9480715906226368} m04={'accuracy': 0.8673225682868578, 'by_octave': {'12-16': 0.6227108508782858, '16-32': 0.8595588609851765, '32-64': 0.9456233065965609, '64-128': 0.9109611805370912}}
[train_detector] wrote checkpoint runs/mb3_ft14_head_bneck_hm_lr1/ckpt_0005000.pt
[train_detector] done: step=5000 train_elapsed=2128.6s val_elapsed=475.6s samples/s=75.17
