[train_detector] finetune from runs/mb3_base_30k/ckpt_0030000.pt (step 30000): 37,968 of 882,402 params trainable, lr_mult={'cls.*': 1.0}, reinit=[]
[train_detector] stream_seed=2100000 resume_count=0 start_step=0
[step 1/5000] loss=4.4124 lr=0.000e+00 grad_norm=8.985 samples/s=7.38
[step 2/5000] loss=4.6912 lr=3.000e-06 grad_norm=9.077 samples/s=14.58
[step 3/5000] loss=6.2284 lr=6.000e-06 grad_norm=8.326 samples/s=21.59
[step 4/5000] loss=5.4613 lr=9.000e-06 grad_norm=10.810 samples/s=28.41
[step 5/5000] loss=4.0980 lr=1.200e-05 grad_norm=6.750 samples/s=27.83
[step 6/5000] loss=5.4271 lr=1.500e-05 grad_norm=9.792 samples/s=33.07
[step 7/5000] loss=3.6442 lr=1.800e-05 grad_norm=5.990 samples/s=38.20
[step 8/5000] loss=4.1381 lr=2.100e-05 grad_norm=8.649 samples/s=43.24
[step 9/5000] loss=4.2971 lr=2.400e-05 grad_norm=5.703 samples/s=37.53
[step 10/5000] loss=4.9730 lr=2.700e-05 grad_norm=7.712 samples/s=41.40
[step 20/5000] loss=3.4979 lr=5.700e-05 grad_norm=6.425 samples/s=56.95
[step 30/5000] loss=3.9158 lr=8.700e-05 grad_norm=5.678 samples/s=57.31
[step 40/5000] loss=4.0085 lr=1.170e-04 grad_norm=6.120 samples/s=60.26
[step 50/5000] loss=3.9633 lr=1.470e-04 grad_norm=4.007 samples/s=60.53
[step 60/5000] loss=3.8968 lr=1.770e-04 grad_norm=4.106 samples/s=63.97
[step 70/5000] loss=2.8627 lr=2.070e-04 grad_norm=3.752 samples/s=62.81
[step 80/5000] loss=2.7223 lr=2.370e-04 grad_norm=3.389 samples/s=64.41
[step 90/5000] loss=3.1463 lr=2.670e-04 grad_norm=3.062 samples/s=64.85
[step 100/5000] loss=2.7793 lr=2.970e-04 grad_norm=2.164 samples/s=66.97
[step 110/5000] loss=2.2657 lr=3.000e-04 grad_norm=1.818 samples/s=66.62
[step 120/5000] loss=2.6007 lr=3.000e-04 grad_norm=2.393 samples/s=68.36
[step 130/5000] loss=2.4009 lr=3.000e-04 grad_norm=1.802 samples/s=68.09
[step 140/5000] loss=2.7758 lr=3.000e-04 grad_norm=2.021 samples/s=68.92
[step 150/5000] loss=2.5814 lr=2.999e-04 grad_norm=2.038 samples/s=67.93
[step 160/5000] loss=2.5097 lr=2.999e-04 grad_norm=2.028 samples/s=68.70
[step 170/5000] loss=2.5832 lr=2.999e-04 grad_norm=1.160 samples/s=68.26
[step 180/5000] loss=2.3909 lr=2.998e-04 grad_norm=1.482 samples/s=69.10
[step 190/5000] loss=2.3296 lr=2.998e-04 grad_norm=1.642 samples/s=69.01
[step 200/5000] loss=3.0872 lr=2.997e-04 grad_norm=1.718 samples/s=69.90
[step 210/5000] loss=2.9917 lr=2.996e-04 grad_norm=1.140 samples/s=69.83
[step 220/5000] loss=1.9285 lr=2.996e-04 grad_norm=1.586 samples/s=70.70
[step 230/5000] loss=2.8090 lr=2.995e-04 grad_norm=1.767 samples/s=69.78
[step 240/5000] loss=1.9537 lr=2.994e-04 grad_norm=1.381 samples/s=70.48
[step 250/5000] loss=2.3348 lr=2.993e-04 grad_norm=0.985 samples/s=69.85
[val step 250] loss=2.6556764755249023 m01={'mean': 0.4163335539041873, 'median': 0.41172379808955833, 'p95': 0.7030512096514959, 'tail_frac_gt4px': 8.282945415389712e-05, 'n_matched': 12073} m02={'12-16': 0.9019607843137255, '16-32': 0.9457122267595484, '32-64': 0.9363566091213604, '64-128': 0.9285714285714286} m04={'accuracy': 0.2854302990143295, 'by_octave': {'12-16': 0.2640664961636829, '16-32': 0.32918465836931676, '32-64': 0.26307099614749585, '64-128': 0.26582709326072157}} diag={'gate3_alpha_mean': 0.3352319002151489, 'gate3_alpha_min': 0.03265380859375, 'gate3_alpha_max': 0.9658203125, 'gate3_alpha_std': 0.1677316278219223, 'gate3_alpha_p10': 0.129150390625, 'gate3_alpha_p50': 0.3179168701171875, 'gate3_alpha_p90': 0.5784940719604492, 'block0_attn_entropy': 7.5140790939331055, 'block1_attn_entropy': 7.106164932250977}
[step 260/5000] loss=2.5480 lr=2.992e-04 grad_norm=1.192 samples/s=72.23
[step 270/5000] loss=2.6306 lr=2.991e-04 grad_norm=1.805 samples/s=73.94
[step 280/5000] loss=2.9979 lr=2.990e-04 grad_norm=1.374 samples/s=73.30
[step 290/5000] loss=2.1350 lr=2.989e-04 grad_norm=1.291 samples/s=73.67
[step 300/5000] loss=2.5524 lr=2.988e-04 grad_norm=1.133 samples/s=73.31
[step 310/5000] loss=2.2580 lr=2.987e-04 grad_norm=1.299 samples/s=73.60
[step 320/5000] loss=1.8962 lr=2.985e-04 grad_norm=1.380 samples/s=72.95
[step 330/5000] loss=2.4956 lr=2.984e-04 grad_norm=1.431 samples/s=73.05
[step 340/5000] loss=2.3104 lr=2.983e-04 grad_norm=1.056 samples/s=72.62
[step 350/5000] loss=2.5795 lr=2.981e-04 grad_norm=1.103 samples/s=73.13
[step 360/5000] loss=1.8543 lr=2.980e-04 grad_norm=1.240 samples/s=72.80
[step 370/5000] loss=2.1152 lr=2.978e-04 grad_norm=1.399 samples/s=73.21
[step 380/5000] loss=2.1424 lr=2.976e-04 grad_norm=0.980 samples/s=72.91
[step 390/5000] loss=2.2994 lr=2.975e-04 grad_norm=1.188 samples/s=72.98
[step 400/5000] loss=2.0059 lr=2.973e-04 grad_norm=1.430 samples/s=72.30
[step 410/5000] loss=2.6130 lr=2.971e-04 grad_norm=1.465 samples/s=72.73
[step 420/5000] loss=2.0591 lr=2.969e-04 grad_norm=1.461 samples/s=72.59
[step 430/5000] loss=2.1616 lr=2.967e-04 grad_norm=1.258 samples/s=72.82
[step 440/5000] loss=3.1179 lr=2.965e-04 grad_norm=2.138 samples/s=72.51
[step 450/5000] loss=2.7498 lr=2.963e-04 grad_norm=1.208 samples/s=72.59
[step 460/5000] loss=2.1847 lr=2.961e-04 grad_norm=1.340 samples/s=72.09
[step 470/5000] loss=3.1180 lr=2.959e-04 grad_norm=1.243 samples/s=71.46
[step 480/5000] loss=1.7606 lr=2.956e-04 grad_norm=1.516 samples/s=71.71
[step 490/5000] loss=1.8552 lr=2.954e-04 grad_norm=1.155 samples/s=71.70
[step 500/5000] loss=1.9417 lr=2.952e-04 grad_norm=1.124 samples/s=71.94
[val step 500] loss=2.42851167678833 m01={'mean': 0.4163335539041873, 'median': 0.41172379808955833, 'p95': 0.7030512096514959, 'tail_frac_gt4px': 8.282945415389712e-05, 'n_matched': 12073} m02={'12-16': 0.9019607843137255, '16-32': 0.9457122267595484, '32-64': 0.9363566091213604, '64-128': 0.9285714285714286} m04={'accuracy': 0.4405698666445788, 'by_octave': {'12-16': 0.2653452685421995, '16-32': 0.4254508509017018, '32-64': 0.4848651623555311, '64-128': 0.4993192648059905}} diag={'gate3_alpha_mean': 0.3352319002151489, 'gate3_alpha_min': 0.03265380859375, 'gate3_alpha_max': 0.9658203125, 'gate3_alpha_std': 0.1677316278219223, 'gate3_alpha_p10': 0.129150390625, 'gate3_alpha_p50': 0.3179168701171875, 'gate3_alpha_p90': 0.5784940719604492, 'block0_attn_entropy': 7.5140790939331055, 'block1_attn_entropy': 7.106164932250977}
[step 510/5000] loss=2.3977 lr=2.949e-04 grad_norm=1.352 samples/s=73.14
[step 520/5000] loss=1.9857 lr=2.947e-04 grad_norm=1.240 samples/s=73.98
[step 530/5000] loss=2.1976 lr=2.944e-04 grad_norm=0.995 samples/s=73.73
[step 540/5000] loss=2.7101 lr=2.942e-04 grad_norm=1.255 samples/s=73.93
[step 550/5000] loss=2.6145 lr=2.939e-04 grad_norm=1.420 samples/s=73.65
[step 560/5000] loss=2.1186 lr=2.936e-04 grad_norm=1.619 samples/s=73.69
[step 570/5000] loss=2.1230 lr=2.933e-04 grad_norm=1.168 samples/s=73.58
[step 580/5000] loss=1.8654 lr=2.931e-04 grad_norm=1.191 samples/s=73.59
[step 590/5000] loss=1.7333 lr=2.928e-04 grad_norm=1.673 samples/s=73.45
[step 600/5000] loss=2.0646 lr=2.925e-04 grad_norm=1.288 samples/s=73.63
[step 610/5000] loss=2.2178 lr=2.922e-04 grad_norm=1.757 samples/s=73.56
[step 620/5000] loss=2.9044 lr=2.919e-04 grad_norm=1.366 samples/s=73.69
[step 630/5000] loss=1.9454 lr=2.915e-04 grad_norm=1.357 samples/s=73.38
[step 640/5000] loss=2.4377 lr=2.912e-04 grad_norm=1.077 samples/s=73.52
[step 650/5000] loss=2.4136 lr=2.909e-04 grad_norm=1.204 samples/s=73.50
[step 660/5000] loss=2.3626 lr=2.906e-04 grad_norm=1.476 samples/s=73.62
[step 670/5000] loss=3.2139 lr=2.902e-04 grad_norm=1.449 samples/s=73.73
[step 680/5000] loss=2.2764 lr=2.899e-04 grad_norm=1.453 samples/s=73.80
[step 690/5000] loss=2.7882 lr=2.895e-04 grad_norm=1.398 samples/s=73.76
[step 700/5000] loss=2.0907 lr=2.892e-04 grad_norm=1.387 samples/s=73.79
[step 710/5000] loss=2.2988 lr=2.888e-04 grad_norm=1.642 samples/s=73.50
[step 720/5000] loss=2.2893 lr=2.885e-04 grad_norm=1.542 samples/s=73.66
[step 730/5000] loss=1.7667 lr=2.881e-04 grad_norm=1.383 samples/s=73.44
[step 740/5000] loss=1.8612 lr=2.877e-04 grad_norm=1.498 samples/s=73.62
[step 750/5000] loss=2.4838 lr=2.873e-04 grad_norm=1.337 samples/s=73.44
[val step 750] loss=2.3975655612945554 m01={'mean': 0.4163335539041873, 'median': 0.41172379808955833, 'p95': 0.7030512096514959, 'tail_frac_gt4px': 8.282945415389712e-05, 'n_matched': 12073} m02={'12-16': 0.9019607843137255, '16-32': 0.9457122267595484, '32-64': 0.9363566091213604, '64-128': 0.9285714285714286} m04={'accuracy': 0.46028327673320635, 'by_octave': {'12-16': 0.2813299232736573, '16-32': 0.43865887731775466, '32-64': 0.5088057237204183, '64-128': 0.5245064669843431}} diag={'gate3_alpha_mean': 0.3352319002151489, 'gate3_alpha_min': 0.03265380859375, 'gate3_alpha_max': 0.9658203125, 'gate3_alpha_std': 0.1677316278219223, 'gate3_alpha_p10': 0.129150390625, 'gate3_alpha_p50': 0.3179168701171875, 'gate3_alpha_p90': 0.5784940719604492, 'block0_attn_entropy': 7.5140790939331055, 'block1_attn_entropy': 7.106164932250977}
[step 760/5000] loss=2.3209 lr=2.869e-04 grad_norm=1.187 samples/s=74.20
[step 770/5000] loss=2.1125 lr=2.865e-04 grad_norm=1.213 samples/s=74.82
[step 780/5000] loss=2.3867 lr=2.861e-04 grad_norm=1.179 samples/s=74.60
[step 790/5000] loss=2.8798 lr=2.857e-04 grad_norm=1.643 samples/s=74.57
[step 800/5000] loss=2.2026 lr=2.853e-04 grad_norm=1.654 samples/s=74.43
[step 810/5000] loss=3.0866 lr=2.849e-04 grad_norm=1.083 samples/s=74.33
[step 820/5000] loss=1.9901 lr=2.845e-04 grad_norm=1.075 samples/s=74.39
[step 830/5000] loss=1.8858 lr=2.841e-04 grad_norm=1.501 samples/s=74.28
[step 840/5000] loss=1.7240 lr=2.836e-04 grad_norm=1.508 samples/s=74.27
[step 850/5000] loss=2.7279 lr=2.832e-04 grad_norm=1.520 samples/s=74.15
[step 860/5000] loss=2.1890 lr=2.828e-04 grad_norm=1.354 samples/s=74.36
[step 870/5000] loss=2.7114 lr=2.823e-04 grad_norm=1.912 samples/s=74.14
[step 880/5000] loss=2.6211 lr=2.819e-04 grad_norm=1.300 samples/s=74.28
[step 890/5000] loss=2.0338 lr=2.814e-04 grad_norm=1.248 samples/s=74.29
[step 900/5000] loss=1.8780 lr=2.809e-04 grad_norm=1.586 samples/s=74.33
[step 910/5000] loss=2.0392 lr=2.805e-04 grad_norm=1.234 samples/s=74.38
[step 920/5000] loss=2.6740 lr=2.800e-04 grad_norm=1.270 samples/s=74.40
[step 930/5000] loss=2.1751 lr=2.795e-04 grad_norm=1.236 samples/s=74.33
[step 940/5000] loss=2.0763 lr=2.790e-04 grad_norm=1.331 samples/s=74.24
[step 950/5000] loss=1.4829 lr=2.785e-04 grad_norm=1.427 samples/s=74.09
[step 960/5000] loss=3.0672 lr=2.780e-04 grad_norm=1.301 samples/s=73.73
[step 970/5000] loss=2.5811 lr=2.775e-04 grad_norm=1.583 samples/s=73.87
[step 980/5000] loss=2.4861 lr=2.770e-04 grad_norm=1.416 samples/s=73.74
[step 990/5000] loss=1.8762 lr=2.765e-04 grad_norm=1.151 samples/s=73.91
[step 1000/5000] loss=2.0147 lr=2.760e-04 grad_norm=1.429 samples/s=73.83
[val step 1000] loss=2.3845990676879882 m01={'mean': 0.4163335539041873, 'median': 0.41172379808955833, 'p95': 0.7030512096514959, 'tail_frac_gt4px': 8.282945415389712e-05, 'n_matched': 12073} m02={'12-16': 0.9019607843137255, '16-32': 0.9457122267595484, '32-64': 0.9363566091213604, '64-128': 0.9285714285714286} m04={'accuracy': 0.4720450592230597, 'by_octave': {'12-16': 0.30434782608695654, '16-32': 0.4523749047498095, '32-64': 0.5200880572372042, '64-128': 0.5282505105513955}} diag={'gate3_alpha_mean': 0.3352319002151489, 'gate3_alpha_min': 0.03265380859375, 'gate3_alpha_max': 0.9658203125, 'gate3_alpha_std': 0.1677316278219223, 'gate3_alpha_p10': 0.129150390625, 'gate3_alpha_p50': 0.3179168701171875, 'gate3_alpha_p90': 0.5784940719604492, 'block0_attn_entropy': 7.5140790939331055, 'block1_attn_entropy': 7.106164932250977}
[step 1010/5000] loss=2.5395 lr=2.755e-04 grad_norm=1.305 samples/s=74.41
[step 1020/5000] loss=2.6154 lr=2.750e-04 grad_norm=1.328 samples/s=74.85
[step 1030/5000] loss=2.9534 lr=2.744e-04 grad_norm=1.461 samples/s=74.74
[step 1040/5000] loss=2.2764 lr=2.739e-04 grad_norm=1.459 samples/s=74.72
[step 1050/5000] loss=2.5192 lr=2.734e-04 grad_norm=1.051 samples/s=74.47
[step 1060/5000] loss=1.9730 lr=2.728e-04 grad_norm=1.410 samples/s=74.67
[step 1070/5000] loss=1.9377 lr=2.723e-04 grad_norm=1.056 samples/s=74.57
[step 1080/5000] loss=1.9691 lr=2.717e-04 grad_norm=1.301 samples/s=74.51
[step 1090/5000] loss=1.9611 lr=2.711e-04 grad_norm=1.307 samples/s=74.44
[step 1100/5000] loss=2.3306 lr=2.706e-04 grad_norm=1.104 samples/s=74.37
[step 1110/5000] loss=3.0865 lr=2.700e-04 grad_norm=1.144 samples/s=74.41
[step 1120/5000] loss=1.7218 lr=2.694e-04 grad_norm=1.632 samples/s=74.22
[step 1130/5000] loss=2.0058 lr=2.688e-04 grad_norm=1.164 samples/s=74.26
[step 1140/5000] loss=2.0342 lr=2.683e-04 grad_norm=2.039 samples/s=74.05
[step 1150/5000] loss=2.0284 lr=2.677e-04 grad_norm=1.312 samples/s=74.19
[step 1160/5000] loss=1.5687 lr=2.671e-04 grad_norm=1.808 samples/s=74.14
[step 1170/5000] loss=2.7247 lr=2.665e-04 grad_norm=1.104 samples/s=74.19
[step 1180/5000] loss=2.2929 lr=2.659e-04 grad_norm=1.205 samples/s=74.14
[step 1190/5000] loss=1.9694 lr=2.653e-04 grad_norm=1.405 samples/s=74.24
[step 1200/5000] loss=2.9779 lr=2.646e-04 grad_norm=1.402 samples/s=73.98
[step 1210/5000] loss=2.2294 lr=2.640e-04 grad_norm=1.108 samples/s=73.99
[step 1220/5000] loss=1.8612 lr=2.634e-04 grad_norm=1.247 samples/s=73.92
[step 1230/5000] loss=1.7095 lr=2.628e-04 grad_norm=1.279 samples/s=74.09
[step 1240/5000] loss=2.5508 lr=2.621e-04 grad_norm=1.347 samples/s=74.10
[step 1250/5000] loss=2.5061 lr=2.615e-04 grad_norm=1.124 samples/s=74.29
[val step 1250] loss=2.3756842937469482 m01={'mean': 0.4163335539041873, 'median': 0.41172379808955833, 'p95': 0.7030512096514959, 'tail_frac_gt4px': 8.282945415389712e-05, 'n_matched': 12073} m02={'12-16': 0.9019607843137255, '16-32': 0.9457122267595484, '32-64': 0.9363566091213604, '64-128': 0.9285714285714286} m04={'accuracy': 0.4783400977387559, 'by_octave': {'12-16': 0.3126598465473146, '16-32': 0.4630429260858522, '32-64': 0.5228398458998349, '64-128': 0.5319945541184479}} diag={'gate3_alpha_mean': 0.3352319002151489, 'gate3_alpha_min': 0.03265380859375, 'gate3_alpha_max': 0.9658203125, 'gate3_alpha_std': 0.1677316278219223, 'gate3_alpha_p10': 0.129150390625, 'gate3_alpha_p50': 0.3179168701171875, 'gate3_alpha_p90': 0.5784940719604492, 'block0_attn_entropy': 7.5140790939331055, 'block1_attn_entropy': 7.106164932250977}
[step 1260/5000] loss=1.9083 lr=2.609e-04 grad_norm=1.500 samples/s=74.77
[step 1270/5000] loss=1.9348 lr=2.602e-04 grad_norm=1.505 samples/s=75.16
[step 1280/5000] loss=2.1294 lr=2.596e-04 grad_norm=1.169 samples/s=75.01
[step 1290/5000] loss=1.9888 lr=2.589e-04 grad_norm=2.101 samples/s=75.11
[step 1300/5000] loss=2.3792 lr=2.582e-04 grad_norm=1.578 samples/s=74.98
[step 1310/5000] loss=2.6580 lr=2.576e-04 grad_norm=1.429 samples/s=75.07
[step 1320/5000] loss=1.9556 lr=2.569e-04 grad_norm=1.205 samples/s=74.94
[step 1330/5000] loss=1.7711 lr=2.562e-04 grad_norm=1.216 samples/s=74.94
[step 1340/5000] loss=1.9620 lr=2.556e-04 grad_norm=1.462 samples/s=74.87
[step 1350/5000] loss=2.2099 lr=2.549e-04 grad_norm=1.087 samples/s=74.86
[step 1360/5000] loss=2.2667 lr=2.542e-04 grad_norm=1.164 samples/s=74.93
[step 1370/5000] loss=2.4651 lr=2.535e-04 grad_norm=1.660 samples/s=74.77
[step 1380/5000] loss=2.3391 lr=2.528e-04 grad_norm=1.323 samples/s=74.69
[step 1390/5000] loss=2.4264 lr=2.521e-04 grad_norm=1.237 samples/s=74.45
[step 1400/5000] loss=2.3642 lr=2.514e-04 grad_norm=1.276 samples/s=74.60
[step 1410/5000] loss=2.5291 lr=2.507e-04 grad_norm=1.304 samples/s=74.51
[step 1420/5000] loss=1.7582 lr=2.500e-04 grad_norm=1.114 samples/s=74.53
[step 1430/5000] loss=1.6846 lr=2.493e-04 grad_norm=1.378 samples/s=74.45
[step 1440/5000] loss=1.9351 lr=2.486e-04 grad_norm=1.211 samples/s=74.53
[step 1450/5000] loss=2.0452 lr=2.478e-04 grad_norm=1.347 samples/s=74.35
[step 1460/5000] loss=2.4400 lr=2.471e-04 grad_norm=1.401 samples/s=74.42
[step 1470/5000] loss=2.8169 lr=2.464e-04 grad_norm=1.220 samples/s=74.37
[step 1480/5000] loss=3.2302 lr=2.456e-04 grad_norm=1.188 samples/s=74.40
[step 1490/5000] loss=2.2748 lr=2.449e-04 grad_norm=1.480 samples/s=74.41
[step 1500/5000] loss=1.8793 lr=2.442e-04 grad_norm=1.496 samples/s=74.49
[val step 1500] loss=2.369453290939331 m01={'mean': 0.4163335539041873, 'median': 0.41172379808955833, 'p95': 0.7030512096514959, 'tail_frac_gt4px': 8.282945415389712e-05, 'n_matched': 12073} m02={'12-16': 0.9019607843137255, '16-32': 0.9457122267595484, '32-64': 0.9363566091213604, '64-128': 0.9285714285714286} m04={'accuracy': 0.48488362461691376, 'by_octave': {'12-16': 0.3145780051150895, '16-32': 0.4775209550419101, '32-64': 0.5283434232250963, '64-128': 0.5316541865214431}} diag={'gate3_alpha_mean': 0.3352319002151489, 'gate3_alpha_min': 0.03265380859375, 'gate3_alpha_max': 0.9658203125, 'gate3_alpha_std': 0.1677316278219223, 'gate3_alpha_p10': 0.129150390625, 'gate3_alpha_p50': 0.3179168701171875, 'gate3_alpha_p90': 0.5784940719604492, 'block0_attn_entropy': 7.5140790939331055, 'block1_attn_entropy': 7.106164932250977}
[step 1510/5000] loss=2.2065 lr=2.434e-04 grad_norm=1.302 samples/s=74.92
[step 1520/5000] loss=1.9517 lr=2.427e-04 grad_norm=1.298 samples/s=75.20
[step 1530/5000] loss=2.8167 lr=2.419e-04 grad_norm=1.545 samples/s=75.07
[step 1540/5000] loss=2.4940 lr=2.412e-04 grad_norm=1.426 samples/s=75.12
[step 1550/5000] loss=2.2371 lr=2.404e-04 grad_norm=1.673 samples/s=75.04
[step 1560/5000] loss=3.2245 lr=2.396e-04 grad_norm=1.186 samples/s=75.02
[step 1570/5000] loss=2.2579 lr=2.389e-04 grad_norm=1.197 samples/s=74.95
[step 1580/5000] loss=2.2329 lr=2.381e-04 grad_norm=1.553 samples/s=75.03
[step 1590/5000] loss=2.6219 lr=2.373e-04 grad_norm=1.074 samples/s=74.85
[step 1600/5000] loss=1.8294 lr=2.365e-04 grad_norm=1.265 samples/s=74.93
[step 1610/5000] loss=2.8290 lr=2.358e-04 grad_norm=1.567 samples/s=74.91
[step 1620/5000] loss=2.1447 lr=2.350e-04 grad_norm=2.197 samples/s=74.90
[step 1630/5000] loss=2.4793 lr=2.342e-04 grad_norm=1.092 samples/s=74.91
[step 1640/5000] loss=2.4988 lr=2.334e-04 grad_norm=1.512 samples/s=74.88
[step 1650/5000] loss=1.8192 lr=2.326e-04 grad_norm=1.122 samples/s=74.79
[step 1660/5000] loss=1.9218 lr=2.318e-04 grad_norm=1.147 samples/s=74.80
[step 1670/5000] loss=2.6182 lr=2.310e-04 grad_norm=1.569 samples/s=74.77
[step 1680/5000] loss=2.1933 lr=2.302e-04 grad_norm=1.846 samples/s=74.83
[step 1690/5000] loss=1.7299 lr=2.294e-04 grad_norm=1.833 samples/s=74.46
[step 1700/5000] loss=2.5383 lr=2.286e-04 grad_norm=1.498 samples/s=74.51
[step 1710/5000] loss=2.5318 lr=2.277e-04 grad_norm=1.579 samples/s=74.47
[step 1720/5000] loss=2.2031 lr=2.269e-04 grad_norm=1.653 samples/s=74.62
[step 1730/5000] loss=1.5596 lr=2.261e-04 grad_norm=1.468 samples/s=74.49
[step 1740/5000] loss=2.1128 lr=2.253e-04 grad_norm=1.560 samples/s=74.59
[step 1750/5000] loss=1.7488 lr=2.245e-04 grad_norm=1.540 samples/s=74.52
[val step 1750] loss=2.364117191314697 m01={'mean': 0.4163335539041873, 'median': 0.41172379808955833, 'p95': 0.7030512096514959, 'tail_frac_gt4px': 8.282945415389712e-05, 'n_matched': 12073} m02={'12-16': 0.9019607843137255, '16-32': 0.9457122267595484, '32-64': 0.9363566091213604, '64-128': 0.9285714285714286} m04={'accuracy': 0.4896877329578398, 'by_octave': {'12-16': 0.3241687979539642, '16-32': 0.4874269748539497, '32-64': 0.5264171711612549, '64-128': 0.5353982300884956}} diag={'gate3_alpha_mean': 0.3352319002151489, 'gate3_alpha_min': 0.03265380859375, 'gate3_alpha_max': 0.9658203125, 'gate3_alpha_std': 0.1677316278219223, 'gate3_alpha_p10': 0.129150390625, 'gate3_alpha_p50': 0.3179168701171875, 'gate3_alpha_p90': 0.5784940719604492, 'block0_attn_entropy': 7.5140790939331055, 'block1_attn_entropy': 7.106164932250977}
[step 1760/5000] loss=1.8923 lr=2.236e-04 grad_norm=1.749 samples/s=74.88
[step 1770/5000] loss=2.2753 lr=2.228e-04 grad_norm=1.451 samples/s=75.13
[step 1780/5000] loss=1.9561 lr=2.220e-04 grad_norm=1.416 samples/s=75.05
[step 1790/5000] loss=2.2202 lr=2.211e-04 grad_norm=1.266 samples/s=75.03
[step 1800/5000] loss=2.3472 lr=2.203e-04 grad_norm=1.460 samples/s=74.93
[step 1810/5000] loss=2.6165 lr=2.194e-04 grad_norm=1.615 samples/s=74.96
[step 1820/5000] loss=2.3112 lr=2.186e-04 grad_norm=1.292 samples/s=74.84
[step 1830/5000] loss=2.2291 lr=2.177e-04 grad_norm=1.274 samples/s=74.88
[step 1840/5000] loss=2.3281 lr=2.169e-04 grad_norm=1.283 samples/s=74.83
[step 1850/5000] loss=2.3143 lr=2.160e-04 grad_norm=1.707 samples/s=74.92
[step 1860/5000] loss=2.0315 lr=2.152e-04 grad_norm=1.273 samples/s=74.89
[step 1870/5000] loss=1.9909 lr=2.143e-04 grad_norm=1.787 samples/s=74.98
[step 1880/5000] loss=2.1034 lr=2.134e-04 grad_norm=1.190 samples/s=74.90
[step 1890/5000] loss=3.5170 lr=2.126e-04 grad_norm=1.575 samples/s=74.90
[step 1900/5000] loss=2.8287 lr=2.117e-04 grad_norm=0.944 samples/s=74.90
[step 1910/5000] loss=1.7587 lr=2.108e-04 grad_norm=0.969 samples/s=74.84
[step 1920/5000] loss=2.1967 lr=2.100e-04 grad_norm=1.180 samples/s=74.86
[step 1930/5000] loss=2.3060 lr=2.091e-04 grad_norm=1.305 samples/s=74.87
[step 1940/5000] loss=2.2503 lr=2.082e-04 grad_norm=1.332 samples/s=74.88
[step 1950/5000] loss=2.2671 lr=2.073e-04 grad_norm=1.172 samples/s=74.74
[step 1960/5000] loss=2.4821 lr=2.064e-04 grad_norm=1.037 samples/s=74.78
[step 1970/5000] loss=2.1017 lr=2.055e-04 grad_norm=1.214 samples/s=74.76
[step 1980/5000] loss=2.4562 lr=2.047e-04 grad_norm=1.325 samples/s=74.82
[step 1990/5000] loss=2.3121 lr=2.038e-04 grad_norm=1.205 samples/s=74.81
[step 2000/5000] loss=2.2022 lr=2.029e-04 grad_norm=1.319 samples/s=74.88
[val step 2000] loss=2.3601972007751466 m01={'mean': 0.4163335539041873, 'median': 0.41172379808955833, 'p95': 0.7030512096514959, 'tail_frac_gt4px': 8.282945415389712e-05, 'n_matched': 12073} m02={'12-16': 0.9019607843137255, '16-32': 0.9457122267595484, '32-64': 0.9363566091213604, '64-128': 0.9285714285714286} m04={'accuracy': 0.4920069576741489, 'by_octave': {'12-16': 0.329923273657289, '16-32': 0.4892049784099568, '32-64': 0.5280682443588333, '64-128': 0.5374404356705241}} diag={'gate3_alpha_mean': 0.3352319002151489, 'gate3_alpha_min': 0.03265380859375, 'gate3_alpha_max': 0.9658203125, 'gate3_alpha_std': 0.1677316278219223, 'gate3_alpha_p10': 0.129150390625, 'gate3_alpha_p50': 0.3179168701171875, 'gate3_alpha_p90': 0.5784940719604492, 'block0_attn_entropy': 7.5140790939331055, 'block1_attn_entropy': 7.106164932250977}
[step 2010/5000] loss=2.4303 lr=2.020e-04 grad_norm=1.567 samples/s=75.19
[step 2020/5000] loss=1.6776 lr=2.011e-04 grad_norm=1.332 samples/s=75.42
[step 2030/5000] loss=2.3010 lr=2.002e-04 grad_norm=1.677 samples/s=75.32
[step 2040/5000] loss=1.8356 lr=1.993e-04 grad_norm=1.739 samples/s=75.36
[step 2050/5000] loss=2.7194 lr=1.984e-04 grad_norm=1.282 samples/s=75.25
[step 2060/5000] loss=2.3005 lr=1.975e-04 grad_norm=1.121 samples/s=75.25
[step 2070/5000] loss=1.8905 lr=1.966e-04 grad_norm=1.017 samples/s=75.25
[step 2080/5000] loss=2.5509 lr=1.957e-04 grad_norm=1.128 samples/s=75.19
[step 2090/5000] loss=2.5163 lr=1.948e-04 grad_norm=1.560 samples/s=75.20
[step 2100/5000] loss=2.3999 lr=1.938e-04 grad_norm=0.971 samples/s=75.16
[step 2110/5000] loss=3.3112 lr=1.929e-04 grad_norm=1.243 samples/s=75.21
[step 2120/5000] loss=2.2173 lr=1.920e-04 grad_norm=1.295 samples/s=75.22
[step 2130/5000] loss=2.2581 lr=1.911e-04 grad_norm=1.132 samples/s=75.22
[step 2140/5000] loss=2.9420 lr=1.902e-04 grad_norm=1.251 samples/s=75.12
[step 2150/5000] loss=2.3198 lr=1.893e-04 grad_norm=1.386 samples/s=75.18
[step 2160/5000] loss=1.8856 lr=1.883e-04 grad_norm=1.177 samples/s=75.12
[step 2170/5000] loss=1.7589 lr=1.874e-04 grad_norm=1.058 samples/s=75.18
[step 2180/5000] loss=2.6887 lr=1.865e-04 grad_norm=1.268 samples/s=75.15
[step 2190/5000] loss=2.0946 lr=1.856e-04 grad_norm=1.375 samples/s=75.16
[step 2200/5000] loss=3.0785 lr=1.846e-04 grad_norm=1.019 samples/s=75.10
[step 2210/5000] loss=2.9376 lr=1.837e-04 grad_norm=1.202 samples/s=75.03
[step 2220/5000] loss=1.9557 lr=1.828e-04 grad_norm=1.564 samples/s=75.06
[step 2230/5000] loss=2.5132 lr=1.818e-04 grad_norm=0.988 samples/s=75.06
[step 2240/5000] loss=2.5401 lr=1.809e-04 grad_norm=1.495 samples/s=75.13
[step 2250/5000] loss=2.6197 lr=1.800e-04 grad_norm=1.206 samples/s=75.04
[val step 2250] loss=2.3572683143615722 m01={'mean': 0.4163335539041873, 'median': 0.41172379808955833, 'p95': 0.7030512096514959, 'tail_frac_gt4px': 8.282945415389712e-05, 'n_matched': 12073} m02={'12-16': 0.9019607843137255, '16-32': 0.9457122267595484, '32-64': 0.9363566091213604, '64-128': 0.9285714285714286} m04={'accuracy': 0.4954029652944587, 'by_octave': {'12-16': 0.32544757033248084, '16-32': 0.4950469900939802, '32-64': 0.5352228948816731, '64-128': 0.5371000680735194}} diag={'gate3_alpha_mean': 0.3352319002151489, 'gate3_alpha_min': 0.03265380859375, 'gate3_alpha_max': 0.9658203125, 'gate3_alpha_std': 0.1677316278219223, 'gate3_alpha_p10': 0.129150390625, 'gate3_alpha_p50': 0.3179168701171875, 'gate3_alpha_p90': 0.5784940719604492, 'block0_attn_entropy': 7.5140790939331055, 'block1_attn_entropy': 7.106164932250977}
[step 2260/5000] loss=2.0153 lr=1.790e-04 grad_norm=1.122 samples/s=75.32
[step 2270/5000] loss=1.9894 lr=1.781e-04 grad_norm=1.148 samples/s=75.52
[step 2280/5000] loss=2.1500 lr=1.772e-04 grad_norm=1.721 samples/s=75.43
[step 2290/5000] loss=2.7398 lr=1.762e-04 grad_norm=1.209 samples/s=75.44
[step 2300/5000] loss=2.5087 lr=1.753e-04 grad_norm=1.524 samples/s=75.40
[step 2310/5000] loss=2.2567 lr=1.744e-04 grad_norm=1.863 samples/s=75.35
[step 2320/5000] loss=1.9950 lr=1.734e-04 grad_norm=1.234 samples/s=75.36
[step 2330/5000] loss=2.1354 lr=1.725e-04 grad_norm=1.335 samples/s=75.33
[step 2340/5000] loss=2.1684 lr=1.715e-04 grad_norm=1.396 samples/s=75.38
[step 2350/5000] loss=2.2763 lr=1.706e-04 grad_norm=0.972 samples/s=75.30
[step 2360/5000] loss=2.5005 lr=1.696e-04 grad_norm=1.501 samples/s=75.30
[step 2370/5000] loss=2.1108 lr=1.687e-04 grad_norm=1.265 samples/s=75.21
[step 2380/5000] loss=2.4730 lr=1.677e-04 grad_norm=1.938 samples/s=75.29
[step 2390/5000] loss=2.9600 lr=1.668e-04 grad_norm=1.441 samples/s=75.22
[step 2400/5000] loss=2.5815 lr=1.659e-04 grad_norm=1.291 samples/s=75.27
[step 2410/5000] loss=2.2613 lr=1.649e-04 grad_norm=1.374 samples/s=75.20
[step 2420/5000] loss=2.7396 lr=1.640e-04 grad_norm=1.121 samples/s=75.23
[step 2430/5000] loss=2.1728 lr=1.630e-04 grad_norm=1.754 samples/s=75.20
[step 2440/5000] loss=1.9809 lr=1.621e-04 grad_norm=1.658 samples/s=75.16
[step 2450/5000] loss=2.7032 lr=1.611e-04 grad_norm=1.587 samples/s=75.19
[step 2460/5000] loss=2.0494 lr=1.602e-04 grad_norm=1.264 samples/s=75.18
[step 2470/5000] loss=2.1680 lr=1.592e-04 grad_norm=0.883 samples/s=75.22
[step 2480/5000] loss=2.1527 lr=1.583e-04 grad_norm=0.943 samples/s=75.20
[step 2490/5000] loss=2.5350 lr=1.573e-04 grad_norm=1.176 samples/s=75.25
[step 2500/5000] loss=2.0522 lr=1.564e-04 grad_norm=1.785 samples/s=75.17
[val step 2500] loss=2.3547263011932373 m01={'mean': 0.4163335539041873, 'median': 0.41172379808955833, 'p95': 0.7030512096514959, 'tail_frac_gt4px': 8.282945415389712e-05, 'n_matched': 12073} m02={'12-16': 0.9019607843137255, '16-32': 0.9457122267595484, '32-64': 0.9363566091213604, '64-128': 0.9285714285714286} m04={'accuracy': 0.4978050194649217, 'by_octave': {'12-16': 0.3305626598465473, '16-32': 0.49809499618999237, '32-64': 0.5357732526141993, '64-128': 0.5394826412525527}} diag={'gate3_alpha_mean': 0.3352319002151489, 'gate3_alpha_min': 0.03265380859375, 'gate3_alpha_max': 0.9658203125, 'gate3_alpha_std': 0.1677316278219223, 'gate3_alpha_p10': 0.129150390625, 'gate3_alpha_p50': 0.3179168701171875, 'gate3_alpha_p90': 0.5784940719604492, 'block0_attn_entropy': 7.5140790939331055, 'block1_attn_entropy': 7.106164932250977}
[step 2510/5000] loss=1.9892 lr=1.554e-04 grad_norm=1.696 samples/s=75.43
[step 2520/5000] loss=1.9767 lr=1.545e-04 grad_norm=1.156 samples/s=75.58
[step 2530/5000] loss=1.9808 lr=1.535e-04 grad_norm=1.336 samples/s=75.55
[step 2540/5000] loss=2.7940 lr=1.525e-04 grad_norm=1.563 samples/s=75.57
[step 2550/5000] loss=2.0761 lr=1.516e-04 grad_norm=1.637 samples/s=75.52
[step 2560/5000] loss=1.7242 lr=1.506e-04 grad_norm=1.494 samples/s=75.58
[step 2570/5000] loss=1.8531 lr=1.497e-04 grad_norm=1.659 samples/s=75.46
[step 2580/5000] loss=2.3090 lr=1.487e-04 grad_norm=1.157 samples/s=75.49
[step 2590/5000] loss=2.2802 lr=1.478e-04 grad_norm=1.282 samples/s=75.43
[step 2600/5000] loss=2.1864 lr=1.468e-04 grad_norm=1.693 samples/s=75.49
[step 2610/5000] loss=2.2463 lr=1.459e-04 grad_norm=1.419 samples/s=75.45
[step 2620/5000] loss=2.8215 lr=1.449e-04 grad_norm=1.317 samples/s=75.50
[step 2630/5000] loss=2.2171 lr=1.440e-04 grad_norm=1.481 samples/s=75.42
[step 2640/5000] loss=1.8947 lr=1.430e-04 grad_norm=1.141 samples/s=75.47
[step 2650/5000] loss=1.7886 lr=1.421e-04 grad_norm=1.093 samples/s=75.45
[step 2660/5000] loss=2.0436 lr=1.411e-04 grad_norm=1.141 samples/s=75.48
[step 2670/5000] loss=2.5590 lr=1.402e-04 grad_norm=1.335 samples/s=75.43
[step 2680/5000] loss=2.2471 lr=1.392e-04 grad_norm=1.216 samples/s=75.49
[step 2690/5000] loss=2.5257 lr=1.383e-04 grad_norm=1.434 samples/s=75.32
[step 2700/5000] loss=2.2211 lr=1.373e-04 grad_norm=1.394 samples/s=75.27
[step 2710/5000] loss=2.0365 lr=1.364e-04 grad_norm=1.235 samples/s=75.17
[step 2720/5000] loss=3.2830 lr=1.354e-04 grad_norm=1.127 samples/s=75.22
[step 2730/5000] loss=2.7557 lr=1.345e-04 grad_norm=2.163 samples/s=75.21
[step 2740/5000] loss=1.8161 lr=1.335e-04 grad_norm=1.180 samples/s=75.21
[step 2750/5000] loss=2.0754 lr=1.326e-04 grad_norm=1.461 samples/s=75.19
[val step 2750] loss=2.3537219066619874 m01={'mean': 0.4163335539041873, 'median': 0.41172379808955833, 'p95': 0.7030512096514959, 'tail_frac_gt4px': 8.282945415389712e-05, 'n_matched': 12073} m02={'12-16': 0.9019607843137255, '16-32': 0.9457122267595484, '32-64': 0.9363566091213604, '64-128': 0.9285714285714286} m04={'accuracy': 0.4987989729147685, 'by_octave': {'12-16': 0.3420716112531969, '16-32': 0.5026670053340107, '32-64': 0.5313703907539901, '64-128': 0.5367597004765147}} diag={'gate3_alpha_mean': 0.3352319002151489, 'gate3_alpha_min': 0.03265380859375, 'gate3_alpha_max': 0.9658203125, 'gate3_alpha_std': 0.1677316278219223, 'gate3_alpha_p10': 0.129150390625, 'gate3_alpha_p50': 0.3179168701171875, 'gate3_alpha_p90': 0.5784940719604492, 'block0_attn_entropy': 7.5140790939331055, 'block1_attn_entropy': 7.106164932250977}
[step 2760/5000] loss=2.1306 lr=1.317e-04 grad_norm=1.260 samples/s=75.42
[step 2770/5000] loss=2.0896 lr=1.307e-04 grad_norm=1.094 samples/s=75.56
[step 2780/5000] loss=2.3930 lr=1.298e-04 grad_norm=1.432 samples/s=75.50
[step 2790/5000] loss=1.8201 lr=1.288e-04 grad_norm=1.768 samples/s=75.50
[step 2800/5000] loss=2.2841 lr=1.279e-04 grad_norm=1.178 samples/s=75.47
[step 2810/5000] loss=2.1257 lr=1.270e-04 grad_norm=1.539 samples/s=75.45
[step 2820/5000] loss=1.8037 lr=1.260e-04 grad_norm=1.315 samples/s=75.46
[step 2830/5000] loss=2.6614 lr=1.251e-04 grad_norm=1.398 samples/s=75.47
[step 2840/5000] loss=2.2664 lr=1.241e-04 grad_norm=1.606 samples/s=75.37
[step 2850/5000] loss=2.2716 lr=1.232e-04 grad_norm=1.308 samples/s=75.41
[step 2860/5000] loss=1.8912 lr=1.223e-04 grad_norm=1.080 samples/s=75.37
[step 2870/5000] loss=2.4769 lr=1.213e-04 grad_norm=1.208 samples/s=75.45
[step 2880/5000] loss=1.9182 lr=1.204e-04 grad_norm=1.303 samples/s=75.32
[step 2890/5000] loss=2.1439 lr=1.195e-04 grad_norm=1.508 samples/s=75.39
[step 2900/5000] loss=2.3541 lr=1.185e-04 grad_norm=1.011 samples/s=75.33
[step 2910/5000] loss=1.9812 lr=1.176e-04 grad_norm=1.195 samples/s=75.36
[step 2920/5000] loss=2.0362 lr=1.167e-04 grad_norm=1.498 samples/s=75.30
[step 2930/5000] loss=1.7987 lr=1.158e-04 grad_norm=1.084 samples/s=75.34
[step 2940/5000] loss=2.0507 lr=1.148e-04 grad_norm=1.043 samples/s=75.23
[step 2950/5000] loss=1.7683 lr=1.139e-04 grad_norm=1.440 samples/s=75.24
[step 2960/5000] loss=2.3932 lr=1.130e-04 grad_norm=1.026 samples/s=75.18
[step 2970/5000] loss=1.9385 lr=1.121e-04 grad_norm=1.384 samples/s=75.23
[step 2980/5000] loss=1.7543 lr=1.112e-04 grad_norm=0.889 samples/s=75.21
[step 2990/5000] loss=2.5020 lr=1.103e-04 grad_norm=1.388 samples/s=75.25
[step 3000/5000] loss=1.7898 lr=1.093e-04 grad_norm=1.304 samples/s=75.20
[val step 3000] loss=2.350184854507446 m01={'mean': 0.4163335539041873, 'median': 0.41172379808955833, 'p95': 0.7030512096514959, 'tail_frac_gt4px': 8.282945415389712e-05, 'n_matched': 12073} m02={'12-16': 0.9019607843137255, '16-32': 0.9457122267595484, '32-64': 0.9363566091213604, '64-128': 0.9285714285714286} m04={'accuracy': 0.5018636627184627, 'by_octave': {'12-16': 0.34271099744245526, '16-32': 0.5024130048260097, '32-64': 0.5407264722069345, '64-128': 0.537780803267529}} diag={'gate3_alpha_mean': 0.3352319002151489, 'gate3_alpha_min': 0.03265380859375, 'gate3_alpha_max': 0.9658203125, 'gate3_alpha_std': 0.1677316278219223, 'gate3_alpha_p10': 0.129150390625, 'gate3_alpha_p50': 0.3179168701171875, 'gate3_alpha_p90': 0.5784940719604492, 'block0_attn_entropy': 7.5140790939331055, 'block1_attn_entropy': 7.106164932250977}
[step 3010/5000] loss=2.1878 lr=1.084e-04 grad_norm=1.340 samples/s=75.42
[step 3020/5000] loss=1.9249 lr=1.075e-04 grad_norm=1.252 samples/s=75.57
[step 3030/5000] loss=2.6069 lr=1.066e-04 grad_norm=1.310 samples/s=75.51
[step 3040/5000] loss=1.7749 lr=1.057e-04 grad_norm=1.280 samples/s=75.52
[step 3050/5000] loss=2.0361 lr=1.048e-04 grad_norm=1.924 samples/s=75.45
[step 3060/5000] loss=2.4110 lr=1.039e-04 grad_norm=1.364 samples/s=75.48
[step 3070/5000] loss=2.1580 lr=1.030e-04 grad_norm=1.202 samples/s=75.44
[step 3080/5000] loss=2.3079 lr=1.021e-04 grad_norm=1.371 samples/s=75.45
[step 3090/5000] loss=2.1882 lr=1.012e-04 grad_norm=1.181 samples/s=75.36
[step 3100/5000] loss=1.6627 lr=1.003e-04 grad_norm=1.239 samples/s=75.41
[step 3110/5000] loss=2.2842 lr=9.941e-05 grad_norm=1.173 samples/s=75.34
[step 3120/5000] loss=2.3415 lr=9.852e-05 grad_norm=1.195 samples/s=75.40
[step 3130/5000] loss=2.4745 lr=9.763e-05 grad_norm=1.457 samples/s=75.32
[step 3140/5000] loss=2.5849 lr=9.674e-05 grad_norm=1.407 samples/s=75.36
[step 3150/5000] loss=1.8120 lr=9.586e-05 grad_norm=1.026 samples/s=75.32
[step 3160/5000] loss=2.2356 lr=9.498e-05 grad_norm=1.524 samples/s=75.38
[step 3170/5000] loss=2.2071 lr=9.410e-05 grad_norm=1.273 samples/s=75.38
[step 3180/5000] loss=2.5887 lr=9.322e-05 grad_norm=1.049 samples/s=75.42
[step 3190/5000] loss=2.0002 lr=9.235e-05 grad_norm=1.374 samples/s=75.38
[step 3200/5000] loss=2.0646 lr=9.148e-05 grad_norm=1.314 samples/s=75.40
[step 3210/5000] loss=2.1998 lr=9.061e-05 grad_norm=1.136 samples/s=75.34
[step 3220/5000] loss=2.2299 lr=8.974e-05 grad_norm=1.504 samples/s=75.37
[step 3230/5000] loss=2.2461 lr=8.888e-05 grad_norm=1.455 samples/s=75.38
[step 3240/5000] loss=3.3226 lr=8.801e-05 grad_norm=1.379 samples/s=75.39
[step 3250/5000] loss=2.8404 lr=8.715e-05 grad_norm=1.428 samples/s=75.34
[val step 3250] loss=2.3476868667602537 m01={'mean': 0.4163335539041873, 'median': 0.41172379808955833, 'p95': 0.7030512096514959, 'tail_frac_gt4px': 8.282945415389712e-05, 'n_matched': 12073} m02={'12-16': 0.9019607843137255, '16-32': 0.9457122267595484, '32-64': 0.9363566091213604, '64-128': 0.9285714285714286} m04={'accuracy': 0.5053424997929263, 'by_octave': {'12-16': 0.34846547314578, '16-32': 0.5041910083820168, '32-64': 0.5443037974683544, '64-128': 0.5422055820285909}} diag={'gate3_alpha_mean': 0.3352319002151489, 'gate3_alpha_min': 0.03265380859375, 'gate3_alpha_max': 0.9658203125, 'gate3_alpha_std': 0.1677316278219223, 'gate3_alpha_p10': 0.129150390625, 'gate3_alpha_p50': 0.3179168701171875, 'gate3_alpha_p90': 0.5784940719604492, 'block0_attn_entropy': 7.5140790939331055, 'block1_attn_entropy': 7.106164932250977}
[step 3260/5000] loss=2.0525 lr=8.630e-05 grad_norm=1.431 samples/s=75.52
[step 3270/5000] loss=2.2282 lr=8.544e-05 grad_norm=1.415 samples/s=75.66
[step 3280/5000] loss=2.8689 lr=8.459e-05 grad_norm=1.667 samples/s=75.61
[step 3290/5000] loss=2.2514 lr=8.374e-05 grad_norm=1.229 samples/s=75.61
[step 3300/5000] loss=2.2163 lr=8.290e-05 grad_norm=1.431 samples/s=75.60
[step 3310/5000] loss=1.7698 lr=8.205e-05 grad_norm=1.053 samples/s=75.58
[step 3320/5000] loss=2.1116 lr=8.121e-05 grad_norm=1.679 samples/s=75.57
[step 3330/5000] loss=2.6045 lr=8.038e-05 grad_norm=1.129 samples/s=75.59
[step 3340/5000] loss=1.9967 lr=7.954e-05 grad_norm=1.180 samples/s=75.56
[step 3350/5000] loss=2.6401 lr=7.871e-05 grad_norm=1.187 samples/s=75.55
[step 3360/5000] loss=2.5782 lr=7.788e-05 grad_norm=1.286 samples/s=75.54
[step 3370/5000] loss=2.0867 lr=7.706e-05 grad_norm=1.163 samples/s=75.55
[step 3380/5000] loss=2.5782 lr=7.624e-05 grad_norm=1.220 samples/s=75.52
[step 3390/5000] loss=1.9581 lr=7.542e-05 grad_norm=0.997 samples/s=75.54
[step 3400/5000] loss=3.0696 lr=7.460e-05 grad_norm=1.160 samples/s=75.53
[step 3410/5000] loss=1.9022 lr=7.379e-05 grad_norm=1.310 samples/s=75.55
[step 3420/5000] loss=2.4188 lr=7.298e-05 grad_norm=0.924 samples/s=75.52
[step 3430/5000] loss=2.0179 lr=7.217e-05 grad_norm=1.276 samples/s=75.54
[step 3440/5000] loss=2.0160 lr=7.137e-05 grad_norm=1.486 samples/s=75.49
[step 3450/5000] loss=2.0120 lr=7.057e-05 grad_norm=1.028 samples/s=75.47
[step 3460/5000] loss=1.8793 lr=6.977e-05 grad_norm=1.104 samples/s=75.38
[step 3470/5000] loss=3.2154 lr=6.898e-05 grad_norm=1.164 samples/s=75.43
[step 3480/5000] loss=1.8126 lr=6.819e-05 grad_norm=1.299 samples/s=75.43
[step 3490/5000] loss=2.0600 lr=6.740e-05 grad_norm=1.047 samples/s=75.46
[step 3500/5000] loss=2.6079 lr=6.662e-05 grad_norm=0.927 samples/s=75.42
[val step 3500] loss=2.346363374710083 m01={'mean': 0.4163335539041873, 'median': 0.41172379808955833, 'p95': 0.7030512096514959, 'tail_frac_gt4px': 8.282945415389712e-05, 'n_matched': 12073} m02={'12-16': 0.9019607843137255, '16-32': 0.9457122267595484, '32-64': 0.9363566091213604, '64-128': 0.9285714285714286} m04={'accuracy': 0.5076617245092355, 'by_octave': {'12-16': 0.35421994884910485, '16-32': 0.5064770129540259, '32-64': 0.5459548706659328, '64-128': 0.54356705241661}} diag={'gate3_alpha_mean': 0.3352319002151489, 'gate3_alpha_min': 0.03265380859375, 'gate3_alpha_max': 0.9658203125, 'gate3_alpha_std': 0.1677316278219223, 'gate3_alpha_p10': 0.129150390625, 'gate3_alpha_p50': 0.3179168701171875, 'gate3_alpha_p90': 0.5784940719604492, 'block0_attn_entropy': 7.5140790939331055, 'block1_attn_entropy': 7.106164932250977}
[step 3510/5000] loss=1.8656 lr=6.584e-05 grad_norm=1.379 samples/s=75.59
[step 3520/5000] loss=1.6776 lr=6.506e-05 grad_norm=1.131 samples/s=75.73
[step 3530/5000] loss=2.6368 lr=6.429e-05 grad_norm=1.234 samples/s=75.65
[step 3540/5000] loss=2.2397 lr=6.352e-05 grad_norm=1.029 samples/s=75.68
[step 3550/5000] loss=2.0343 lr=6.276e-05 grad_norm=1.622 samples/s=75.61
[step 3560/5000] loss=3.5152 lr=6.200e-05 grad_norm=1.257 samples/s=75.61
[step 3570/5000] loss=1.7340 lr=6.124e-05 grad_norm=1.461 samples/s=75.61
[step 3580/5000] loss=2.0495 lr=6.048e-05 grad_norm=1.676 samples/s=75.66
[step 3590/5000] loss=2.1339 lr=5.973e-05 grad_norm=1.314 samples/s=75.61
[step 3600/5000] loss=2.1231 lr=5.899e-05 grad_norm=1.116 samples/s=75.66
[step 3610/5000] loss=2.7526 lr=5.824e-05 grad_norm=1.167 samples/s=75.57
[step 3620/5000] loss=1.8369 lr=5.750e-05 grad_norm=1.022 samples/s=75.60
[step 3630/5000] loss=1.9938 lr=5.677e-05 grad_norm=1.422 samples/s=75.54
[step 3640/5000] loss=1.8424 lr=5.604e-05 grad_norm=1.151 samples/s=75.58
[step 3650/5000] loss=2.1851 lr=5.531e-05 grad_norm=1.574 samples/s=75.53
[step 3660/5000] loss=2.7939 lr=5.459e-05 grad_norm=1.072 samples/s=75.58
[step 3670/5000] loss=1.6178 lr=5.387e-05 grad_norm=1.072 samples/s=75.53
[step 3680/5000] loss=2.3661 lr=5.315e-05 grad_norm=1.469 samples/s=75.55
[step 3690/5000] loss=1.9381 lr=5.244e-05 grad_norm=1.413 samples/s=75.52
[step 3700/5000] loss=2.2289 lr=5.173e-05 grad_norm=1.167 samples/s=75.44
[step 3710/5000] loss=2.2232 lr=5.103e-05 grad_norm=1.253 samples/s=75.41
[step 3720/5000] loss=2.2746 lr=5.033e-05 grad_norm=1.666 samples/s=75.43
[step 3730/5000] loss=2.3760 lr=4.964e-05 grad_norm=1.274 samples/s=75.43
[step 3740/5000] loss=2.2048 lr=4.895e-05 grad_norm=1.288 samples/s=75.44
[step 3750/5000] loss=2.2897 lr=4.826e-05 grad_norm=1.283 samples/s=75.39
[val step 3750] loss=2.345273845672607 m01={'mean': 0.4163335539041873, 'median': 0.41172379808955833, 'p95': 0.7030512096514959, 'tail_frac_gt4px': 8.282945415389712e-05, 'n_matched': 12073} m02={'12-16': 0.9019607843137255, '16-32': 0.9457122267595484, '32-64': 0.9363566091213604, '64-128': 0.9285714285714286} m04={'accuracy': 0.5068334299676965, 'by_octave': {'12-16': 0.35741687979539644, '16-32': 0.5054610109220219, '32-64': 0.5418271876719868, '64-128': 0.544928522804629}} diag={'gate3_alpha_mean': 0.3352319002151489, 'gate3_alpha_min': 0.03265380859375, 'gate3_alpha_max': 0.9658203125, 'gate3_alpha_std': 0.1677316278219223, 'gate3_alpha_p10': 0.129150390625, 'gate3_alpha_p50': 0.3179168701171875, 'gate3_alpha_p90': 0.5784940719604492, 'block0_attn_entropy': 7.5140790939331055, 'block1_attn_entropy': 7.106164932250977}
[step 3760/5000] loss=1.7469 lr=4.758e-05 grad_norm=1.143 samples/s=75.56
[step 3770/5000] loss=1.7447 lr=4.690e-05 grad_norm=1.232 samples/s=75.68
[step 3780/5000] loss=3.3035 lr=4.623e-05 grad_norm=0.782 samples/s=75.62
[step 3790/5000] loss=2.0041 lr=4.556e-05 grad_norm=1.171 samples/s=75.60
[step 3800/5000] loss=2.6509 lr=4.489e-05 grad_norm=1.525 samples/s=75.57
[step 3810/5000] loss=2.5292 lr=4.423e-05 grad_norm=1.316 samples/s=75.60
[step 3820/5000] loss=2.4304 lr=4.357e-05 grad_norm=1.212 samples/s=75.53
[step 3830/5000] loss=2.5189 lr=4.292e-05 grad_norm=1.123 samples/s=75.57
[step 3840/5000] loss=2.1185 lr=4.228e-05 grad_norm=0.998 samples/s=75.52
[step 3850/5000] loss=1.9415 lr=4.163e-05 grad_norm=1.066 samples/s=75.56
[step 3860/5000] loss=2.2661 lr=4.099e-05 grad_norm=1.233 samples/s=75.51
[step 3870/5000] loss=3.2650 lr=4.036e-05 grad_norm=1.039 samples/s=75.53
[step 3880/5000] loss=2.0056 lr=3.973e-05 grad_norm=1.247 samples/s=75.51
[step 3890/5000] loss=1.7416 lr=3.911e-05 grad_norm=1.046 samples/s=75.52
[step 3900/5000] loss=1.7927 lr=3.849e-05 grad_norm=1.339 samples/s=75.49
[step 3910/5000] loss=1.8975 lr=3.787e-05 grad_norm=1.024 samples/s=75.52
[step 3920/5000] loss=2.7970 lr=3.726e-05 grad_norm=1.300 samples/s=75.50
[step 3930/5000] loss=2.0865 lr=3.666e-05 grad_norm=0.999 samples/s=75.52
[step 3940/5000] loss=2.6829 lr=3.605e-05 grad_norm=0.956 samples/s=75.40
[step 3950/5000] loss=1.7734 lr=3.546e-05 grad_norm=1.330 samples/s=75.44
[step 3960/5000] loss=2.4970 lr=3.487e-05 grad_norm=1.007 samples/s=75.39
[step 3970/5000] loss=2.1747 lr=3.428e-05 grad_norm=1.097 samples/s=75.42
[step 3980/5000] loss=2.1503 lr=3.370e-05 grad_norm=1.278 samples/s=75.40
[step 3990/5000] loss=1.8391 lr=3.312e-05 grad_norm=1.189 samples/s=75.44
[step 4000/5000] loss=2.2792 lr=3.255e-05 grad_norm=1.151 samples/s=75.42
[val step 4000] loss=2.344839544296265 m01={'mean': 0.4163335539041873, 'median': 0.41172379808955833, 'p95': 0.7030512096514959, 'tail_frac_gt4px': 8.282945415389712e-05, 'n_matched': 12073} m02={'12-16': 0.9019607843137255, '16-32': 0.9457122267595484, '32-64': 0.9363566091213604, '64-128': 0.9285714285714286} m04={'accuracy': 0.507247577238466, 'by_octave': {'12-16': 0.3567774936061381, '16-32': 0.5064770129540259, '32-64': 0.5451293340671436, '64-128': 0.5415248468345814}} diag={'gate3_alpha_mean': 0.3352319002151489, 'gate3_alpha_min': 0.03265380859375, 'gate3_alpha_max': 0.9658203125, 'gate3_alpha_std': 0.1677316278219223, 'gate3_alpha_p10': 0.129150390625, 'gate3_alpha_p50': 0.3179168701171875, 'gate3_alpha_p90': 0.5784940719604492, 'block0_attn_entropy': 7.5140790939331055, 'block1_attn_entropy': 7.106164932250977}
[step 4010/5000] loss=2.2362 lr=3.198e-05 grad_norm=1.231 samples/s=75.58
[step 4020/5000] loss=2.0612 lr=3.142e-05 grad_norm=1.020 samples/s=75.69
[step 4030/5000] loss=2.3052 lr=3.086e-05 grad_norm=1.647 samples/s=75.63
[step 4040/5000] loss=1.8685 lr=3.031e-05 grad_norm=1.421 samples/s=75.65
[step 4050/5000] loss=2.2511 lr=2.976e-05 grad_norm=1.321 samples/s=75.57
[step 4060/5000] loss=2.3732 lr=2.922e-05 grad_norm=1.338 samples/s=75.60
[step 4070/5000] loss=2.3507 lr=2.868e-05 grad_norm=1.205 samples/s=75.56
[step 4080/5000] loss=2.0817 lr=2.815e-05 grad_norm=1.612 samples/s=75.57
[step 4090/5000] loss=2.5587 lr=2.762e-05 grad_norm=1.058 samples/s=75.52
[step 4100/5000] loss=3.0429 lr=2.710e-05 grad_norm=1.397 samples/s=75.54
[step 4110/5000] loss=2.7232 lr=2.658e-05 grad_norm=0.917 samples/s=75.52
[step 4120/5000] loss=2.3318 lr=2.607e-05 grad_norm=1.170 samples/s=75.57
[step 4130/5000] loss=2.6834 lr=2.556e-05 grad_norm=1.110 samples/s=75.54
[step 4140/5000] loss=2.1095 lr=2.506e-05 grad_norm=1.427 samples/s=75.57
[step 4150/5000] loss=2.1470 lr=2.456e-05 grad_norm=1.123 samples/s=75.49
[step 4160/5000] loss=2.3793 lr=2.407e-05 grad_norm=1.343 samples/s=75.52
[step 4170/5000] loss=2.0887 lr=2.358e-05 grad_norm=1.196 samples/s=75.46
[step 4180/5000] loss=2.3811 lr=2.310e-05 grad_norm=1.046 samples/s=75.48
[step 4190/5000] loss=1.8660 lr=2.263e-05 grad_norm=1.186 samples/s=75.37
[step 4200/5000] loss=1.9769 lr=2.216e-05 grad_norm=1.100 samples/s=75.37
[step 4210/5000] loss=2.1847 lr=2.169e-05 grad_norm=1.050 samples/s=75.33
[step 4220/5000] loss=2.6308 lr=2.123e-05 grad_norm=1.293 samples/s=75.40
[step 4230/5000] loss=2.4044 lr=2.078e-05 grad_norm=1.265 samples/s=75.41
[step 4240/5000] loss=2.7240 lr=2.033e-05 grad_norm=1.146 samples/s=75.47
[step 4250/5000] loss=2.5408 lr=1.988e-05 grad_norm=1.187 samples/s=75.47
[val step 4250] loss=2.3445068130493163 m01={'mean': 0.4163335539041873, 'median': 0.41172379808955833, 'p95': 0.7030512096514959, 'tail_frac_gt4px': 8.282945415389712e-05, 'n_matched': 12073} m02={'12-16': 0.9019607843137255, '16-32': 0.9457122267595484, '32-64': 0.9363566091213604, '64-128': 0.9285714285714286} m04={'accuracy': 0.5076617245092355, 'by_octave': {'12-16': 0.3523017902813299, '16-32': 0.508001016002032, '32-64': 0.5448541552008805, '64-128': 0.5439074200136147}} diag={'gate3_alpha_mean': 0.3352319002151489, 'gate3_alpha_min': 0.03265380859375, 'gate3_alpha_max': 0.9658203125, 'gate3_alpha_std': 0.1677316278219223, 'gate3_alpha_p10': 0.129150390625, 'gate3_alpha_p50': 0.3179168701171875, 'gate3_alpha_p90': 0.5784940719604492, 'block0_attn_entropy': 7.5140790939331055, 'block1_attn_entropy': 7.106164932250977}
[step 4260/5000] loss=2.3382 lr=1.945e-05 grad_norm=1.216 samples/s=75.62
[step 4270/5000] loss=1.9982 lr=1.901e-05 grad_norm=1.306 samples/s=75.72
[step 4280/5000] loss=2.9131 lr=1.859e-05 grad_norm=1.477 samples/s=75.68
[step 4290/5000] loss=2.3908 lr=1.816e-05 grad_norm=1.035 samples/s=75.67
[step 4300/5000] loss=2.5482 lr=1.775e-05 grad_norm=1.244 samples/s=75.68
[step 4310/5000] loss=2.5213 lr=1.734e-05 grad_norm=1.484 samples/s=75.68
[step 4320/5000] loss=2.5684 lr=1.693e-05 grad_norm=1.324 samples/s=75.68
[step 4330/5000] loss=2.7121 lr=1.653e-05 grad_norm=1.385 samples/s=75.68
[step 4340/5000] loss=1.8503 lr=1.614e-05 grad_norm=1.098 samples/s=75.62
[step 4350/5000] loss=2.2629 lr=1.575e-05 grad_norm=1.022 samples/s=75.64
[step 4360/5000] loss=1.7500 lr=1.537e-05 grad_norm=1.300 samples/s=75.62
[step 4370/5000] loss=2.2846 lr=1.499e-05 grad_norm=1.202 samples/s=75.64
[step 4380/5000] loss=1.9540 lr=1.462e-05 grad_norm=1.461 samples/s=75.61
[step 4390/5000] loss=1.9766 lr=1.425e-05 grad_norm=1.170 samples/s=75.61
[step 4400/5000] loss=2.3010 lr=1.389e-05 grad_norm=1.292 samples/s=75.57
[step 4410/5000] loss=2.1784 lr=1.353e-05 grad_norm=0.948 samples/s=75.58
[step 4420/5000] loss=1.9542 lr=1.318e-05 grad_norm=1.556 samples/s=75.54
[step 4430/5000] loss=2.2376 lr=1.284e-05 grad_norm=1.060 samples/s=75.54
[step 4440/5000] loss=1.5977 lr=1.250e-05 grad_norm=1.095 samples/s=75.50
[step 4450/5000] loss=1.9637 lr=1.217e-05 grad_norm=1.107 samples/s=75.52
[step 4460/5000] loss=2.2109 lr=1.184e-05 grad_norm=1.236 samples/s=75.50
[step 4470/5000] loss=3.0903 lr=1.152e-05 grad_norm=1.091 samples/s=75.52
[step 4480/5000] loss=1.9618 lr=1.121e-05 grad_norm=1.094 samples/s=75.49
[step 4490/5000] loss=2.9156 lr=1.090e-05 grad_norm=0.974 samples/s=75.52
[step 4500/5000] loss=1.8240 lr=1.060e-05 grad_norm=1.078 samples/s=75.50
[val step 4500] loss=2.3438035526275636 m01={'mean': 0.4163335539041873, 'median': 0.41172379808955833, 'p95': 0.7030512096514959, 'tail_frac_gt4px': 8.282945415389712e-05, 'n_matched': 12073} m02={'12-16': 0.9019607843137255, '16-32': 0.9457122267595484, '32-64': 0.9363566091213604, '64-128': 0.9285714285714286} m04={'accuracy': 0.5084900190507744, 'by_octave': {'12-16': 0.3612531969309463, '16-32': 0.5064770129540259, '32-64': 0.5451293340671436, '64-128': 0.5442477876106194}} diag={'gate3_alpha_mean': 0.3352319002151489, 'gate3_alpha_min': 0.03265380859375, 'gate3_alpha_max': 0.9658203125, 'gate3_alpha_std': 0.1677316278219223, 'gate3_alpha_p10': 0.129150390625, 'gate3_alpha_p50': 0.3179168701171875, 'gate3_alpha_p90': 0.5784940719604492, 'block0_attn_entropy': 7.5140790939331055, 'block1_attn_entropy': 7.106164932250977}
[step 4510/5000] loss=2.2569 lr=1.030e-05 grad_norm=0.902 samples/s=75.65
[step 4520/5000] loss=2.0593 lr=1.001e-05 grad_norm=1.094 samples/s=75.77
[step 4530/5000] loss=1.9861 lr=9.720e-06 grad_norm=1.091 samples/s=75.80
[step 4540/5000] loss=2.5533 lr=9.439e-06 grad_norm=0.958 samples/s=75.85
[step 4550/5000] loss=2.9398 lr=9.165e-06 grad_norm=1.107 samples/s=75.89
[step 4560/5000] loss=1.6584 lr=8.896e-06 grad_norm=1.221 samples/s=75.95
[step 4570/5000] loss=2.0118 lr=8.634e-06 grad_norm=1.142 samples/s=75.98
[step 4580/5000] loss=2.4911 lr=8.377e-06 grad_norm=1.117 samples/s=76.03
[step 4590/5000] loss=2.0870 lr=8.126e-06 grad_norm=1.372 samples/s=76.06
[step 4600/5000] loss=3.4254 lr=7.881e-06 grad_norm=1.296 samples/s=76.10
[step 4610/5000] loss=2.2383 lr=7.642e-06 grad_norm=1.212 samples/s=76.10
[step 4620/5000] loss=2.5708 lr=7.409e-06 grad_norm=1.073 samples/s=76.08
[step 4630/5000] loss=2.1573 lr=7.181e-06 grad_norm=0.895 samples/s=76.05
[step 4640/5000] loss=2.4117 lr=6.960e-06 grad_norm=1.221 samples/s=76.04
[step 4650/5000] loss=1.8855 lr=6.744e-06 grad_norm=1.024 samples/s=76.03
[step 4660/5000] loss=1.6114 lr=6.535e-06 grad_norm=1.266 samples/s=76.02
[step 4670/5000] loss=2.6799 lr=6.331e-06 grad_norm=0.896 samples/s=76.03
[step 4680/5000] loss=1.8518 lr=6.134e-06 grad_norm=1.289 samples/s=76.02
[step 4690/5000] loss=2.3721 lr=5.942e-06 grad_norm=1.194 samples/s=76.02
[step 4700/5000] loss=1.7326 lr=5.757e-06 grad_norm=1.069 samples/s=75.99
[step 4710/5000] loss=2.0559 lr=5.577e-06 grad_norm=1.168 samples/s=76.00
[step 4720/5000] loss=2.6323 lr=5.403e-06 grad_norm=1.222 samples/s=75.97
[step 4730/5000] loss=2.0422 lr=5.236e-06 grad_norm=1.404 samples/s=75.98
[step 4740/5000] loss=2.1479 lr=5.074e-06 grad_norm=1.523 samples/s=75.94
[step 4750/5000] loss=2.8548 lr=4.919e-06 grad_norm=0.997 samples/s=75.97
[val step 4750] loss=2.343533369064331 m01={'mean': 0.4163335539041873, 'median': 0.41172379808955833, 'p95': 0.7030512096514959, 'tail_frac_gt4px': 8.282945415389712e-05, 'n_matched': 12073} m02={'12-16': 0.9019607843137255, '16-32': 0.9457122267595484, '32-64': 0.9363566091213604, '64-128': 0.9285714285714286} m04={'accuracy': 0.5089041663215439, 'by_octave': {'12-16': 0.36508951406649615, '16-32': 0.5064770129540259, '32-64': 0.5448541552008805, '64-128': 0.5442477876106194}} diag={'gate3_alpha_mean': 0.3352319002151489, 'gate3_alpha_min': 0.03265380859375, 'gate3_alpha_max': 0.9658203125, 'gate3_alpha_std': 0.1677316278219223, 'gate3_alpha_p10': 0.129150390625, 'gate3_alpha_p50': 0.3179168701171875, 'gate3_alpha_p90': 0.5784940719604492, 'block0_attn_entropy': 7.5140790939331055, 'block1_attn_entropy': 7.106164932250977}
[step 4760/5000] loss=2.2881 lr=4.769e-06 grad_norm=1.144 samples/s=76.09
[step 4770/5000] loss=2.0542 lr=4.626e-06 grad_norm=1.384 samples/s=76.19
[step 4780/5000] loss=2.7032 lr=4.488e-06 grad_norm=1.165 samples/s=76.12
[step 4790/5000] loss=2.6168 lr=4.357e-06 grad_norm=1.294 samples/s=76.15
[step 4800/5000] loss=1.9533 lr=4.231e-06 grad_norm=1.412 samples/s=76.09
[step 4810/5000] loss=2.1955 lr=4.112e-06 grad_norm=1.429 samples/s=76.09
[step 4820/5000] loss=2.5288 lr=3.999e-06 grad_norm=0.917 samples/s=76.04
[step 4830/5000] loss=2.4817 lr=3.892e-06 grad_norm=1.294 samples/s=76.07
[step 4840/5000] loss=2.1706 lr=3.790e-06 grad_norm=1.133 samples/s=76.09
[step 4850/5000] loss=2.0138 lr=3.695e-06 grad_norm=1.597 samples/s=76.14
[step 4860/5000] loss=2.0438 lr=3.606e-06 grad_norm=1.026 samples/s=76.09
[step 4870/5000] loss=1.8931 lr=3.523e-06 grad_norm=1.231 samples/s=76.12
[step 4880/5000] loss=1.8630 lr=3.447e-06 grad_norm=1.419 samples/s=76.12
[step 4890/5000] loss=2.9727 lr=3.376e-06 grad_norm=1.440 samples/s=76.16
[step 4900/5000] loss=2.1928 lr=3.311e-06 grad_norm=1.179 samples/s=76.15
[step 4910/5000] loss=2.0075 lr=3.253e-06 grad_norm=1.345 samples/s=76.14
[step 4920/5000] loss=1.9311 lr=3.200e-06 grad_norm=1.571 samples/s=76.09
[step 4930/5000] loss=2.4179 lr=3.154e-06 grad_norm=0.930 samples/s=76.12
[step 4940/5000] loss=2.4397 lr=3.114e-06 grad_norm=1.150 samples/s=76.08
[step 4950/5000] loss=2.1392 lr=3.079e-06 grad_norm=1.041 samples/s=76.11
[step 4960/5000] loss=1.7551 lr=3.051e-06 grad_norm=1.395 samples/s=76.08
[step 4970/5000] loss=2.2092 lr=3.029e-06 grad_norm=1.166 samples/s=76.10
[step 4980/5000] loss=2.3888 lr=3.013e-06 grad_norm=1.233 samples/s=76.04
[step 4990/5000] loss=1.8322 lr=3.004e-06 grad_norm=1.062 samples/s=76.06
[step 5000/5000] loss=2.5376 lr=3.000e-06 grad_norm=1.027 samples/s=76.03
[val step 5000] loss=2.3436155319213867 m01={'mean': 0.4163335539041873, 'median': 0.41172379808955833, 'p95': 0.7030512096514959, 'tail_frac_gt4px': 8.282945415389712e-05, 'n_matched': 12073} m02={'12-16': 0.9019607843137255, '16-32': 0.9457122267595484, '32-64': 0.9363566091213604, '64-128': 0.9285714285714286} m04={'accuracy': 0.5091526546840056, 'by_octave': {'12-16': 0.36061381074168797, '16-32': 0.5074930149860299, '32-64': 0.5456796917996698, '64-128': 0.5452688904016337}} diag={'gate3_alpha_mean': 0.3352319002151489, 'gate3_alpha_min': 0.03265380859375, 'gate3_alpha_max': 0.9658203125, 'gate3_alpha_std': 0.1677316278219223, 'gate3_alpha_p10': 0.129150390625, 'gate3_alpha_p50': 0.3179168701171875, 'gate3_alpha_p90': 0.5784940719604492, 'block0_attn_entropy': 7.5140790939331055, 'block1_attn_entropy': 7.106164932250977}
[FULL val step 5000] loss=2.2557797994613646 m01={'mean': 0.4129895184175686, 'median': 0.4092347550773112, 'p95': 0.7000253090483594, 'tail_frac_gt4px': 9.777162178677639e-05, 'n_matched': 122735} m02={'12-16': 0.9042337574597455, '16-32': 0.930725674619157, '32-64': 0.9471064726644829, '64-128': 0.9481661204940761} m04={'accuracy': 0.5098301218071455, 'by_octave': {'12-16': 0.3699022476807173, '16-32': 0.47829960544737177, '32-64': 0.5609416054480133, '64-128': 0.5623276062610083}}
[train_detector] wrote checkpoint runs/mb3_ft01_head/ckpt_0005000.pt
[train_detector] done: step=5000 train_elapsed=2104.4s val_elapsed=481.8s samples/s=76.03
